#
# There is insufficient memory for the Java Runtime Environment to continue.
# Native memory allocation (mmap) failed to map 23068672 bytes. Error detail: G1 virtual space
# Possible reasons:
#   The system is out of physical RAM or swap space
#   This process is running with CompressedOops enabled, and the Java Heap may be blocking the growth of the native heap
# Possible solutions:
#   Reduce memory load on the system
#   Increase physical memory or swap space
#   Check if swap backing store is full
#   Decrease Java heap size (-Xmx/-Xms)
#   Decrease number of Java threads
#   Decrease Java thread stack sizes (-Xss)
#   Set larger code cache with -XX:ReservedCodeCacheSize=
#   JVM is running with Unscaled Compressed Oops mode in which the Java heap is
#     placed in the first 4GB address space. The Java Heap base address is the
#     maximum limit for the native heap growth. Please use -XX:HeapBaseMinAddress
#     to set the Java Heap base and to place the Java Heap above 4GB virtual address.
# This output file may be truncated or incomplete.
#
#  Out of Memory Error (os_windows.cpp:3564), pid=17228, tid=9288
#
# JRE version: Java(TM) SE Runtime Environment (24.0.1+9) (build 24.0.1+9-30)
# Java VM: Java HotSpot(TM) 64-Bit Server VM (24.0.1+9-30, mixed mode, sharing, tiered, compressed oops, compressed class ptrs, g1 gc, windows-amd64)
# No core dump will be written. Minidumps are not enabled by default on client versions of Windows
#

---------------  S U M M A R Y ------------

Command Line: --add-opens=java.base/java.lang=ALL-UNNAMED --add-opens=java.base/java.lang.invoke=ALL-UNNAMED --add-opens=java.base/java.util=ALL-UNNAMED --add-opens=java.prefs/java.util.prefs=ALL-UNNAMED --add-exports=jdk.compiler/com.sun.tools.javac.api=ALL-UNNAMED --add-exports=jdk.compiler/com.sun.tools.javac.util=ALL-UNNAMED --add-opens=java.base/java.util=ALL-UNNAMED --add-opens=java.prefs/java.util.prefs=ALL-UNNAMED --add-opens=java.base/java.nio.charset=ALL-UNNAMED --add-opens=java.base/java.net=ALL-UNNAMED --add-opens=java.base/java.util.concurrent.atomic=ALL-UNNAMED --add-opens=java.xml/javax.xml.namespace=ALL-UNNAMED -Xmx2048m -Dfile.encoding=UTF-8 -Duser.country=US -Duser.language=en -Duser.variant -javaagent:C:\Users\User\.gradle\wrapper\dists\gradle-8.11.1-bin\bpt9gzteqjrbo1mjrsomdt32c\gradle-8.11.1\lib\agents\gradle-instrumentation-agent-8.11.1.jar org.gradle.launcher.daemon.bootstrap.GradleDaemon 8.11.1

Host: Intel(R) Core(TM) i5-10400 CPU @ 2.90GHz, 12 cores, 7G,  Windows 11 , 64 bit Build 26100 (10.0.26100.8246)
Time: Fri May 15 10:41:36 2026 Bangladesh Standard Time elapsed time: 75.158475 seconds (0d 0h 1m 15s)

---------------  T H R E A D  ---------------

Current thread (0x000002203eb160b0):  VMThread "VM Thread"          [id=9288, stack(0x0000003f2f400000,0x0000003f2f500000) (1024K)]

Stack: [0x0000003f2f400000,0x0000003f2f500000]
Native frames: (J=compiled Java code, j=interpreted, Vv=VM code, C=native code)
V  [jvm.dll+0x730739]  (no source info available)
V  [jvm.dll+0x8d9b23]  (no source info available)
V  [jvm.dll+0x8dc00d]  (no source info available)
V  [jvm.dll+0x8dc683]  (no source info available)
V  [jvm.dll+0x2aa086]  (no source info available)
V  [jvm.dll+0x72cc65]  (no source info available)
V  [jvm.dll+0x72059a]  (no source info available)
V  [jvm.dll+0x390cea]  (no source info available)
V  [jvm.dll+0x3989f6]  (no source info available)
V  [jvm.dll+0x38523e]  (no source info available)
V  [jvm.dll+0x3854f8]  (no source info available)
V  [jvm.dll+0x35d0cc]  (no source info available)
V  [jvm.dll+0x35fe09]  (no source info available)
V  [jvm.dll+0x36b42b]  (no source info available)
V  [jvm.dll+0x3a8745]  (no source info available)
V  [jvm.dll+0x8e2742]  (no source info available)
V  [jvm.dll+0x8e3a8c]  (no source info available)
V  [jvm.dll+0x8e3ff8]  (no source info available)
V  [jvm.dll+0x8e4293]  (no source info available)
V  [jvm.dll+0x87d76b]  (no source info available)
V  [jvm.dll+0x72ee55]  (no source info available)
C  [ucrtbase.dll+0x37b0]  (no source info available)
C  [KERNEL32.DLL+0x2e8d7]  (no source info available)
C  [ntdll.dll+0x8c3fc]  (no source info available)

VM_Operation (0x0000003f2efff670): G1PauseRemark, mode: safepoint, requested by thread 0x000002202185d010


---------------  P R O C E S S  ---------------

Threads class SMR info:
_java_thread_list=0x00000220897b5a70, length=78, elements={
0x00000220217ae600, 0x000002203eb26670, 0x000002203eb26db0, 0x000002203eb298f0,
0x000002203eb2a420, 0x000002203eb2af50, 0x000002203eb2bfc0, 0x000002203eb3f0e0,
0x000002203eb428e0, 0x000002203ed16610, 0x000002203ed2b5c0, 0x0000022085913de0,
0x0000022085a10af0, 0x00000220859dfbb0, 0x0000022085787490, 0x0000022085787bd0,
0x0000022085915e90, 0x0000022085916d30, 0x00000220859165e0, 0x0000022085917bd0,
0x0000022085917480, 0x0000022085918320, 0x0000022085918a70, 0x0000022085915740,
0x0000022086233850, 0x0000022086233fa0, 0x00000220862346f0, 0x0000022086234e40,
0x00000220862329b0, 0x0000022086235590, 0x0000022086232260, 0x0000022087225420,
0x0000022087222840, 0x00000220872220f0, 0x00000220872236e0, 0x0000022087223e30,
0x0000022087222f90, 0x0000022087224cd0, 0x000002208813f020, 0x0000022088140610,
0x0000022088140d60, 0x000002208813fec0, 0x000002208813da30, 0x00000220881414b0,
0x000002208813f770, 0x00000220881447e0, 0x00000220881431f0, 0x0000022088143940,
0x0000022088144090, 0x0000022088144f30, 0x0000022086233100, 0x00000220874d1750,
0x00000220874d1ea0, 0x00000220874d0160, 0x00000220874d1000, 0x00000220874d25f0,
0x00000220874d2d40, 0x00000220874d3490, 0x00000220874d3be0, 0x00000220874d08b0,
0x00000220874d6f10, 0x00000220874d5920, 0x00000220874d67c0, 0x00000220874d4330,
0x00000220874d7660, 0x00000220874d6070, 0x00000220874d51d0, 0x000002208813e180,
0x00000220928270e0, 0x0000022092826990, 0x0000022092827f80, 0x000002209282a410,
0x0000022092829cc0, 0x00000220928286d0, 0x0000022092828e20, 0x000002209282ab60,
0x0000022092829570, 0x000002209282c150
}

Java Threads: ( => current thread )
  0x00000220217ae600 JavaThread "main"                              [_thread_blocked, id=10324, stack(0x0000003f2ed00000,0x0000003f2ee00000) (1024K)]
  0x000002203eb26670 JavaThread "Reference Handler"          daemon [_thread_blocked, id=19344, stack(0x0000003f2f500000,0x0000003f2f600000) (1024K)]
  0x000002203eb26db0 JavaThread "Finalizer"                  daemon [_thread_blocked, id=16896, stack(0x0000003f2f600000,0x0000003f2f700000) (1024K)]
  0x000002203eb298f0 JavaThread "Signal Dispatcher"          daemon [_thread_blocked, id=1584, stack(0x0000003f2f700000,0x0000003f2f800000) (1024K)]
  0x000002203eb2a420 JavaThread "Attach Listener"            daemon [_thread_blocked, id=1324, stack(0x0000003f2f800000,0x0000003f2f900000) (1024K)]
  0x000002203eb2af50 JavaThread "Service Thread"             daemon [_thread_blocked, id=11340, stack(0x0000003f2f900000,0x0000003f2fa00000) (1024K)]
  0x000002203eb2bfc0 JavaThread "Monitor Deflation Thread"   daemon [_thread_blocked, id=16412, stack(0x0000003f2fa00000,0x0000003f2fb00000) (1024K)]
  0x000002203eb3f0e0 JavaThread "C2 CompilerThread0"         daemon [_thread_blocked, id=12064, stack(0x0000003f2fb00000,0x0000003f2fc00000) (1024K)]
  0x000002203eb428e0 JavaThread "C1 CompilerThread0"         daemon [_thread_blocked, id=928, stack(0x0000003f2fc00000,0x0000003f2fd00000) (1024K)]
  0x000002203ed16610 JavaThread "Common-Cleaner"             daemon [_thread_blocked, id=2348, stack(0x0000003f2fe00000,0x0000003f2ff00000) (1024K)]
  0x000002203ed2b5c0 JavaThread "Notification Thread"        daemon [_thread_blocked, id=19452, stack(0x0000003f2ff00000,0x0000003f30000000) (1024K)]
  0x0000022085913de0 JavaThread "Daemon health stats"               [_thread_blocked, id=3252, stack(0x0000003f30000000,0x0000003f30100000) (1024K)]
  0x0000022085a10af0 JavaThread "Incoming local TCP Connector on port 51970"        [_thread_in_native, id=1836, stack(0x0000003f30300000,0x0000003f30400000) (1024K)]
  0x00000220859dfbb0 JavaThread "Daemon periodic checks"            [_thread_blocked, id=11244, stack(0x0000003f30400000,0x0000003f30500000) (1024K)]
  0x0000022085787490 JavaThread "Daemon"                            [_thread_blocked, id=9660, stack(0x0000003f30500000,0x0000003f30600000) (1024K)]
  0x0000022085787bd0 JavaThread "Handler for socket connection from /127.0.0.1:51970 to /127.0.0.1:51971"        [_thread_in_native, id=2084, stack(0x0000003f30600000,0x0000003f30700000) (1024K)]
  0x0000022085915e90 JavaThread "Cancel handler"                    [_thread_blocked, id=2296, stack(0x0000003f30700000,0x0000003f30800000) (1024K)]
  0x0000022085916d30 JavaThread "Daemon worker"                     [_thread_blocked, id=10176, stack(0x0000003f30800000,0x0000003f30900000) (1024K)]
  0x00000220859165e0 JavaThread "Asynchronous log dispatcher for DefaultDaemonConnection: socket connection from /127.0.0.1:51970 to /127.0.0.1:51971"        [_thread_blocked, id=8896, stack(0x0000003f30900000,0x0000003f30a00000) (1024K)]
  0x0000022085917bd0 JavaThread "Stdin handler"                     [_thread_blocked, id=1604, stack(0x0000003f30a00000,0x0000003f30b00000) (1024K)]
  0x0000022085917480 JavaThread "Daemon client event forwarder"        [_thread_blocked, id=12160, stack(0x0000003f30b00000,0x0000003f30c00000) (1024K)]
  0x0000022085918320 JavaThread "Cache worker for journal cache (C:\Users\User\.gradle\caches\journal-1)"        [_thread_blocked, id=13744, stack(0x0000003f30c00000,0x0000003f30d00000) (1024K)]
  0x0000022085918a70 JavaThread "File lock request listener"        [_thread_in_native, id=18108, stack(0x0000003f30d00000,0x0000003f30e00000) (1024K)]
  0x0000022085915740 JavaThread "Cache worker for file hash cache (C:\Users\User\.gradle\caches\8.11.1\fileHashes)"        [_thread_blocked, id=18008, stack(0x0000003f30e00000,0x0000003f30f00000) (1024K)]
  0x0000022086233850 JavaThread "Cache worker for file content cache (C:\Users\User\.gradle\caches\8.11.1\fileContent)"        [_thread_blocked, id=17580, stack(0x0000003f31600000,0x0000003f31700000) (1024K)]
  0x0000022086233fa0 JavaThread "Cache worker for file hash cache (C:\Users\User\Desktop\BMITracker\.gradle\8.11.1\fileHashes)"        [_thread_blocked, id=8108, stack(0x0000003f31900000,0x0000003f31a00000) (1024K)]
  0x00000220862346f0 JavaThread "Cache worker for Build Output Cleanup Cache (C:\Users\User\Desktop\BMITracker\.gradle\buildOutputCleanup)"        [_thread_blocked, id=15448, stack(0x0000003f31a00000,0x0000003f31b00000) (1024K)]
  0x0000022086234e40 JavaThread "File watcher server"        daemon [_thread_in_native, id=15468, stack(0x0000003f31b00000,0x0000003f31c00000) (1024K)]
  0x00000220862329b0 JavaThread "File watcher consumer"      daemon [_thread_blocked, id=15472, stack(0x0000003f31c00000,0x0000003f31d00000) (1024K)]
  0x0000022086235590 JavaThread "jar transforms"                    [_thread_blocked, id=15488, stack(0x0000003f31e00000,0x0000003f31f00000) (1024K)]
  0x0000022086232260 JavaThread "jar transforms Thread 2"           [_thread_blocked, id=6008, stack(0x0000003f31f00000,0x0000003f32000000) (1024K)]
  0x0000022087225420 JavaThread "jar transforms Thread 3"           [_thread_blocked, id=15492, stack(0x0000003f32000000,0x0000003f32100000) (1024K)]
  0x0000022087222840 JavaThread "Cache worker for checksums cache (C:\Users\User\Desktop\BMITracker\.gradle\8.11.1\checksums)"        [_thread_blocked, id=15496, stack(0x0000003f32100000,0x0000003f32200000) (1024K)]
  0x00000220872220f0 JavaThread "Cache worker for cache directory md-rule (C:\Users\User\.gradle\caches\8.11.1\md-rule)"        [_thread_blocked, id=15504, stack(0x0000003f32200000,0x0000003f32300000) (1024K)]
  0x00000220872236e0 JavaThread "Cache worker for cache directory md-supplier (C:\Users\User\.gradle\caches\8.11.1\md-supplier)"        [_thread_blocked, id=15508, stack(0x0000003f32300000,0x0000003f32400000) (1024K)]
  0x0000022087223e30 JavaThread "jar transforms Thread 4"           [_thread_blocked, id=15512, stack(0x0000003f32400000,0x0000003f32500000) (1024K)]
  0x0000022087222f90 JavaThread "jar transforms Thread 5"           [_thread_blocked, id=15516, stack(0x0000003f32500000,0x0000003f32600000) (1024K)]
  0x0000022087224cd0 JavaThread "jar transforms Thread 6"           [_thread_blocked, id=16040, stack(0x0000003f32600000,0x0000003f32700000) (1024K)]
  0x000002208813f020 JavaThread "jar transforms Thread 7"           [_thread_blocked, id=16052, stack(0x0000003f32700000,0x0000003f32800000) (1024K)]
  0x0000022088140610 JavaThread "jar transforms Thread 8"           [_thread_blocked, id=16056, stack(0x0000003f32800000,0x0000003f32900000) (1024K)]
  0x0000022088140d60 JavaThread "jar transforms Thread 9"           [_thread_blocked, id=15500, stack(0x0000003f32900000,0x0000003f32a00000) (1024K)]
  0x000002208813fec0 JavaThread "jar transforms Thread 10"          [_thread_blocked, id=16364, stack(0x0000003f32a00000,0x0000003f32b00000) (1024K)]
  0x000002208813da30 JavaThread "jar transforms Thread 11"          [_thread_blocked, id=16276, stack(0x0000003f32b00000,0x0000003f32c00000) (1024K)]
  0x00000220881414b0 JavaThread "jar transforms Thread 12"          [_thread_blocked, id=16112, stack(0x0000003f32c00000,0x0000003f32d00000) (1024K)]
  0x000002208813f770 JavaThread "Unconstrained build operations"        [_thread_blocked, id=15100, stack(0x0000003f2fd00000,0x0000003f2fe00000) (1024K)]
  0x00000220881447e0 JavaThread "Unconstrained build operations Thread 2"        [_thread_blocked, id=6100, stack(0x0000003f31d00000,0x0000003f31e00000) (1024K)]
  0x00000220881431f0 JavaThread "Unconstrained build operations Thread 3"        [_thread_blocked, id=19308, stack(0x0000003f32d00000,0x0000003f32e00000) (1024K)]
  0x0000022088143940 JavaThread "Unconstrained build operations Thread 4"        [_thread_blocked, id=16776, stack(0x0000003f32e00000,0x0000003f32f00000) (1024K)]
  0x0000022088144090 JavaThread "Unconstrained build operations Thread 5"        [_thread_blocked, id=3132, stack(0x0000003f32f00000,0x0000003f33000000) (1024K)]
  0x0000022088144f30 JavaThread "Unconstrained build operations Thread 6"        [_thread_blocked, id=14796, stack(0x0000003f33000000,0x0000003f33100000) (1024K)]
  0x0000022086233100 JavaThread "Unconstrained build operations Thread 7"        [_thread_blocked, id=15460, stack(0x0000003f33100000,0x0000003f33200000) (1024K)]
  0x00000220874d1750 JavaThread "Unconstrained build operations Thread 8"        [_thread_blocked, id=15868, stack(0x0000003f33200000,0x0000003f33300000) (1024K)]
  0x00000220874d1ea0 JavaThread "Unconstrained build operations Thread 9"        [_thread_blocked, id=15572, stack(0x0000003f33300000,0x0000003f33400000) (1024K)]
  0x00000220874d0160 JavaThread "Unconstrained build operations Thread 10"        [_thread_blocked, id=14472, stack(0x0000003f33400000,0x0000003f33500000) (1024K)]
  0x00000220874d1000 JavaThread "Unconstrained build operations Thread 11"        [_thread_blocked, id=15464, stack(0x0000003f33500000,0x0000003f33600000) (1024K)]
  0x00000220874d25f0 JavaThread "Unconstrained build operations Thread 12"        [_thread_blocked, id=14952, stack(0x0000003f33600000,0x0000003f33700000) (1024K)]
  0x00000220874d2d40 JavaThread "Unconstrained build operations Thread 13"        [_thread_blocked, id=16168, stack(0x0000003f33700000,0x0000003f33800000) (1024K)]
  0x00000220874d3490 JavaThread "Unconstrained build operations Thread 14"        [_thread_blocked, id=13896, stack(0x0000003f33800000,0x0000003f33900000) (1024K)]
  0x00000220874d3be0 JavaThread "Unconstrained build operations Thread 15"        [_thread_blocked, id=16604, stack(0x0000003f33900000,0x0000003f33a00000) (1024K)]
  0x00000220874d08b0 JavaThread "Unconstrained build operations Thread 16"        [_thread_blocked, id=9172, stack(0x0000003f33a00000,0x0000003f33b00000) (1024K)]
  0x00000220874d6f10 JavaThread "Unconstrained build operations Thread 17"        [_thread_blocked, id=11620, stack(0x0000003f33b00000,0x0000003f33c00000) (1024K)]
  0x00000220874d5920 JavaThread "Unconstrained build operations Thread 18"        [_thread_blocked, id=7052, stack(0x0000003f33c00000,0x0000003f33d00000) (1024K)]
  0x00000220874d67c0 JavaThread "Unconstrained build operations Thread 19"        [_thread_blocked, id=13888, stack(0x0000003f33d00000,0x0000003f33e00000) (1024K)]
  0x00000220874d4330 JavaThread "Unconstrained build operations Thread 20"        [_thread_blocked, id=1788, stack(0x0000003f33e00000,0x0000003f33f00000) (1024K)]
  0x00000220874d7660 JavaThread "Unconstrained build operations Thread 21"        [_thread_blocked, id=9716, stack(0x0000003f33f00000,0x0000003f34000000) (1024K)]
  0x00000220874d6070 JavaThread "Unconstrained build operations Thread 22"        [_thread_blocked, id=3324, stack(0x0000003f34000000,0x0000003f34100000) (1024K)]
  0x00000220874d51d0 JavaThread "Unconstrained build operations Thread 23"        [_thread_blocked, id=14776, stack(0x0000003f34100000,0x0000003f34200000) (1024K)]
  0x000002208813e180 JavaThread "Unconstrained build operations Thread 24"        [_thread_blocked, id=14656, stack(0x0000003f34200000,0x0000003f34300000) (1024K)]
  0x00000220928270e0 JavaThread "Unconstrained build operations Thread 25"        [_thread_blocked, id=15200, stack(0x0000003f34300000,0x0000003f34400000) (1024K)]
  0x0000022092826990 JavaThread "Unconstrained build operations Thread 26"        [_thread_blocked, id=15196, stack(0x0000003f34400000,0x0000003f34500000) (1024K)]
  0x0000022092827f80 JavaThread "Unconstrained build operations Thread 27"        [_thread_blocked, id=5388, stack(0x0000003f34500000,0x0000003f34600000) (1024K)]
  0x000002209282a410 JavaThread "Unconstrained build operations Thread 28"        [_thread_blocked, id=18832, stack(0x0000003f34600000,0x0000003f34700000) (1024K)]
  0x0000022092829cc0 JavaThread "Unconstrained build operations Thread 29"        [_thread_blocked, id=18748, stack(0x0000003f34700000,0x0000003f34800000) (1024K)]
  0x00000220928286d0 JavaThread "Unconstrained build operations Thread 30"        [_thread_blocked, id=15376, stack(0x0000003f34800000,0x0000003f34900000) (1024K)]
  0x0000022092828e20 JavaThread "Unconstrained build operations Thread 31"        [_thread_blocked, id=9752, stack(0x0000003f34900000,0x0000003f34a00000) (1024K)]
  0x000002209282ab60 JavaThread "Unconstrained build operations Thread 32"        [_thread_blocked, id=7284, stack(0x0000003f34a00000,0x0000003f34b00000) (1024K)]
  0x0000022092829570 JavaThread "Unconstrained build operations Thread 33"        [_thread_blocked, id=15604, stack(0x0000003f34b00000,0x0000003f34c00000) (1024K)]
  0x000002209282c150 JavaThread "Memory manager"                    [_thread_blocked, id=7096, stack(0x0000003f34c00000,0x0000003f34d00000) (1024K)]
Total: 78

Other Threads:
=>0x000002203eb160b0 VMThread "VM Thread"                           [id=9288, stack(0x0000003f2f400000,0x0000003f2f500000) (1024K)]
  0x000002203eb04e70 WatcherThread "VM Periodic Task Thread"        [id=16444, stack(0x0000003f2f300000,0x0000003f2f400000) (1024K)]
  0x00000220218079d0 WorkerThread "GC Thread#0"                     [id=19392, stack(0x0000003f2ee00000,0x0000003f2ef00000) (1024K)]
  0x0000022084e98720 WorkerThread "GC Thread#1"                     [id=7704, stack(0x0000003f30100000,0x0000003f30200000) (1024K)]
  0x0000022084e98ad0 WorkerThread "GC Thread#2"                     [id=6884, stack(0x0000003f30200000,0x0000003f30300000) (1024K)]
  0x0000022085a4a590 WorkerThread "GC Thread#3"                     [id=2672, stack(0x0000003f30f00000,0x0000003f31000000) (1024K)]
  0x000002208584ddf0 WorkerThread "GC Thread#4"                     [id=16832, stack(0x0000003f31000000,0x0000003f31100000) (1024K)]
  0x0000022085fc8460 WorkerThread "GC Thread#5"                     [id=8964, stack(0x0000003f31100000,0x0000003f31200000) (1024K)]
  0x0000022085a92a40 WorkerThread "GC Thread#6"                     [id=7812, stack(0x0000003f31200000,0x0000003f31300000) (1024K)]
  0x0000022085a92df0 WorkerThread "GC Thread#7"                     [id=17776, stack(0x0000003f31300000,0x0000003f31400000) (1024K)]
  0x00000220861a8d90 WorkerThread "GC Thread#8"                     [id=7688, stack(0x0000003f31400000,0x0000003f31500000) (1024K)]
  0x00000220861a8280 WorkerThread "GC Thread#9"                     [id=5520, stack(0x0000003f31500000,0x0000003f31600000) (1024K)]
  0x000002202185d010 ConcurrentGCThread "G1 Main Marker"            [id=13820, stack(0x0000003f2ef00000,0x0000003f2f000000) (1024K)]
  0x000002202185e1d0 WorkerThread "G1 Conc#0"                       [id=14600, stack(0x0000003f2f000000,0x0000003f2f100000) (1024K)]
  0x00000220861a8630 WorkerThread "G1 Conc#1"                       [id=16840, stack(0x0000003f31700000,0x0000003f31800000) (1024K)]
  0x00000220861a98a0 WorkerThread "G1 Conc#2"                       [id=16016, stack(0x0000003f31800000,0x0000003f31900000) (1024K)]
  0x000002203e9c0af0 ConcurrentGCThread "G1 Refine#0"               [id=17608, stack(0x0000003f2f100000,0x0000003f2f200000) (1024K)]
  0x000002203e9c1580 ConcurrentGCThread "G1 Service"                [id=13632, stack(0x0000003f2f200000,0x0000003f2f300000) (1024K)]
Total: 18

Threads with active compile tasks:
C2 CompilerThread0  75922 14319       4       org.jetbrains.org.objectweb.asm.ClassReader::accept (1380 bytes)
Total: 1

VM state: at safepoint (normal execution)

VM Mutex/Monitor currently owned by a thread:  ([mutex/lock_event])
[0x00007ff891ad44b0] Threads_lock - owner thread: 0x000002203eb160b0
[0x00007ff891ad45b0] Heap_lock - owner thread: 0x000002202185d010

Heap address: 0x0000000080000000, size: 2048 MB, Compressed Oops mode: 32-bit

CDS archive(s) mapped at: [0x000002203f000000-0x000002203fd40000-0x000002203fd40000), size 13893632, SharedBaseAddress: 0x000002203f000000, ArchiveRelocationMode: 1.
Compressed class space mapped at: 0x0000022040000000-0x0000022080000000, reserved size: 1073741824
UseCompressedClassPointers 1, UseCompactObjectHeaders 0
Narrow klass pointer bits 32, Max shift 3
Narrow klass base: 0x000002203f000000, Narrow klass shift: 0
Encoding Range: [0x000002203f000000 - 0x000002213f000000), (4294967296 bytes)
Klass Range:    [0x000002203f000000 - 0x0000022080000000), (1090519040 bytes)
Klass ID Range:  [8 - 1090519033) (1090519025)

GC Precious Log:
 CardTable entry size: 512
 Card Set container configuration: InlinePtr #cards 5 size 8 Array Of Cards #cards 10 size 36 Howl #buckets 4 coarsen threshold 1843 Howl Bitmap #cards 512 size 80 coarsen threshold 460 Card regions per heap region 1 cards per card region 2048
 CPUs: 12 total, 12 available
 Memory: 8030M
 Large Page Support: Disabled
 NUMA Support: Disabled
 Compressed Oops: Enabled (32-bit)
 Heap Region Size: 1M
 Heap Min Capacity: 8M
 Heap Initial Capacity: 126M
 Heap Max Capacity: 2G
 Pre-touch: Disabled
 Parallel Workers: 10
 Concurrent Workers: 3
 Concurrent Refinement Workers: 10
 Periodic GC: Disabled

Heap:
 garbage-first heap   total reserved 2097152K, committed 209920K, used 145061K [0x0000000080000000, 0x0000000100000000)
  region size 1024K, 12 young (12288K), 5 survivors (5120K)
 Metaspace       used 130183K, committed 132736K, reserved 1179648K
  class space    used 14010K, committed 15232K, reserved 1048576K

Heap Regions: E=young(eden), S=young(survivor), O=old, HS=humongous(starts), HC=humongous(continues), CS=collection set, F=free, TAMS=top-at-mark-start, PB=parsable bottom
|   0|0x0000000080000000, 0x0000000080100000, 0x0000000080100000|100%|HS|  |TAMS 0x0000000080100000| PB 0x0000000080000000| Complete |  0
|   1|0x0000000080100000, 0x0000000080200000, 0x0000000080200000|100%|HC|  |TAMS 0x0000000080200000| PB 0x0000000080100000| Complete |  0
|   2|0x0000000080200000, 0x0000000080300000, 0x0000000080300000|100%|HC|  |TAMS 0x0000000080300000| PB 0x0000000080200000| Complete |  0
|   3|0x0000000080300000, 0x0000000080400000, 0x0000000080400000|100%| O|  |TAMS 0x0000000080400000| PB 0x0000000080400000| Untracked |  0
|   4|0x0000000080400000, 0x0000000080500000, 0x0000000080500000|100%|HS|  |TAMS 0x0000000080500000| PB 0x0000000080400000| Complete |  0
|   5|0x0000000080500000, 0x0000000080600000, 0x0000000080600000|100%| O|  |TAMS 0x0000000080600000| PB 0x0000000080600000| Untracked |  0
|   6|0x0000000080600000, 0x0000000080700000, 0x0000000080700000|100%| O|  |TAMS 0x0000000080700000| PB 0x0000000080700000| Untracked |  0
|   7|0x0000000080700000, 0x0000000080800000, 0x0000000080800000|100%| O|  |TAMS 0x0000000080800000| PB 0x0000000080800000| Untracked |  0
|   8|0x0000000080800000, 0x0000000080900000, 0x0000000080900000|100%| O|  |TAMS 0x0000000080900000| PB 0x0000000080900000| Untracked |  0
|   9|0x0000000080900000, 0x0000000080a00000, 0x0000000080a00000|100%| O|  |TAMS 0x0000000080a00000| PB 0x0000000080a00000| Untracked |  0
|  10|0x0000000080a00000, 0x0000000080b00000, 0x0000000080b00000|100%| O|  |TAMS 0x0000000080b00000| PB 0x0000000080b00000| Untracked |  0
|  11|0x0000000080b00000, 0x0000000080c00000, 0x0000000080c00000|100%| O|  |TAMS 0x0000000080c00000| PB 0x0000000080c00000| Untracked |  0
|  12|0x0000000080c00000, 0x0000000080d00000, 0x0000000080d00000|100%| O|  |TAMS 0x0000000080d00000| PB 0x0000000080d00000| Untracked |  0
|  13|0x0000000080d00000, 0x0000000080e00000, 0x0000000080e00000|100%| O|  |TAMS 0x0000000080e00000| PB 0x0000000080e00000| Untracked |  0
|  14|0x0000000080e00000, 0x0000000080f00000, 0x0000000080f00000|100%| O|  |TAMS 0x0000000080f00000| PB 0x0000000080f00000| Untracked |  0
|  15|0x0000000080f00000, 0x0000000081000000, 0x0000000081000000|100%| O|  |TAMS 0x0000000081000000| PB 0x0000000081000000| Untracked |  0
|  16|0x0000000081000000, 0x0000000081100000, 0x0000000081100000|100%| O|  |TAMS 0x0000000081100000| PB 0x0000000081100000| Untracked |  0
|  17|0x0000000081100000, 0x0000000081200000, 0x0000000081200000|100%| O|  |TAMS 0x0000000081200000| PB 0x0000000081200000| Untracked |  0
|  18|0x0000000081200000, 0x0000000081300000, 0x0000000081300000|100%| O|  |TAMS 0x0000000081300000| PB 0x0000000081300000| Untracked |  0
|  19|0x0000000081300000, 0x0000000081400000, 0x0000000081400000|100%| O|  |TAMS 0x0000000081400000| PB 0x0000000081400000| Untracked |  0
|  20|0x0000000081400000, 0x0000000081500000, 0x0000000081500000|100%| O|  |TAMS 0x0000000081500000| PB 0x0000000081500000| Untracked |  0
|  21|0x0000000081500000, 0x0000000081600000, 0x0000000081600000|100%| O|  |TAMS 0x0000000081600000| PB 0x0000000081600000| Untracked |  0
|  22|0x0000000081600000, 0x0000000081700000, 0x0000000081700000|100%| O|  |TAMS 0x0000000081700000| PB 0x0000000081700000| Untracked |  0
|  23|0x0000000081700000, 0x0000000081800000, 0x0000000081800000|100%| O|  |TAMS 0x0000000081800000| PB 0x0000000081800000| Untracked |  0
|  24|0x0000000081800000, 0x0000000081900000, 0x0000000081900000|100%| O|  |TAMS 0x0000000081900000| PB 0x0000000081900000| Untracked |  0
|  25|0x0000000081900000, 0x0000000081a00000, 0x0000000081a00000|100%| O|  |TAMS 0x0000000081a00000| PB 0x0000000081a00000| Untracked |  0
|  26|0x0000000081a00000, 0x0000000081b00000, 0x0000000081b00000|100%| O|  |TAMS 0x0000000081b00000| PB 0x0000000081b00000| Untracked |  0
|  27|0x0000000081b00000, 0x0000000081c00000, 0x0000000081c00000|100%| O|  |TAMS 0x0000000081c00000| PB 0x0000000081c00000| Untracked |  0
|  28|0x0000000081c00000, 0x0000000081d00000, 0x0000000081d00000|100%| O|  |TAMS 0x0000000081d00000| PB 0x0000000081d00000| Untracked |  0
|  29|0x0000000081d00000, 0x0000000081e00000, 0x0000000081e00000|100%| O|  |TAMS 0x0000000081e00000| PB 0x0000000081e00000| Untracked |  0
|  30|0x0000000081e00000, 0x0000000081f00000, 0x0000000081f00000|100%| O|  |TAMS 0x0000000081f00000| PB 0x0000000081f00000| Untracked |  0
|  31|0x0000000081f00000, 0x0000000082000000, 0x0000000082000000|100%| O|  |TAMS 0x0000000082000000| PB 0x0000000082000000| Untracked |  0
|  32|0x0000000082000000, 0x0000000082100000, 0x0000000082100000|100%| O|  |TAMS 0x0000000082100000| PB 0x0000000082100000| Untracked |  0
|  33|0x0000000082100000, 0x0000000082200000, 0x0000000082200000|100%| O|  |TAMS 0x0000000082200000| PB 0x0000000082200000| Untracked |  0
|  34|0x0000000082200000, 0x0000000082300000, 0x0000000082300000|100%| O|  |TAMS 0x0000000082300000| PB 0x0000000082300000| Untracked |  0
|  35|0x0000000082300000, 0x0000000082400000, 0x0000000082400000|100%| O|  |TAMS 0x0000000082400000| PB 0x0000000082400000| Untracked |  0
|  36|0x0000000082400000, 0x0000000082500000, 0x0000000082500000|100%| O|  |TAMS 0x0000000082500000| PB 0x0000000082500000| Untracked |  0
|  37|0x0000000082500000, 0x0000000082600000, 0x0000000082600000|100%| O|  |TAMS 0x0000000082600000| PB 0x0000000082600000| Untracked |  0
|  38|0x0000000082600000, 0x0000000082700000, 0x0000000082700000|100%| O|  |TAMS 0x0000000082700000| PB 0x0000000082700000| Untracked |  0
|  39|0x0000000082700000, 0x0000000082800000, 0x0000000082800000|100%| O|  |TAMS 0x0000000082800000| PB 0x0000000082800000| Untracked |  0
|  40|0x0000000082800000, 0x0000000082900000, 0x0000000082900000|100%| O|  |TAMS 0x0000000082900000| PB 0x0000000082900000| Untracked |  0
|  41|0x0000000082900000, 0x0000000082a00000, 0x0000000082a00000|100%| O|  |TAMS 0x0000000082a00000| PB 0x0000000082a00000| Untracked |  0
|  42|0x0000000082a00000, 0x0000000082b00000, 0x0000000082b00000|100%| O|  |TAMS 0x0000000082b00000| PB 0x0000000082b00000| Untracked |  0
|  43|0x0000000082b00000, 0x0000000082c00000, 0x0000000082c00000|100%|HS|  |TAMS 0x0000000082c00000| PB 0x0000000082b00000| Complete |  0
|  44|0x0000000082c00000, 0x0000000082d00000, 0x0000000082d00000|100%| O|  |TAMS 0x0000000082d00000| PB 0x0000000082d00000| Untracked |  0
|  45|0x0000000082d00000, 0x0000000082e00000, 0x0000000082e00000|100%| O|  |TAMS 0x0000000082e00000| PB 0x0000000082e00000| Untracked |  0
|  46|0x0000000082e00000, 0x0000000082f00000, 0x0000000082f00000|100%| O|  |TAMS 0x0000000082f00000| PB 0x0000000082f00000| Untracked |  0
|  47|0x0000000082f00000, 0x0000000083000000, 0x0000000083000000|100%| O|  |TAMS 0x0000000083000000| PB 0x0000000083000000| Untracked |  0
|  48|0x0000000083000000, 0x0000000083100000, 0x0000000083100000|100%| O|  |TAMS 0x0000000083100000| PB 0x0000000083100000| Untracked |  0
|  49|0x0000000083100000, 0x0000000083200000, 0x0000000083200000|100%| O|  |TAMS 0x0000000083200000| PB 0x0000000083200000| Untracked |  0
|  50|0x0000000083200000, 0x0000000083300000, 0x0000000083300000|100%| O|  |TAMS 0x0000000083300000| PB 0x0000000083300000| Untracked |  0
|  51|0x0000000083300000, 0x0000000083400000, 0x0000000083400000|100%| O|  |TAMS 0x0000000083300000| PB 0x0000000083300000| Untracked |  0
|  52|0x0000000083400000, 0x0000000083500000, 0x0000000083500000|100%| O|  |TAMS 0x0000000083500000| PB 0x0000000083500000| Untracked |  0
|  53|0x0000000083500000, 0x0000000083600000, 0x0000000083600000|100%| O|  |TAMS 0x0000000083600000| PB 0x0000000083600000| Untracked |  0
|  54|0x0000000083600000, 0x0000000083700000, 0x0000000083700000|100%| O|  |TAMS 0x0000000083700000| PB 0x0000000083700000| Untracked |  0
|  55|0x0000000083700000, 0x0000000083800000, 0x0000000083800000|100%| O|  |TAMS 0x0000000083800000| PB 0x0000000083800000| Untracked |  0
|  56|0x0000000083800000, 0x0000000083900000, 0x0000000083900000|100%| O|  |TAMS 0x0000000083900000| PB 0x0000000083900000| Untracked |  0
|  57|0x0000000083900000, 0x0000000083a00000, 0x0000000083a00000|100%| O|  |TAMS 0x0000000083a00000| PB 0x0000000083a00000| Untracked |  0
|  58|0x0000000083a00000, 0x0000000083b00000, 0x0000000083b00000|100%| O|Cm|TAMS 0x0000000083b00000| PB 0x0000000083b00000| Updating |  0
|  59|0x0000000083b00000, 0x0000000083c00000, 0x0000000083c00000|100%|HS|  |TAMS 0x0000000083c00000| PB 0x0000000083b00000| Complete |  0
|  60|0x0000000083c00000, 0x0000000083d00000, 0x0000000083d00000|100%|HC|  |TAMS 0x0000000083d00000| PB 0x0000000083c00000| Complete |  0
|  61|0x0000000083d00000, 0x0000000083e00000, 0x0000000083e00000|100%|HC|  |TAMS 0x0000000083e00000| PB 0x0000000083d00000| Complete |  0
|  62|0x0000000083e00000, 0x0000000083f00000, 0x0000000083f00000|100%|HC|  |TAMS 0x0000000083f00000| PB 0x0000000083e00000| Complete |  0
|  63|0x0000000083f00000, 0x0000000084000000, 0x0000000084000000|100%|HC|  |TAMS 0x0000000084000000| PB 0x0000000083f00000| Complete |  0
|  64|0x0000000084000000, 0x0000000084100000, 0x0000000084100000|100%|HC|  |TAMS 0x0000000084100000| PB 0x0000000084000000| Complete |  0
|  65|0x0000000084100000, 0x0000000084200000, 0x0000000084200000|100%| O|  |TAMS 0x0000000084200000| PB 0x0000000084200000| Untracked |  0
|  66|0x0000000084200000, 0x0000000084300000, 0x0000000084300000|100%| O|  |TAMS 0x0000000084300000| PB 0x0000000084300000| Untracked |  0
|  67|0x0000000084300000, 0x0000000084400000, 0x0000000084400000|100%| O|  |TAMS 0x0000000084400000| PB 0x0000000084400000| Untracked |  0
|  68|0x0000000084400000, 0x0000000084500000, 0x0000000084500000|100%| O|  |TAMS 0x0000000084500000| PB 0x0000000084500000| Untracked |  0
|  69|0x0000000084500000, 0x0000000084600000, 0x0000000084600000|100%| O|  |TAMS 0x0000000084600000| PB 0x0000000084600000| Untracked |  0
|  70|0x0000000084600000, 0x0000000084700000, 0x0000000084700000|100%| O|  |TAMS 0x0000000084700000| PB 0x0000000084700000| Untracked |  0
|  71|0x0000000084700000, 0x0000000084800000, 0x0000000084800000|100%| O|  |TAMS 0x0000000084800000| PB 0x0000000084800000| Untracked |  0
|  72|0x0000000084800000, 0x0000000084900000, 0x0000000084900000|100%| O|  |TAMS 0x0000000084900000| PB 0x0000000084900000| Untracked |  0
|  73|0x0000000084900000, 0x0000000084a00000, 0x0000000084a00000|100%| O|Cm|TAMS 0x0000000084a00000| PB 0x0000000084a00000| Updating |  0
|  74|0x0000000084a00000, 0x0000000084b00000, 0x0000000084b00000|100%| O|  |TAMS 0x0000000084b00000| PB 0x0000000084b00000| Untracked |  0
|  75|0x0000000084b00000, 0x0000000084c00000, 0x0000000084c00000|100%| O|  |TAMS 0x0000000084c00000| PB 0x0000000084c00000| Untracked |  0
|  76|0x0000000084c00000, 0x0000000084d00000, 0x0000000084d00000|100%| O|  |TAMS 0x0000000084c00000| PB 0x0000000084c00000| Untracked |  0
|  77|0x0000000084d00000, 0x0000000084e00000, 0x0000000084e00000|100%| O|  |TAMS 0x0000000084d00000| PB 0x0000000084d00000| Untracked |  0
|  78|0x0000000084e00000, 0x0000000084f00000, 0x0000000084f00000|100%|HS|  |TAMS 0x0000000084f00000| PB 0x0000000084e00000| Complete |  0
|  79|0x0000000084f00000, 0x0000000085000000, 0x0000000085000000|100%|HS|  |TAMS 0x0000000085000000| PB 0x0000000084f00000| Complete |  0
|  80|0x0000000085000000, 0x0000000085100000, 0x0000000085100000|100%| O|  |TAMS 0x0000000085100000| PB 0x0000000085100000| Untracked |  0
|  81|0x0000000085100000, 0x0000000085200000, 0x0000000085200000|100%| O|  |TAMS 0x0000000085200000| PB 0x0000000085200000| Untracked |  0
|  82|0x0000000085200000, 0x0000000085300000, 0x0000000085300000|100%| O|  |TAMS 0x0000000085300000| PB 0x0000000085300000| Untracked |  0
|  83|0x0000000085300000, 0x0000000085400000, 0x0000000085400000|100%| O|  |TAMS 0x0000000085400000| PB 0x0000000085400000| Untracked |  0
|  84|0x0000000085400000, 0x0000000085500000, 0x0000000085500000|100%| O|Cm|TAMS 0x0000000085500000| PB 0x0000000085500000| Updating |  0
|  85|0x0000000085500000, 0x0000000085600000, 0x0000000085600000|100%| O|  |TAMS 0x0000000085600000| PB 0x0000000085600000| Untracked |  0
|  86|0x0000000085600000, 0x0000000085700000, 0x0000000085700000|100%| O|  |TAMS 0x0000000085700000| PB 0x0000000085700000| Untracked |  0
|  87|0x0000000085700000, 0x0000000085800000, 0x0000000085800000|100%| O|  |TAMS 0x0000000085800000| PB 0x0000000085800000| Untracked |  0
|  88|0x0000000085800000, 0x0000000085900000, 0x0000000085900000|100%| O|  |TAMS 0x0000000085900000| PB 0x0000000085900000| Untracked |  0
|  89|0x0000000085900000, 0x0000000085a00000, 0x0000000085a00000|100%| O|Cm|TAMS 0x0000000085a00000| PB 0x0000000085a00000| Updating |  0
|  90|0x0000000085a00000, 0x0000000085b00000, 0x0000000085b00000|100%|HS|  |TAMS 0x0000000085b00000| PB 0x0000000085a00000| Complete |  0
|  91|0x0000000085b00000, 0x0000000085c00000, 0x0000000085c00000|100%| O|Cm|TAMS 0x0000000085c00000| PB 0x0000000085c00000| Updating |  0
|  92|0x0000000085c00000, 0x0000000085d00000, 0x0000000085d00000|100%| O|  |TAMS 0x0000000085d00000| PB 0x0000000085d00000| Untracked |  0
|  93|0x0000000085d00000, 0x0000000085e00000, 0x0000000085e00000|100%|HS|  |TAMS 0x0000000085e00000| PB 0x0000000085d00000| Complete |  0
|  94|0x0000000085e00000, 0x0000000085f00000, 0x0000000085f00000|100%| O|  |TAMS 0x0000000085f00000| PB 0x0000000085f00000| Untracked |  0
|  95|0x0000000085f00000, 0x0000000086000000, 0x0000000086000000|100%|HS|  |TAMS 0x0000000086000000| PB 0x0000000085f00000| Complete |  0
|  96|0x0000000086000000, 0x0000000086100000, 0x0000000086100000|100%| O|  |TAMS 0x0000000086100000| PB 0x0000000086100000| Untracked |  0
|  97|0x0000000086100000, 0x0000000086200000, 0x0000000086200000|100%| O|  |TAMS 0x0000000086200000| PB 0x0000000086200000| Untracked |  0
|  98|0x0000000086200000, 0x0000000086300000, 0x0000000086300000|100%| O|  |TAMS 0x0000000086300000| PB 0x0000000086300000| Untracked |  0
|  99|0x0000000086300000, 0x0000000086400000, 0x0000000086400000|100%| O|  |TAMS 0x0000000086400000| PB 0x0000000086400000| Untracked |  0
| 100|0x0000000086400000, 0x0000000086500000, 0x0000000086500000|100%| O|  |TAMS 0x0000000086500000| PB 0x0000000086500000| Untracked |  0
| 101|0x0000000086500000, 0x0000000086600000, 0x0000000086600000|100%| O|  |TAMS 0x0000000086600000| PB 0x0000000086600000| Untracked |  0
| 102|0x0000000086600000, 0x0000000086700000, 0x0000000086700000|100%| O|  |TAMS 0x0000000086700000| PB 0x0000000086700000| Untracked |  0
| 103|0x0000000086700000, 0x0000000086800000, 0x0000000086800000|100%| O|  |TAMS 0x0000000086800000| PB 0x0000000086800000| Untracked |  0
| 104|0x0000000086800000, 0x0000000086900000, 0x0000000086900000|100%| O|  |TAMS 0x0000000086900000| PB 0x0000000086900000| Untracked |  0
| 105|0x0000000086900000, 0x0000000086a00000, 0x0000000086a00000|100%| O|  |TAMS 0x0000000086a00000| PB 0x0000000086a00000| Untracked |  0
| 106|0x0000000086a00000, 0x0000000086b00000, 0x0000000086b00000|100%| O|  |TAMS 0x0000000086b00000| PB 0x0000000086b00000| Untracked |  0
| 107|0x0000000086b00000, 0x0000000086c00000, 0x0000000086c00000|100%| O|  |TAMS 0x0000000086c00000| PB 0x0000000086c00000| Untracked |  0
| 108|0x0000000086c00000, 0x0000000086d00000, 0x0000000086d00000|100%| O|  |TAMS 0x0000000086d00000| PB 0x0000000086d00000| Untracked |  0
| 109|0x0000000086d00000, 0x0000000086e00000, 0x0000000086e00000|100%|HS|  |TAMS 0x0000000086e00000| PB 0x0000000086d00000| Complete |  0
| 110|0x0000000086e00000, 0x0000000086f00000, 0x0000000086f00000|100%| O|  |TAMS 0x0000000086e00000| PB 0x0000000086e00000| Untracked |  0
| 111|0x0000000086f00000, 0x0000000087000000, 0x0000000087000000|100%| O|  |TAMS 0x0000000086f00000| PB 0x0000000086f00000| Untracked |  0
| 112|0x0000000087000000, 0x0000000087100000, 0x0000000087100000|100%| O|  |TAMS 0x0000000087000000| PB 0x0000000087000000| Untracked |  0
| 113|0x0000000087100000, 0x0000000087200000, 0x0000000087200000|100%| O|  |TAMS 0x0000000087100000| PB 0x0000000087100000| Untracked |  0
| 114|0x0000000087200000, 0x0000000087300000, 0x0000000087300000|100%|HS|  |TAMS 0x0000000087300000| PB 0x0000000087200000| Complete |  0
| 115|0x0000000087300000, 0x0000000087400000, 0x0000000087400000|100%| O|  |TAMS 0x0000000087400000| PB 0x0000000087400000| Untracked |  0
| 116|0x0000000087400000, 0x0000000087500000, 0x0000000087500000|100%| O|  |TAMS 0x0000000087500000| PB 0x0000000087500000| Untracked |  0
| 117|0x0000000087500000, 0x0000000087600000, 0x0000000087600000|100%| O|  |TAMS 0x000000008754c9a0| PB 0x000000008754c9a0| Untracked |  0
| 118|0x0000000087600000, 0x0000000087700000, 0x0000000087700000|100%| O|  |TAMS 0x0000000087600000| PB 0x0000000087600000| Untracked |  0
| 119|0x0000000087700000, 0x0000000087800000, 0x0000000087800000|100%|HS|  |TAMS 0x0000000087700000| PB 0x0000000087700000| Complete |  0
| 120|0x0000000087800000, 0x0000000087800000, 0x0000000087900000|  0%| F|  |TAMS 0x0000000087800000| PB 0x0000000087800000| Untracked |  0
| 121|0x0000000087900000, 0x0000000087900000, 0x0000000087a00000|  0%| F|  |TAMS 0x0000000087900000| PB 0x0000000087900000| Untracked |  0
| 122|0x0000000087a00000, 0x0000000087a00000, 0x0000000087b00000|  0%| F|  |TAMS 0x0000000087a00000| PB 0x0000000087a00000| Untracked |  0
| 123|0x0000000087b00000, 0x0000000087b00000, 0x0000000087c00000|  0%| F|  |TAMS 0x0000000087b00000| PB 0x0000000087b00000| Untracked |  0
| 124|0x0000000087c00000, 0x0000000087c00000, 0x0000000087d00000|  0%| F|  |TAMS 0x0000000087c00000| PB 0x0000000087c00000| Untracked |  0
| 125|0x0000000087d00000, 0x0000000087d00000, 0x0000000087e00000|  0%| F|  |TAMS 0x0000000087d00000| PB 0x0000000087d00000| Untracked |  0
| 126|0x0000000087e00000, 0x0000000087e00000, 0x0000000087f00000|  0%| F|  |TAMS 0x0000000087e00000| PB 0x0000000087e00000| Untracked |  0
| 127|0x0000000087f00000, 0x0000000087f00000, 0x0000000088000000|  0%| F|  |TAMS 0x0000000087f00000| PB 0x0000000087f00000| Untracked |  0
| 128|0x0000000088000000, 0x00000000880c0350, 0x0000000088100000| 75%| O|  |TAMS 0x0000000088000000| PB 0x0000000088000000| Untracked |  0
| 129|0x0000000088100000, 0x0000000088100000, 0x0000000088200000|  0%| F|  |TAMS 0x0000000088100000| PB 0x0000000088100000| Untracked |  0
| 130|0x0000000088200000, 0x0000000088200000, 0x0000000088300000|  0%| F|  |TAMS 0x0000000088200000| PB 0x0000000088200000| Untracked |  0
| 131|0x0000000088300000, 0x0000000088300000, 0x0000000088400000|  0%| F|  |TAMS 0x0000000088300000| PB 0x0000000088300000| Untracked |  0
| 132|0x0000000088400000, 0x0000000088400000, 0x0000000088500000|  0%| F|  |TAMS 0x0000000088400000| PB 0x0000000088400000| Untracked |  0
| 133|0x0000000088500000, 0x0000000088500000, 0x0000000088600000|  0%| F|  |TAMS 0x0000000088500000| PB 0x0000000088500000| Untracked |  0
| 134|0x0000000088600000, 0x0000000088600000, 0x0000000088700000|  0%| F|  |TAMS 0x0000000088600000| PB 0x0000000088600000| Untracked |  0
| 135|0x0000000088700000, 0x0000000088700000, 0x0000000088800000|  0%| F|  |TAMS 0x0000000088700000| PB 0x0000000088700000| Untracked |  0
| 136|0x0000000088800000, 0x0000000088800000, 0x0000000088900000|  0%| F|  |TAMS 0x0000000088800000| PB 0x0000000088800000| Untracked |  0
| 137|0x0000000088900000, 0x0000000088900000, 0x0000000088a00000|  0%| F|  |TAMS 0x0000000088900000| PB 0x0000000088900000| Untracked |  0
| 138|0x0000000088a00000, 0x0000000088a00000, 0x0000000088b00000|  0%| F|  |TAMS 0x0000000088a00000| PB 0x0000000088a00000| Untracked |  0
| 139|0x0000000088b00000, 0x0000000088b00000, 0x0000000088c00000|  0%| F|  |TAMS 0x0000000088b00000| PB 0x0000000088b00000| Untracked |  0
| 140|0x0000000088c00000, 0x0000000088c00000, 0x0000000088d00000|  0%| F|  |TAMS 0x0000000088c00000| PB 0x0000000088c00000| Untracked |  0
| 141|0x0000000088d00000, 0x0000000088d00000, 0x0000000088e00000|  0%| F|  |TAMS 0x0000000088d00000| PB 0x0000000088d00000| Untracked |  0
| 142|0x0000000088e00000, 0x0000000088e00000, 0x0000000088f00000|  0%| F|  |TAMS 0x0000000088e00000| PB 0x0000000088e00000| Untracked |  0
| 143|0x0000000088f00000, 0x0000000088f00000, 0x0000000089000000|  0%| F|  |TAMS 0x0000000088f00000| PB 0x0000000088f00000| Untracked |  0
| 144|0x0000000089000000, 0x0000000089000000, 0x0000000089100000|  0%| F|  |TAMS 0x0000000089000000| PB 0x0000000089000000| Untracked |  0
| 145|0x0000000089100000, 0x0000000089100000, 0x0000000089200000|  0%| F|  |TAMS 0x0000000089100000| PB 0x0000000089100000| Untracked |  0
| 146|0x0000000089200000, 0x0000000089200000, 0x0000000089300000|  0%| F|  |TAMS 0x0000000089200000| PB 0x0000000089200000| Untracked |  0
| 147|0x0000000089300000, 0x0000000089300000, 0x0000000089400000|  0%| F|  |TAMS 0x0000000089300000| PB 0x0000000089300000| Untracked |  0
| 148|0x0000000089400000, 0x0000000089400000, 0x0000000089500000|  0%| F|  |TAMS 0x0000000089400000| PB 0x0000000089400000| Untracked |  0
| 149|0x0000000089500000, 0x0000000089500000, 0x0000000089600000|  0%| F|  |TAMS 0x0000000089500000| PB 0x0000000089500000| Untracked |  0
| 150|0x0000000089600000, 0x0000000089600000, 0x0000000089700000|  0%| F|  |TAMS 0x0000000089600000| PB 0x0000000089600000| Untracked |  0
| 151|0x0000000089700000, 0x0000000089700000, 0x0000000089800000|  0%| F|  |TAMS 0x0000000089700000| PB 0x0000000089700000| Untracked |  0
| 152|0x0000000089800000, 0x0000000089800000, 0x0000000089900000|  0%| F|  |TAMS 0x0000000089800000| PB 0x0000000089800000| Untracked |  0
| 153|0x0000000089900000, 0x0000000089900000, 0x0000000089a00000|  0%| F|  |TAMS 0x0000000089900000| PB 0x0000000089900000| Untracked |  0
| 154|0x0000000089a00000, 0x0000000089a00000, 0x0000000089b00000|  0%| F|  |TAMS 0x0000000089a00000| PB 0x0000000089a00000| Untracked |  0
| 155|0x0000000089b00000, 0x0000000089b00000, 0x0000000089c00000|  0%| F|  |TAMS 0x0000000089b00000| PB 0x0000000089b00000| Untracked |  0
| 156|0x0000000089c00000, 0x0000000089c00000, 0x0000000089d00000|  0%| F|  |TAMS 0x0000000089c00000| PB 0x0000000089c00000| Untracked |  0
| 157|0x0000000089d00000, 0x0000000089d00000, 0x0000000089e00000|  0%| F|  |TAMS 0x0000000089d00000| PB 0x0000000089d00000| Untracked |  0
| 158|0x0000000089e00000, 0x0000000089ee9338, 0x0000000089f00000| 91%| S|CS|TAMS 0x0000000089e00000| PB 0x0000000089e00000| Complete |  0
| 159|0x0000000089f00000, 0x000000008a000000, 0x000000008a000000|100%| S|CS|TAMS 0x0000000089f00000| PB 0x0000000089f00000| Complete |  0
| 160|0x000000008a000000, 0x000000008a100000, 0x000000008a100000|100%| S|CS|TAMS 0x000000008a000000| PB 0x000000008a000000| Complete |  0
| 161|0x000000008a100000, 0x000000008a200000, 0x000000008a200000|100%| S|CS|TAMS 0x000000008a100000| PB 0x000000008a100000| Complete |  0
| 162|0x000000008a200000, 0x000000008a300000, 0x000000008a300000|100%| S|CS|TAMS 0x000000008a200000| PB 0x000000008a200000| Complete |  0
| 163|0x000000008a300000, 0x000000008a300000, 0x000000008a400000|  0%| F|  |TAMS 0x000000008a300000| PB 0x000000008a300000| Untracked |  0
| 164|0x000000008a400000, 0x000000008a400000, 0x000000008a500000|  0%| F|  |TAMS 0x000000008a400000| PB 0x000000008a400000| Untracked |  0
| 165|0x000000008a500000, 0x000000008a500000, 0x000000008a600000|  0%| F|  |TAMS 0x000000008a500000| PB 0x000000008a500000| Untracked |  0
| 166|0x000000008a600000, 0x000000008a600000, 0x000000008a700000|  0%| F|  |TAMS 0x000000008a600000| PB 0x000000008a600000| Untracked |  0
| 167|0x000000008a700000, 0x000000008a700000, 0x000000008a800000|  0%| F|  |TAMS 0x000000008a700000| PB 0x000000008a700000| Untracked |  0
| 168|0x000000008a800000, 0x000000008a800000, 0x000000008a900000|  0%| F|  |TAMS 0x000000008a800000| PB 0x000000008a800000| Untracked |  0
| 169|0x000000008a900000, 0x000000008a900000, 0x000000008aa00000|  0%| F|  |TAMS 0x000000008a900000| PB 0x000000008a900000| Untracked |  0
| 170|0x000000008aa00000, 0x000000008aa00000, 0x000000008ab00000|  0%| F|  |TAMS 0x000000008aa00000| PB 0x000000008aa00000| Untracked |  0
| 171|0x000000008ab00000, 0x000000008ab00000, 0x000000008ac00000|  0%| F|  |TAMS 0x000000008ab00000| PB 0x000000008ab00000| Untracked |  0
| 172|0x000000008ac00000, 0x000000008ac00000, 0x000000008ad00000|  0%| F|  |TAMS 0x000000008ac00000| PB 0x000000008ac00000| Untracked |  0
| 173|0x000000008ad00000, 0x000000008ad00000, 0x000000008ae00000|  0%| F|  |TAMS 0x000000008ad00000| PB 0x000000008ad00000| Untracked |  0
| 174|0x000000008ae00000, 0x000000008ae00000, 0x000000008af00000|  0%| F|  |TAMS 0x000000008ae00000| PB 0x000000008ae00000| Untracked |  0
| 175|0x000000008af00000, 0x000000008af00000, 0x000000008b000000|  0%| F|  |TAMS 0x000000008af00000| PB 0x000000008af00000| Untracked |  0
| 176|0x000000008b000000, 0x000000008b000000, 0x000000008b100000|  0%| F|  |TAMS 0x000000008b000000| PB 0x000000008b000000| Untracked |  0
| 177|0x000000008b100000, 0x000000008b100000, 0x000000008b200000|  0%| F|  |TAMS 0x000000008b100000| PB 0x000000008b100000| Untracked |  0
| 178|0x000000008b200000, 0x000000008b200000, 0x000000008b300000|  0%| F|  |TAMS 0x000000008b200000| PB 0x000000008b200000| Untracked |  0
| 179|0x000000008b300000, 0x000000008b300000, 0x000000008b400000|  0%| F|  |TAMS 0x000000008b300000| PB 0x000000008b300000| Untracked |  0
| 180|0x000000008b400000, 0x000000008b400000, 0x000000008b500000|  0%| F|  |TAMS 0x000000008b400000| PB 0x000000008b400000| Untracked |  0
| 181|0x000000008b500000, 0x000000008b500000, 0x000000008b600000|  0%| F|  |TAMS 0x000000008b500000| PB 0x000000008b500000| Untracked |  0
| 182|0x000000008b600000, 0x000000008b600000, 0x000000008b700000|  0%| F|  |TAMS 0x000000008b600000| PB 0x000000008b600000| Untracked |  0
| 183|0x000000008b700000, 0x000000008b700000, 0x000000008b800000|  0%| F|  |TAMS 0x000000008b700000| PB 0x000000008b700000| Untracked |  0
| 184|0x000000008b800000, 0x000000008b800000, 0x000000008b900000|  0%| F|  |TAMS 0x000000008b800000| PB 0x000000008b800000| Untracked |  0
| 185|0x000000008b900000, 0x000000008b900000, 0x000000008ba00000|  0%| F|  |TAMS 0x000000008b900000| PB 0x000000008b900000| Untracked |  0
| 186|0x000000008ba00000, 0x000000008ba00000, 0x000000008bb00000|  0%| F|  |TAMS 0x000000008ba00000| PB 0x000000008ba00000| Untracked |  0
| 187|0x000000008bb00000, 0x000000008bb00000, 0x000000008bc00000|  0%| F|  |TAMS 0x000000008bb00000| PB 0x000000008bb00000| Untracked |  0
| 188|0x000000008bc00000, 0x000000008bc03498, 0x000000008bd00000|  1%| E|  |TAMS 0x000000008bc00000| PB 0x000000008bc00000| Complete |  0
| 189|0x000000008bd00000, 0x000000008be00000, 0x000000008be00000|100%| E|CS|TAMS 0x000000008bd00000| PB 0x000000008bd00000| Complete |  0
| 190|0x000000008be00000, 0x000000008bf00000, 0x000000008bf00000|100%| E|CS|TAMS 0x000000008be00000| PB 0x000000008be00000| Complete |  0
| 191|0x000000008bf00000, 0x000000008c000000, 0x000000008c000000|100%| E|CS|TAMS 0x000000008bf00000| PB 0x000000008bf00000| Complete |  0
| 192|0x000000008c000000, 0x000000008c100000, 0x000000008c100000|100%| E|CS|TAMS 0x000000008c000000| PB 0x000000008c000000| Complete |  0
|2036|0x00000000ff400000, 0x00000000ff500000, 0x00000000ff500000|100%| E|CS|TAMS 0x00000000ff400000| PB 0x00000000ff400000| Complete |  0
|2037|0x00000000ff500000, 0x00000000ff600000, 0x00000000ff600000|100%| O|  |TAMS 0x00000000ff600000| PB 0x00000000ff600000| Untracked |  0
|2038|0x00000000ff600000, 0x00000000ff700000, 0x00000000ff700000|100%| O|  |TAMS 0x00000000ff700000| PB 0x00000000ff700000| Untracked |  0
|2039|0x00000000ff700000, 0x00000000ff800000, 0x00000000ff800000|100%| O|  |TAMS 0x00000000ff800000| PB 0x00000000ff800000| Untracked |  0
|2040|0x00000000ff800000, 0x00000000ff900000, 0x00000000ff900000|100%| O|  |TAMS 0x00000000ff900000| PB 0x00000000ff900000| Untracked |  0
|2041|0x00000000ff900000, 0x00000000ffa00000, 0x00000000ffa00000|100%| O|  |TAMS 0x00000000ffa00000| PB 0x00000000ffa00000| Untracked |  0
|2042|0x00000000ffa00000, 0x00000000ffb00000, 0x00000000ffb00000|100%| O|  |TAMS 0x00000000ffb00000| PB 0x00000000ffb00000| Untracked |  0
|2043|0x00000000ffb00000, 0x00000000ffc00000, 0x00000000ffc00000|100%| O|  |TAMS 0x00000000ffc00000| PB 0x00000000ffc00000| Untracked |  0
|2044|0x00000000ffc00000, 0x00000000ffd00000, 0x00000000ffd00000|100%| O|  |TAMS 0x00000000ffd00000| PB 0x00000000ffd00000| Untracked |  0
|2045|0x00000000ffd00000, 0x00000000ffe00000, 0x00000000ffe00000|100%| O|  |TAMS 0x00000000ffe00000| PB 0x00000000ffe00000| Untracked |  0
|2046|0x00000000ffe00000, 0x00000000fff00000, 0x00000000fff00000|100%| O|  |TAMS 0x00000000fff00000| PB 0x00000000fff00000| Untracked |  0
|2047|0x00000000fff00000, 0x0000000100000000, 0x0000000100000000|100%| E|CS|TAMS 0x00000000fff00000| PB 0x00000000fff00000| Complete |  0

Card table byte_map: [0x0000022039ab0000,0x0000022039eb0000] _byte_map_base: 0x00000220396b0000

Marking Bits: (CMBitMap*) 0x0000022021807ff0
 Bits: [0x0000022039eb0000, 0x000002203beb0000)

Polling page: 0x000002201f7e0000

Metaspace:

Usage:
  Non-class:    113.45 MB used.
      Class:     13.68 MB used.
       Both:    127.13 MB used.

Virtual space:
  Non-class space:      128.00 MB reserved,     114.75 MB ( 90%) committed,  2 nodes.
      Class space:        1.00 GB reserved,      14.88 MB (  1%) committed,  1 nodes.
             Both:        1.12 GB reserved,     129.62 MB ( 11%) committed. 

Chunk freelists:
   Non-Class:  13.16 MB
       Class:  1.05 MB
        Both:  14.21 MB

MaxMetaspaceSize: unlimited
CompressedClassSpaceSize: 1.00 GB
Initial GC threshold: 21.00 MB
Current GC threshold: 200.75 MB
CDS: on
 - commit_granule_bytes: 65536.
 - commit_granule_words: 8192.
 - virtual_space_node_default_size: 8388608.
 - enlarge_chunks_in_place: 1.
UseCompressedClassPointers 1, UseCompactObjectHeaders 0
Narrow klass pointer bits 32, Max shift 3
Narrow klass base: 0x000002203f000000, Narrow klass shift: 0
Encoding Range: [0x000002203f000000 - 0x000002213f000000), (4294967296 bytes)
Klass Range:    [0x000002203f000000 - 0x0000022080000000), (1090519040 bytes)
Klass ID Range:  [8 - 1090519033) (1090519025)


Internal statistics:

num_allocs_failed_limit: 12.
num_arena_births: 4428.
num_arena_deaths: 0.
num_vsnodes_births: 3.
num_vsnodes_deaths: 0.
num_space_committed: 2073.
num_space_uncommitted: 0.
num_chunks_returned_to_freelist: 12.
num_chunks_taken_from_freelist: 9635.
num_chunk_merges: 6.
num_chunk_splits: 6865.
num_chunks_enlarged: 4892.
num_inconsistent_stats: 0.

CodeHeap 'non-profiled nmethods': size=120064Kb used=5757Kb max_used=5817Kb free=114306Kb
 bounds [0x0000022031b10000, 0x00000220320c0000, 0x0000022039050000]
CodeHeap 'profiled nmethods': size=120000Kb used=19105Kb max_used=19400Kb free=100894Kb
 bounds [0x000002202a050000, 0x000002202b350000, 0x0000022031580000]
CodeHeap 'non-nmethods': size=5696Kb used=2873Kb max_used=2950Kb free=2822Kb
 bounds [0x0000022031580000, 0x0000022031890000, 0x0000022031b10000]
CodeCache: size=245760Kb, used=27735Kb, max_used=28167Kb, free=218022Kb
 total_blobs=13264, nmethods=12106, adapters=1062, full_count=0
Compilation: enabled, stopped_count=0, restarted_count=0

Compilation events (20 events):
Event: 71.222 Thread 0x000002203eb428e0 14330       1       org.jetbrains.kotlin.resolve.jvm.modules.JavaModule$Root::component1 (5 bytes)
Event: 71.222 Thread 0x000002203eb428e0 nmethod 14330 0x00000220320bde88 code [0x00000220320bdf80, 0x00000220320be048]
Event: 71.222 Thread 0x000002203eb428e0 14331       1       org.jetbrains.kotlin.resolve.jvm.modules.JavaModule$Root::component2 (5 bytes)
Event: 71.222 Thread 0x000002203eb428e0 nmethod 14331 0x00000220320be188 code [0x00000220320be280, 0x00000220320be348]
Event: 71.222 Thread 0x000002203eb428e0 14332       1       org.jetbrains.kotlin.resolve.jvm.modules.JavaModule$Root::component3 (5 bytes)
Event: 71.222 Thread 0x000002203eb428e0 nmethod 14332 0x00000220320be488 code [0x00000220320be580, 0x00000220320be648]
Event: 71.238 Thread 0x000002203eb428e0 14333       3       org.jetbrains.kotlin.com.intellij.openapi.vfs.impl.jar.CoreJarVirtualFile::isDirectory (15 bytes)
Event: 71.238 Thread 0x000002203eb428e0 nmethod 14333 0x000002202b33fc88 code [0x000002202b33fda0, 0x000002202b33ff00]
Event: 71.255 Thread 0x000002203eb428e0 14334       3       org.jetbrains.kotlin.com.intellij.core.JavaCoreProjectEnvironment::addSourcesToClasspath (63 bytes)
Event: 71.258 Thread 0x000002203eb428e0 nmethod 14334 0x000002202b33ff88 code [0x000002202b340120, 0x000002202b340960]
Event: 71.258 Thread 0x000002203eb428e0 14335       3       org.jetbrains.kotlin.com.intellij.core.CoreJavaFileManager::addToClasspath (12 bytes)
Event: 71.259 Thread 0x000002203eb428e0 nmethod 14335 0x000002202b340a08 code [0x000002202b340b20, 0x000002202b340cf0]
Event: 71.259 Thread 0x000002203eb428e0 14336       3       org.jetbrains.kotlin.com.intellij.core.CorePackageIndex::addToClasspath (12 bytes)
Event: 71.259 Thread 0x000002203eb428e0 nmethod 14336 0x000002202b340d08 code [0x000002202b340e20, 0x000002202b340ff0]
Event: 71.259 Thread 0x000002203eb428e0 14337       3       org.jetbrains.kotlin.com.intellij.mock.MockFileIndexFacade::addLibraryRoot (12 bytes)
Event: 71.259 Thread 0x000002203eb428e0 nmethod 14337 0x000002202b341008 code [0x000002202b341120, 0x000002202b3412f0]
Event: 71.287 Thread 0x000002203eb428e0 14338       3       org.jetbrains.kotlin.it.unimi.dsi.fastutil.objects.AbstractObjectSet::<init> (5 bytes)
Event: 71.287 Thread 0x000002203eb428e0 nmethod 14338 0x000002202b341308 code [0x000002202b341420, 0x000002202b341640]
Event: 71.287 Thread 0x000002203eb428e0 14339       3       org.jetbrains.kotlin.load.java.structure.impl.classFiles.BinaryJavaAnnotation::<init> (38 bytes)
Event: 71.290 Thread 0x000002203eb428e0 nmethod 14339 0x000002202b341688 code [0x000002202b341820, 0x000002202b341f70]

GC Heap History (20 events):
Event: 45.565 GC heap before
{Heap before GC invocations=34 (full 0):
 garbage-first heap   total reserved 2097152K, committed 160768K, used 144197K [0x0000000080000000, 0x0000000100000000)
  region size 1024K, 51 young (52224K), 5 survivors (5120K)
 Metaspace       used 114923K, committed 117376K, reserved 1179648K
  class space    used 12614K, committed 13760K, reserved 1048576K
}
Event: 45.573 GC heap after
{Heap after GC invocations=35 (full 0):
 garbage-first heap   total reserved 2097152K, committed 160768K, used 99285K [0x0000000080000000, 0x0000000100000000)
  region size 1024K, 5 young (5120K), 5 survivors (5120K)
 Metaspace       used 114923K, committed 117376K, reserved 1179648K
  class space    used 12614K, committed 13760K, reserved 1048576K
}
Event: 48.194 GC heap before
{Heap before GC invocations=36 (full 0):
 garbage-first heap   total reserved 2097152K, committed 167936K, used 151509K [0x0000000080000000, 0x0000000100000000)
  region size 1024K, 50 young (51200K), 5 survivors (5120K)
 Metaspace       used 115253K, committed 117632K, reserved 1179648K
  class space    used 12654K, committed 13760K, reserved 1048576K
}
Event: 48.221 GC heap after
{Heap after GC invocations=37 (full 0):
 garbage-first heap   total reserved 2097152K, committed 167936K, used 104158K [0x0000000080000000, 0x0000000100000000)
  region size 1024K, 7 young (7168K), 7 survivors (7168K)
 Metaspace       used 115253K, committed 117632K, reserved 1179648K
  class space    used 12654K, committed 13760K, reserved 1048576K
}
Event: 50.724 GC heap before
{Heap before GC invocations=37 (full 0):
 garbage-first heap   total reserved 2097152K, committed 167936K, used 157406K [0x0000000080000000, 0x0000000100000000)
  region size 1024K, 53 young (54272K), 7 survivors (7168K)
 Metaspace       used 115442K, committed 117824K, reserved 1179648K
  class space    used 12654K, committed 13760K, reserved 1048576K
}
Event: 50.747 GC heap after
{Heap after GC invocations=38 (full 0):
 garbage-first heap   total reserved 2097152K, committed 180224K, used 111159K [0x0000000080000000, 0x0000000100000000)
  region size 1024K, 7 young (7168K), 7 survivors (7168K)
 Metaspace       used 115442K, committed 117824K, reserved 1179648K
  class space    used 12654K, committed 13760K, reserved 1048576K
}
Event: 50.748 GC heap before
{Heap before GC invocations=38 (full 0):
 garbage-first heap   total reserved 2097152K, committed 180224K, used 111159K [0x0000000080000000, 0x0000000100000000)
  region size 1024K, 8 young (8192K), 7 survivors (7168K)
 Metaspace       used 115442K, committed 117824K, reserved 1179648K
  class space    used 12654K, committed 13760K, reserved 1048576K
}
Event: 50.756 GC heap after
{Heap after GC invocations=39 (full 0):
 garbage-first heap   total reserved 2097152K, committed 180224K, used 113295K [0x0000000080000000, 0x0000000100000000)
  region size 1024K, 1 young (1024K), 1 survivors (1024K)
 Metaspace       used 115442K, committed 117824K, reserved 1179648K
  class space    used 12654K, committed 13760K, reserved 1048576K
}
Event: 51.303 GC heap before
{Heap before GC invocations=40 (full 0):
 garbage-first heap   total reserved 2097152K, committed 191488K, used 163471K [0x0000000080000000, 0x0000000100000000)
  region size 1024K, 49 young (50176K), 1 survivors (1024K)
 Metaspace       used 115664K, committed 118016K, reserved 1179648K
  class space    used 12654K, committed 13760K, reserved 1048576K
}
Event: 51.310 GC heap after
{Heap after GC invocations=41 (full 0):
 garbage-first heap   total reserved 2097152K, committed 191488K, used 117203K [0x0000000080000000, 0x0000000100000000)
  region size 1024K, 5 young (5120K), 5 survivors (5120K)
 Metaspace       used 115664K, committed 118016K, reserved 1179648K
  class space    used 12654K, committed 13760K, reserved 1048576K
}
Event: 52.614 GC heap before
{Heap before GC invocations=41 (full 0):
 garbage-first heap   total reserved 2097152K, committed 191488K, used 173523K [0x0000000080000000, 0x0000000100000000)
  region size 1024K, 59 young (60416K), 5 survivors (5120K)
 Metaspace       used 119945K, committed 122304K, reserved 1179648K
  class space    used 12974K, committed 14080K, reserved 1048576K
}
Event: 52.625 GC heap after
{Heap after GC invocations=42 (full 0):
 garbage-first heap   total reserved 2097152K, committed 191488K, used 122410K [0x0000000080000000, 0x0000000100000000)
  region size 1024K, 5 young (5120K), 5 survivors (5120K)
 Metaspace       used 119945K, committed 122304K, reserved 1179648K
  class space    used 12974K, committed 14080K, reserved 1048576K
}
Event: 52.731 GC heap before
{Heap before GC invocations=42 (full 0):
 garbage-first heap   total reserved 2097152K, committed 191488K, used 128554K [0x0000000080000000, 0x0000000100000000)
  region size 1024K, 12 young (12288K), 5 survivors (5120K)
 Metaspace       used 120579K, committed 123008K, reserved 1179648K
  class space    used 13028K, committed 14144K, reserved 1048576K
}
Event: 52.737 GC heap after
{Heap after GC invocations=43 (full 0):
 garbage-first heap   total reserved 2097152K, committed 191488K, used 123582K [0x0000000080000000, 0x0000000100000000)
  region size 1024K, 1 young (1024K), 1 survivors (1024K)
 Metaspace       used 120579K, committed 123008K, reserved 1179648K
  class space    used 13028K, committed 14144K, reserved 1048576K
}
Event: 55.203 GC heap before
{Heap before GC invocations=44 (full 0):
 garbage-first heap   total reserved 2097152K, committed 209920K, used 179902K [0x0000000080000000, 0x0000000100000000)
  region size 1024K, 53 young (54272K), 1 survivors (1024K)
 Metaspace       used 125737K, committed 128320K, reserved 1179648K
  class space    used 13565K, committed 14784K, reserved 1048576K
}
Event: 55.212 GC heap after
{Heap after GC invocations=45 (full 0):
 garbage-first heap   total reserved 2097152K, committed 209920K, used 129564K [0x0000000080000000, 0x0000000100000000)
  region size 1024K, 5 young (5120K), 5 survivors (5120K)
 Metaspace       used 125737K, committed 128320K, reserved 1179648K
  class space    used 13565K, committed 14784K, reserved 1048576K
}
Event: 58.389 GC heap before
{Heap before GC invocations=45 (full 0):
 garbage-first heap   total reserved 2097152K, committed 209920K, used 196124K [0x0000000080000000, 0x0000000100000000)
  region size 1024K, 66 young (67584K), 5 survivors (5120K)
 Metaspace       used 129294K, committed 131840K, reserved 1179648K
  class space    used 13921K, committed 15104K, reserved 1048576K
}
Event: 58.403 GC heap after
{Heap after GC invocations=46 (full 0):
 garbage-first heap   total reserved 2097152K, committed 209920K, used 132402K [0x0000000080000000, 0x0000000100000000)
  region size 1024K, 9 young (9216K), 9 survivors (9216K)
 Metaspace       used 129294K, committed 131840K, reserved 1179648K
  class space    used 13921K, committed 15104K, reserved 1048576K
}
Event: 69.009 GC heap before
{Heap before GC invocations=46 (full 0):
 garbage-first heap   total reserved 2097152K, committed 209920K, used 164146K [0x0000000080000000, 0x0000000100000000)
  region size 1024K, 41 young (41984K), 9 survivors (9216K)
 Metaspace       used 130139K, committed 132672K, reserved 1179648K
  class space    used 14010K, committed 15232K, reserved 1048576K
}
Event: 69.313 GC heap after
{Heap after GC invocations=47 (full 0):
 garbage-first heap   total reserved 2097152K, committed 209920K, used 137893K [0x0000000080000000, 0x0000000100000000)
  region size 1024K, 5 young (5120K), 5 survivors (5120K)
 Metaspace       used 130139K, committed 132672K, reserved 1179648K
  class space    used 14010K, committed 15232K, reserved 1048576K
}

Dll operation events (15 events):
Event: 0.017 Loaded shared library C:\Program Files\Java\jdk-24\bin\java.dll
Event: 0.079 Loaded shared library C:\Program Files\Java\jdk-24\bin\jsvml.dll
Event: 0.173 Loaded shared library C:\Program Files\Java\jdk-24\bin\zip.dll
Event: 0.179 Loaded shared library C:\Program Files\Java\jdk-24\bin\instrument.dll
Event: 0.187 Loaded shared library C:\Program Files\Java\jdk-24\bin\net.dll
Event: 0.192 Loaded shared library C:\Program Files\Java\jdk-24\bin\nio.dll
Event: 0.196 Loaded shared library C:\Program Files\Java\jdk-24\bin\zip.dll
Event: 0.752 Loaded shared library C:\Program Files\Java\jdk-24\bin\jimage.dll
Event: 0.901 Loaded shared library C:\Program Files\Java\jdk-24\bin\verify.dll
Event: 1.184 Loaded shared library C:\Users\User\.gradle\native\c067742578af261105cb4f569cf0c3c89f3d7b1fecec35dd04571415982c5e48\windows-amd64\native-platform.dll
Event: 1.194 Loaded shared library C:\Users\User\.gradle\native\100fb08df4bc3b14c8652ba06237920a3bd2aa13389f12d3474272988ae205f9\windows-amd64\native-platform-file-events.dll
Event: 2.242 Loaded shared library C:\Program Files\Java\jdk-24\bin\management.dll
Event: 2.245 Loaded shared library C:\Program Files\Java\jdk-24\bin\management_ext.dll
Event: 2.432 Loaded shared library C:\Program Files\Java\jdk-24\bin\extnet.dll
Event: 2.547 Loaded shared library C:\Program Files\Java\jdk-24\bin\sunmscapi.dll

Deoptimization events (20 events):
Event: 66.296 Thread 0x0000022085916d30 Uncommon trap: trap_request=0xffffffc6 fr.pc=0x0000022031f8b8e8 relative=0x0000000000000588
Event: 66.296 Thread 0x0000022085916d30 Uncommon trap: reason=bimorphic_or_optimized_type_check action=maybe_recompile pc=0x0000022031f8b8e8 method=org.gradle.internal.snapshot.MediumChildMap.withNode(Lorg/gradle/internal/snapshot/VfsRelativePath;Lorg/gradle/internal/snapshot/CaseSensitivity;Lo
Event: 66.296 Thread 0x0000022085916d30 DEOPT PACKING pc=0x0000022031f8b8e8 sp=0x0000003f308f83b0
Event: 66.297 Thread 0x0000022085916d30 DEOPT UNPACKING pc=0x0000022031696702 sp=0x0000003f308f8338 mode 2
Event: 66.300 Thread 0x0000022085918320 Uncommon trap: trap_request=0xffffffbe fr.pc=0x0000022031d4f7f8 relative=0x0000000000000318
Event: 66.300 Thread 0x0000022085918320 Uncommon trap: reason=profile_predicate action=maybe_recompile pc=0x0000022031d4f7f8 method=java.util.Collections.indexedBinarySearch(Ljava/util/List;Ljava/lang/Object;)I @ 13 c2
Event: 66.300 Thread 0x0000022085918320 DEOPT PACKING pc=0x0000022031d4f7f8 sp=0x0000003f30cfcf00
Event: 66.300 Thread 0x0000022085918320 DEOPT UNPACKING pc=0x0000022031696702 sp=0x0000003f30cfce80 mode 2
Event: 69.621 Thread 0x0000022085916d30 Uncommon trap: trap_request=0xffffffbe fr.pc=0x0000022031c4cc2c relative=0x00000000000002ec
Event: 69.622 Thread 0x0000022085916d30 Uncommon trap: reason=profile_predicate action=maybe_recompile pc=0x0000022031c4cc2c method=java.util.regex.Pattern$BnM.optimize(Ljava/util/regex/Pattern$Node;)Ljava/util/regex/Pattern$Node; @ 67 c2
Event: 69.624 Thread 0x0000022085916d30 DEOPT PACKING pc=0x0000022031c4cc2c sp=0x0000003f308f5910
Event: 69.636 Thread 0x0000022085916d30 DEOPT UNPACKING pc=0x0000022031696702 sp=0x0000003f308f5898 mode 2
Event: 69.638 Thread 0x0000022085916d30 Uncommon trap: trap_request=0xffffffbe fr.pc=0x0000022031c4cc2c relative=0x00000000000002ec
Event: 69.638 Thread 0x0000022085916d30 Uncommon trap: reason=profile_predicate action=maybe_recompile pc=0x0000022031c4cc2c method=java.util.regex.Pattern$BnM.optimize(Ljava/util/regex/Pattern$Node;)Ljava/util/regex/Pattern$Node; @ 67 c2
Event: 69.638 Thread 0x0000022085916d30 DEOPT PACKING pc=0x0000022031c4cc2c sp=0x0000003f308f5910
Event: 69.638 Thread 0x0000022085916d30 DEOPT UNPACKING pc=0x0000022031696702 sp=0x0000003f308f5898 mode 2
Event: 69.638 Thread 0x0000022085916d30 Uncommon trap: trap_request=0xffffffbe fr.pc=0x0000022031c4cc2c relative=0x00000000000002ec
Event: 69.638 Thread 0x0000022085916d30 Uncommon trap: reason=profile_predicate action=maybe_recompile pc=0x0000022031c4cc2c method=java.util.regex.Pattern$BnM.optimize(Ljava/util/regex/Pattern$Node;)Ljava/util/regex/Pattern$Node; @ 67 c2
Event: 69.638 Thread 0x0000022085916d30 DEOPT PACKING pc=0x0000022031c4cc2c sp=0x0000003f308f5910
Event: 69.638 Thread 0x0000022085916d30 DEOPT UNPACKING pc=0x0000022031696702 sp=0x0000003f308f5898 mode 2

Classes loaded (20 events):
Event: 55.116 Loading class java/security/interfaces/DSAKey done
Event: 55.116 Loading class java/security/interfaces/DSAPublicKey done
Event: 55.116 Loading class sun/security/provider/DSAPublicKey done
Event: 55.116 Loading class sun/security/provider/DSAPublicKeyImpl done
Event: 55.149 Loading class sun/security/provider/DSA$SHA256withDSA
Event: 55.150 Loading class sun/security/provider/DSA
Event: 55.152 Loading class sun/security/provider/DSA done
Event: 55.152 Loading class sun/security/provider/DSA$SHA256withDSA done
Event: 55.154 Loading class java/security/interfaces/DSAPrivateKey
Event: 55.154 Loading class java/security/interfaces/DSAPrivateKey done
Event: 55.155 Loading class java/security/interfaces/DSAParams
Event: 55.155 Loading class java/security/interfaces/DSAParams done
Event: 55.155 Loading class java/security/spec/DSAParameterSpec
Event: 55.156 Loading class java/security/spec/DSAParameterSpec done
Event: 55.157 Loading class java/math/SignedMutableBigInteger
Event: 55.157 Loading class java/math/SignedMutableBigInteger done
Event: 55.342 Loading class java/security/KeyStore$ProtectionParameter
Event: 55.344 Loading class java/security/KeyStore$ProtectionParameter done
Event: 57.577 Loading class java/security/KeyStore
Event: 57.586 Loading class java/security/KeyStore done

Classes unloaded (0 events):
No events

Classes redefined (0 events):
No events

Internal exceptions (20 events):
Event: 46.922 Thread 0x0000022085916d30 Exception <a 'java/lang/ClassNotFoundException'{0x00000000891f8458}: groovy/lang/ReferenceCustomizer> (0x00000000891f8458) 
thrown [s\open\src\hotspot\share\classfile\systemDictionary.cpp, line 327]
Event: 47.068 Thread 0x0000022085916d30 Exception <a 'java/lang/NoSuchMethodError'{0x00000000890f3b28}: 'long java.lang.invoke.DirectMethodHandle$Holder.invokeVirtual(java.lang.Object, java.lang.Object)'> (0x00000000890f3b28) 
thrown [s\open\src\hotspot\share\interpreter\linkResolver.cpp, line 805]
Event: 47.086 Thread 0x0000022085917480 Exception <a 'java/lang/NoSuchMethodError'{0x0000000088f52750}: static Lorg/gradle/internal/build/event/types/DefaultProjectConfigurationSuccessResult;.<clinit>()V> (0x0000000088f52750) 
thrown [s\open\src\hotspot\share\prims\jni.cpp, line 1108]
Event: 47.087 Thread 0x0000022085917480 Exception <a 'java/lang/NoSuchMethodError'{0x0000000088f53800}: static Lorg/gradle/internal/build/event/types/AbstractProjectConfigurationResult;.<clinit>()V> (0x0000000088f53800) 
thrown [s\open\src\hotspot\share\prims\jni.cpp, line 1108]
Event: 47.089 Thread 0x0000022085917480 Exception <a 'java/lang/NoSuchMethodError'{0x0000000088f5ad90}: static Lorg/gradle/internal/build/event/types/DefaultPluginApplicationResult;.<clinit>()V> (0x0000000088f5ad90) 
thrown [s\open\src\hotspot\share\prims\jni.cpp, line 1108]
Event: 47.090 Thread 0x0000022085917480 Exception <a 'java/lang/NoSuchMethodError'{0x0000000088f62718}: static Lorg/gradle/internal/build/event/types/DefaultBinaryPluginIdentifier;.<clinit>()V> (0x0000000088f62718) 
thrown [s\open\src\hotspot\share\prims\jni.cpp, line 1108]
Event: 47.097 Thread 0x0000022085917480 Exception <a 'java/lang/NoSuchMethodError'{0x0000000088f72880}: static Lorg/gradle/internal/build/event/types/DefaultScriptPluginIdentifier;.<clinit>()V> (0x0000000088f72880) 
thrown [s\open\src\hotspot\share\prims\jni.cpp, line 1108]
Event: 47.271 Thread 0x0000022085916d30 Exception <a 'sun/nio/fs/WindowsException'{0x0000000088bb4c90}> (0x0000000088bb4c90) 
thrown [s\open\src\hotspot\share\prims\jni.cpp, line 518]
Event: 47.273 Thread 0x0000022085916d30 Exception <a 'sun/nio/fs/WindowsException'{0x0000000088bb6a40}> (0x0000000088bb6a40) 
thrown [s\open\src\hotspot\share\prims\jni.cpp, line 518]
Event: 49.521 Thread 0x0000022085916d30 Implicit null exception at 0x0000022031b751f0 to 0x0000022031b756fc
Event: 51.491 Thread 0x0000022085916d30 Exception <a 'sun/nio/fs/WindowsException'{0x000000008ace9ff0}> (0x000000008ace9ff0) 
thrown [s\open\src\hotspot\share\prims\jni.cpp, line 518]
Event: 51.492 Thread 0x0000022085916d30 Exception <a 'sun/nio/fs/WindowsException'{0x000000008aceb9b8}> (0x000000008aceb9b8) 
thrown [s\open\src\hotspot\share\prims\jni.cpp, line 518]
Event: 51.494 Thread 0x0000022085916d30 Exception <a 'sun/nio/fs/WindowsException'{0x000000008acf6138}> (0x000000008acf6138) 
thrown [s\open\src\hotspot\share\prims\jni.cpp, line 518]
Event: 51.496 Thread 0x0000022085916d30 Exception <a 'sun/nio/fs/WindowsException'{0x000000008acfe9a8}> (0x000000008acfe9a8) 
thrown [s\open\src\hotspot\share\prims\jni.cpp, line 518]
Event: 51.500 Thread 0x0000022085916d30 Exception <a 'sun/nio/fs/WindowsException'{0x000000008ab107a0}> (0x000000008ab107a0) 
thrown [s\open\src\hotspot\share\prims\jni.cpp, line 518]
Event: 51.532 Thread 0x0000022085916d30 Implicit null exception at 0x0000022031f392cd to 0x0000022031f39a64
Event: 52.267 Thread 0x0000022085916d30 Exception <a 'java/lang/NoSuchMethodError'{0x000000008897e128}: 'int java.lang.invoke.DirectMethodHandle$Holder.invokeSpecialIFC(java.lang.Object, java.lang.Object, java.lang.Object, java.lang.Object, java.lang.Object)'> (0x000000008897e128) 
thrown [s\open\src\hotspot\share\interpreter\linkResolver.cpp, line 805]
Event: 52.927 Thread 0x0000022085916d30 Exception <a 'java/lang/ClassNotFoundException'{0x000000008be6ae78}: sun/misc/SharedSecrets> (0x000000008be6ae78) 
thrown [s\open\src\hotspot\share\classfile\systemDictionary.cpp, line 327]
Event: 67.015 Thread 0x0000022085916d30 Exception <a 'sun/nio/fs/WindowsException'{0x000000008a5bd6e8}> (0x000000008a5bd6e8) 
thrown [s\open\src\hotspot\share\prims\jni.cpp, line 518]
Event: 67.097 Thread 0x0000022085916d30 Exception <a 'sun/nio/fs/WindowsException'{0x000000008a5bf1e8}> (0x000000008a5bf1e8) 
thrown [s\open\src\hotspot\share\prims\jni.cpp, line 518]

VM Operations (20 events):
Event: 52.737 Executing VM operation: G1TryInitiateConcMark (G1 Humongous Allocation) done
Event: 52.847 Executing VM operation: G1PauseRemark
Event: 52.859 Executing VM operation: G1PauseRemark done
Event: 52.896 Executing VM operation: G1PauseCleanup
Event: 52.899 Executing VM operation: G1PauseCleanup done
Event: 53.743 Executing VM operation: HandshakeAllThreads (Deoptimize)
Event: 53.744 Executing VM operation: HandshakeAllThreads (Deoptimize) done
Event: 53.893 Executing VM operation: HandshakeAllThreads (Deoptimize)
Event: 53.893 Executing VM operation: HandshakeAllThreads (Deoptimize) done
Event: 55.203 Executing VM operation: G1CollectForAllocation (G1 Evacuation Pause)
Event: 55.212 Executing VM operation: G1CollectForAllocation (G1 Evacuation Pause) done
Event: 58.389 Executing VM operation: G1CollectForAllocation (G1 Evacuation Pause)
Event: 58.403 Executing VM operation: G1CollectForAllocation (G1 Evacuation Pause) done
Event: 60.252 Executing VM operation: HandshakeAllThreads (HandshakeForDeflation)
Event: 60.252 Executing VM operation: HandshakeAllThreads (HandshakeForDeflation) done
Event: 60.266 Executing VM operation: RendezvousGCThreads
Event: 60.266 Executing VM operation: RendezvousGCThreads done
Event: 68.994 Executing VM operation: G1TryInitiateConcMark (G1 Humongous Allocation)
Event: 69.317 Executing VM operation: G1TryInitiateConcMark (G1 Humongous Allocation) done
Event: 71.557 Executing VM operation: G1PauseRemark

Memory protections (0 events):
No events

Nmethod flushes (20 events):
Event: 72.469 Thread 0x000002203eb160b0 flushing  nmethod 0x0000022032028188
Event: 72.469 Thread 0x000002203eb160b0 flushing  nmethod 0x000002202a2e5008
Event: 72.469 Thread 0x000002203eb160b0 flushing osr nmethod 0x000002202a6b3608
Event: 72.469 Thread 0x000002203eb160b0 flushing  nmethod 0x000002202a6dcd08
Event: 72.469 Thread 0x000002203eb160b0 flushing  nmethod 0x000002202a6dd708
Event: 72.469 Thread 0x000002203eb160b0 flushing  nmethod 0x000002202ab00688
Event: 72.469 Thread 0x000002203eb160b0 flushing  nmethod 0x000002202ae2b988
Event: 72.469 Thread 0x000002203eb160b0 flushing  nmethod 0x000002202ae2dc88
Event: 72.469 Thread 0x000002203eb160b0 flushing  nmethod 0x0000022031d1b308
Event: 72.470 Thread 0x000002203eb160b0 flushing  nmethod 0x0000022031d1b788
Event: 72.470 Thread 0x000002203eb160b0 flushing  nmethod 0x0000022031f99588
Event: 72.470 Thread 0x000002203eb160b0 flushing  nmethod 0x000002202a6e9c88
Event: 72.470 Thread 0x000002203eb160b0 flushing  nmethod 0x000002202a866b08
Event: 72.470 Thread 0x000002203eb160b0 flushing  nmethod 0x000002202a8d1408
Event: 72.470 Thread 0x000002203eb160b0 flushing  nmethod 0x000002202ab48d08
Event: 72.470 Thread 0x000002203eb160b0 flushing  nmethod 0x000002202ab50508
Event: 72.470 Thread 0x000002203eb160b0 flushing  nmethod 0x000002202ae17708
Event: 72.470 Thread 0x000002203eb160b0 flushing  nmethod 0x000002202ae1db08
Event: 72.470 Thread 0x000002203eb160b0 flushing  nmethod 0x000002202afd3d08
Event: 72.470 Thread 0x000002203eb160b0 flushing  nmethod 0x000002202b06d688

Events (20 events):
Event: 40.703 Thread 0x0000022085916d30 Thread added: 0x00000220874d67c0
Event: 40.710 Thread 0x0000022085916d30 Thread added: 0x00000220874d4330
Event: 40.713 Thread 0x0000022085916d30 Thread added: 0x00000220874d7660
Event: 40.716 Thread 0x0000022085916d30 Thread added: 0x00000220874d6070
Event: 43.556 Thread 0x0000022085916d30 Thread added: 0x00000220874d51d0
Event: 43.564 Thread 0x0000022085916d30 Thread added: 0x000002208813e180
Event: 43.566 Thread 0x0000022085916d30 Thread added: 0x00000220928270e0
Event: 43.568 Thread 0x0000022085916d30 Thread added: 0x0000022092826990
Event: 43.573 Thread 0x0000022085916d30 Thread added: 0x0000022092827f80
Event: 43.574 Thread 0x0000022085916d30 Thread added: 0x000002209282a410
Event: 43.576 Thread 0x0000022085916d30 Thread added: 0x0000022092829cc0
Event: 43.581 Thread 0x0000022085916d30 Thread added: 0x00000220928286d0
Event: 43.582 Thread 0x0000022085916d30 Thread added: 0x0000022092828e20
Event: 43.583 Thread 0x0000022085916d30 Thread added: 0x000002209282ab60
Event: 43.583 Thread 0x0000022085916d30 Thread added: 0x0000022092829570
Event: 54.356 Thread 0x0000022085916d30 Thread added: 0x000002209282c150
Event: 58.815 Thread 0x000002203eb428e0 Thread added: 0x0000022088ce41b0
Event: 59.058 Thread 0x0000022088ce41b0 Thread exited: 0x0000022088ce41b0
Event: 59.333 Thread 0x000002203eb3f0e0 Thread added: 0x0000022088ce1450
Event: 60.175 Thread 0x0000022088ce1450 Thread exited: 0x0000022088ce1450


Dynamic libraries:
0x00007ff61c9f0000 - 0x00007ff61ca00000 	C:\Program Files\Java\jdk-24\bin\java.exe
0x00007ff8fd220000 - 0x00007ff8fd487000 	C:\WINDOWS\SYSTEM32\ntdll.dll
0x00007ff8fafb0000 - 0x00007ff8fb079000 	C:\WINDOWS\System32\KERNEL32.DLL
0x00007ff8f9af0000 - 0x00007ff8f9ee4000 	C:\WINDOWS\System32\KERNELBASE.dll
0x00007ff8f9ef0000 - 0x00007ff8fa03b000 	C:\WINDOWS\System32\ucrtbase.dll
0x00007ff8f56c0000 - 0x00007ff8f56d6000 	C:\Program Files\Java\jdk-24\bin\jli.dll
0x00007ff8e72b0000 - 0x00007ff8e72cb000 	C:\Program Files\Java\jdk-24\bin\VCRUNTIME140.dll
0x00007ff8fb550000 - 0x00007ff8fb715000 	C:\WINDOWS\System32\USER32.dll
0x00007ff8e2c00000 - 0x00007ff8e2e93000 	C:\WINDOWS\WinSxS\amd64_microsoft.windows.common-controls_6595b64144ccf1df_6.0.26100.8115_none_3e075c82e3354f9c\COMCTL32.dll
0x00007ff8fa040000 - 0x00007ff8fa067000 	C:\WINDOWS\System32\win32u.dll
0x00007ff8fd070000 - 0x00007ff8fd119000 	C:\WINDOWS\System32\msvcrt.dll
0x00007ff8fcd60000 - 0x00007ff8fcd8b000 	C:\WINDOWS\System32\GDI32.dll
0x00007ff8fa350000 - 0x00007ff8fa47b000 	C:\WINDOWS\System32\gdi32full.dll
0x00007ff8fa1e0000 - 0x00007ff8fa283000 	C:\WINDOWS\System32\msvcp_win.dll
0x00007ff8fb080000 - 0x00007ff8fb0b2000 	C:\WINDOWS\System32\IMM32.DLL
0x00007ff8f5620000 - 0x00007ff8f562c000 	C:\Program Files\Java\jdk-24\bin\vcruntime140_1.dll
0x00007ff8cf030000 - 0x00007ff8cf0be000 	C:\Program Files\Java\jdk-24\bin\msvcp140.dll
0x00007ff890e10000 - 0x00007ff891bb2000 	C:\Program Files\Java\jdk-24\bin\server\jvm.dll
0x00007ff8fd120000 - 0x00007ff8fd1d6000 	C:\WINDOWS\System32\ADVAPI32.dll
0x00007ff8fcd90000 - 0x00007ff8fce37000 	C:\WINDOWS\System32\sechost.dll
0x00007ff8fcf50000 - 0x00007ff8fd068000 	C:\WINDOWS\System32\RPCRT4.dll
0x00007ff8fb0c0000 - 0x00007ff8fb140000 	C:\WINDOWS\System32\WS2_32.dll
0x00007ff8f9950000 - 0x00007ff8f99ae000 	C:\WINDOWS\SYSTEM32\POWRPROF.dll
0x00007ff8f0e80000 - 0x00007ff8f0e8b000 	C:\WINDOWS\SYSTEM32\VERSION.dll
0x00007ff8e2bc0000 - 0x00007ff8e2bf6000 	C:\WINDOWS\SYSTEM32\WINMM.dll
0x00007ff8f9930000 - 0x00007ff8f9944000 	C:\WINDOWS\SYSTEM32\UMPDC.dll
0x00007ff8f8880000 - 0x00007ff8f889b000 	C:\WINDOWS\SYSTEM32\kernel.appcore.dll
0x00007ff8f5580000 - 0x00007ff8f558a000 	C:\Program Files\Java\jdk-24\bin\jimage.dll
0x00007ff8cec20000 - 0x00007ff8cee62000 	C:\WINDOWS\SYSTEM32\DBGHELP.DLL
0x00007ff8fc300000 - 0x00007ff8fc682000 	C:\WINDOWS\System32\combase.dll
0x00007ff8fc220000 - 0x00007ff8fc2f8000 	C:\WINDOWS\System32\OLEAUT32.dll
0x00007ff8d70d0000 - 0x00007ff8d710b000 	C:\WINDOWS\SYSTEM32\dbgcore.DLL
0x00007ff8faf00000 - 0x00007ff8fafa5000 	C:\WINDOWS\System32\bcryptPrimitives.dll
0x00007ff8f35d0000 - 0x00007ff8f35df000 	C:\Program Files\Java\jdk-24\bin\instrument.dll
0x00007ff8e6a10000 - 0x00007ff8e6a2e000 	C:\Program Files\Java\jdk-24\bin\java.dll
0x00007ff8fc080000 - 0x00007ff8fc217000 	C:\WINDOWS\System32\ole32.dll
0x00007ff8fb790000 - 0x00007ff8fbef7000 	C:\WINDOWS\System32\SHELL32.dll
0x00007ff8fa070000 - 0x00007ff8fa1da000 	C:\WINDOWS\System32\wintypes.dll
0x00007ff8fa600000 - 0x00007ff8fae68000 	C:\WINDOWS\System32\windows.storage.dll
0x00007ff8fbf80000 - 0x00007ff8fc078000 	C:\WINDOWS\System32\SHCORE.dll
0x00007ff8fb720000 - 0x00007ff8fb786000 	C:\WINDOWS\System32\shlwapi.dll
0x00007ff8f9a10000 - 0x00007ff8f9a39000 	C:\WINDOWS\SYSTEM32\profapi.dll
0x00007ff8c1180000 - 0x00007ff8c1257000 	C:\Program Files\Java\jdk-24\bin\jsvml.dll
0x00007ff8daa40000 - 0x00007ff8daa57000 	C:\Program Files\Java\jdk-24\bin\zip.dll
0x00007ff8e6a00000 - 0x00007ff8e6a10000 	C:\Program Files\Java\jdk-24\bin\net.dll
0x00007ff8f8df0000 - 0x00007ff8f8e5c000 	C:\WINDOWS\system32\mswsock.dll
0x00007ff8da6a0000 - 0x00007ff8da6b6000 	C:\Program Files\Java\jdk-24\bin\nio.dll
0x00007ff8e28a0000 - 0x00007ff8e28b0000 	C:\Program Files\Java\jdk-24\bin\verify.dll
0x00007ff8469c0000 - 0x00007ff8469e7000 	C:\Users\User\.gradle\native\c067742578af261105cb4f569cf0c3c89f3d7b1fecec35dd04571415982c5e48\windows-amd64\native-platform.dll
0x00007ff844b50000 - 0x00007ff844c94000 	C:\Users\User\.gradle\native\100fb08df4bc3b14c8652ba06237920a3bd2aa13389f12d3474272988ae205f9\windows-amd64\native-platform-file-events.dll
0x00007ff8daa30000 - 0x00007ff8daa3a000 	C:\Program Files\Java\jdk-24\bin\management.dll
0x00007ff8da650000 - 0x00007ff8da65b000 	C:\Program Files\Java\jdk-24\bin\management_ext.dll
0x00007ff8fb150000 - 0x00007ff8fb158000 	C:\WINDOWS\System32\PSAPI.DLL
0x00007ff8f90d0000 - 0x00007ff8f90eb000 	C:\WINDOWS\SYSTEM32\CRYPTSP.dll
0x00007ff8f87e0000 - 0x00007ff8f8819000 	C:\WINDOWS\system32\rsaenh.dll
0x00007ff8f8ea0000 - 0x00007ff8f8ed3000 	C:\WINDOWS\SYSTEM32\USERENV.dll
0x00007ff8f99e0000 - 0x00007ff8f9a0a000 	C:\WINDOWS\SYSTEM32\bcrypt.dll
0x00007ff8f90f0000 - 0x00007ff8f90fc000 	C:\WINDOWS\SYSTEM32\CRYPTBASE.dll
0x00007ff8f8280000 - 0x00007ff8f82b2000 	C:\WINDOWS\SYSTEM32\IPHLPAPI.DLL
0x00007ff8fc690000 - 0x00007ff8fc69a000 	C:\WINDOWS\System32\NSI.dll
0x00007ff8d9d00000 - 0x00007ff8d9d09000 	C:\Program Files\Java\jdk-24\bin\extnet.dll
0x00007ff8d9cf0000 - 0x00007ff8d9cfe000 	C:\Program Files\Java\jdk-24\bin\sunmscapi.dll
0x00007ff8fa480000 - 0x00007ff8fa5f7000 	C:\WINDOWS\System32\CRYPT32.dll
0x00007ff8f92f0000 - 0x00007ff8f9320000 	C:\WINDOWS\SYSTEM32\ncrypt.dll
0x00007ff8f92a0000 - 0x00007ff8f92df000 	C:\WINDOWS\SYSTEM32\NTASN1.dll
0x00007ff8f5770000 - 0x00007ff8f5778000 	C:\WINDOWS\system32\wshunix.dll

JVMTI agents:
C:\Users\User\.gradle\wrapper\dists\gradle-8.11.1-bin\bpt9gzteqjrbo1mjrsomdt32c\gradle-8.11.1\lib\agents\gradle-instrumentation-agent-8.11.1.jar path:C:\Program Files\Java\jdk-24\bin\instrument.dll, loaded, initialized, instrumentlib options:none

dbghelp: loaded successfully - version: 4.0.5 - missing functions: none
symbol engine: initialized successfully - sym options: 0x614 - pdb path: .;C:\Program Files\Java\jdk-24\bin;C:\WINDOWS\SYSTEM32;C:\WINDOWS\WinSxS\amd64_microsoft.windows.common-controls_6595b64144ccf1df_6.0.26100.8115_none_3e075c82e3354f9c;C:\Program Files\Java\jdk-24\bin\server;C:\Users\User\.gradle\native\c067742578af261105cb4f569cf0c3c89f3d7b1fecec35dd04571415982c5e48\windows-amd64;C:\Users\User\.gradle\native\100fb08df4bc3b14c8652ba06237920a3bd2aa13389f12d3474272988ae205f9\windows-amd64

VM Arguments:
jvm_args: --add-opens=java.base/java.lang=ALL-UNNAMED --add-opens=java.base/java.lang.invoke=ALL-UNNAMED --add-opens=java.base/java.util=ALL-UNNAMED --add-opens=java.prefs/java.util.prefs=ALL-UNNAMED --add-exports=jdk.compiler/com.sun.tools.javac.api=ALL-UNNAMED --add-exports=jdk.compiler/com.sun.tools.javac.util=ALL-UNNAMED --add-opens=java.base/java.util=ALL-UNNAMED --add-opens=java.prefs/java.util.prefs=ALL-UNNAMED --add-opens=java.base/java.nio.charset=ALL-UNNAMED --add-opens=java.base/java.net=ALL-UNNAMED --add-opens=java.base/java.util.concurrent.atomic=ALL-UNNAMED --add-opens=java.xml/javax.xml.namespace=ALL-UNNAMED -Xmx2048m -Dfile.encoding=UTF-8 -Duser.country=US -Duser.language=en -Duser.variant -javaagent:C:\Users\User\.gradle\wrapper\dists\gradle-8.11.1-bin\bpt9gzteqjrbo1mjrsomdt32c\gradle-8.11.1\lib\agents\gradle-instrumentation-agent-8.11.1.jar 
java_command: org.gradle.launcher.daemon.bootstrap.GradleDaemon 8.11.1
java_class_path (initial): C:\Users\User\.gradle\wrapper\dists\gradle-8.11.1-bin\bpt9gzteqjrbo1mjrsomdt32c\gradle-8.11.1\lib\gradle-daemon-main-8.11.1.jar
Launcher Type: SUN_STANDARD

[Global flags]
     intx CICompilerCount                          = 4                                         {product} {ergonomic}
     uint ConcGCThreads                            = 3                                         {product} {ergonomic}
     uint G1ConcRefinementThreads                  = 10                                        {product} {ergonomic}
   size_t G1HeapRegionSize                         = 1048576                                   {product} {ergonomic}
   size_t InitialHeapSize                          = 132120576                                 {product} {ergonomic}
   size_t MarkStackSize                            = 4194304                                   {product} {ergonomic}
   size_t MarkStackSizeMax                         = 536870912                                 {product} {ergonomic}
   size_t MaxHeapSize                              = 2147483648                                {product} {command line}
   size_t MaxNewSize                               = 1287651328                                {product} {ergonomic}
   size_t MinHeapDeltaBytes                        = 1048576                                   {product} {ergonomic}
   size_t MinHeapSize                              = 8388608                                   {product} {ergonomic}
    uintx NonNMethodCodeHeapSize                   = 5832704                                {pd product} {ergonomic}
    uintx NonProfiledCodeHeapSize                  = 122945536                              {pd product} {ergonomic}
    uintx ProfiledCodeHeapSize                     = 122880000                              {pd product} {ergonomic}
    uintx ReservedCodeCacheSize                    = 251658240                              {pd product} {ergonomic}
     bool SegmentedCodeCache                       = true                                      {product} {ergonomic}
   size_t SoftMaxHeapSize                          = 2147483648                             {manageable} {ergonomic}
     bool UseCompressedOops                        = true                           {product lp64_product} {ergonomic}
     bool UseG1GC                                  = true                                      {product} {ergonomic}
     bool UseLargePagesIndividualAllocation        = false                                  {pd product} {ergonomic}

Logging:
Log output configuration:
 #0: stdout all=warning uptime,level,tags foldmultilines=false
 #1: stderr all=off uptime,level,tags foldmultilines=false

Environment Variables:
PATH=C:\Program Files\Common Files\Oracle\Java\javapath;C:\WINDOWS\system32;C:\WINDOWS;C:\WINDOWS\System32\Wbem;C:\WINDOWS\System32\WindowsPowerShell\v1.0\;C:\WINDOWS\System32\OpenSSH\;D:\flutter\bin\cache\dart-sdk\bin;C:\Program Files\Git\cmd;C:\Program Files\nodejs\;C:\Users\User\AppData\Local\Microsoft\WindowsApps;C:\Users\User\AppData\Local\Programs\Microsoft VS Code\bin;D:\flutter\bin;C:\Users\User\AppData\Roaming\npm;C:\Users\User\AppData\Local\Programs\cursor\resources\app\bin
USERNAME=User
OS=Windows_NT
PROCESSOR_IDENTIFIER=Intel64 Family 6 Model 165 Stepping 3, GenuineIntel
TMP=C:\Users\User\AppData\Local\Temp
TEMP=C:\Users\User\AppData\Local\Temp




Periodic native trim disabled

---------------  S Y S T E M  ---------------

OS:
 Windows 11 , 64 bit Build 26100 (10.0.26100.8246)
OS uptime: 0 days 0:47 hours

CPU: total 12 (initial active 12) (6 cores per cpu, 2 threads per core) family 6 model 165 stepping 3 microcode 0xf0, cx8, cmov, fxsr, ht, mmx, 3dnowpref, sse, sse2, sse3, ssse3, sse4.1, sse4.2, popcnt, lzcnt, tsc, tscinvbit, avx, avx2, aes, erms, clmul, bmi1, bmi2, adx, fma, vzeroupper, clflush, clflushopt, rdtscp, f16c
Processor Information for the first 12 processors :
  Max Mhz: 2904, Current Mhz: 2904, Mhz Limit: 2904

Memory: 4k page, system-wide physical 8030M (988M free)
TotalPageFile size 20865M (AvailPageFile size 0M)
current process WorkingSet (physical memory assigned to process): 169M, peak: 421M
current process commit charge ("private bytes"): 550M, peak: 576M

vm_info: Java HotSpot(TM) 64-Bit Server VM (24.0.1+9-30) for windows-amd64 JRE (24.0.1+9-30), built on 2025-03-05T07:23:45Z with MS VC++ 17.6 (VS2022)

END.
