#
# There is insufficient memory for the Java Runtime Environment to continue.
# Native memory allocation (malloc) failed to allocate 3763984 bytes. Error detail: Chunk::new
# Possible reasons:
#   The system is out of physical RAM or swap space
#   This process is running with CompressedOops enabled, and the Java Heap may be blocking the growth of the native heap
# Possible solutions:
#   Reduce memory load on the system
#   Increase physical memory or swap space
#   Check if swap backing store is full
#   Decrease Java heap size (-Xmx/-Xms)
#   Decrease number of Java threads
#   Decrease Java thread stack sizes (-Xss)
#   Set larger code cache with -XX:ReservedCodeCacheSize=
#   JVM is running with Unscaled Compressed Oops mode in which the Java heap is
#     placed in the first 4GB address space. The Java Heap base address is the
#     maximum limit for the native heap growth. Please use -XX:HeapBaseMinAddress
#     to set the Java Heap base and to place the Java Heap above 4GB virtual address.
# This output file may be truncated or incomplete.
#
#  Out of Memory Error (arena.cpp:162), pid=1840, tid=10140
#
# JRE version: Java(TM) SE Runtime Environment (24.0.1+9) (build 24.0.1+9-30)
# Java VM: Java HotSpot(TM) 64-Bit Server VM (24.0.1+9-30, mixed mode, sharing, tiered, compressed oops, compressed class ptrs, g1 gc, windows-amd64)
# No core dump will be written. Minidumps are not enabled by default on client versions of Windows
#

---------------  S U M M A R Y ------------

Command Line: --add-opens=java.base/java.lang=ALL-UNNAMED --add-opens=java.base/java.lang.invoke=ALL-UNNAMED --add-opens=java.base/java.util=ALL-UNNAMED --add-opens=java.prefs/java.util.prefs=ALL-UNNAMED --add-exports=jdk.compiler/com.sun.tools.javac.api=ALL-UNNAMED --add-exports=jdk.compiler/com.sun.tools.javac.util=ALL-UNNAMED --add-opens=java.base/java.util=ALL-UNNAMED --add-opens=java.prefs/java.util.prefs=ALL-UNNAMED --add-opens=java.base/java.nio.charset=ALL-UNNAMED --add-opens=java.base/java.net=ALL-UNNAMED --add-opens=java.base/java.util.concurrent.atomic=ALL-UNNAMED --add-opens=java.xml/javax.xml.namespace=ALL-UNNAMED -Xmx2048m -Dfile.encoding=UTF-8 -Duser.country=US -Duser.language=en -Duser.variant -javaagent:C:\Users\User\.gradle\wrapper\dists\gradle-8.11.1-bin\bpt9gzteqjrbo1mjrsomdt32c\gradle-8.11.1\lib\agents\gradle-instrumentation-agent-8.11.1.jar org.gradle.launcher.daemon.bootstrap.GradleDaemon 8.11.1

Host: Intel(R) Core(TM) i5-10400 CPU @ 2.90GHz, 12 cores, 7G,  Windows 11 , 64 bit Build 26100 (10.0.26100.8246)
Time: Fri May 15 10:47:15 2026 Bangladesh Standard Time elapsed time: 118.590841 seconds (0d 0h 1m 58s)

---------------  T H R E A D  ---------------

Current thread (0x0000014c49c78ca0):  JavaThread "C2 CompilerThread0" daemon [_thread_in_native, id=10140, stack(0x0000003a5cf00000,0x0000003a5d000000) (1024K)]


Current CompileTask:
C2:118591 15759       4       java.util.regex.Pattern::compile (537 bytes)

Stack: [0x0000003a5cf00000,0x0000003a5d000000]
Native frames: (J=compiled Java code, j=interpreted, Vv=VM code, C=native code)
V  [jvm.dll+0x730739]  (no source info available)
V  [jvm.dll+0x8d9b23]  (no source info available)
V  [jvm.dll+0x8dc00d]  (no source info available)
V  [jvm.dll+0x8dc683]  (no source info available)
V  [jvm.dll+0x2aa086]  (no source info available)
V  [jvm.dll+0xcedef]  (no source info available)
V  [jvm.dll+0xcf04f]  (no source info available)
V  [jvm.dll+0x154d83]  (no source info available)
V  [jvm.dll+0x735f5f]  (no source info available)
V  [jvm.dll+0x26fa1c]  (no source info available)
V  [jvm.dll+0x26ea3f]  (no source info available)
V  [jvm.dll+0x1e9d60]  (no source info available)
V  [jvm.dll+0x27e1fb]  (no source info available)
V  [jvm.dll+0x27c49a]  (no source info available)
V  [jvm.dll+0x42f456]  (no source info available)
V  [jvm.dll+0x87d76b]  (no source info available)
V  [jvm.dll+0x72ee55]  (no source info available)
C  [ucrtbase.dll+0x37b0]  (no source info available)
C  [KERNEL32.DLL+0x2e8d7]  (no source info available)
C  [ntdll.dll+0x8c3fc]  (no source info available)

Lock stack of current Java thread (top to bottom):


---------------  P R O C E S S  ---------------

Threads class SMR info:
_java_thread_list=0x0000014c939019e0, length=78, elements={
0x0000014c2c86f6a0, 0x0000014c49c5cf20, 0x0000014c49c5d660, 0x0000014c49c62100,
0x0000014c49c62c30, 0x0000014c49c642d0, 0x0000014c49c6de20, 0x0000014c49c78ca0,
0x0000014c8f008090, 0x0000014c8f1fbab0, 0x0000014c8f2599c0, 0x0000014c909f0ce0,
0x0000014c90bf4a90, 0x0000014c90c81090, 0x0000014c90ca9e20, 0x0000014c90ca2b60,
0x0000014c90b43430, 0x0000014c90b42ce0, 0x0000014c90b43b80, 0x0000014c90b442d0,
0x0000014c90b41e40, 0x0000014c90b44a20, 0x0000014c90b416f0, 0x0000014c90b42590,
0x0000014c91580cf0, 0x0000014c9157fe50, 0x0000014c915805a0, 0x0000014c9157e110,
0x0000014c9157d9c0, 0x0000014c91581440, 0x0000014c91581b90, 0x0000014c9157e860,
0x0000014c915822e0, 0x0000014c9157efb0, 0x0000014c91582a30, 0x0000014c91584020,
0x0000014c915838d0, 0x0000014c91b2bc40, 0x0000014c91b2f6c0, 0x0000014c91b2d980,
0x0000014c91b2e0d0, 0x0000014c91b2cae0, 0x0000014c91b30560, 0x0000014c91b2d230,
0x0000014c91b2e820, 0x0000014c91b322a0, 0x0000014c91b329f0, 0x0000014c91b33140,
0x0000014c920ea250, 0x0000014c920e9b00, 0x0000014c920ea9a0, 0x0000014c920eb0f0,
0x0000014c920eb840, 0x0000014c920e8510, 0x0000014c920ebf90, 0x0000014c920e8c60,
0x0000014c920e93b0, 0x0000014c920ef2c0, 0x0000014c920ee420, 0x0000014c920ece30,
0x0000014c920eeb70, 0x0000014c920edcd0, 0x0000014c920ec6e0, 0x0000014c920efa10,
0x0000014c920ed580, 0x0000014c917e9be0, 0x0000014c917ea330, 0x0000014c917eb1d0,
0x0000014c917e85f0, 0x0000014c917e8d40, 0x0000014c917eb920, 0x0000014c917e9490,
0x0000014c8f42eda0, 0x0000014c8f42fc40, 0x0000014c8f42df00, 0x0000014c8f42d7b0,
0x0000014c8f42f4f0, 0x0000014c8f42c910
}

Java Threads: ( => current thread )
  0x0000014c2c86f6a0 JavaThread "main"                              [_thread_blocked, id=9868, stack(0x0000003a5c100000,0x0000003a5c200000) (1024K)]
  0x0000014c49c5cf20 JavaThread "Reference Handler"          daemon [_thread_blocked, id=17184, stack(0x0000003a5c900000,0x0000003a5ca00000) (1024K)]
  0x0000014c49c5d660 JavaThread "Finalizer"                  daemon [_thread_blocked, id=10504, stack(0x0000003a5ca00000,0x0000003a5cb00000) (1024K)]
  0x0000014c49c62100 JavaThread "Signal Dispatcher"          daemon [_thread_blocked, id=10148, stack(0x0000003a5cb00000,0x0000003a5cc00000) (1024K)]
  0x0000014c49c62c30 JavaThread "Attach Listener"            daemon [_thread_blocked, id=11880, stack(0x0000003a5cc00000,0x0000003a5cd00000) (1024K)]
  0x0000014c49c642d0 JavaThread "Service Thread"             daemon [_thread_blocked, id=15928, stack(0x0000003a5cd00000,0x0000003a5ce00000) (1024K)]
  0x0000014c49c6de20 JavaThread "Monitor Deflation Thread"   daemon [_thread_blocked, id=10060, stack(0x0000003a5ce00000,0x0000003a5cf00000) (1024K)]
=>0x0000014c49c78ca0 JavaThread "C2 CompilerThread0"         daemon [_thread_in_native, id=10140, stack(0x0000003a5cf00000,0x0000003a5d000000) (1024K)]
  0x0000014c8f008090 JavaThread "C1 CompilerThread0"         daemon [_thread_blocked, id=15900, stack(0x0000003a5d000000,0x0000003a5d100000) (1024K)]
  0x0000014c8f1fbab0 JavaThread "Common-Cleaner"             daemon [_thread_blocked, id=9404, stack(0x0000003a5d100000,0x0000003a5d200000) (1024K)]
  0x0000014c8f2599c0 JavaThread "Notification Thread"        daemon [_thread_blocked, id=9956, stack(0x0000003a5d200000,0x0000003a5d300000) (1024K)]
  0x0000014c909f0ce0 JavaThread "Daemon health stats"               [_thread_blocked, id=11652, stack(0x0000003a5d500000,0x0000003a5d600000) (1024K)]
  0x0000014c90bf4a90 JavaThread "Incoming local TCP Connector on port 51094"        [_thread_in_native, id=5652, stack(0x0000003a5d600000,0x0000003a5d700000) (1024K)]
  0x0000014c90c81090 JavaThread "Daemon periodic checks"            [_thread_blocked, id=17240, stack(0x0000003a5d700000,0x0000003a5d800000) (1024K)]
  0x0000014c90ca9e20 JavaThread "Daemon"                            [_thread_blocked, id=11660, stack(0x0000003a5d800000,0x0000003a5d900000) (1024K)]
  0x0000014c90ca2b60 JavaThread "Handler for socket connection from /127.0.0.1:51094 to /127.0.0.1:51095"        [_thread_in_native, id=5420, stack(0x0000003a5d900000,0x0000003a5da00000) (1024K)]
  0x0000014c90b43430 JavaThread "Cancel handler"                    [_thread_blocked, id=6560, stack(0x0000003a5da00000,0x0000003a5db00000) (1024K)]
  0x0000014c90b42ce0 JavaThread "Daemon worker"                     [_thread_in_vm, id=6396, stack(0x0000003a5db00000,0x0000003a5dc00000) (1024K)]
  0x0000014c90b43b80 JavaThread "Asynchronous log dispatcher for DefaultDaemonConnection: socket connection from /127.0.0.1:51094 to /127.0.0.1:51095"        [_thread_blocked, id=17716, stack(0x0000003a5dc00000,0x0000003a5dd00000) (1024K)]
  0x0000014c90b442d0 JavaThread "Stdin handler"                     [_thread_blocked, id=17092, stack(0x0000003a5dd00000,0x0000003a5de00000) (1024K)]
  0x0000014c90b41e40 JavaThread "Daemon client event forwarder"        [_thread_blocked, id=17792, stack(0x0000003a5de00000,0x0000003a5df00000) (1024K)]
  0x0000014c90b44a20 JavaThread "Cache worker for journal cache (C:\Users\User\.gradle\caches\journal-1)"        [_thread_blocked, id=11648, stack(0x0000003a5df00000,0x0000003a5e000000) (1024K)]
  0x0000014c90b416f0 JavaThread "File lock request listener"        [_thread_in_native, id=12024, stack(0x0000003a5e000000,0x0000003a5e100000) (1024K)]
  0x0000014c90b42590 JavaThread "Cache worker for file hash cache (C:\Users\User\.gradle\caches\8.11.1\fileHashes)"        [_thread_blocked, id=132, stack(0x0000003a5e100000,0x0000003a5e200000) (1024K)]
  0x0000014c91580cf0 JavaThread "Cache worker for file content cache (C:\Users\User\.gradle\caches\8.11.1\fileContent)"        [_thread_blocked, id=12356, stack(0x0000003a5ea00000,0x0000003a5eb00000) (1024K)]
  0x0000014c9157fe50 JavaThread "Cache worker for file hash cache (C:\Users\User\Desktop\BMITracker\.gradle\8.11.1\fileHashes)"        [_thread_blocked, id=13828, stack(0x0000003a5ed00000,0x0000003a5ee00000) (1024K)]
  0x0000014c915805a0 JavaThread "Cache worker for Build Output Cleanup Cache (C:\Users\User\Desktop\BMITracker\.gradle\buildOutputCleanup)"        [_thread_blocked, id=5704, stack(0x0000003a5ee00000,0x0000003a5ef00000) (1024K)]
  0x0000014c9157e110 JavaThread "File watcher server"        daemon [_thread_in_native, id=10444, stack(0x0000003a5ef00000,0x0000003a5f000000) (1024K)]
  0x0000014c9157d9c0 JavaThread "File watcher consumer"      daemon [_thread_blocked, id=7280, stack(0x0000003a5f000000,0x0000003a5f100000) (1024K)]
  0x0000014c91581440 JavaThread "jar transforms"                    [_thread_blocked, id=7876, stack(0x0000003a5f100000,0x0000003a5f200000) (1024K)]
  0x0000014c91581b90 JavaThread "jar transforms Thread 2"           [_thread_blocked, id=19228, stack(0x0000003a5f200000,0x0000003a5f300000) (1024K)]
  0x0000014c9157e860 JavaThread "jar transforms Thread 3"           [_thread_blocked, id=2764, stack(0x0000003a5f300000,0x0000003a5f400000) (1024K)]
  0x0000014c915822e0 JavaThread "Cache worker for checksums cache (C:\Users\User\Desktop\BMITracker\.gradle\8.11.1\checksums)"        [_thread_blocked, id=18952, stack(0x0000003a5f400000,0x0000003a5f500000) (1024K)]
  0x0000014c9157efb0 JavaThread "Cache worker for cache directory md-rule (C:\Users\User\.gradle\caches\8.11.1\md-rule)"        [_thread_blocked, id=3232, stack(0x0000003a5f500000,0x0000003a5f600000) (1024K)]
  0x0000014c91582a30 JavaThread "Cache worker for cache directory md-supplier (C:\Users\User\.gradle\caches\8.11.1\md-supplier)"        [_thread_blocked, id=7580, stack(0x0000003a5f600000,0x0000003a5f700000) (1024K)]
  0x0000014c91584020 JavaThread "jar transforms Thread 4"           [_thread_blocked, id=17708, stack(0x0000003a5f700000,0x0000003a5f800000) (1024K)]
  0x0000014c915838d0 JavaThread "jar transforms Thread 5"           [_thread_blocked, id=18452, stack(0x0000003a5f800000,0x0000003a5f900000) (1024K)]
  0x0000014c91b2bc40 JavaThread "jar transforms Thread 6"           [_thread_blocked, id=16836, stack(0x0000003a5f900000,0x0000003a5fa00000) (1024K)]
  0x0000014c91b2f6c0 JavaThread "jar transforms Thread 7"           [_thread_blocked, id=4460, stack(0x0000003a5fa00000,0x0000003a5fb00000) (1024K)]
  0x0000014c91b2d980 JavaThread "jar transforms Thread 8"           [_thread_blocked, id=18120, stack(0x0000003a5fb00000,0x0000003a5fc00000) (1024K)]
  0x0000014c91b2e0d0 JavaThread "jar transforms Thread 9"           [_thread_blocked, id=18268, stack(0x0000003a5fc00000,0x0000003a5fd00000) (1024K)]
  0x0000014c91b2cae0 JavaThread "jar transforms Thread 10"          [_thread_blocked, id=9264, stack(0x0000003a5fd00000,0x0000003a5fe00000) (1024K)]
  0x0000014c91b30560 JavaThread "jar transforms Thread 11"          [_thread_blocked, id=11884, stack(0x0000003a5fe00000,0x0000003a5ff00000) (1024K)]
  0x0000014c91b2d230 JavaThread "jar transforms Thread 12"          [_thread_blocked, id=14260, stack(0x0000003a5ff00000,0x0000003a60000000) (1024K)]
  0x0000014c91b2e820 JavaThread "Unconstrained build operations"        [_thread_blocked, id=13936, stack(0x0000003a5e900000,0x0000003a5ea00000) (1024K)]
  0x0000014c91b322a0 JavaThread "Unconstrained build operations Thread 2"        [_thread_blocked, id=15348, stack(0x0000003a60000000,0x0000003a60100000) (1024K)]
  0x0000014c91b329f0 JavaThread "Unconstrained build operations Thread 3"        [_thread_blocked, id=9496, stack(0x0000003a60100000,0x0000003a60200000) (1024K)]
  0x0000014c91b33140 JavaThread "Unconstrained build operations Thread 4"        [_thread_blocked, id=16596, stack(0x0000003a60200000,0x0000003a60300000) (1024K)]
  0x0000014c920ea250 JavaThread "Unconstrained build operations Thread 5"        [_thread_blocked, id=19064, stack(0x0000003a60300000,0x0000003a60400000) (1024K)]
  0x0000014c920e9b00 JavaThread "Unconstrained build operations Thread 6"        [_thread_blocked, id=6700, stack(0x0000003a60400000,0x0000003a60500000) (1024K)]
  0x0000014c920ea9a0 JavaThread "Unconstrained build operations Thread 7"        [_thread_blocked, id=14944, stack(0x0000003a60500000,0x0000003a60600000) (1024K)]
  0x0000014c920eb0f0 JavaThread "Unconstrained build operations Thread 8"        [_thread_blocked, id=7816, stack(0x0000003a60600000,0x0000003a60700000) (1024K)]
  0x0000014c920eb840 JavaThread "Unconstrained build operations Thread 9"        [_thread_blocked, id=7504, stack(0x0000003a60700000,0x0000003a60800000) (1024K)]
  0x0000014c920e8510 JavaThread "Unconstrained build operations Thread 10"        [_thread_blocked, id=8012, stack(0x0000003a60800000,0x0000003a60900000) (1024K)]
  0x0000014c920ebf90 JavaThread "Unconstrained build operations Thread 11"        [_thread_blocked, id=4404, stack(0x0000003a60900000,0x0000003a60a00000) (1024K)]
  0x0000014c920e8c60 JavaThread "Unconstrained build operations Thread 12"        [_thread_blocked, id=6800, stack(0x0000003a60a00000,0x0000003a60b00000) (1024K)]
  0x0000014c920e93b0 JavaThread "Unconstrained build operations Thread 13"        [_thread_blocked, id=6140, stack(0x0000003a60b00000,0x0000003a60c00000) (1024K)]
  0x0000014c920ef2c0 JavaThread "Unconstrained build operations Thread 14"        [_thread_blocked, id=11728, stack(0x0000003a60c00000,0x0000003a60d00000) (1024K)]
  0x0000014c920ee420 JavaThread "Unconstrained build operations Thread 15"        [_thread_blocked, id=4780, stack(0x0000003a60d00000,0x0000003a60e00000) (1024K)]
  0x0000014c920ece30 JavaThread "Unconstrained build operations Thread 16"        [_thread_blocked, id=13880, stack(0x0000003a60e00000,0x0000003a60f00000) (1024K)]
  0x0000014c920eeb70 JavaThread "Unconstrained build operations Thread 17"        [_thread_blocked, id=14580, stack(0x0000003a60f00000,0x0000003a61000000) (1024K)]
  0x0000014c920edcd0 JavaThread "Unconstrained build operations Thread 18"        [_thread_blocked, id=17116, stack(0x0000003a61000000,0x0000003a61100000) (1024K)]
  0x0000014c920ec6e0 JavaThread "Unconstrained build operations Thread 19"        [_thread_blocked, id=2228, stack(0x0000003a61100000,0x0000003a61200000) (1024K)]
  0x0000014c920efa10 JavaThread "Unconstrained build operations Thread 20"        [_thread_blocked, id=13408, stack(0x0000003a61200000,0x0000003a61300000) (1024K)]
  0x0000014c920ed580 JavaThread "Unconstrained build operations Thread 21"        [_thread_blocked, id=18672, stack(0x0000003a61300000,0x0000003a61400000) (1024K)]
  0x0000014c917e9be0 JavaThread "Unconstrained build operations Thread 22"        [_thread_blocked, id=15732, stack(0x0000003a61400000,0x0000003a61500000) (1024K)]
  0x0000014c917ea330 JavaThread "Unconstrained build operations Thread 23"        [_thread_blocked, id=18408, stack(0x0000003a61500000,0x0000003a61600000) (1024K)]
  0x0000014c917eb1d0 JavaThread "Unconstrained build operations Thread 24"        [_thread_blocked, id=4572, stack(0x0000003a61600000,0x0000003a61700000) (1024K)]
  0x0000014c917e85f0 JavaThread "Unconstrained build operations Thread 25"        [_thread_blocked, id=15808, stack(0x0000003a61700000,0x0000003a61800000) (1024K)]
  0x0000014c917e8d40 JavaThread "Unconstrained build operations Thread 26"        [_thread_blocked, id=15484, stack(0x0000003a61800000,0x0000003a61900000) (1024K)]
  0x0000014c917eb920 JavaThread "Unconstrained build operations Thread 27"        [_thread_blocked, id=12296, stack(0x0000003a61900000,0x0000003a61a00000) (1024K)]
  0x0000014c917e9490 JavaThread "Unconstrained build operations Thread 28"        [_thread_blocked, id=14308, stack(0x0000003a61a00000,0x0000003a61b00000) (1024K)]
  0x0000014c8f42eda0 JavaThread "Unconstrained build operations Thread 29"        [_thread_blocked, id=13956, stack(0x0000003a61b00000,0x0000003a61c00000) (1024K)]
  0x0000014c8f42fc40 JavaThread "Unconstrained build operations Thread 30"        [_thread_blocked, id=18836, stack(0x0000003a61c00000,0x0000003a61d00000) (1024K)]
  0x0000014c8f42df00 JavaThread "Unconstrained build operations Thread 31"        [_thread_blocked, id=4480, stack(0x0000003a61d00000,0x0000003a61e00000) (1024K)]
  0x0000014c8f42d7b0 JavaThread "Unconstrained build operations Thread 32"        [_thread_blocked, id=9876, stack(0x0000003a61e00000,0x0000003a61f00000) (1024K)]
  0x0000014c8f42f4f0 JavaThread "Unconstrained build operations Thread 33"        [_thread_blocked, id=4084, stack(0x0000003a61f00000,0x0000003a62000000) (1024K)]
  0x0000014c8f42c910 JavaThread "Memory manager"                    [_thread_blocked, id=8260, stack(0x0000003a62000000,0x0000003a62100000) (1024K)]
Total: 78

Other Threads:
  0x0000014c49c4bc30 VMThread "VM Thread"                           [id=17196, stack(0x0000003a5c800000,0x0000003a5c900000) (1024K)]
  0x0000014c49b06dc0 WatcherThread "VM Periodic Task Thread"        [id=5844, stack(0x0000003a5c700000,0x0000003a5c800000) (1024K)]
  0x0000014c2c8c8ae0 WorkerThread "GC Thread#0"                     [id=9712, stack(0x0000003a5c200000,0x0000003a5c300000) (1024K)]
  0x0000014c9012acb0 WorkerThread "GC Thread#1"                     [id=17264, stack(0x0000003a5d300000,0x0000003a5d400000) (1024K)]
  0x0000014c9012b060 WorkerThread "GC Thread#2"                     [id=13388, stack(0x0000003a5d400000,0x0000003a5d500000) (1024K)]
  0x0000014c90fd3560 WorkerThread "GC Thread#3"                     [id=18096, stack(0x0000003a5e200000,0x0000003a5e300000) (1024K)]
  0x0000014c90fe99a0 WorkerThread "GC Thread#4"                     [id=12124, stack(0x0000003a5e300000,0x0000003a5e400000) (1024K)]
  0x0000014c913d1c50 WorkerThread "GC Thread#5"                     [id=7808, stack(0x0000003a5e400000,0x0000003a5e500000) (1024K)]
  0x0000014c913d23b0 WorkerThread "GC Thread#6"                     [id=4376, stack(0x0000003a5e500000,0x0000003a5e600000) (1024K)]
  0x0000014c913d2760 WorkerThread "GC Thread#7"                     [id=15704, stack(0x0000003a5e600000,0x0000003a5e700000) (1024K)]
  0x0000014c913d1140 WorkerThread "GC Thread#8"                     [id=16828, stack(0x0000003a5e700000,0x0000003a5e800000) (1024K)]
  0x0000014c913d2000 WorkerThread "GC Thread#9"                     [id=16160, stack(0x0000003a5e800000,0x0000003a5e900000) (1024K)]
  0x0000014c2c8df8a0 ConcurrentGCThread "G1 Main Marker"            [id=10124, stack(0x0000003a5c300000,0x0000003a5c400000) (1024K)]
  0x0000014c2c8e02c0 WorkerThread "G1 Conc#0"                       [id=9916, stack(0x0000003a5c400000,0x0000003a5c500000) (1024K)]
  0x0000014c913d14f0 WorkerThread "G1 Conc#1"                       [id=15960, stack(0x0000003a5eb00000,0x0000003a5ec00000) (1024K)]
  0x0000014c913d18a0 WorkerThread "G1 Conc#2"                       [id=14732, stack(0x0000003a5ec00000,0x0000003a5ed00000) (1024K)]
  0x0000014c2c92ea00 ConcurrentGCThread "G1 Refine#0"               [id=10172, stack(0x0000003a5c500000,0x0000003a5c600000) (1024K)]
  0x0000014c49af8700 ConcurrentGCThread "G1 Service"                [id=5876, stack(0x0000003a5c600000,0x0000003a5c700000) (1024K)]
Total: 18

Threads with active compile tasks:
C2 CompilerThread0  118815 15759       4       java.util.regex.Pattern::compile (537 bytes)
Total: 1

VM state: not at safepoint (normal execution)

VM Mutex/Monitor currently owned by a thread: None

Heap address: 0x0000000080000000, size: 2048 MB, Compressed Oops mode: 32-bit

CDS archive(s) mapped at: [0x0000014c4a000000-0x0000014c4ad40000-0x0000014c4ad40000), size 13893632, SharedBaseAddress: 0x0000014c4a000000, ArchiveRelocationMode: 1.
Compressed class space mapped at: 0x0000014c4b000000-0x0000014c8b000000, reserved size: 1073741824
UseCompressedClassPointers 1, UseCompactObjectHeaders 0
Narrow klass pointer bits 32, Max shift 3
Narrow klass base: 0x0000014c4a000000, Narrow klass shift: 0
Encoding Range: [0x0000014c4a000000 - 0x0000014d4a000000), (4294967296 bytes)
Klass Range:    [0x0000014c4a000000 - 0x0000014c8b000000), (1090519040 bytes)
Klass ID Range:  [8 - 1090519033) (1090519025)

GC Precious Log:
 CardTable entry size: 512
 Card Set container configuration: InlinePtr #cards 5 size 8 Array Of Cards #cards 10 size 36 Howl #buckets 4 coarsen threshold 1843 Howl Bitmap #cards 512 size 80 coarsen threshold 460 Card regions per heap region 1 cards per card region 2048
 CPUs: 12 total, 12 available
 Memory: 8030M
 Large Page Support: Disabled
 NUMA Support: Disabled
 Compressed Oops: Enabled (32-bit)
 Heap Region Size: 1M
 Heap Min Capacity: 8M
 Heap Initial Capacity: 126M
 Heap Max Capacity: 2G
 Pre-touch: Disabled
 Parallel Workers: 10
 Concurrent Workers: 3
 Concurrent Refinement Workers: 10
 Periodic GC: Disabled

Heap:
 garbage-first heap   total reserved 2097152K, committed 242688K, used 146783K [0x0000000080000000, 0x0000000100000000)
  region size 1024K, 6 young (6144K), 2 survivors (2048K)
 Metaspace       used 136422K, committed 139008K, reserved 1179648K
  class space    used 14600K, committed 15808K, reserved 1048576K

Heap Regions: E=young(eden), S=young(survivor), O=old, HS=humongous(starts), HC=humongous(continues), CS=collection set, F=free, TAMS=top-at-mark-start, PB=parsable bottom
|   0|0x0000000080000000, 0x0000000080100000, 0x0000000080100000|100%|HS|  |TAMS 0x0000000080000000| PB 0x0000000080000000| Complete |  0
|   1|0x0000000080100000, 0x0000000080200000, 0x0000000080200000|100%|HC|  |TAMS 0x0000000080100000| PB 0x0000000080100000| Complete |  0
|   2|0x0000000080200000, 0x0000000080300000, 0x0000000080300000|100%|HC|  |TAMS 0x0000000080200000| PB 0x0000000080200000| Complete |  0
|   3|0x0000000080300000, 0x0000000080400000, 0x0000000080400000|100%| O|  |TAMS 0x0000000080300000| PB 0x0000000080300000| Untracked |  0
|   4|0x0000000080400000, 0x0000000080500000, 0x0000000080500000|100%|HS|  |TAMS 0x0000000080400000| PB 0x0000000080400000| Complete |  0
|   5|0x0000000080500000, 0x0000000080600000, 0x0000000080600000|100%| O|  |TAMS 0x0000000080500000| PB 0x0000000080500000| Untracked |  0
|   6|0x0000000080600000, 0x0000000080700000, 0x0000000080700000|100%| O|  |TAMS 0x0000000080600000| PB 0x0000000080600000| Untracked |  0
|   7|0x0000000080700000, 0x0000000080800000, 0x0000000080800000|100%| O|  |TAMS 0x0000000080700000| PB 0x0000000080700000| Untracked |  0
|   8|0x0000000080800000, 0x0000000080900000, 0x0000000080900000|100%| O|  |TAMS 0x0000000080800000| PB 0x0000000080800000| Untracked |  0
|   9|0x0000000080900000, 0x0000000080a00000, 0x0000000080a00000|100%| O|  |TAMS 0x0000000080900000| PB 0x0000000080900000| Untracked |  0
|  10|0x0000000080a00000, 0x0000000080b00000, 0x0000000080b00000|100%| O|  |TAMS 0x0000000080a00000| PB 0x0000000080a00000| Untracked |  0
|  11|0x0000000080b00000, 0x0000000080c00000, 0x0000000080c00000|100%| O|  |TAMS 0x0000000080b00000| PB 0x0000000080b00000| Untracked |  0
|  12|0x0000000080c00000, 0x0000000080d00000, 0x0000000080d00000|100%| O|  |TAMS 0x0000000080c00000| PB 0x0000000080c00000| Untracked |  0
|  13|0x0000000080d00000, 0x0000000080e00000, 0x0000000080e00000|100%| O|  |TAMS 0x0000000080d00000| PB 0x0000000080d00000| Untracked |  0
|  14|0x0000000080e00000, 0x0000000080f00000, 0x0000000080f00000|100%| O|  |TAMS 0x0000000080e00000| PB 0x0000000080e00000| Untracked |  0
|  15|0x0000000080f00000, 0x0000000081000000, 0x0000000081000000|100%| O|  |TAMS 0x0000000080f00000| PB 0x0000000080f00000| Untracked |  0
|  16|0x0000000081000000, 0x0000000081100000, 0x0000000081100000|100%| O|  |TAMS 0x0000000081000000| PB 0x0000000081000000| Untracked |  0
|  17|0x0000000081100000, 0x0000000081200000, 0x0000000081200000|100%| O|  |TAMS 0x0000000081100000| PB 0x0000000081100000| Untracked |  0
|  18|0x0000000081200000, 0x0000000081300000, 0x0000000081300000|100%| O|  |TAMS 0x0000000081200000| PB 0x0000000081200000| Untracked |  0
|  19|0x0000000081300000, 0x0000000081400000, 0x0000000081400000|100%| O|  |TAMS 0x0000000081300000| PB 0x0000000081300000| Untracked |  0
|  20|0x0000000081400000, 0x0000000081500000, 0x0000000081500000|100%| O|  |TAMS 0x0000000081400000| PB 0x0000000081400000| Untracked |  0
|  21|0x0000000081500000, 0x0000000081600000, 0x0000000081600000|100%| O|  |TAMS 0x0000000081500000| PB 0x0000000081500000| Untracked |  0
|  22|0x0000000081600000, 0x0000000081700000, 0x0000000081700000|100%| O|  |TAMS 0x0000000081600000| PB 0x0000000081600000| Untracked |  0
|  23|0x0000000081700000, 0x0000000081800000, 0x0000000081800000|100%| O|  |TAMS 0x0000000081700000| PB 0x0000000081700000| Untracked |  0
|  24|0x0000000081800000, 0x0000000081900000, 0x0000000081900000|100%| O|  |TAMS 0x0000000081800000| PB 0x0000000081800000| Untracked |  0
|  25|0x0000000081900000, 0x0000000081a00000, 0x0000000081a00000|100%| O|  |TAMS 0x0000000081900000| PB 0x0000000081900000| Untracked |  0
|  26|0x0000000081a00000, 0x0000000081b00000, 0x0000000081b00000|100%| O|  |TAMS 0x0000000081a00000| PB 0x0000000081a00000| Untracked |  0
|  27|0x0000000081b00000, 0x0000000081c00000, 0x0000000081c00000|100%| O|  |TAMS 0x0000000081b00000| PB 0x0000000081b00000| Untracked |  0
|  28|0x0000000081c00000, 0x0000000081d00000, 0x0000000081d00000|100%| O|  |TAMS 0x0000000081c00000| PB 0x0000000081c00000| Untracked |  0
|  29|0x0000000081d00000, 0x0000000081e00000, 0x0000000081e00000|100%| O|  |TAMS 0x0000000081d00000| PB 0x0000000081d00000| Untracked |  0
|  30|0x0000000081e00000, 0x0000000081f00000, 0x0000000081f00000|100%| O|  |TAMS 0x0000000081e00000| PB 0x0000000081e00000| Untracked |  0
|  31|0x0000000081f00000, 0x0000000082000000, 0x0000000082000000|100%| O|Cm|TAMS 0x0000000081f00000| PB 0x0000000081f00000| Complete |  0
|  32|0x0000000082000000, 0x0000000082100000, 0x0000000082100000|100%| O|  |TAMS 0x0000000082000000| PB 0x0000000082000000| Untracked |  0
|  33|0x0000000082100000, 0x0000000082200000, 0x0000000082200000|100%| O|  |TAMS 0x0000000082100000| PB 0x0000000082100000| Untracked |  0
|  34|0x0000000082200000, 0x0000000082300000, 0x0000000082300000|100%| O|  |TAMS 0x0000000082200000| PB 0x0000000082200000| Untracked |  0
|  35|0x0000000082300000, 0x0000000082400000, 0x0000000082400000|100%| O|  |TAMS 0x0000000082300000| PB 0x0000000082300000| Untracked |  0
|  36|0x0000000082400000, 0x0000000082500000, 0x0000000082500000|100%| O|  |TAMS 0x0000000082400000| PB 0x0000000082400000| Untracked |  0
|  37|0x0000000082500000, 0x0000000082600000, 0x0000000082600000|100%| O|  |TAMS 0x0000000082500000| PB 0x0000000082500000| Untracked |  0
|  38|0x0000000082600000, 0x0000000082700000, 0x0000000082700000|100%| O|  |TAMS 0x0000000082600000| PB 0x0000000082600000| Untracked |  0
|  39|0x0000000082700000, 0x0000000082800000, 0x0000000082800000|100%| O|  |TAMS 0x0000000082700000| PB 0x0000000082700000| Untracked |  0
|  40|0x0000000082800000, 0x0000000082900000, 0x0000000082900000|100%| O|  |TAMS 0x0000000082800000| PB 0x0000000082800000| Untracked |  0
|  41|0x0000000082900000, 0x0000000082a00000, 0x0000000082a00000|100%| O|  |TAMS 0x0000000082900000| PB 0x0000000082900000| Untracked |  0
|  42|0x0000000082a00000, 0x0000000082b00000, 0x0000000082b00000|100%| O|  |TAMS 0x0000000082a00000| PB 0x0000000082a00000| Untracked |  0
|  43|0x0000000082b00000, 0x0000000082c00000, 0x0000000082c00000|100%| O|  |TAMS 0x0000000082b00000| PB 0x0000000082b00000| Untracked |  0
|  44|0x0000000082c00000, 0x0000000082d00000, 0x0000000082d00000|100%| O|  |TAMS 0x0000000082c00000| PB 0x0000000082c00000| Untracked |  0
|  45|0x0000000082d00000, 0x0000000082e00000, 0x0000000082e00000|100%|HS|  |TAMS 0x0000000082d00000| PB 0x0000000082d00000| Complete |  0
|  46|0x0000000082e00000, 0x0000000082f00000, 0x0000000082f00000|100%| O|  |TAMS 0x0000000082e00000| PB 0x0000000082e00000| Untracked |  0
|  47|0x0000000082f00000, 0x0000000083000000, 0x0000000083000000|100%|HS|  |TAMS 0x0000000082f00000| PB 0x0000000082f00000| Complete |  0
|  48|0x0000000083000000, 0x0000000083100000, 0x0000000083100000|100%|HS|  |TAMS 0x0000000083000000| PB 0x0000000083000000| Complete |  0
|  49|0x0000000083100000, 0x0000000083200000, 0x0000000083200000|100%|HS|  |TAMS 0x0000000083100000| PB 0x0000000083100000| Complete |  0
|  50|0x0000000083200000, 0x0000000083300000, 0x0000000083300000|100%|HS|  |TAMS 0x0000000083200000| PB 0x0000000083200000| Complete |  0
|  51|0x0000000083300000, 0x0000000083400000, 0x0000000083400000|100%| O|  |TAMS 0x0000000083300000| PB 0x0000000083300000| Untracked |  0
|  52|0x0000000083400000, 0x0000000083500000, 0x0000000083500000|100%| O|  |TAMS 0x0000000083400000| PB 0x0000000083400000| Untracked |  0
|  53|0x0000000083500000, 0x0000000083600000, 0x0000000083600000|100%| O|  |TAMS 0x0000000083500000| PB 0x0000000083500000| Untracked |  0
|  54|0x0000000083600000, 0x0000000083700000, 0x0000000083700000|100%| O|  |TAMS 0x0000000083600000| PB 0x0000000083600000| Untracked |  0
|  55|0x0000000083700000, 0x0000000083800000, 0x0000000083800000|100%| O|  |TAMS 0x0000000083700000| PB 0x0000000083700000| Untracked |  0
|  56|0x0000000083800000, 0x0000000083900000, 0x0000000083900000|100%|HS|  |TAMS 0x0000000083800000| PB 0x0000000083800000| Complete |  0
|  57|0x0000000083900000, 0x0000000083a00000, 0x0000000083a00000|100%| O|  |TAMS 0x0000000083900000| PB 0x0000000083900000| Untracked |  0
|  58|0x0000000083a00000, 0x0000000083b00000, 0x0000000083b00000|100%|HS|  |TAMS 0x0000000083a00000| PB 0x0000000083a00000| Complete |  0
|  59|0x0000000083b00000, 0x0000000083c00000, 0x0000000083c00000|100%| O|  |TAMS 0x0000000083b00000| PB 0x0000000083b00000| Untracked |  0
|  60|0x0000000083c00000, 0x0000000083d00000, 0x0000000083d00000|100%| O|  |TAMS 0x0000000083c00000| PB 0x0000000083c00000| Untracked |  0
|  61|0x0000000083d00000, 0x0000000083e00000, 0x0000000083e00000|100%| O|  |TAMS 0x0000000083d00000| PB 0x0000000083d00000| Untracked |  0
|  62|0x0000000083e00000, 0x0000000083f00000, 0x0000000083f00000|100%| O|  |TAMS 0x0000000083e00000| PB 0x0000000083e00000| Untracked |  0
|  63|0x0000000083f00000, 0x0000000084000000, 0x0000000084000000|100%| O|  |TAMS 0x0000000083f00000| PB 0x0000000083f00000| Untracked |  0
|  64|0x0000000084000000, 0x0000000084100000, 0x0000000084100000|100%| O|  |TAMS 0x0000000084000000| PB 0x0000000084000000| Untracked |  0
|  65|0x0000000084100000, 0x0000000084200000, 0x0000000084200000|100%| O|  |TAMS 0x0000000084100000| PB 0x0000000084100000| Untracked |  0
|  66|0x0000000084200000, 0x0000000084300000, 0x0000000084300000|100%| O|  |TAMS 0x0000000084200000| PB 0x0000000084200000| Untracked |  0
|  67|0x0000000084300000, 0x0000000084400000, 0x0000000084400000|100%| O|  |TAMS 0x0000000084300000| PB 0x0000000084300000| Untracked |  0
|  68|0x0000000084400000, 0x0000000084500000, 0x0000000084500000|100%| O|  |TAMS 0x0000000084400000| PB 0x0000000084400000| Untracked |  0
|  69|0x0000000084500000, 0x0000000084600000, 0x0000000084600000|100%| O|  |TAMS 0x0000000084500000| PB 0x0000000084500000| Untracked |  0
|  70|0x0000000084600000, 0x0000000084700000, 0x0000000084700000|100%| O|  |TAMS 0x0000000084600000| PB 0x0000000084600000| Untracked |  0
|  71|0x0000000084700000, 0x0000000084800000, 0x0000000084800000|100%| O|  |TAMS 0x0000000084700000| PB 0x0000000084700000| Untracked |  0
|  72|0x0000000084800000, 0x0000000084900000, 0x0000000084900000|100%| O|  |TAMS 0x0000000084800000| PB 0x0000000084800000| Untracked |  0
|  73|0x0000000084900000, 0x0000000084a00000, 0x0000000084a00000|100%| O|  |TAMS 0x0000000084900000| PB 0x0000000084900000| Untracked |  0
|  74|0x0000000084a00000, 0x0000000084b00000, 0x0000000084b00000|100%| O|  |TAMS 0x0000000084a00000| PB 0x0000000084a00000| Untracked |  0
|  75|0x0000000084b00000, 0x0000000084c00000, 0x0000000084c00000|100%| O|  |TAMS 0x0000000084b00000| PB 0x0000000084b00000| Untracked |  0
|  76|0x0000000084c00000, 0x0000000084d00000, 0x0000000084d00000|100%| O|  |TAMS 0x0000000084c00000| PB 0x0000000084c00000| Untracked |  0
|  77|0x0000000084d00000, 0x0000000084e00000, 0x0000000084e00000|100%| O|  |TAMS 0x0000000084d00000| PB 0x0000000084d00000| Untracked |  0
|  78|0x0000000084e00000, 0x0000000084f00000, 0x0000000084f00000|100%| O|  |TAMS 0x0000000084e00000| PB 0x0000000084e00000| Untracked |  0
|  79|0x0000000084f00000, 0x0000000085000000, 0x0000000085000000|100%|HS|  |TAMS 0x0000000084f00000| PB 0x0000000084f00000| Complete |  0
|  80|0x0000000085000000, 0x0000000085100000, 0x0000000085100000|100%| O|  |TAMS 0x0000000085000000| PB 0x0000000085000000| Untracked |  0
|  81|0x0000000085100000, 0x0000000085200000, 0x0000000085200000|100%| O|  |TAMS 0x0000000085100000| PB 0x0000000085100000| Untracked |  0
|  82|0x0000000085200000, 0x0000000085300000, 0x0000000085300000|100%| O|  |TAMS 0x0000000085200000| PB 0x0000000085200000| Untracked |  0
|  83|0x0000000085300000, 0x0000000085400000, 0x0000000085400000|100%| O|  |TAMS 0x0000000085300000| PB 0x0000000085300000| Untracked |  0
|  84|0x0000000085400000, 0x0000000085500000, 0x0000000085500000|100%| O|  |TAMS 0x0000000085400000| PB 0x0000000085400000| Untracked |  0
|  85|0x0000000085500000, 0x0000000085600000, 0x0000000085600000|100%| O|  |TAMS 0x0000000085500000| PB 0x0000000085500000| Untracked |  0
|  86|0x0000000085600000, 0x0000000085700000, 0x0000000085700000|100%| O|  |TAMS 0x0000000085600000| PB 0x0000000085600000| Untracked |  0
|  87|0x0000000085700000, 0x0000000085800000, 0x0000000085800000|100%| O|  |TAMS 0x0000000085700000| PB 0x0000000085700000| Untracked |  0
|  88|0x0000000085800000, 0x0000000085900000, 0x0000000085900000|100%| O|  |TAMS 0x0000000085800000| PB 0x0000000085800000| Untracked |  0
|  89|0x0000000085900000, 0x0000000085a00000, 0x0000000085a00000|100%| O|  |TAMS 0x0000000085900000| PB 0x0000000085900000| Untracked |  0
|  90|0x0000000085a00000, 0x0000000085b00000, 0x0000000085b00000|100%| O|  |TAMS 0x0000000085a00000| PB 0x0000000085a00000| Untracked |  0
|  91|0x0000000085b00000, 0x0000000085c00000, 0x0000000085c00000|100%| O|  |TAMS 0x0000000085b00000| PB 0x0000000085b00000| Untracked |  0
|  92|0x0000000085c00000, 0x0000000085d00000, 0x0000000085d00000|100%| O|  |TAMS 0x0000000085c00000| PB 0x0000000085c00000| Untracked |  0
|  93|0x0000000085d00000, 0x0000000085e00000, 0x0000000085e00000|100%| O|  |TAMS 0x0000000085d00000| PB 0x0000000085d00000| Untracked |  0
|  94|0x0000000085e00000, 0x0000000085f00000, 0x0000000085f00000|100%| O|  |TAMS 0x0000000085e00000| PB 0x0000000085e00000| Untracked |  0
|  95|0x0000000085f00000, 0x0000000086000000, 0x0000000086000000|100%| O|  |TAMS 0x0000000085f00000| PB 0x0000000085f00000| Untracked |  0
|  96|0x0000000086000000, 0x0000000086100000, 0x0000000086100000|100%| O|  |TAMS 0x0000000086000000| PB 0x0000000086000000| Untracked |  0
|  97|0x0000000086100000, 0x0000000086200000, 0x0000000086200000|100%| O|  |TAMS 0x0000000086100000| PB 0x0000000086100000| Untracked |  0
|  98|0x0000000086200000, 0x0000000086300000, 0x0000000086300000|100%| O|  |TAMS 0x0000000086200000| PB 0x0000000086200000| Untracked |  0
|  99|0x0000000086300000, 0x0000000086400000, 0x0000000086400000|100%| O|  |TAMS 0x0000000086300000| PB 0x0000000086300000| Untracked |  0
| 100|0x0000000086400000, 0x0000000086500000, 0x0000000086500000|100%|HS|  |TAMS 0x0000000086400000| PB 0x0000000086400000| Complete |  0
| 101|0x0000000086500000, 0x0000000086600000, 0x0000000086600000|100%|HC|  |TAMS 0x0000000086500000| PB 0x0000000086500000| Complete |  0
| 102|0x0000000086600000, 0x0000000086700000, 0x0000000086700000|100%|HC|  |TAMS 0x0000000086600000| PB 0x0000000086600000| Complete |  0
| 103|0x0000000086700000, 0x0000000086800000, 0x0000000086800000|100%|HC|  |TAMS 0x0000000086700000| PB 0x0000000086700000| Complete |  0
| 104|0x0000000086800000, 0x0000000086900000, 0x0000000086900000|100%|HC|  |TAMS 0x0000000086800000| PB 0x0000000086800000| Complete |  0
| 105|0x0000000086900000, 0x0000000086a00000, 0x0000000086a00000|100%|HC|  |TAMS 0x0000000086900000| PB 0x0000000086900000| Complete |  0
| 106|0x0000000086a00000, 0x0000000086b00000, 0x0000000086b00000|100%| O|  |TAMS 0x0000000086a00000| PB 0x0000000086a00000| Untracked |  0
| 107|0x0000000086b00000, 0x0000000086c00000, 0x0000000086c00000|100%| O|  |TAMS 0x0000000086b00000| PB 0x0000000086b00000| Untracked |  0
| 108|0x0000000086c00000, 0x0000000086d00000, 0x0000000086d00000|100%| O|  |TAMS 0x0000000086c00000| PB 0x0000000086c00000| Untracked |  0
| 109|0x0000000086d00000, 0x0000000086e00000, 0x0000000086e00000|100%| O|  |TAMS 0x0000000086d00000| PB 0x0000000086d00000| Untracked |  0
| 110|0x0000000086e00000, 0x0000000086f00000, 0x0000000086f00000|100%| O|  |TAMS 0x0000000086e00000| PB 0x0000000086e00000| Untracked |  0
| 111|0x0000000086f00000, 0x0000000087000000, 0x0000000087000000|100%| O|  |TAMS 0x0000000086f00000| PB 0x0000000086f00000| Untracked |  0
| 112|0x0000000087000000, 0x0000000087100000, 0x0000000087100000|100%| O|  |TAMS 0x0000000087000000| PB 0x0000000087000000| Untracked |  0
| 113|0x0000000087100000, 0x0000000087200000, 0x0000000087200000|100%| O|  |TAMS 0x0000000087100000| PB 0x0000000087100000| Untracked |  0
| 114|0x0000000087200000, 0x0000000087300000, 0x0000000087300000|100%| O|  |TAMS 0x0000000087200000| PB 0x0000000087200000| Untracked |  0
| 115|0x0000000087300000, 0x0000000087400000, 0x0000000087400000|100%| O|  |TAMS 0x0000000087300000| PB 0x0000000087300000| Untracked |  0
| 116|0x0000000087400000, 0x0000000087500000, 0x0000000087500000|100%| O|  |TAMS 0x0000000087400000| PB 0x0000000087400000| Untracked |  0
| 117|0x0000000087500000, 0x0000000087600000, 0x0000000087600000|100%| O|  |TAMS 0x0000000087500000| PB 0x0000000087500000| Untracked |  0
| 118|0x0000000087600000, 0x0000000087700000, 0x0000000087700000|100%| O|  |TAMS 0x0000000087600000| PB 0x0000000087600000| Untracked |  0
| 119|0x0000000087700000, 0x0000000087800000, 0x0000000087800000|100%| O|  |TAMS 0x0000000087700000| PB 0x0000000087700000| Untracked |  0
| 120|0x0000000087800000, 0x0000000087900000, 0x0000000087900000|100%| O|Cm|TAMS 0x0000000087800000| PB 0x0000000087800000| Complete |  0
| 121|0x0000000087900000, 0x0000000087a00000, 0x0000000087a00000|100%| O|  |TAMS 0x0000000087900000| PB 0x0000000087900000| Untracked |  0
| 122|0x0000000087a00000, 0x0000000087b00000, 0x0000000087b00000|100%| O|  |TAMS 0x0000000087a00000| PB 0x0000000087a00000| Untracked |  0
| 123|0x0000000087b00000, 0x0000000087c00000, 0x0000000087c00000|100%| O|  |TAMS 0x0000000087b00000| PB 0x0000000087b00000| Untracked |  0
| 124|0x0000000087c00000, 0x0000000087d00000, 0x0000000087d00000|100%| O|Cm|TAMS 0x0000000087c00000| PB 0x0000000087c00000| Complete |  0
| 125|0x0000000087d00000, 0x0000000087e00000, 0x0000000087e00000|100%| O|  |TAMS 0x0000000087d00000| PB 0x0000000087d00000| Untracked |  0
| 126|0x0000000087e00000, 0x0000000087f00000, 0x0000000087f00000|100%| O|Cm|TAMS 0x0000000087e00000| PB 0x0000000087e00000| Complete |  0
| 127|0x0000000087f00000, 0x0000000088000000, 0x0000000088000000|100%| O|  |TAMS 0x0000000087f00000| PB 0x0000000087f00000| Untracked |  0
| 128|0x0000000088000000, 0x0000000088100000, 0x0000000088100000|100%| O|  |TAMS 0x0000000088000000| PB 0x0000000088000000| Untracked |  0
| 129|0x0000000088100000, 0x0000000088200000, 0x0000000088200000|100%| O|  |TAMS 0x0000000088100000| PB 0x0000000088100000| Untracked |  0
| 130|0x0000000088200000, 0x00000000882a5320, 0x0000000088300000| 64%| O|  |TAMS 0x0000000088200000| PB 0x0000000088200000| Untracked |  0
| 131|0x0000000088300000, 0x0000000088300000, 0x0000000088400000|  0%| F|  |TAMS 0x0000000088300000| PB 0x0000000088300000| Untracked |  0
| 132|0x0000000088400000, 0x0000000088400000, 0x0000000088500000|  0%| F|  |TAMS 0x0000000088400000| PB 0x0000000088400000| Untracked |  0
| 133|0x0000000088500000, 0x0000000088500000, 0x0000000088600000|  0%| F|  |TAMS 0x0000000088500000| PB 0x0000000088500000| Untracked |  0
| 134|0x0000000088600000, 0x0000000088600000, 0x0000000088700000|  0%| F|  |TAMS 0x0000000088600000| PB 0x0000000088600000| Untracked |  0
| 135|0x0000000088700000, 0x0000000088700000, 0x0000000088800000|  0%| F|  |TAMS 0x0000000088700000| PB 0x0000000088700000| Untracked |  0
| 136|0x0000000088800000, 0x0000000088800000, 0x0000000088900000|  0%| F|  |TAMS 0x0000000088800000| PB 0x0000000088800000| Untracked |  0
| 137|0x0000000088900000, 0x0000000088900000, 0x0000000088a00000|  0%| F|  |TAMS 0x0000000088900000| PB 0x0000000088900000| Untracked |  0
| 138|0x0000000088a00000, 0x0000000088a00000, 0x0000000088b00000|  0%| F|  |TAMS 0x0000000088a00000| PB 0x0000000088a00000| Untracked |  0
| 139|0x0000000088b00000, 0x0000000088b00000, 0x0000000088c00000|  0%| F|  |TAMS 0x0000000088b00000| PB 0x0000000088b00000| Untracked |  0
| 140|0x0000000088c00000, 0x0000000088c00000, 0x0000000088d00000|  0%| F|  |TAMS 0x0000000088c00000| PB 0x0000000088c00000| Untracked |  0
| 141|0x0000000088d00000, 0x0000000088d00000, 0x0000000088e00000|  0%| F|  |TAMS 0x0000000088d00000| PB 0x0000000088d00000| Untracked |  0
| 142|0x0000000088e00000, 0x0000000088e00000, 0x0000000088f00000|  0%| F|  |TAMS 0x0000000088e00000| PB 0x0000000088e00000| Untracked |  0
| 143|0x0000000088f00000, 0x0000000088f00000, 0x0000000089000000|  0%| F|  |TAMS 0x0000000088f00000| PB 0x0000000088f00000| Untracked |  0
| 144|0x0000000089000000, 0x0000000089000000, 0x0000000089100000|  0%| F|  |TAMS 0x0000000089000000| PB 0x0000000089000000| Untracked |  0
| 145|0x0000000089100000, 0x0000000089100000, 0x0000000089200000|  0%| F|  |TAMS 0x0000000089100000| PB 0x0000000089100000| Untracked |  0
| 146|0x0000000089200000, 0x0000000089200000, 0x0000000089300000|  0%| F|  |TAMS 0x0000000089200000| PB 0x0000000089200000| Untracked |  0
| 147|0x0000000089300000, 0x0000000089300000, 0x0000000089400000|  0%| F|  |TAMS 0x0000000089300000| PB 0x0000000089300000| Untracked |  0
| 148|0x0000000089400000, 0x0000000089400000, 0x0000000089500000|  0%| F|  |TAMS 0x0000000089400000| PB 0x0000000089400000| Untracked |  0
| 149|0x0000000089500000, 0x0000000089500000, 0x0000000089600000|  0%| F|  |TAMS 0x0000000089500000| PB 0x0000000089500000| Untracked |  0
| 150|0x0000000089600000, 0x0000000089600000, 0x0000000089700000|  0%| F|  |TAMS 0x0000000089600000| PB 0x0000000089600000| Untracked |  0
| 151|0x0000000089700000, 0x0000000089700000, 0x0000000089800000|  0%| F|  |TAMS 0x0000000089700000| PB 0x0000000089700000| Untracked |  0
| 152|0x0000000089800000, 0x0000000089800000, 0x0000000089900000|  0%| F|  |TAMS 0x0000000089800000| PB 0x0000000089800000| Untracked |  0
| 153|0x0000000089900000, 0x0000000089900000, 0x0000000089a00000|  0%| F|  |TAMS 0x0000000089900000| PB 0x0000000089900000| Untracked |  0
| 154|0x0000000089a00000, 0x0000000089a00000, 0x0000000089b00000|  0%| F|  |TAMS 0x0000000089a00000| PB 0x0000000089a00000| Untracked |  0
| 155|0x0000000089b00000, 0x0000000089b00000, 0x0000000089c00000|  0%| F|  |TAMS 0x0000000089b00000| PB 0x0000000089b00000| Untracked |  0
| 156|0x0000000089c00000, 0x0000000089c00000, 0x0000000089d00000|  0%| F|  |TAMS 0x0000000089c00000| PB 0x0000000089c00000| Untracked |  0
| 157|0x0000000089d00000, 0x0000000089d00000, 0x0000000089e00000|  0%| F|  |TAMS 0x0000000089d00000| PB 0x0000000089d00000| Untracked |  0
| 158|0x0000000089e00000, 0x0000000089e00000, 0x0000000089f00000|  0%| F|  |TAMS 0x0000000089e00000| PB 0x0000000089e00000| Untracked |  0
| 159|0x0000000089f00000, 0x0000000089f00000, 0x000000008a000000|  0%| F|  |TAMS 0x0000000089f00000| PB 0x0000000089f00000| Untracked |  0
| 160|0x000000008a000000, 0x000000008a000000, 0x000000008a100000|  0%| F|  |TAMS 0x000000008a000000| PB 0x000000008a000000| Untracked |  0
| 161|0x000000008a100000, 0x000000008a100000, 0x000000008a200000|  0%| F|  |TAMS 0x000000008a100000| PB 0x000000008a100000| Untracked |  0
| 162|0x000000008a200000, 0x000000008a200000, 0x000000008a300000|  0%| F|  |TAMS 0x000000008a200000| PB 0x000000008a200000| Untracked |  0
| 163|0x000000008a300000, 0x000000008a300000, 0x000000008a400000|  0%| F|  |TAMS 0x000000008a300000| PB 0x000000008a300000| Untracked |  0
| 164|0x000000008a400000, 0x000000008a400000, 0x000000008a500000|  0%| F|  |TAMS 0x000000008a400000| PB 0x000000008a400000| Untracked |  0
| 165|0x000000008a500000, 0x000000008a500000, 0x000000008a600000|  0%| F|  |TAMS 0x000000008a500000| PB 0x000000008a500000| Untracked |  0
| 166|0x000000008a600000, 0x000000008a600000, 0x000000008a700000|  0%| F|  |TAMS 0x000000008a600000| PB 0x000000008a600000| Untracked |  0
| 167|0x000000008a700000, 0x000000008a700000, 0x000000008a800000|  0%| F|  |TAMS 0x000000008a700000| PB 0x000000008a700000| Untracked |  0
| 168|0x000000008a800000, 0x000000008a800000, 0x000000008a900000|  0%| F|  |TAMS 0x000000008a800000| PB 0x000000008a800000| Untracked |  0
| 169|0x000000008a900000, 0x000000008a900000, 0x000000008aa00000|  0%| F|  |TAMS 0x000000008a900000| PB 0x000000008a900000| Untracked |  0
| 170|0x000000008aa00000, 0x000000008aa00000, 0x000000008ab00000|  0%| F|  |TAMS 0x000000008aa00000| PB 0x000000008aa00000| Untracked |  0
| 171|0x000000008ab00000, 0x000000008ab00000, 0x000000008ac00000|  0%| F|  |TAMS 0x000000008ab00000| PB 0x000000008ab00000| Untracked |  0
| 172|0x000000008ac00000, 0x000000008ac00000, 0x000000008ad00000|  0%| F|  |TAMS 0x000000008ac00000| PB 0x000000008ac00000| Untracked |  0
| 173|0x000000008ad00000, 0x000000008ad00000, 0x000000008ae00000|  0%| F|  |TAMS 0x000000008ad00000| PB 0x000000008ad00000| Untracked |  0
| 174|0x000000008ae00000, 0x000000008ae00000, 0x000000008af00000|  0%| F|  |TAMS 0x000000008ae00000| PB 0x000000008ae00000| Untracked |  0
| 175|0x000000008af00000, 0x000000008af00000, 0x000000008b000000|  0%| F|  |TAMS 0x000000008af00000| PB 0x000000008af00000| Untracked |  0
| 176|0x000000008b000000, 0x000000008b000000, 0x000000008b100000|  0%| F|  |TAMS 0x000000008b000000| PB 0x000000008b000000| Untracked |  0
| 177|0x000000008b100000, 0x000000008b100000, 0x000000008b200000|  0%| F|  |TAMS 0x000000008b100000| PB 0x000000008b100000| Untracked |  0
| 178|0x000000008b200000, 0x000000008b200000, 0x000000008b300000|  0%| F|  |TAMS 0x000000008b200000| PB 0x000000008b200000| Untracked |  0
| 179|0x000000008b300000, 0x000000008b300000, 0x000000008b400000|  0%| F|  |TAMS 0x000000008b300000| PB 0x000000008b300000| Untracked |  0
| 180|0x000000008b400000, 0x000000008b400000, 0x000000008b500000|  0%| F|  |TAMS 0x000000008b400000| PB 0x000000008b400000| Untracked |  0
| 181|0x000000008b500000, 0x000000008b500000, 0x000000008b600000|  0%| F|  |TAMS 0x000000008b500000| PB 0x000000008b500000| Untracked |  0
| 182|0x000000008b600000, 0x000000008b600000, 0x000000008b700000|  0%| F|  |TAMS 0x000000008b600000| PB 0x000000008b600000| Untracked |  0
| 183|0x000000008b700000, 0x000000008b700000, 0x000000008b800000|  0%| F|  |TAMS 0x000000008b700000| PB 0x000000008b700000| Untracked |  0
| 184|0x000000008b800000, 0x000000008b800000, 0x000000008b900000|  0%| F|  |TAMS 0x000000008b800000| PB 0x000000008b800000| Untracked |  0
| 185|0x000000008b900000, 0x000000008b900000, 0x000000008ba00000|  0%| F|  |TAMS 0x000000008b900000| PB 0x000000008b900000| Untracked |  0
| 186|0x000000008ba00000, 0x000000008ba00000, 0x000000008bb00000|  0%| F|  |TAMS 0x000000008ba00000| PB 0x000000008ba00000| Untracked |  0
| 187|0x000000008bb00000, 0x000000008bb00000, 0x000000008bc00000|  0%| F|  |TAMS 0x000000008bb00000| PB 0x000000008bb00000| Untracked |  0
| 188|0x000000008bc00000, 0x000000008bc00000, 0x000000008bd00000|  0%| F|  |TAMS 0x000000008bc00000| PB 0x000000008bc00000| Untracked |  0
| 189|0x000000008bd00000, 0x000000008bd00000, 0x000000008be00000|  0%| F|  |TAMS 0x000000008bd00000| PB 0x000000008bd00000| Untracked |  0
| 190|0x000000008be00000, 0x000000008be00000, 0x000000008bf00000|  0%| F|  |TAMS 0x000000008be00000| PB 0x000000008be00000| Untracked |  0
| 191|0x000000008bf00000, 0x000000008bf00000, 0x000000008c000000|  0%| F|  |TAMS 0x000000008bf00000| PB 0x000000008bf00000| Untracked |  0
| 192|0x000000008c000000, 0x000000008c000000, 0x000000008c100000|  0%| F|  |TAMS 0x000000008c000000| PB 0x000000008c000000| Untracked |  0
| 193|0x000000008c100000, 0x000000008c100000, 0x000000008c200000|  0%| F|  |TAMS 0x000000008c100000| PB 0x000000008c100000| Untracked |  0
| 194|0x000000008c200000, 0x000000008c200000, 0x000000008c300000|  0%| F|  |TAMS 0x000000008c200000| PB 0x000000008c200000| Untracked |  0
| 195|0x000000008c300000, 0x000000008c300000, 0x000000008c400000|  0%| F|  |TAMS 0x000000008c300000| PB 0x000000008c300000| Untracked |  0
| 196|0x000000008c400000, 0x000000008c400000, 0x000000008c500000|  0%| F|  |TAMS 0x000000008c400000| PB 0x000000008c400000| Untracked |  0
| 197|0x000000008c500000, 0x000000008c500000, 0x000000008c600000|  0%| F|  |TAMS 0x000000008c500000| PB 0x000000008c500000| Untracked |  0
| 198|0x000000008c600000, 0x000000008c600000, 0x000000008c700000|  0%| F|  |TAMS 0x000000008c600000| PB 0x000000008c600000| Untracked |  0
| 199|0x000000008c700000, 0x000000008c700000, 0x000000008c800000|  0%| F|  |TAMS 0x000000008c700000| PB 0x000000008c700000| Untracked |  0
| 200|0x000000008c800000, 0x000000008c800000, 0x000000008c900000|  0%| F|  |TAMS 0x000000008c800000| PB 0x000000008c800000| Untracked |  0
| 201|0x000000008c900000, 0x000000008c900000, 0x000000008ca00000|  0%| F|  |TAMS 0x000000008c900000| PB 0x000000008c900000| Untracked |  0
| 202|0x000000008ca00000, 0x000000008ca00000, 0x000000008cb00000|  0%| F|  |TAMS 0x000000008ca00000| PB 0x000000008ca00000| Untracked |  0
| 203|0x000000008cb00000, 0x000000008cb00000, 0x000000008cc00000|  0%| F|  |TAMS 0x000000008cb00000| PB 0x000000008cb00000| Untracked |  0
| 204|0x000000008cc00000, 0x000000008cc00000, 0x000000008cd00000|  0%| F|  |TAMS 0x000000008cc00000| PB 0x000000008cc00000| Untracked |  0
| 205|0x000000008cd00000, 0x000000008cd00000, 0x000000008ce00000|  0%| F|  |TAMS 0x000000008cd00000| PB 0x000000008cd00000| Untracked |  0
| 206|0x000000008ce00000, 0x000000008ce00000, 0x000000008cf00000|  0%| F|  |TAMS 0x000000008ce00000| PB 0x000000008ce00000| Untracked |  0
| 207|0x000000008cf00000, 0x000000008cf00000, 0x000000008d000000|  0%| F|  |TAMS 0x000000008cf00000| PB 0x000000008cf00000| Untracked |  0
| 208|0x000000008d000000, 0x000000008d000000, 0x000000008d100000|  0%| F|  |TAMS 0x000000008d000000| PB 0x000000008d000000| Untracked |  0
| 209|0x000000008d100000, 0x000000008d100000, 0x000000008d200000|  0%| F|  |TAMS 0x000000008d100000| PB 0x000000008d100000| Untracked |  0
| 210|0x000000008d200000, 0x000000008d200000, 0x000000008d300000|  0%| F|  |TAMS 0x000000008d200000| PB 0x000000008d200000| Untracked |  0
| 211|0x000000008d300000, 0x000000008d300000, 0x000000008d400000|  0%| F|  |TAMS 0x000000008d300000| PB 0x000000008d300000| Untracked |  0
| 212|0x000000008d400000, 0x000000008d400000, 0x000000008d500000|  0%| F|  |TAMS 0x000000008d400000| PB 0x000000008d400000| Untracked |  0
| 213|0x000000008d500000, 0x000000008d500000, 0x000000008d600000|  0%| F|  |TAMS 0x000000008d500000| PB 0x000000008d500000| Untracked |  0
| 214|0x000000008d600000, 0x000000008d600000, 0x000000008d700000|  0%| F|  |TAMS 0x000000008d600000| PB 0x000000008d600000| Untracked |  0
| 215|0x000000008d700000, 0x000000008d700000, 0x000000008d800000|  0%| F|  |TAMS 0x000000008d700000| PB 0x000000008d700000| Untracked |  0
| 216|0x000000008d800000, 0x000000008d800000, 0x000000008d900000|  0%| F|  |TAMS 0x000000008d800000| PB 0x000000008d800000| Untracked |  0
| 217|0x000000008d900000, 0x000000008d900000, 0x000000008da00000|  0%| F|  |TAMS 0x000000008d900000| PB 0x000000008d900000| Untracked |  0
| 218|0x000000008da00000, 0x000000008da00000, 0x000000008db00000|  0%| F|  |TAMS 0x000000008da00000| PB 0x000000008da00000| Untracked |  0
| 219|0x000000008db00000, 0x000000008db00000, 0x000000008dc00000|  0%| F|  |TAMS 0x000000008db00000| PB 0x000000008db00000| Untracked |  0
| 220|0x000000008dc00000, 0x000000008dc00000, 0x000000008dd00000|  0%| F|  |TAMS 0x000000008dc00000| PB 0x000000008dc00000| Untracked |  0
| 221|0x000000008dd00000, 0x000000008dd00000, 0x000000008de00000|  0%| F|  |TAMS 0x000000008dd00000| PB 0x000000008dd00000| Untracked |  0
| 222|0x000000008de00000, 0x000000008deb2a90, 0x000000008df00000| 69%| S|CS|TAMS 0x000000008de00000| PB 0x000000008de00000| Complete |  0
| 223|0x000000008df00000, 0x000000008e000000, 0x000000008e000000|100%| S|CS|TAMS 0x000000008df00000| PB 0x000000008df00000| Complete |  0
| 224|0x000000008e000000, 0x000000008e000000, 0x000000008e100000|  0%| F|  |TAMS 0x000000008e000000| PB 0x000000008e000000| Untracked |  0
| 225|0x000000008e100000, 0x000000008e1e57d8, 0x000000008e200000| 89%| E|  |TAMS 0x000000008e100000| PB 0x000000008e100000| Complete |  0
|2037|0x00000000ff500000, 0x00000000ff600000, 0x00000000ff600000|100%| O|  |TAMS 0x00000000ff500000| PB 0x00000000ff500000| Untracked |  0
|2038|0x00000000ff600000, 0x00000000ff700000, 0x00000000ff700000|100%| O|  |TAMS 0x00000000ff600000| PB 0x00000000ff600000| Untracked |  0
|2039|0x00000000ff700000, 0x00000000ff800000, 0x00000000ff800000|100%| E|CS|TAMS 0x00000000ff700000| PB 0x00000000ff700000| Complete |  0
|2040|0x00000000ff800000, 0x00000000ff900000, 0x00000000ff900000|100%| E|CS|TAMS 0x00000000ff800000| PB 0x00000000ff800000| Complete |  0
|2041|0x00000000ff900000, 0x00000000ffa00000, 0x00000000ffa00000|100%| O|  |TAMS 0x00000000ff900000| PB 0x00000000ff900000| Untracked |  0
|2042|0x00000000ffa00000, 0x00000000ffb00000, 0x00000000ffb00000|100%| O|  |TAMS 0x00000000ffa00000| PB 0x00000000ffa00000| Untracked |  0
|2043|0x00000000ffb00000, 0x00000000ffc00000, 0x00000000ffc00000|100%| O|  |TAMS 0x00000000ffb00000| PB 0x00000000ffb00000| Untracked |  0
|2044|0x00000000ffc00000, 0x00000000ffd00000, 0x00000000ffd00000|100%| O|  |TAMS 0x00000000ffc00000| PB 0x00000000ffc00000| Untracked |  0
|2045|0x00000000ffd00000, 0x00000000ffe00000, 0x00000000ffe00000|100%| O|  |TAMS 0x00000000ffd00000| PB 0x00000000ffd00000| Untracked |  0
|2046|0x00000000ffe00000, 0x00000000fff00000, 0x00000000fff00000|100%| O|  |TAMS 0x00000000ffe00000| PB 0x00000000ffe00000| Untracked |  0
|2047|0x00000000fff00000, 0x0000000100000000, 0x0000000100000000|100%| E|CS|TAMS 0x00000000fff00000| PB 0x00000000fff00000| Complete |  0

Card table byte_map: [0x0000014c44b70000,0x0000014c44f70000] _byte_map_base: 0x0000014c44770000

Marking Bits: (CMBitMap*) 0x0000014c2c8c9100
 Bits: [0x0000014c44f70000, 0x0000014c46f70000)

Polling page: 0x0000014c2aa40000

Metaspace:

Usage:
  Non-class:    118.98 MB used.
      Class:     14.26 MB used.
       Both:    133.24 MB used.

Virtual space:
  Non-class space:      128.00 MB reserved,     120.31 MB ( 94%) committed,  2 nodes.
      Class space:        1.00 GB reserved,      15.44 MB (  2%) committed,  1 nodes.
             Both:        1.12 GB reserved,     135.75 MB ( 12%) committed. 

Chunk freelists:
   Non-Class:  7.56 MB
       Class:  480.00 KB
        Both:  8.03 MB

MaxMetaspaceSize: unlimited
CompressedClassSpaceSize: 1.00 GB
Initial GC threshold: 21.00 MB
Current GC threshold: 225.62 MB
CDS: on
 - commit_granule_bytes: 65536.
 - commit_granule_words: 8192.
 - virtual_space_node_default_size: 8388608.
 - enlarge_chunks_in_place: 1.
UseCompressedClassPointers 1, UseCompactObjectHeaders 0
Narrow klass pointer bits 32, Max shift 3
Narrow klass base: 0x0000014c4a000000, Narrow klass shift: 0
Encoding Range: [0x0000014c4a000000 - 0x0000014d4a000000), (4294967296 bytes)
Klass Range:    [0x0000014c4a000000 - 0x0000014c8b000000), (1090519040 bytes)
Klass ID Range:  [8 - 1090519033) (1090519025)


Internal statistics:

num_allocs_failed_limit: 9.
num_arena_births: 4532.
num_arena_deaths: 0.
num_vsnodes_births: 3.
num_vsnodes_deaths: 0.
num_space_committed: 2171.
num_space_uncommitted: 0.
num_chunks_returned_to_freelist: 9.
num_chunks_taken_from_freelist: 10072.
num_chunk_merges: 3.
num_chunk_splits: 7126.
num_chunks_enlarged: 5044.
num_inconsistent_stats: 0.

CodeHeap 'non-profiled nmethods': size=120064Kb used=6169Kb max_used=6366Kb free=113894Kb
 bounds [0x0000014c3cbd0000, 0x0000014c3d210000, 0x0000014c44110000]
CodeHeap 'profiled nmethods': size=120000Kb used=22435Kb max_used=23757Kb free=97564Kb
 bounds [0x0000014c35110000, 0x0000014c36850000, 0x0000014c3c640000]
CodeHeap 'non-nmethods': size=5696Kb used=2906Kb max_used=2943Kb free=2789Kb
 bounds [0x0000014c3c640000, 0x0000014c3c930000, 0x0000014c3cbd0000]
CodeCache: size=245760Kb, used=31510Kb, max_used=33066Kb, free=214247Kb
 total_blobs=14423, nmethods=13243, adapters=1081, full_count=0
Compilation: enabled, stopped_count=0, restarted_count=0

Compilation events (20 events):
Event: 117.413 Thread 0x0000014c8f008090 15756       3       java.lang.invoke.DirectMethodHandle$Holder::invokeStatic (15 bytes)
Event: 117.413 Thread 0x0000014c8f008090 nmethod 15756 0x0000014c35783688 code [0x0000014c357837c0, 0x0000014c35783c48]
Event: 117.414 Thread 0x0000014c8f008090 15757   !   3       java.io.StringReader::read (30 bytes)
Event: 117.415 Thread 0x0000014c8f008090 nmethod 15757 0x0000014c3531bb88 code [0x0000014c3531bcc0, 0x0000014c3531c010]
Event: 117.415 Thread 0x0000014c8f008090 15758       3       java.io.Reader$2::read (268 bytes)
Event: 117.417 Thread 0x0000014c8f008090 nmethod 15758 0x0000014c361d9488 code [0x0000014c361d9700, 0x0000014c361dac78]
Event: 117.453 Thread 0x0000014c8f008090 15760       3       kotlin.jvm.internal.Intrinsics::checkParameterIsNotNull (9 bytes)
Event: 117.454 Thread 0x0000014c8f008090 nmethod 15760 0x0000014c353aeb08 code [0x0000014c353aec80, 0x0000014c353af1d0]
Event: 117.454 Thread 0x0000014c49c78ca0 nmethod 15754 0x0000014c3cec6808 code [0x0000014c3cec69e0, 0x0000014c3cec8030]
Event: 117.454 Thread 0x0000014c49c78ca0 15759       4       java.util.regex.Pattern::compile (537 bytes)
Event: 117.484 Thread 0x0000014c8f008090 15762       1       com.android.tools.build.jetifier.core.pom.PomDependency::getGroupId (5 bytes)
Event: 117.485 Thread 0x0000014c8f008090 nmethod 15762 0x0000014c3d020d88 code [0x0000014c3d020e80, 0x0000014c3d020f48]
Event: 117.485 Thread 0x0000014c8f008090 15763       1       com.android.tools.build.jetifier.core.pom.PomDependency::getArtifactId (5 bytes)
Event: 117.485 Thread 0x0000014c8f008090 nmethod 15763 0x0000014c3d021488 code [0x0000014c3d021580, 0x0000014c3d021648]
Event: 117.485 Thread 0x0000014c8f008090 15764       1       com.android.tools.build.jetifier.core.pom.PomDependency::getVersion (5 bytes)
Event: 117.485 Thread 0x0000014c8f008090 nmethod 15764 0x0000014c3cfb0908 code [0x0000014c3cfb0a00, 0x0000014c3cfb0ac8]
Event: 118.067 Thread 0x0000014c8f008090 15765       3       java.util.concurrent.ThreadPoolExecutor$Worker::unlock (7 bytes)
Event: 118.070 Thread 0x0000014c8f008090 nmethod 15765 0x0000014c3512bd88 code [0x0000014c3512bec0, 0x0000014c3512c2a0]
Event: 118.070 Thread 0x0000014c8f008090 15766       3       java.util.concurrent.ThreadPoolExecutor$Worker::tryRelease (12 bytes)
Event: 118.070 Thread 0x0000014c8f008090 nmethod 15766 0x0000014c354c6008 code [0x0000014c354c6120, 0x0000014c354c6390]

GC Heap History (20 events):
Event: 48.962 GC heap before
{Heap before GC invocations=34 (full 0):
 garbage-first heap   total reserved 2097152K, committed 196608K, used 154245K [0x0000000080000000, 0x0000000100000000)
  region size 1024K, 38 young (38912K), 2 survivors (2048K)
 Metaspace       used 96055K, committed 98240K, reserved 1179648K
  class space    used 10566K, committed 11584K, reserved 1048576K
}
Event: 48.975 GC heap after
{Heap after GC invocations=35 (full 0):
 garbage-first heap   total reserved 2097152K, committed 196608K, used 120547K [0x0000000080000000, 0x0000000100000000)
  region size 1024K, 5 young (5120K), 5 survivors (5120K)
 Metaspace       used 96055K, committed 98240K, reserved 1179648K
  class space    used 10566K, committed 11584K, reserved 1048576K
}
Event: 53.456 GC heap before
{Heap before GC invocations=35 (full 0):
 garbage-first heap   total reserved 2097152K, committed 196608K, used 167651K [0x0000000080000000, 0x0000000100000000)
  region size 1024K, 51 young (52224K), 5 survivors (5120K)
 Metaspace       used 101000K, committed 103488K, reserved 1179648K
  class space    used 11103K, committed 12288K, reserved 1048576K
}
Event: 53.475 GC heap after
{Heap after GC invocations=36 (full 0):
 garbage-first heap   total reserved 2097152K, committed 196608K, used 120585K [0x0000000080000000, 0x0000000100000000)
  region size 1024K, 6 young (6144K), 6 survivors (6144K)
 Metaspace       used 101000K, committed 103488K, reserved 1179648K
  class space    used 11103K, committed 12288K, reserved 1048576K
}
Event: 55.436 GC heap before
{Heap before GC invocations=36 (full 0):
 garbage-first heap   total reserved 2097152K, committed 196608K, used 167689K [0x0000000080000000, 0x0000000100000000)
  region size 1024K, 53 young (54272K), 6 survivors (6144K)
 Metaspace       used 106899K, committed 109376K, reserved 1179648K
  class space    used 11773K, committed 12928K, reserved 1048576K
}
Event: 55.455 GC heap after
{Heap after GC invocations=37 (full 0):
 garbage-first heap   total reserved 2097152K, committed 196608K, used 124206K [0x0000000080000000, 0x0000000100000000)
  region size 1024K, 6 young (6144K), 6 survivors (6144K)
 Metaspace       used 106899K, committed 109376K, reserved 1179648K
  class space    used 11773K, committed 12928K, reserved 1048576K
}
Event: 56.747 GC heap before
{Heap before GC invocations=38 (full 0):
 garbage-first heap   total reserved 2097152K, committed 209920K, used 175406K [0x0000000080000000, 0x0000000100000000)
  region size 1024K, 55 young (56320K), 6 survivors (6144K)
 Metaspace       used 109128K, committed 111616K, reserved 1179648K
  class space    used 12007K, committed 13184K, reserved 1048576K
}
Event: 56.760 GC heap after
{Heap after GC invocations=39 (full 0):
 garbage-first heap   total reserved 2097152K, committed 209920K, used 128000K [0x0000000080000000, 0x0000000100000000)
  region size 1024K, 7 young (7168K), 7 survivors (7168K)
 Metaspace       used 109128K, committed 111616K, reserved 1179648K
  class space    used 12007K, committed 13184K, reserved 1048576K
}
Event: 58.068 GC heap before
{Heap before GC invocations=39 (full 0):
 garbage-first heap   total reserved 2097152K, committed 209920K, used 186368K [0x0000000080000000, 0x0000000100000000)
  region size 1024K, 64 young (65536K), 7 survivors (7168K)
 Metaspace       used 111953K, committed 114432K, reserved 1179648K
  class space    used 12280K, committed 13440K, reserved 1048576K
}
Event: 58.129 GC heap after
{Heap after GC invocations=40 (full 0):
 garbage-first heap   total reserved 2097152K, committed 209920K, used 131620K [0x0000000080000000, 0x0000000100000000)
  region size 1024K, 8 young (8192K), 8 survivors (8192K)
 Metaspace       used 111953K, committed 114432K, reserved 1179648K
  class space    used 12280K, committed 13440K, reserved 1048576K
}
Event: 62.452 GC heap before
{Heap before GC invocations=40 (full 0):
 garbage-first heap   total reserved 2097152K, committed 209920K, used 188964K [0x0000000080000000, 0x0000000100000000)
  region size 1024K, 64 young (65536K), 8 survivors (8192K)
 Metaspace       used 118471K, committed 121088K, reserved 1179648K
  class space    used 12750K, committed 13952K, reserved 1048576K
}
Event: 62.511 GC heap after
{Heap after GC invocations=41 (full 0):
 garbage-first heap   total reserved 2097152K, committed 209920K, used 137575K [0x0000000080000000, 0x0000000100000000)
  region size 1024K, 6 young (6144K), 6 survivors (6144K)
 Metaspace       used 118471K, committed 121088K, reserved 1179648K
  class space    used 12750K, committed 13952K, reserved 1048576K
}
Event: 70.788 GC heap before
{Heap before GC invocations=42 (full 0):
 garbage-first heap   total reserved 2097152K, committed 232448K, used 188775K [0x0000000080000000, 0x0000000100000000)
  region size 1024K, 57 young (58368K), 6 survivors (6144K)
 Metaspace       used 126488K, committed 129088K, reserved 1179648K
  class space    used 13572K, committed 14784K, reserved 1048576K
}
Event: 71.307 GC heap after
{Heap after GC invocations=43 (full 0):
 garbage-first heap   total reserved 2097152K, committed 232448K, used 140543K [0x0000000080000000, 0x0000000100000000)
  region size 1024K, 3 young (3072K), 3 survivors (3072K)
 Metaspace       used 126488K, committed 129088K, reserved 1179648K
  class space    used 13572K, committed 14784K, reserved 1048576K
}
Event: 106.425 GC heap before
{Heap before GC invocations=43 (full 0):
 garbage-first heap   total reserved 2097152K, committed 232448K, used 208127K [0x0000000080000000, 0x0000000100000000)
  region size 1024K, 70 young (71680K), 3 survivors (3072K)
 Metaspace       used 134609K, committed 137216K, reserved 1179648K
  class space    used 14360K, committed 15552K, reserved 1048576K
}
Event: 107.300 GC heap after
{Heap after GC invocations=44 (full 0):
 garbage-first heap   total reserved 2097152K, committed 232448K, used 141908K [0x0000000080000000, 0x0000000100000000)
  region size 1024K, 5 young (5120K), 5 survivors (5120K)
 Metaspace       used 134609K, committed 137216K, reserved 1179648K
  class space    used 14360K, committed 15552K, reserved 1048576K
}
Event: 110.321 GC heap before
{Heap before GC invocations=44 (full 0):
 garbage-first heap   total reserved 2097152K, committed 232448K, used 155220K [0x0000000080000000, 0x0000000100000000)
  region size 1024K, 18 young (18432K), 5 survivors (5120K)
 Metaspace       used 135509K, committed 138112K, reserved 1179648K
  class space    used 14481K, committed 15680K, reserved 1048576K
}
Event: 111.755 GC heap after
{Heap after GC invocations=45 (full 0):
 garbage-first heap   total reserved 2097152K, committed 232448K, used 143079K [0x0000000080000000, 0x0000000100000000)
  region size 1024K, 2 young (2048K), 2 survivors (2048K)
 Metaspace       used 135509K, committed 138112K, reserved 1179648K
  class space    used 14481K, committed 15680K, reserved 1048576K
}
Event: 117.422 GC heap before
{Heap before GC invocations=46 (full 0):
 garbage-first heap   total reserved 2097152K, committed 242688K, used 153319K [0x0000000080000000, 0x0000000100000000)
  region size 1024K, 11 young (11264K), 2 survivors (2048K)
 Metaspace       used 136173K, committed 138752K, reserved 1179648K
  class space    used 14568K, committed 15744K, reserved 1048576K
}
Event: 117.437 GC heap after
{Heap after GC invocations=47 (full 0):
 garbage-first heap   total reserved 2097152K, committed 242688K, used 143711K [0x0000000080000000, 0x0000000100000000)
  region size 1024K, 2 young (2048K), 2 survivors (2048K)
 Metaspace       used 136173K, committed 138752K, reserved 1179648K
  class space    used 14568K, committed 15744K, reserved 1048576K
}

Dll operation events (15 events):
Event: 0.012 Loaded shared library C:\Program Files\Java\jdk-24\bin\java.dll
Event: 0.062 Loaded shared library C:\Program Files\Java\jdk-24\bin\jsvml.dll
Event: 0.115 Loaded shared library C:\Program Files\Java\jdk-24\bin\zip.dll
Event: 0.120 Loaded shared library C:\Program Files\Java\jdk-24\bin\instrument.dll
Event: 0.126 Loaded shared library C:\Program Files\Java\jdk-24\bin\net.dll
Event: 0.129 Loaded shared library C:\Program Files\Java\jdk-24\bin\nio.dll
Event: 0.134 Loaded shared library C:\Program Files\Java\jdk-24\bin\zip.dll
Event: 0.555 Loaded shared library C:\Program Files\Java\jdk-24\bin\jimage.dll
Event: 0.724 Loaded shared library C:\Program Files\Java\jdk-24\bin\verify.dll
Event: 0.937 Loaded shared library C:\Users\User\.gradle\native\c067742578af261105cb4f569cf0c3c89f3d7b1fecec35dd04571415982c5e48\windows-amd64\native-platform.dll
Event: 0.948 Loaded shared library C:\Users\User\.gradle\native\100fb08df4bc3b14c8652ba06237920a3bd2aa13389f12d3474272988ae205f9\windows-amd64\native-platform-file-events.dll
Event: 2.010 Loaded shared library C:\Program Files\Java\jdk-24\bin\management.dll
Event: 2.015 Loaded shared library C:\Program Files\Java\jdk-24\bin\management_ext.dll
Event: 2.291 Loaded shared library C:\Program Files\Java\jdk-24\bin\extnet.dll
Event: 2.499 Loaded shared library C:\Program Files\Java\jdk-24\bin\sunmscapi.dll

Deoptimization events (20 events):
Event: 115.324 Thread 0x0000014c90b42ce0 DEOPT PACKING pc=0x0000014c3cdad784 sp=0x0000003a5dbf5be0
Event: 115.325 Thread 0x0000014c90b42ce0 DEOPT UNPACKING pc=0x0000014c3c756e82 sp=0x0000003a5dbf5a58 mode 2
Event: 115.329 Thread 0x0000014c90b42ce0 Uncommon trap: trap_request=0xffffff4d fr.pc=0x0000014c3cd237b0 relative=0x0000000000000170
Event: 115.331 Thread 0x0000014c90b42ce0 Uncommon trap: reason=unstable_if action=reinterpret pc=0x0000014c3cd237b0 method=jdk.internal.classfile.impl.StackMapGenerator.detectFrames()V @ 42 c2
Event: 115.333 Thread 0x0000014c90b42ce0 DEOPT PACKING pc=0x0000014c3cd237b0 sp=0x0000003a5dbf5a10
Event: 115.333 Thread 0x0000014c90b42ce0 DEOPT UNPACKING pc=0x0000014c3c756e82 sp=0x0000003a5dbf5978 mode 2
Event: 115.338 Thread 0x0000014c90b42ce0 Uncommon trap: trap_request=0xffffff4d fr.pc=0x0000014c3cc82c74 relative=0x00000000000000d4
Event: 115.338 Thread 0x0000014c90b42ce0 Uncommon trap: reason=unstable_if action=reinterpret pc=0x0000014c3cc82c74 method=jdk.internal.classfile.impl.RawBytecodeHelper.next()Z @ 46 c2
Event: 115.338 Thread 0x0000014c90b42ce0 DEOPT PACKING pc=0x0000014c3cc82c74 sp=0x0000003a5dbf5960
Event: 115.338 Thread 0x0000014c90b42ce0 DEOPT UNPACKING pc=0x0000014c3c756e82 sp=0x0000003a5dbf58f0 mode 2
Event: 115.339 Thread 0x0000014c90b42ce0 Uncommon trap: trap_request=0xffffff4d fr.pc=0x0000014c3cd277b8 relative=0x0000000000001018
Event: 115.339 Thread 0x0000014c90b42ce0 Uncommon trap: reason=unstable_if action=reinterpret pc=0x0000014c3cd277b8 method=jdk.internal.classfile.impl.StackMapGenerator.processMethod()V @ 81 c2
Event: 115.339 Thread 0x0000014c90b42ce0 DEOPT PACKING pc=0x0000014c3cd277b8 sp=0x0000003a5dbf59e0
Event: 115.340 Thread 0x0000014c90b42ce0 DEOPT UNPACKING pc=0x0000014c3c756e82 sp=0x0000003a5dbf5988 mode 2
Event: 115.343 Thread 0x0000014c90b42ce0 Uncommon trap: trap_request=0xffffff4d fr.pc=0x0000014c3cf46e70 relative=0x0000000000001a30
Event: 115.343 Thread 0x0000014c90b42ce0 Uncommon trap: reason=unstable_if action=reinterpret pc=0x0000014c3cf46e70 method=jdk.internal.classfile.impl.StackMapGenerator.isAnyFrameDirty()Z @ 7 c2
Event: 115.343 Thread 0x0000014c90b42ce0 DEOPT PACKING pc=0x0000014c3cf46e70 sp=0x0000003a5dbf5a60
Event: 115.343 Thread 0x0000014c90b42ce0 DEOPT UNPACKING pc=0x0000014c3c756e82 sp=0x0000003a5dbf5800 mode 2
Event: 116.693 Thread 0x0000014c90b42ce0 DEOPT PACKING pc=0x0000014c3cfdee8c sp=0x0000003a5dbf5b20
Event: 116.696 Thread 0x0000014c90b42ce0 DEOPT UNPACKING pc=0x0000014c3c695722 sp=0x0000003a5dbf4fb0 mode 0

Classes loaded (20 events):
Event: 83.268 Loading class java/util/zip/ZipInputStream
Event: 83.270 Loading class java/util/zip/ZipInputStream done
Event: 83.918 Loading class java/io/CharArrayWriter
Event: 83.921 Loading class java/io/CharArrayWriter done
Event: 86.524 Loading class java/nio/file/StandardCopyOption
Event: 86.539 Loading class java/nio/file/StandardCopyOption done
Event: 86.553 Loading class sun/nio/fs/WindowsFileCopy
Event: 86.577 Loading class sun/nio/fs/WindowsFileCopy done
Event: 113.092 Loading class java/util/concurrent/atomic/AtomicIntegerArray
Event: 113.105 Loading class java/util/concurrent/atomic/AtomicIntegerArray done
Event: 113.187 Loading class java/util/Currency
Event: 113.247 Loading class java/util/Currency done
Event: 113.554 Loading class java/util/concurrent/atomic/AtomicLongArray
Event: 113.557 Loading class java/util/concurrent/atomic/AtomicLongArray done
Event: 115.205 Loading class java/io/Reader$2
Event: 115.221 Loading class java/io/Reader$2 done
Event: 116.961 Loading class sun/reflect/generics/repository/FieldRepository
Event: 116.975 Loading class sun/reflect/generics/repository/FieldRepository done
Event: 117.212 Loading class jdk/internal/vm/annotation/ForceInline
Event: 117.224 Loading class jdk/internal/vm/annotation/ForceInline done

Classes unloaded (0 events):
No events

Classes redefined (0 events):
No events

Internal exceptions (20 events):
Event: 75.596 Thread 0x0000014c90b42ce0 Exception <a 'java/lang/NoSuchMethodError'{0x000000008c7910f0}: 'java.lang.Object java.lang.invoke.DirectMethodHandle$Holder.invokeStatic(java.lang.Object, int, int)'> (0x000000008c7910f0) 
thrown [s\open\src\hotspot\share\interpreter\linkResolver.cpp, line 805]
Event: 79.822 Thread 0x0000014c90b42ce0 Exception <a 'java/lang/NoSuchMethodError'{0x000000008b933860}: 'void java.lang.invoke.DirectMethodHandle$Holder.invokeStaticInit(java.lang.Object, java.lang.Object, java.lang.Object, java.lang.Object, java.lang.Object, java.lang.Object, java.lang.Object, int)'> (0x000000008b933860) 
thrown [s\open\src\hotspot\share\interpreter\linkResolver.cpp, line 805]
Event: 81.375 Thread 0x0000014c90b42ce0 Exception <a 'sun/nio/fs/WindowsException'{0x000000008b77a698}> (0x000000008b77a698) 
thrown [s\open\src\hotspot\share\prims\jni.cpp, line 518]
Event: 81.445 Thread 0x0000014c90b42ce0 Exception <a 'sun/nio/fs/WindowsException'{0x000000008b77c0c8}> (0x000000008b77c0c8) 
thrown [s\open\src\hotspot\share\prims\jni.cpp, line 518]
Event: 82.748 Thread 0x0000014c90b42ce0 Exception <a 'sun/nio/fs/WindowsException'{0x000000008b6c2308}> (0x000000008b6c2308) 
thrown [s\open\src\hotspot\share\prims\jni.cpp, line 518]
Event: 82.841 Thread 0x0000014c90b42ce0 Exception <a 'sun/nio/fs/WindowsException'{0x000000008b6cc0a8}> (0x000000008b6cc0a8) 
thrown [s\open\src\hotspot\share\prims\jni.cpp, line 518]
Event: 82.909 Thread 0x0000014c90b42ce0 Exception <a 'sun/nio/fs/WindowsException'{0x000000008b6d5458}> (0x000000008b6d5458) 
thrown [s\open\src\hotspot\share\prims\jni.cpp, line 518]
Event: 82.983 Thread 0x0000014c90b42ce0 Exception <a 'sun/nio/fs/WindowsException'{0x000000008b6de128}> (0x000000008b6de128) 
thrown [s\open\src\hotspot\share\prims\jni.cpp, line 518]
Event: 83.005 Thread 0x0000014c90b42ce0 Exception <a 'sun/nio/fs/WindowsException'{0x000000008b6e6ea8}> (0x000000008b6e6ea8) 
thrown [s\open\src\hotspot\share\prims\jni.cpp, line 518]
Event: 83.184 Thread 0x0000014c90b42ce0 Exception <a 'sun/nio/fs/WindowsException'{0x000000008b6f0a38}> (0x000000008b6f0a38) 
thrown [s\open\src\hotspot\share\prims\jni.cpp, line 518]
Event: 83.210 Thread 0x0000014c90b42ce0 Exception <a 'sun/nio/fs/WindowsException'{0x000000008b5090f0}> (0x000000008b5090f0) 
thrown [s\open\src\hotspot\share\prims\jni.cpp, line 518]
Event: 83.239 Thread 0x0000014c90b42ce0 Exception <a 'sun/nio/fs/WindowsException'{0x000000008b512598}> (0x000000008b512598) 
thrown [s\open\src\hotspot\share\prims\jni.cpp, line 518]
Event: 83.277 Thread 0x0000014c90b42ce0 Exception <a 'sun/nio/fs/WindowsException'{0x000000008b5235a0}> (0x000000008b5235a0) 
thrown [s\open\src\hotspot\share\prims\jni.cpp, line 518]
Event: 95.461 Thread 0x0000014c90b42ce0 Exception <a 'java/lang/NoClassDefFoundError'{0x000000008afedc48}: org/jetbrains/kotlin/gradle/plugin/KotlinBaseApiPlugin> (0x000000008afedc48) 
thrown [s\open\src\hotspot\share\classfile\systemDictionary.cpp, line 316]
Event: 102.832 Thread 0x0000014c90b42ce0 Exception <a 'java/lang/NoClassDefFoundError'{0x000000008a2eee88}: org/jetbrains/kotlin/gradle/plugin/KotlinBasePluginWrapper> (0x000000008a2eee88) 
thrown [s\open\src\hotspot\share\classfile\systemDictionary.cpp, line 316]
Event: 108.057 Thread 0x0000014c90b42ce0 Exception <a 'java/lang/NoClassDefFoundError'{0x00000000fffadd30}: org/jetbrains/kotlin/gradle/plugin/KotlinBasePluginWrapper> (0x00000000fffadd30) 
thrown [s\open\src\hotspot\share\oops\constantPool.cpp, line 1048]
Event: 108.739 Thread 0x0000014c90b42ce0 Exception <a 'java/lang/NoClassDefFoundError'{0x000000008d651928}: org/jetbrains/kotlin/gradle/plugin/KotlinBasePluginWrapper> (0x000000008d651928) 
thrown [s\open\src\hotspot\share\oops\constantPool.cpp, line 1048]
Event: 109.160 Thread 0x0000014c90b42ce0 Exception <a 'java/lang/NoClassDefFoundError'{0x000000008d24e300}: org/jetbrains/kotlin/gradle/plugin/KotlinBasePluginWrapper> (0x000000008d24e300) 
thrown [s\open\src\hotspot\share\oops\constantPool.cpp, line 1048]
Event: 109.176 Thread 0x0000014c90b42ce0 Exception <a 'java/lang/NoClassDefFoundError'{0x000000008d26b7b0}: org/jetbrains/kotlin/gradle/plugin/KotlinBasePluginWrapper> (0x000000008d26b7b0) 
thrown [s\open\src\hotspot\share\oops\constantPool.cpp, line 1048]
Event: 117.330 Thread 0x0000014c90b42ce0 Exception <a 'java/lang/NoSuchMethodError'{0x000000008e1d4a70}: 'void java.lang.invoke.Invokers$Holder.invokeExact_MT(java.lang.Object, java.lang.Object, java.lang.Object, java.lang.Object)'> (0x000000008e1d4a70) 
thrown [s\open\src\hotspot\share\interpreter\linkResolver.cpp, line 805]

VM Operations (20 events):
Event: 79.287 Executing VM operation: HandshakeAllThreads (Deoptimize)
Event: 79.288 Executing VM operation: HandshakeAllThreads (Deoptimize) done
Event: 84.489 Executing VM operation: HandshakeAllThreads (Deoptimize)
Event: 84.490 Executing VM operation: HandshakeAllThreads (Deoptimize) done
Event: 85.303 Executing VM operation: HandshakeAllThreads (Deoptimize)
Event: 85.304 Executing VM operation: HandshakeAllThreads (Deoptimize) done
Event: 102.702 Executing VM operation: HandshakeAllThreads (Deoptimize)
Event: 102.706 Executing VM operation: HandshakeAllThreads (Deoptimize) done
Event: 106.412 Executing VM operation: G1CollectForAllocation (G1 Evacuation Pause)
Event: 107.307 Executing VM operation: G1CollectForAllocation (G1 Evacuation Pause) done
Event: 110.318 Executing VM operation: G1CollectForAllocation (G1 Evacuation Pause)
Event: 111.764 Executing VM operation: G1CollectForAllocation (G1 Evacuation Pause) done
Event: 115.510 Executing VM operation: G1PauseRemark
Event: 116.677 Executing VM operation: G1PauseRemark done
Event: 116.679 Executing VM operation: HandshakeAllThreads (Deoptimize)
Event: 116.682 Executing VM operation: HandshakeAllThreads (Deoptimize) done
Event: 116.960 Executing VM operation: G1PauseCleanup
Event: 116.961 Executing VM operation: G1PauseCleanup done
Event: 117.420 Executing VM operation: G1CollectForAllocation (G1 Evacuation Pause)
Event: 117.437 Executing VM operation: G1CollectForAllocation (G1 Evacuation Pause) done

Memory protections (0 events):
No events

Nmethod flushes (20 events):
Event: 116.538 Thread 0x0000014c49c4bc30 flushing  nmethod 0x0000014c3599f488
Event: 116.539 Thread 0x0000014c49c4bc30 flushing  nmethod 0x0000014c35a7c208
Event: 116.539 Thread 0x0000014c49c4bc30 flushing  nmethod 0x0000014c35faca88
Event: 116.540 Thread 0x0000014c49c4bc30 flushing  nmethod 0x0000014c35faed08
Event: 116.540 Thread 0x0000014c49c4bc30 flushing  nmethod 0x0000014c35faf508
Event: 116.540 Thread 0x0000014c49c4bc30 flushing  nmethod 0x0000014c35fb0008
Event: 116.540 Thread 0x0000014c49c4bc30 flushing  nmethod 0x0000014c35fb0808
Event: 116.540 Thread 0x0000014c49c4bc30 flushing  nmethod 0x0000014c35fb0d08
Event: 116.540 Thread 0x0000014c49c4bc30 flushing  nmethod 0x0000014c35fb1888
Event: 116.540 Thread 0x0000014c49c4bc30 flushing  nmethod 0x0000014c35fb2e08
Event: 116.541 Thread 0x0000014c49c4bc30 flushing  nmethod 0x0000014c35fb6f08
Event: 116.543 Thread 0x0000014c49c4bc30 flushing  nmethod 0x0000014c35fbcd08
Event: 116.543 Thread 0x0000014c49c4bc30 flushing  nmethod 0x0000014c360fe088
Event: 116.544 Thread 0x0000014c49c4bc30 flushing  nmethod 0x0000014c36103808
Event: 116.544 Thread 0x0000014c49c4bc30 flushing  nmethod 0x0000014c361b4188
Event: 116.544 Thread 0x0000014c49c4bc30 flushing  nmethod 0x0000014c36242988
Event: 116.544 Thread 0x0000014c49c4bc30 flushing  nmethod 0x0000014c362cf388
Event: 116.545 Thread 0x0000014c49c4bc30 flushing  nmethod 0x0000014c362d3688
Event: 116.545 Thread 0x0000014c49c4bc30 flushing  nmethod 0x0000014c362d7688
Event: 116.545 Thread 0x0000014c49c4bc30 flushing  nmethod 0x0000014c362d8608

Events (20 events):
Event: 16.651 Thread 0x0000014c90b42ce0 Thread added: 0x0000014c917ea330
Event: 16.654 Thread 0x0000014c90b42ce0 Thread added: 0x0000014c917eb1d0
Event: 16.657 Thread 0x0000014c90b42ce0 Thread added: 0x0000014c917e85f0
Event: 16.659 Thread 0x0000014c90b42ce0 Thread added: 0x0000014c917e8d40
Event: 16.663 Thread 0x0000014c90b42ce0 Thread added: 0x0000014c917eb920
Event: 16.667 Thread 0x0000014c90b42ce0 Thread added: 0x0000014c917e9490
Event: 16.669 Thread 0x0000014c90b42ce0 Thread added: 0x0000014c8f42eda0
Event: 16.671 Thread 0x0000014c90b42ce0 Thread added: 0x0000014c8f42fc40
Event: 16.672 Thread 0x0000014c90b42ce0 Thread added: 0x0000014c8f42df00
Event: 16.672 Thread 0x0000014c90b42ce0 Thread added: 0x0000014c8f42d7b0
Event: 16.673 Thread 0x0000014c90b42ce0 Thread added: 0x0000014c8f42f4f0
Event: 27.309 Thread 0x0000014c90b42ce0 Thread added: 0x0000014c8f42c910
Event: 28.635 Thread 0x0000014c8f008090 Thread added: 0x0000014c91d4fbe0
Event: 28.829 Thread 0x0000014c91d4fbe0 Thread exited: 0x0000014c91d4fbe0
Event: 29.360 Thread 0x0000014c8f008090 Thread added: 0x0000014c91d4fbe0
Event: 29.592 Thread 0x0000014c91d4fbe0 Thread exited: 0x0000014c91d4fbe0
Event: 29.713 Thread 0x0000014c8f008090 Thread added: 0x0000014c93a510d0
Event: 30.296 Thread 0x0000014c93a510d0 Thread exited: 0x0000014c93a510d0
Event: 57.543 Thread 0x0000014c8f008090 Thread added: 0x0000014c92b6be50
Event: 59.733 Thread 0x0000014c92b6be50 Thread exited: 0x0000014c92b6be50


Dynamic libraries:
0x00007ff71b7e0000 - 0x00007ff71b7f0000 	C:\Program Files\Java\jdk-24\bin\java.exe
0x00007ff8fd220000 - 0x00007ff8fd487000 	C:\WINDOWS\SYSTEM32\ntdll.dll
0x00007ff8fafb0000 - 0x00007ff8fb079000 	C:\WINDOWS\System32\KERNEL32.DLL
0x00007ff8f9af0000 - 0x00007ff8f9ee4000 	C:\WINDOWS\System32\KERNELBASE.dll
0x00007ff8f9ef0000 - 0x00007ff8fa03b000 	C:\WINDOWS\System32\ucrtbase.dll
0x00007ff8d9c10000 - 0x00007ff8d9c26000 	C:\Program Files\Java\jdk-24\bin\jli.dll
0x00007ff8da6a0000 - 0x00007ff8da6bb000 	C:\Program Files\Java\jdk-24\bin\VCRUNTIME140.dll
0x00007ff8fb550000 - 0x00007ff8fb715000 	C:\WINDOWS\System32\USER32.dll
0x00007ff8e2c00000 - 0x00007ff8e2e93000 	C:\WINDOWS\WinSxS\amd64_microsoft.windows.common-controls_6595b64144ccf1df_6.0.26100.8115_none_3e075c82e3354f9c\COMCTL32.dll
0x00007ff8fa040000 - 0x00007ff8fa067000 	C:\WINDOWS\System32\win32u.dll
0x00007ff8fd070000 - 0x00007ff8fd119000 	C:\WINDOWS\System32\msvcrt.dll
0x00007ff8fcd60000 - 0x00007ff8fcd8b000 	C:\WINDOWS\System32\GDI32.dll
0x00007ff8fa350000 - 0x00007ff8fa47b000 	C:\WINDOWS\System32\gdi32full.dll
0x00007ff8fa1e0000 - 0x00007ff8fa283000 	C:\WINDOWS\System32\msvcp_win.dll
0x00007ff8fb080000 - 0x00007ff8fb0b2000 	C:\WINDOWS\System32\IMM32.DLL
0x00007ff8f5580000 - 0x00007ff8f558c000 	C:\Program Files\Java\jdk-24\bin\vcruntime140_1.dll
0x00007ff8ca5b0000 - 0x00007ff8ca63e000 	C:\Program Files\Java\jdk-24\bin\msvcp140.dll
0x00007ff88c9d0000 - 0x00007ff88d772000 	C:\Program Files\Java\jdk-24\bin\server\jvm.dll
0x00007ff8fd120000 - 0x00007ff8fd1d6000 	C:\WINDOWS\System32\ADVAPI32.dll
0x00007ff8fcd90000 - 0x00007ff8fce37000 	C:\WINDOWS\System32\sechost.dll
0x00007ff8fcf50000 - 0x00007ff8fd068000 	C:\WINDOWS\System32\RPCRT4.dll
0x00007ff8fb0c0000 - 0x00007ff8fb140000 	C:\WINDOWS\System32\WS2_32.dll
0x00007ff8f9950000 - 0x00007ff8f99ae000 	C:\WINDOWS\SYSTEM32\POWRPROF.dll
0x00007ff8f0e80000 - 0x00007ff8f0e8b000 	C:\WINDOWS\SYSTEM32\VERSION.dll
0x00007ff8e2bc0000 - 0x00007ff8e2bf6000 	C:\WINDOWS\SYSTEM32\WINMM.dll
0x00007ff8f9930000 - 0x00007ff8f9944000 	C:\WINDOWS\SYSTEM32\UMPDC.dll
0x00007ff8f8880000 - 0x00007ff8f889b000 	C:\WINDOWS\SYSTEM32\kernel.appcore.dll
0x00007ff8f35d0000 - 0x00007ff8f35da000 	C:\Program Files\Java\jdk-24\bin\jimage.dll
0x00007ff8cec20000 - 0x00007ff8cee62000 	C:\WINDOWS\SYSTEM32\DBGHELP.DLL
0x00007ff8fc300000 - 0x00007ff8fc682000 	C:\WINDOWS\System32\combase.dll
0x00007ff8fc220000 - 0x00007ff8fc2f8000 	C:\WINDOWS\System32\OLEAUT32.dll
0x00007ff8d70d0000 - 0x00007ff8d710b000 	C:\WINDOWS\SYSTEM32\dbgcore.DLL
0x00007ff8faf00000 - 0x00007ff8fafa5000 	C:\WINDOWS\System32\bcryptPrimitives.dll
0x00007ff8f3030000 - 0x00007ff8f303f000 	C:\Program Files\Java\jdk-24\bin\instrument.dll
0x00007ff8d8bb0000 - 0x00007ff8d8bce000 	C:\Program Files\Java\jdk-24\bin\java.dll
0x00007ff8fc080000 - 0x00007ff8fc217000 	C:\WINDOWS\System32\ole32.dll
0x00007ff8fb790000 - 0x00007ff8fbef7000 	C:\WINDOWS\System32\SHELL32.dll
0x00007ff8fa070000 - 0x00007ff8fa1da000 	C:\WINDOWS\System32\wintypes.dll
0x00007ff8fa600000 - 0x00007ff8fae68000 	C:\WINDOWS\System32\windows.storage.dll
0x00007ff8fbf80000 - 0x00007ff8fc078000 	C:\WINDOWS\System32\SHCORE.dll
0x00007ff8fb720000 - 0x00007ff8fb786000 	C:\WINDOWS\System32\shlwapi.dll
0x00007ff8f9a10000 - 0x00007ff8f9a39000 	C:\WINDOWS\SYSTEM32\profapi.dll
0x00007ff8c1180000 - 0x00007ff8c1257000 	C:\Program Files\Java\jdk-24\bin\jsvml.dll
0x00007ff8d8900000 - 0x00007ff8d8917000 	C:\Program Files\Java\jdk-24\bin\zip.dll
0x00007ff8e72b0000 - 0x00007ff8e72c0000 	C:\Program Files\Java\jdk-24\bin\net.dll
0x00007ff8f8df0000 - 0x00007ff8f8e5c000 	C:\WINDOWS\system32\mswsock.dll
0x00007ff8d8800000 - 0x00007ff8d8816000 	C:\Program Files\Java\jdk-24\bin\nio.dll
0x00007ff8e28a0000 - 0x00007ff8e28b0000 	C:\Program Files\Java\jdk-24\bin\verify.dll
0x00007ff8469c0000 - 0x00007ff8469e7000 	C:\Users\User\.gradle\native\c067742578af261105cb4f569cf0c3c89f3d7b1fecec35dd04571415982c5e48\windows-amd64\native-platform.dll
0x00007ff844b50000 - 0x00007ff844c94000 	C:\Users\User\.gradle\native\100fb08df4bc3b14c8652ba06237920a3bd2aa13389f12d3474272988ae205f9\windows-amd64\native-platform-file-events.dll
0x00007ff8da650000 - 0x00007ff8da65a000 	C:\Program Files\Java\jdk-24\bin\management.dll
0x00007ff8d9c00000 - 0x00007ff8d9c0b000 	C:\Program Files\Java\jdk-24\bin\management_ext.dll
0x00007ff8fb150000 - 0x00007ff8fb158000 	C:\WINDOWS\System32\PSAPI.DLL
0x00007ff8f90d0000 - 0x00007ff8f90eb000 	C:\WINDOWS\SYSTEM32\CRYPTSP.dll
0x00007ff8f87e0000 - 0x00007ff8f8819000 	C:\WINDOWS\system32\rsaenh.dll
0x00007ff8f8ea0000 - 0x00007ff8f8ed3000 	C:\WINDOWS\SYSTEM32\USERENV.dll
0x00007ff8f99e0000 - 0x00007ff8f9a0a000 	C:\WINDOWS\SYSTEM32\bcrypt.dll
0x00007ff8f90f0000 - 0x00007ff8f90fc000 	C:\WINDOWS\SYSTEM32\CRYPTBASE.dll
0x00007ff8f8280000 - 0x00007ff8f82b2000 	C:\WINDOWS\SYSTEM32\IPHLPAPI.DLL
0x00007ff8fc690000 - 0x00007ff8fc69a000 	C:\WINDOWS\System32\NSI.dll
0x00007ff8d8e60000 - 0x00007ff8d8e69000 	C:\Program Files\Java\jdk-24\bin\extnet.dll
0x00007ff8d8e50000 - 0x00007ff8d8e5e000 	C:\Program Files\Java\jdk-24\bin\sunmscapi.dll
0x00007ff8fa480000 - 0x00007ff8fa5f7000 	C:\WINDOWS\System32\CRYPT32.dll
0x00007ff8f92f0000 - 0x00007ff8f9320000 	C:\WINDOWS\SYSTEM32\ncrypt.dll
0x00007ff8f92a0000 - 0x00007ff8f92df000 	C:\WINDOWS\SYSTEM32\NTASN1.dll
0x00007ff8f5770000 - 0x00007ff8f5778000 	C:\WINDOWS\system32\wshunix.dll

JVMTI agents:
C:\Users\User\.gradle\wrapper\dists\gradle-8.11.1-bin\bpt9gzteqjrbo1mjrsomdt32c\gradle-8.11.1\lib\agents\gradle-instrumentation-agent-8.11.1.jar path:C:\Program Files\Java\jdk-24\bin\instrument.dll, loaded, initialized, instrumentlib options:none

dbghelp: loaded successfully - version: 4.0.5 - missing functions: none
symbol engine: initialized successfully - sym options: 0x614 - pdb path: .;C:\Program Files\Java\jdk-24\bin;C:\WINDOWS\SYSTEM32;C:\WINDOWS\WinSxS\amd64_microsoft.windows.common-controls_6595b64144ccf1df_6.0.26100.8115_none_3e075c82e3354f9c;C:\Program Files\Java\jdk-24\bin\server;C:\Users\User\.gradle\native\c067742578af261105cb4f569cf0c3c89f3d7b1fecec35dd04571415982c5e48\windows-amd64;C:\Users\User\.gradle\native\100fb08df4bc3b14c8652ba06237920a3bd2aa13389f12d3474272988ae205f9\windows-amd64

VM Arguments:
jvm_args: --add-opens=java.base/java.lang=ALL-UNNAMED --add-opens=java.base/java.lang.invoke=ALL-UNNAMED --add-opens=java.base/java.util=ALL-UNNAMED --add-opens=java.prefs/java.util.prefs=ALL-UNNAMED --add-exports=jdk.compiler/com.sun.tools.javac.api=ALL-UNNAMED --add-exports=jdk.compiler/com.sun.tools.javac.util=ALL-UNNAMED --add-opens=java.base/java.util=ALL-UNNAMED --add-opens=java.prefs/java.util.prefs=ALL-UNNAMED --add-opens=java.base/java.nio.charset=ALL-UNNAMED --add-opens=java.base/java.net=ALL-UNNAMED --add-opens=java.base/java.util.concurrent.atomic=ALL-UNNAMED --add-opens=java.xml/javax.xml.namespace=ALL-UNNAMED -Xmx2048m -Dfile.encoding=UTF-8 -Duser.country=US -Duser.language=en -Duser.variant -javaagent:C:\Users\User\.gradle\wrapper\dists\gradle-8.11.1-bin\bpt9gzteqjrbo1mjrsomdt32c\gradle-8.11.1\lib\agents\gradle-instrumentation-agent-8.11.1.jar 
java_command: org.gradle.launcher.daemon.bootstrap.GradleDaemon 8.11.1
java_class_path (initial): C:\Users\User\.gradle\wrapper\dists\gradle-8.11.1-bin\bpt9gzteqjrbo1mjrsomdt32c\gradle-8.11.1\lib\gradle-daemon-main-8.11.1.jar
Launcher Type: SUN_STANDARD

[Global flags]
     intx CICompilerCount                          = 4                                         {product} {ergonomic}
     uint ConcGCThreads                            = 3                                         {product} {ergonomic}
     uint G1ConcRefinementThreads                  = 10                                        {product} {ergonomic}
   size_t G1HeapRegionSize                         = 1048576                                   {product} {ergonomic}
   size_t InitialHeapSize                          = 132120576                                 {product} {ergonomic}
   size_t MarkStackSize                            = 4194304                                   {product} {ergonomic}
   size_t MarkStackSizeMax                         = 536870912                                 {product} {ergonomic}
   size_t MaxHeapSize                              = 2147483648                                {product} {command line}
   size_t MaxNewSize                               = 1287651328                                {product} {ergonomic}
   size_t MinHeapDeltaBytes                        = 1048576                                   {product} {ergonomic}
   size_t MinHeapSize                              = 8388608                                   {product} {ergonomic}
    uintx NonNMethodCodeHeapSize                   = 5832704                                {pd product} {ergonomic}
    uintx NonProfiledCodeHeapSize                  = 122945536                              {pd product} {ergonomic}
    uintx ProfiledCodeHeapSize                     = 122880000                              {pd product} {ergonomic}
    uintx ReservedCodeCacheSize                    = 251658240                              {pd product} {ergonomic}
     bool SegmentedCodeCache                       = true                                      {product} {ergonomic}
   size_t SoftMaxHeapSize                          = 2147483648                             {manageable} {ergonomic}
     bool UseCompressedOops                        = true                           {product lp64_product} {ergonomic}
     bool UseG1GC                                  = true                                      {product} {ergonomic}
     bool UseLargePagesIndividualAllocation        = false                                  {pd product} {ergonomic}

Logging:
Log output configuration:
 #0: stdout all=warning uptime,level,tags foldmultilines=false
 #1: stderr all=off uptime,level,tags foldmultilines=false

Environment Variables:
PATH=C:\Program Files\Common Files\Oracle\Java\javapath;C:\WINDOWS\system32;C:\WINDOWS;C:\WINDOWS\System32\Wbem;C:\WINDOWS\System32\WindowsPowerShell\v1.0\;C:\WINDOWS\System32\OpenSSH\;D:\flutter\bin\cache\dart-sdk\bin;C:\Program Files\Git\cmd;C:\Program Files\nodejs\;C:\Users\User\AppData\Local\Microsoft\WindowsApps;C:\Users\User\AppData\Local\Programs\Microsoft VS Code\bin;D:\flutter\bin;C:\Users\User\AppData\Roaming\npm;C:\Users\User\AppData\Local\Programs\cursor\resources\app\bin
USERNAME=User
OS=Windows_NT
PROCESSOR_IDENTIFIER=Intel64 Family 6 Model 165 Stepping 3, GenuineIntel
TMP=C:\Users\User\AppData\Local\Temp
TEMP=C:\Users\User\AppData\Local\Temp




Periodic native trim disabled

---------------  S Y S T E M  ---------------

OS:
 Windows 11 , 64 bit Build 26100 (10.0.26100.8246)
OS uptime: 0 days 0:52 hours

CPU: total 12 (initial active 12) (6 cores per cpu, 2 threads per core) family 6 model 165 stepping 3 microcode 0xf0, cx8, cmov, fxsr, ht, mmx, 3dnowpref, sse, sse2, sse3, ssse3, sse4.1, sse4.2, popcnt, lzcnt, tsc, tscinvbit, avx, avx2, aes, erms, clmul, bmi1, bmi2, adx, fma, vzeroupper, clflush, clflushopt, rdtscp, f16c
Processor Information for the first 12 processors :
  Max Mhz: 2904, Current Mhz: 2904, Mhz Limit: 2904

Memory: 4k page, system-wide physical 8030M (59M free)
TotalPageFile size 20865M (AvailPageFile size 209M)
current process WorkingSet (physical memory assigned to process): 112M, peak: 376M
current process commit charge ("private bytes"): 596M, peak: 599M

vm_info: Java HotSpot(TM) 64-Bit Server VM (24.0.1+9-30) for windows-amd64 JRE (24.0.1+9-30), built on 2025-03-05T07:23:45Z with MS VC++ 17.6 (VS2022)

END.
