#
# There is insufficient memory for the Java Runtime Environment to continue.
# Native memory allocation (malloc) failed to allocate 2234864 bytes. Error detail: Chunk::new
# Possible reasons:
#   The system is out of physical RAM or swap space
#   This process is running with CompressedOops enabled, and the Java Heap may be blocking the growth of the native heap
# Possible solutions:
#   Reduce memory load on the system
#   Increase physical memory or swap space
#   Check if swap backing store is full
#   Decrease Java heap size (-Xmx/-Xms)
#   Decrease number of Java threads
#   Decrease Java thread stack sizes (-Xss)
#   Set larger code cache with -XX:ReservedCodeCacheSize=
#   JVM is running with Unscaled Compressed Oops mode in which the Java heap is
#     placed in the first 4GB address space. The Java Heap base address is the
#     maximum limit for the native heap growth. Please use -XX:HeapBaseMinAddress
#     to set the Java Heap base and to place the Java Heap above 4GB virtual address.
# This output file may be truncated or incomplete.
#
#  Out of Memory Error (arena.cpp:168), pid=16788, tid=17660
#
# JRE version: OpenJDK Runtime Environment Temurin-21.0.10+7 (21.0.10+7) (build 21.0.10+7-LTS)
# Java VM: OpenJDK 64-Bit Server VM Temurin-21.0.10+7 (21.0.10+7-LTS, mixed mode, sharing, tiered, compressed oops, compressed class ptrs, g1 gc, windows-amd64)
# No core dump will be written. Minidumps are not enabled by default on client versions of Windows
#

---------------  S U M M A R Y ------------

Command Line: --add-opens=java.base/java.lang=ALL-UNNAMED --add-opens=java.base/java.lang.invoke=ALL-UNNAMED --add-opens=java.base/java.util=ALL-UNNAMED --add-opens=java.prefs/java.util.prefs=ALL-UNNAMED --add-exports=jdk.compiler/com.sun.tools.javac.api=ALL-UNNAMED --add-exports=jdk.compiler/com.sun.tools.javac.util=ALL-UNNAMED --add-opens=java.base/java.util=ALL-UNNAMED --add-opens=java.prefs/java.util.prefs=ALL-UNNAMED --add-opens=java.base/java.nio.charset=ALL-UNNAMED --add-opens=java.base/java.net=ALL-UNNAMED --add-opens=java.base/java.util.concurrent.atomic=ALL-UNNAMED --add-opens=java.xml/javax.xml.namespace=ALL-UNNAMED -Xmx2048m -Dfile.encoding=UTF-8 -Duser.country=US -Duser.language=en -Duser.variant -javaagent:C:\Users\User\.gradle\wrapper\dists\gradle-8.11.1-bin\bpt9gzteqjrbo1mjrsomdt32c\gradle-8.11.1\lib\agents\gradle-instrumentation-agent-8.11.1.jar org.gradle.launcher.daemon.bootstrap.GradleDaemon 8.11.1

Host: Intel(R) Core(TM) i5-10400 CPU @ 2.90GHz, 12 cores, 7G,  Windows 11 , 64 bit Build 26100 (10.0.26100.8246)
Time: Fri May 15 15:28:48 2026 Bangladesh Standard Time elapsed time: 5.836862 seconds (0d 0h 0m 5s)

---------------  T H R E A D  ---------------

Current thread (0x0000023aa9c3f910):  JavaThread "C2 CompilerThread0" daemon [_thread_in_native, id=17660, stack(0x000000f33e900000,0x000000f33ea00000) (1024K)]


Current CompileTask:
C2:5836 2656   !   4       java.lang.ClassLoader::loadClass (121 bytes)

Stack: [0x000000f33e900000,0x000000f33ea00000]
Native frames: (J=compiled Java code, j=interpreted, Vv=VM code, C=native code)
V  [jvm.dll+0x6d7a39]
V  [jvm.dll+0x8b4b26]
V  [jvm.dll+0x8b70de]
V  [jvm.dll+0x8b77c3]
V  [jvm.dll+0x284346]
V  [jvm.dll+0xc66ed]
V  [jvm.dll+0xc6c31]
V  [jvm.dll+0x3bec3b]
V  [jvm.dll+0x1e3f69]
V  [jvm.dll+0x24c6b3]
V  [jvm.dll+0x24bb40]
V  [jvm.dll+0x1cb34e]
V  [jvm.dll+0x25b85d]
V  [jvm.dll+0x259dea]
V  [jvm.dll+0x3f857e]
V  [jvm.dll+0x85f59d]
V  [jvm.dll+0x6d626d]
C  [ucrtbase.dll+0x37b0]
C  [KERNEL32.DLL+0x2e8d7]
C  [ntdll.dll+0x8c3fc]


---------------  P R O C E S S  ---------------

Threads class SMR info:
_java_thread_list=0x0000023af16e5700, length=26, elements={
0x0000023a9208d500, 0x0000023aa9c360a0, 0x0000023aa9c39680, 0x0000023aa9c3cc60,
0x0000023aa9c3d6c0, 0x0000023aa9c3e120, 0x0000023aa9c3eb80, 0x0000023aa9c3f910,
0x0000023aa9c44cf0, 0x0000023aef2c6f50, 0x0000023aef223dc0, 0x0000023af0cdf960,
0x0000023af0d9bbf0, 0x0000023af0edd530, 0x0000023af0d43980, 0x0000023af0d45000,
0x0000023af0d45c40, 0x0000023af0f8b0d0, 0x0000023af0f8d1a0, 0x0000023af0f8b760,
0x0000023af0f8bdf0, 0x0000023af0f8dec0, 0x0000023af0f8c480, 0x0000023af0f8cb10,
0x0000023af0f8d830, 0x0000023af01144c0
}

Java Threads: ( => current thread )
  0x0000023a9208d500 JavaThread "main"                              [_thread_blocked, id=16964, stack(0x000000f33db00000,0x000000f33dc00000) (1024K)]
  0x0000023aa9c360a0 JavaThread "Reference Handler"          daemon [_thread_blocked, id=17628, stack(0x000000f33e300000,0x000000f33e400000) (1024K)]
  0x0000023aa9c39680 JavaThread "Finalizer"                  daemon [_thread_blocked, id=17632, stack(0x000000f33e400000,0x000000f33e500000) (1024K)]
  0x0000023aa9c3cc60 JavaThread "Signal Dispatcher"          daemon [_thread_blocked, id=18312, stack(0x000000f33e500000,0x000000f33e600000) (1024K)]
  0x0000023aa9c3d6c0 JavaThread "Attach Listener"            daemon [_thread_blocked, id=17728, stack(0x000000f33e600000,0x000000f33e700000) (1024K)]
  0x0000023aa9c3e120 JavaThread "Service Thread"             daemon [_thread_blocked, id=17296, stack(0x000000f33e700000,0x000000f33e800000) (1024K)]
  0x0000023aa9c3eb80 JavaThread "Monitor Deflation Thread"   daemon [_thread_blocked, id=17704, stack(0x000000f33e800000,0x000000f33e900000) (1024K)]
=>0x0000023aa9c3f910 JavaThread "C2 CompilerThread0"         daemon [_thread_in_native, id=17660, stack(0x000000f33e900000,0x000000f33ea00000) (1024K)]
  0x0000023aa9c44cf0 JavaThread "C1 CompilerThread0"         daemon [_thread_blocked, id=17624, stack(0x000000f33ea00000,0x000000f33eb00000) (1024K)]
  0x0000023aef2c6f50 JavaThread "Common-Cleaner"             daemon [_thread_blocked, id=17812, stack(0x000000f33eb00000,0x000000f33ec00000) (1024K)]
  0x0000023aef223dc0 JavaThread "Notification Thread"        daemon [_thread_blocked, id=17736, stack(0x000000f33ec00000,0x000000f33ed00000) (1024K)]
  0x0000023af0cdf960 JavaThread "Daemon health stats"               [_thread_blocked, id=17564, stack(0x000000f33f200000,0x000000f33f300000) (1024K)]
  0x0000023af0d9bbf0 JavaThread "Incoming local TCP Connector on port 50751"        [_thread_in_native, id=17684, stack(0x000000f33f300000,0x000000f33f400000) (1024K)]
  0x0000023af0edd530 JavaThread "Daemon periodic checks"            [_thread_blocked, id=1220, stack(0x000000f33f400000,0x000000f33f500000) (1024K)]
  0x0000023af0d43980 JavaThread "Daemon"                            [_thread_blocked, id=17912, stack(0x000000f33f500000,0x000000f33f600000) (1024K)]
  0x0000023af0d45000 JavaThread "Handler for socket connection from /127.0.0.1:50751 to /127.0.0.1:50752"        [_thread_in_native, id=17560, stack(0x000000f33f600000,0x000000f33f700000) (1024K)]
  0x0000023af0d45c40 JavaThread "Cancel handler"                    [_thread_blocked, id=17580, stack(0x000000f33f700000,0x000000f33f800000) (1024K)]
  0x0000023af0f8b0d0 JavaThread "Daemon worker"                     [_thread_in_vm, id=17576, stack(0x000000f33f800000,0x000000f33f900000) (1024K)]
  0x0000023af0f8d1a0 JavaThread "Asynchronous log dispatcher for DefaultDaemonConnection: socket connection from /127.0.0.1:50751 to /127.0.0.1:50752"        [_thread_blocked, id=17568, stack(0x000000f33f900000,0x000000f33fa00000) (1024K)]
  0x0000023af0f8b760 JavaThread "Stdin handler"                     [_thread_blocked, id=17572, stack(0x000000f33fa00000,0x000000f33fb00000) (1024K)]
  0x0000023af0f8bdf0 JavaThread "Daemon client event forwarder"        [_thread_blocked, id=17876, stack(0x000000f33fb00000,0x000000f33fc00000) (1024K)]
  0x0000023af0f8dec0 JavaThread "Cache worker for journal cache (C:\Users\User\.gradle\caches\journal-1)"        [_thread_blocked, id=17516, stack(0x000000f33fc00000,0x000000f33fd00000) (1024K)]
  0x0000023af0f8c480 JavaThread "File lock request listener"        [_thread_in_native, id=17496, stack(0x000000f33fd00000,0x000000f33fe00000) (1024K)]
  0x0000023af0f8cb10 JavaThread "Cache worker for file hash cache (C:\Users\User\.gradle\caches\8.11.1\fileHashes)"        [_thread_blocked, id=17508, stack(0x000000f33fe00000,0x000000f33ff00000) (1024K)]
  0x0000023af0f8d830 JavaThread "File lock release action executor"        [_thread_blocked, id=17720, stack(0x000000f33ff00000,0x000000f340000000) (1024K)]
  0x0000023af01144c0 JavaThread "Cache worker for file content cache (C:\Users\User\.gradle\caches\8.11.1\fileContent)"        [_thread_blocked, id=16604, stack(0x000000f340400000,0x000000f340500000) (1024K)]
Total: 26

Other Threads:
  0x0000023aa9c12630 VMThread "VM Thread"                           [id=17636, stack(0x000000f33e200000,0x000000f33e300000) (1024K)]
  0x0000023aa9c01310 WatcherThread "VM Periodic Task Thread"        [id=17696, stack(0x000000f33e100000,0x000000f33e200000) (1024K)]
  0x0000023a920e6ba0 WorkerThread "GC Thread#0"                     [id=16960, stack(0x000000f33dc00000,0x000000f33dd00000) (1024K)]
  0x0000023aef62d920 WorkerThread "GC Thread#1"                     [id=18420, stack(0x000000f33ed00000,0x000000f33ee00000) (1024K)]
  0x0000023aef325930 WorkerThread "GC Thread#2"                     [id=17280, stack(0x000000f33ee00000,0x000000f33ef00000) (1024K)]
  0x0000023aefec36d0 WorkerThread "GC Thread#3"                     [id=17672, stack(0x000000f33ef00000,0x000000f33f000000) (1024K)]
  0x0000023aefec3a80 WorkerThread "GC Thread#4"                     [id=17344, stack(0x000000f33f000000,0x000000f33f100000) (1024K)]
  0x0000023af06df920 WorkerThread "GC Thread#5"                     [id=17656, stack(0x000000f33f100000,0x000000f33f200000) (1024K)]
  0x0000023af1b11ad0 WorkerThread "GC Thread#6"                     [id=17544, stack(0x000000f340000000,0x000000f340100000) (1024K)]
  0x0000023af1b12230 WorkerThread "GC Thread#7"                     [id=17524, stack(0x000000f340100000,0x000000f340200000) (1024K)]
  0x0000023af1b11e80 WorkerThread "GC Thread#8"                     [id=17512, stack(0x000000f340200000,0x000000f340300000) (1024K)]
  0x0000023af1b10c10 WorkerThread "GC Thread#9"                     [id=17500, stack(0x000000f340300000,0x000000f340400000) (1024K)]
  0x0000023a920f8920 ConcurrentGCThread "G1 Main Marker"            [id=16892, stack(0x000000f33dd00000,0x000000f33de00000) (1024K)]
  0x0000023a920f9ae0 WorkerThread "G1 Conc#0"                       [id=18008, stack(0x000000f33de00000,0x000000f33df00000) (1024K)]
  0x0000023aa9ad2580 ConcurrentGCThread "G1 Refine#0"               [id=17224, stack(0x000000f33df00000,0x000000f33e000000) (1024K)]
  0x0000023aa9ad3dc0 ConcurrentGCThread "G1 Service"                [id=17028, stack(0x000000f33e000000,0x000000f33e100000) (1024K)]
Total: 16

Threads with active compile tasks:
C2 CompilerThread0  6864 2656   !   4       java.lang.ClassLoader::loadClass (121 bytes)
Total: 1

VM state: not at safepoint (normal execution)

VM Mutex/Monitor currently owned by a thread: None

Heap address: 0x0000000080000000, size: 2048 MB, Compressed Oops mode: 32-bit

CDS archive(s) mapped at: [0x0000023aaa000000-0x0000023aaaba0000-0x0000023aaaba0000), size 12189696, SharedBaseAddress: 0x0000023aaa000000, ArchiveRelocationMode: 1.
Compressed class space mapped at: 0x0000023aab000000-0x0000023aeb000000, reserved size: 1073741824
Narrow klass base: 0x0000023aaa000000, Narrow klass shift: 0, Narrow klass range: 0x100000000

GC Precious Log:
 CardTable entry size: 512
 Card Set container configuration: InlinePtr #cards 5 size 8 Array Of Cards #cards 12 size 40 Howl #buckets 4 coarsen threshold 1843 Howl Bitmap #cards 512 size 80 coarsen threshold 460 Card regions per heap region 1 cards per card region 2048
 CPUs: 12 total, 12 available
 Memory: 8030M
 Large Page Support: Disabled
 NUMA Support: Disabled
 Compressed Oops: Enabled (32-bit)
 Heap Region Size: 1M
 Heap Min Capacity: 8M
 Heap Initial Capacity: 126M
 Heap Max Capacity: 2G
 Pre-touch: Disabled
 Parallel Workers: 10
 Concurrent Workers: 3
 Concurrent Refinement Workers: 10
 Periodic GC: Disabled

Heap:
 garbage-first heap   total 129024K, used 30762K [0x0000000080000000, 0x0000000100000000)
  region size 1024K, 19 young (19456K), 10 survivors (10240K)
 Metaspace       used 19232K, committed 19840K, reserved 1114112K
  class space    used 2819K, committed 3072K, reserved 1048576K

Heap Regions: E=young(eden), S=young(survivor), O=old, HS=humongous(starts), HC=humongous(continues), CS=collection set, F=free, TAMS=top-at-mark-start, PB=parsable bottom
|   0|0x0000000080000000, 0x0000000080100000, 0x0000000080100000|100%| O|  |TAMS 0x0000000080000000| PB 0x0000000080000000| Untracked 
|   1|0x0000000080100000, 0x0000000080200000, 0x0000000080200000|100%|HS|  |TAMS 0x0000000080100000| PB 0x0000000080100000| Complete 
|   2|0x0000000080200000, 0x0000000080300000, 0x0000000080300000|100%|HC|  |TAMS 0x0000000080200000| PB 0x0000000080200000| Complete 
|   3|0x0000000080300000, 0x0000000080400000, 0x0000000080400000|100%|HC|  |TAMS 0x0000000080300000| PB 0x0000000080300000| Complete 
|   4|0x0000000080400000, 0x0000000080500000, 0x0000000080500000|100%| O|  |TAMS 0x0000000080400000| PB 0x0000000080400000| Untracked 
|   5|0x0000000080500000, 0x0000000080600000, 0x0000000080600000|100%| O|  |TAMS 0x0000000080500000| PB 0x0000000080500000| Untracked 
|   6|0x0000000080600000, 0x0000000080700000, 0x0000000080700000|100%| O|  |TAMS 0x0000000080600000| PB 0x0000000080600000| Untracked 
|   7|0x0000000080700000, 0x0000000080800000, 0x0000000080800000|100%|HS|  |TAMS 0x0000000080700000| PB 0x0000000080700000| Complete 
|   8|0x0000000080800000, 0x000000008080a948, 0x0000000080900000|  4%| O|  |TAMS 0x0000000080800000| PB 0x0000000080800000| Untracked 
|   9|0x0000000080900000, 0x0000000080a00000, 0x0000000080a00000|100%| O|  |TAMS 0x0000000080900000| PB 0x0000000080900000| Untracked 
|  10|0x0000000080a00000, 0x0000000080b00000, 0x0000000080b00000|100%| O|  |TAMS 0x0000000080a00000| PB 0x0000000080a00000| Untracked 
|  11|0x0000000080b00000, 0x0000000080c00000, 0x0000000080c00000|100%| O|  |TAMS 0x0000000080b00000| PB 0x0000000080b00000| Untracked 
|  12|0x0000000080c00000, 0x0000000080d00000, 0x0000000080d00000|100%| O|  |TAMS 0x0000000080c00000| PB 0x0000000080c00000| Untracked 
|  13|0x0000000080d00000, 0x0000000080d00000, 0x0000000080e00000|  0%| F|  |TAMS 0x0000000080d00000| PB 0x0000000080d00000| Untracked 
|  14|0x0000000080e00000, 0x0000000080e00000, 0x0000000080f00000|  0%| F|  |TAMS 0x0000000080e00000| PB 0x0000000080e00000| Untracked 
|  15|0x0000000080f00000, 0x0000000080f00000, 0x0000000081000000|  0%| F|  |TAMS 0x0000000080f00000| PB 0x0000000080f00000| Untracked 
|  16|0x0000000081000000, 0x0000000081000000, 0x0000000081100000|  0%| F|  |TAMS 0x0000000081000000| PB 0x0000000081000000| Untracked 
|  17|0x0000000081100000, 0x0000000081100000, 0x0000000081200000|  0%| F|  |TAMS 0x0000000081100000| PB 0x0000000081100000| Untracked 
|  18|0x0000000081200000, 0x0000000081200000, 0x0000000081300000|  0%| F|  |TAMS 0x0000000081200000| PB 0x0000000081200000| Untracked 
|  19|0x0000000081300000, 0x0000000081300000, 0x0000000081400000|  0%| F|  |TAMS 0x0000000081300000| PB 0x0000000081300000| Untracked 
|  20|0x0000000081400000, 0x0000000081400000, 0x0000000081500000|  0%| F|  |TAMS 0x0000000081400000| PB 0x0000000081400000| Untracked 
|  21|0x0000000081500000, 0x0000000081500000, 0x0000000081600000|  0%| F|  |TAMS 0x0000000081500000| PB 0x0000000081500000| Untracked 
|  22|0x0000000081600000, 0x0000000081600000, 0x0000000081700000|  0%| F|  |TAMS 0x0000000081600000| PB 0x0000000081600000| Untracked 
|  23|0x0000000081700000, 0x0000000081700000, 0x0000000081800000|  0%| F|  |TAMS 0x0000000081700000| PB 0x0000000081700000| Untracked 
|  24|0x0000000081800000, 0x0000000081800000, 0x0000000081900000|  0%| F|  |TAMS 0x0000000081800000| PB 0x0000000081800000| Untracked 
|  25|0x0000000081900000, 0x0000000081900000, 0x0000000081a00000|  0%| F|  |TAMS 0x0000000081900000| PB 0x0000000081900000| Untracked 
|  26|0x0000000081a00000, 0x0000000081a00000, 0x0000000081b00000|  0%| F|  |TAMS 0x0000000081a00000| PB 0x0000000081a00000| Untracked 
|  27|0x0000000081b00000, 0x0000000081b00000, 0x0000000081c00000|  0%| F|  |TAMS 0x0000000081b00000| PB 0x0000000081b00000| Untracked 
|  28|0x0000000081c00000, 0x0000000081c00000, 0x0000000081d00000|  0%| F|  |TAMS 0x0000000081c00000| PB 0x0000000081c00000| Untracked 
|  29|0x0000000081d00000, 0x0000000081d00000, 0x0000000081e00000|  0%| F|  |TAMS 0x0000000081d00000| PB 0x0000000081d00000| Untracked 
|  30|0x0000000081e00000, 0x0000000081e00000, 0x0000000081f00000|  0%| F|  |TAMS 0x0000000081e00000| PB 0x0000000081e00000| Untracked 
|  31|0x0000000081f00000, 0x0000000081f00000, 0x0000000082000000|  0%| F|  |TAMS 0x0000000081f00000| PB 0x0000000081f00000| Untracked 
|  32|0x0000000082000000, 0x0000000082000000, 0x0000000082100000|  0%| F|  |TAMS 0x0000000082000000| PB 0x0000000082000000| Untracked 
|  33|0x0000000082100000, 0x0000000082100000, 0x0000000082200000|  0%| F|  |TAMS 0x0000000082100000| PB 0x0000000082100000| Untracked 
|  34|0x0000000082200000, 0x0000000082200000, 0x0000000082300000|  0%| F|  |TAMS 0x0000000082200000| PB 0x0000000082200000| Untracked 
|  35|0x0000000082300000, 0x0000000082300000, 0x0000000082400000|  0%| F|  |TAMS 0x0000000082300000| PB 0x0000000082300000| Untracked 
|  36|0x0000000082400000, 0x0000000082400000, 0x0000000082500000|  0%| F|  |TAMS 0x0000000082400000| PB 0x0000000082400000| Untracked 
|  37|0x0000000082500000, 0x0000000082500000, 0x0000000082600000|  0%| F|  |TAMS 0x0000000082500000| PB 0x0000000082500000| Untracked 
|  38|0x0000000082600000, 0x0000000082600000, 0x0000000082700000|  0%| F|  |TAMS 0x0000000082600000| PB 0x0000000082600000| Untracked 
|  39|0x0000000082700000, 0x0000000082700000, 0x0000000082800000|  0%| F|  |TAMS 0x0000000082700000| PB 0x0000000082700000| Untracked 
|  40|0x0000000082800000, 0x0000000082800000, 0x0000000082900000|  0%| F|  |TAMS 0x0000000082800000| PB 0x0000000082800000| Untracked 
|  41|0x0000000082900000, 0x0000000082a00000, 0x0000000082a00000|100%| S|CS|TAMS 0x0000000082900000| PB 0x0000000082900000| Complete 
|  42|0x0000000082a00000, 0x0000000082b00000, 0x0000000082b00000|100%| S|CS|TAMS 0x0000000082a00000| PB 0x0000000082a00000| Complete 
|  43|0x0000000082b00000, 0x0000000082c00000, 0x0000000082c00000|100%| S|CS|TAMS 0x0000000082b00000| PB 0x0000000082b00000| Complete 
|  44|0x0000000082c00000, 0x0000000082d00000, 0x0000000082d00000|100%| S|CS|TAMS 0x0000000082c00000| PB 0x0000000082c00000| Complete 
|  45|0x0000000082d00000, 0x0000000082e00000, 0x0000000082e00000|100%| S|CS|TAMS 0x0000000082d00000| PB 0x0000000082d00000| Complete 
|  46|0x0000000082e00000, 0x0000000082f00000, 0x0000000082f00000|100%| S|CS|TAMS 0x0000000082e00000| PB 0x0000000082e00000| Complete 
|  47|0x0000000082f00000, 0x0000000083000000, 0x0000000083000000|100%| S|CS|TAMS 0x0000000082f00000| PB 0x0000000082f00000| Complete 
|  48|0x0000000083000000, 0x0000000083100000, 0x0000000083100000|100%| S|CS|TAMS 0x0000000083000000| PB 0x0000000083000000| Complete 
|  49|0x0000000083100000, 0x0000000083200000, 0x0000000083200000|100%| S|CS|TAMS 0x0000000083100000| PB 0x0000000083100000| Complete 
|  50|0x0000000083200000, 0x0000000083300000, 0x0000000083300000|100%| S|CS|TAMS 0x0000000083200000| PB 0x0000000083200000| Complete 
|  51|0x0000000083300000, 0x0000000083300000, 0x0000000083400000|  0%| F|  |TAMS 0x0000000083300000| PB 0x0000000083300000| Untracked 
|  52|0x0000000083400000, 0x0000000083400000, 0x0000000083500000|  0%| F|  |TAMS 0x0000000083400000| PB 0x0000000083400000| Untracked 
|  53|0x0000000083500000, 0x0000000083500000, 0x0000000083600000|  0%| F|  |TAMS 0x0000000083500000| PB 0x0000000083500000| Untracked 
|  54|0x0000000083600000, 0x0000000083600000, 0x0000000083700000|  0%| F|  |TAMS 0x0000000083600000| PB 0x0000000083600000| Untracked 
|  55|0x0000000083700000, 0x0000000083700000, 0x0000000083800000|  0%| F|  |TAMS 0x0000000083700000| PB 0x0000000083700000| Untracked 
|  56|0x0000000083800000, 0x0000000083800000, 0x0000000083900000|  0%| F|  |TAMS 0x0000000083800000| PB 0x0000000083800000| Untracked 
|  57|0x0000000083900000, 0x0000000083900000, 0x0000000083a00000|  0%| F|  |TAMS 0x0000000083900000| PB 0x0000000083900000| Untracked 
|  58|0x0000000083a00000, 0x0000000083a00000, 0x0000000083b00000|  0%| F|  |TAMS 0x0000000083a00000| PB 0x0000000083a00000| Untracked 
|  59|0x0000000083b00000, 0x0000000083b00000, 0x0000000083c00000|  0%| F|  |TAMS 0x0000000083b00000| PB 0x0000000083b00000| Untracked 
|  60|0x0000000083c00000, 0x0000000083c00000, 0x0000000083d00000|  0%| F|  |TAMS 0x0000000083c00000| PB 0x0000000083c00000| Untracked 
|  61|0x0000000083d00000, 0x0000000083d00000, 0x0000000083e00000|  0%| F|  |TAMS 0x0000000083d00000| PB 0x0000000083d00000| Untracked 
|  62|0x0000000083e00000, 0x0000000083e00000, 0x0000000083f00000|  0%| F|  |TAMS 0x0000000083e00000| PB 0x0000000083e00000| Untracked 
|  63|0x0000000083f00000, 0x0000000083f00000, 0x0000000084000000|  0%| F|  |TAMS 0x0000000083f00000| PB 0x0000000083f00000| Untracked 
|  64|0x0000000084000000, 0x0000000084000000, 0x0000000084100000|  0%| F|  |TAMS 0x0000000084000000| PB 0x0000000084000000| Untracked 
|  65|0x0000000084100000, 0x0000000084100000, 0x0000000084200000|  0%| F|  |TAMS 0x0000000084100000| PB 0x0000000084100000| Untracked 
|  66|0x0000000084200000, 0x0000000084200000, 0x0000000084300000|  0%| F|  |TAMS 0x0000000084200000| PB 0x0000000084200000| Untracked 
|  67|0x0000000084300000, 0x0000000084300000, 0x0000000084400000|  0%| F|  |TAMS 0x0000000084300000| PB 0x0000000084300000| Untracked 
|  68|0x0000000084400000, 0x0000000084400000, 0x0000000084500000|  0%| F|  |TAMS 0x0000000084400000| PB 0x0000000084400000| Untracked 
|  69|0x0000000084500000, 0x0000000084500000, 0x0000000084600000|  0%| F|  |TAMS 0x0000000084500000| PB 0x0000000084500000| Untracked 
|  70|0x0000000084600000, 0x0000000084600000, 0x0000000084700000|  0%| F|  |TAMS 0x0000000084600000| PB 0x0000000084600000| Untracked 
|  71|0x0000000084700000, 0x0000000084700000, 0x0000000084800000|  0%| F|  |TAMS 0x0000000084700000| PB 0x0000000084700000| Untracked 
|  72|0x0000000084800000, 0x0000000084800000, 0x0000000084900000|  0%| F|  |TAMS 0x0000000084800000| PB 0x0000000084800000| Untracked 
|  73|0x0000000084900000, 0x0000000084900000, 0x0000000084a00000|  0%| F|  |TAMS 0x0000000084900000| PB 0x0000000084900000| Untracked 
|  74|0x0000000084a00000, 0x0000000084a00000, 0x0000000084b00000|  0%| F|  |TAMS 0x0000000084a00000| PB 0x0000000084a00000| Untracked 
|  75|0x0000000084b00000, 0x0000000084b00000, 0x0000000084c00000|  0%| F|  |TAMS 0x0000000084b00000| PB 0x0000000084b00000| Untracked 
|  76|0x0000000084c00000, 0x0000000084c00000, 0x0000000084d00000|  0%| F|  |TAMS 0x0000000084c00000| PB 0x0000000084c00000| Untracked 
|  77|0x0000000084d00000, 0x0000000084d00000, 0x0000000084e00000|  0%| F|  |TAMS 0x0000000084d00000| PB 0x0000000084d00000| Untracked 
|  78|0x0000000084e00000, 0x0000000084e00000, 0x0000000084f00000|  0%| F|  |TAMS 0x0000000084e00000| PB 0x0000000084e00000| Untracked 
|  79|0x0000000084f00000, 0x0000000084f00000, 0x0000000085000000|  0%| F|  |TAMS 0x0000000084f00000| PB 0x0000000084f00000| Untracked 
|  80|0x0000000085000000, 0x0000000085000000, 0x0000000085100000|  0%| F|  |TAMS 0x0000000085000000| PB 0x0000000085000000| Untracked 
|  81|0x0000000085100000, 0x0000000085100000, 0x0000000085200000|  0%| F|  |TAMS 0x0000000085100000| PB 0x0000000085100000| Untracked 
|  82|0x0000000085200000, 0x0000000085200000, 0x0000000085300000|  0%| F|  |TAMS 0x0000000085200000| PB 0x0000000085200000| Untracked 
|  83|0x0000000085300000, 0x0000000085300000, 0x0000000085400000|  0%| F|  |TAMS 0x0000000085300000| PB 0x0000000085300000| Untracked 
|  84|0x0000000085400000, 0x0000000085400000, 0x0000000085500000|  0%| F|  |TAMS 0x0000000085400000| PB 0x0000000085400000| Untracked 
|  85|0x0000000085500000, 0x0000000085500000, 0x0000000085600000|  0%| F|  |TAMS 0x0000000085500000| PB 0x0000000085500000| Untracked 
|  86|0x0000000085600000, 0x0000000085600000, 0x0000000085700000|  0%| F|  |TAMS 0x0000000085600000| PB 0x0000000085600000| Untracked 
|  87|0x0000000085700000, 0x0000000085700000, 0x0000000085800000|  0%| F|  |TAMS 0x0000000085700000| PB 0x0000000085700000| Untracked 
|  88|0x0000000085800000, 0x0000000085800000, 0x0000000085900000|  0%| F|  |TAMS 0x0000000085800000| PB 0x0000000085800000| Untracked 
|  89|0x0000000085900000, 0x0000000085900000, 0x0000000085a00000|  0%| F|  |TAMS 0x0000000085900000| PB 0x0000000085900000| Untracked 
|  90|0x0000000085a00000, 0x0000000085a00000, 0x0000000085b00000|  0%| F|  |TAMS 0x0000000085a00000| PB 0x0000000085a00000| Untracked 
|  91|0x0000000085b00000, 0x0000000085b00000, 0x0000000085c00000|  0%| F|  |TAMS 0x0000000085b00000| PB 0x0000000085b00000| Untracked 
|  92|0x0000000085c00000, 0x0000000085c00000, 0x0000000085d00000|  0%| F|  |TAMS 0x0000000085c00000| PB 0x0000000085c00000| Untracked 
|  93|0x0000000085d00000, 0x0000000085d00000, 0x0000000085e00000|  0%| F|  |TAMS 0x0000000085d00000| PB 0x0000000085d00000| Untracked 
|  94|0x0000000085e00000, 0x0000000085e00000, 0x0000000085f00000|  0%| F|  |TAMS 0x0000000085e00000| PB 0x0000000085e00000| Untracked 
|  95|0x0000000085f00000, 0x0000000085f00000, 0x0000000086000000|  0%| F|  |TAMS 0x0000000085f00000| PB 0x0000000085f00000| Untracked 
|  96|0x0000000086000000, 0x0000000086000000, 0x0000000086100000|  0%| F|  |TAMS 0x0000000086000000| PB 0x0000000086000000| Untracked 
|  97|0x0000000086100000, 0x0000000086100000, 0x0000000086200000|  0%| F|  |TAMS 0x0000000086100000| PB 0x0000000086100000| Untracked 
|  98|0x0000000086200000, 0x0000000086200000, 0x0000000086300000|  0%| F|  |TAMS 0x0000000086200000| PB 0x0000000086200000| Untracked 
|  99|0x0000000086300000, 0x0000000086300000, 0x0000000086400000|  0%| F|  |TAMS 0x0000000086300000| PB 0x0000000086300000| Untracked 
| 100|0x0000000086400000, 0x0000000086400000, 0x0000000086500000|  0%| F|  |TAMS 0x0000000086400000| PB 0x0000000086400000| Untracked 
| 101|0x0000000086500000, 0x0000000086500000, 0x0000000086600000|  0%| F|  |TAMS 0x0000000086500000| PB 0x0000000086500000| Untracked 
| 102|0x0000000086600000, 0x0000000086600000, 0x0000000086700000|  0%| F|  |TAMS 0x0000000086600000| PB 0x0000000086600000| Untracked 
| 103|0x0000000086700000, 0x0000000086700000, 0x0000000086800000|  0%| F|  |TAMS 0x0000000086700000| PB 0x0000000086700000| Untracked 
| 104|0x0000000086800000, 0x0000000086800000, 0x0000000086900000|  0%| F|  |TAMS 0x0000000086800000| PB 0x0000000086800000| Untracked 
| 105|0x0000000086900000, 0x0000000086900000, 0x0000000086a00000|  0%| F|  |TAMS 0x0000000086900000| PB 0x0000000086900000| Untracked 
| 106|0x0000000086a00000, 0x0000000086a00000, 0x0000000086b00000|  0%| F|  |TAMS 0x0000000086a00000| PB 0x0000000086a00000| Untracked 
| 107|0x0000000086b00000, 0x0000000086b00000, 0x0000000086c00000|  0%| F|  |TAMS 0x0000000086b00000| PB 0x0000000086b00000| Untracked 
| 108|0x0000000086c00000, 0x0000000086c00000, 0x0000000086d00000|  0%| F|  |TAMS 0x0000000086c00000| PB 0x0000000086c00000| Untracked 
| 109|0x0000000086d00000, 0x0000000086d00000, 0x0000000086e00000|  0%| F|  |TAMS 0x0000000086d00000| PB 0x0000000086d00000| Untracked 
| 110|0x0000000086e00000, 0x0000000086e00000, 0x0000000086f00000|  0%| F|  |TAMS 0x0000000086e00000| PB 0x0000000086e00000| Untracked 
| 111|0x0000000086f00000, 0x0000000086f00000, 0x0000000087000000|  0%| F|  |TAMS 0x0000000086f00000| PB 0x0000000086f00000| Untracked 
| 112|0x0000000087000000, 0x0000000087000000, 0x0000000087100000|  0%| F|  |TAMS 0x0000000087000000| PB 0x0000000087000000| Untracked 
| 113|0x0000000087100000, 0x0000000087100000, 0x0000000087200000|  0%| F|  |TAMS 0x0000000087100000| PB 0x0000000087100000| Untracked 
| 114|0x0000000087200000, 0x0000000087200000, 0x0000000087300000|  0%| F|  |TAMS 0x0000000087200000| PB 0x0000000087200000| Untracked 
| 115|0x0000000087300000, 0x0000000087300000, 0x0000000087400000|  0%| F|  |TAMS 0x0000000087300000| PB 0x0000000087300000| Untracked 
| 116|0x0000000087400000, 0x0000000087400000, 0x0000000087500000|  0%| F|  |TAMS 0x0000000087400000| PB 0x0000000087400000| Untracked 
| 117|0x0000000087500000, 0x0000000087600000, 0x0000000087600000|100%| E|  |TAMS 0x0000000087500000| PB 0x0000000087500000| Complete 
| 118|0x0000000087600000, 0x0000000087700000, 0x0000000087700000|100%| E|CS|TAMS 0x0000000087600000| PB 0x0000000087600000| Complete 
| 119|0x0000000087700000, 0x0000000087800000, 0x0000000087800000|100%| E|CS|TAMS 0x0000000087700000| PB 0x0000000087700000| Complete 
| 120|0x0000000087800000, 0x0000000087900000, 0x0000000087900000|100%| E|CS|TAMS 0x0000000087800000| PB 0x0000000087800000| Complete 
| 121|0x0000000087900000, 0x0000000087a00000, 0x0000000087a00000|100%| E|CS|TAMS 0x0000000087900000| PB 0x0000000087900000| Complete 
| 122|0x0000000087a00000, 0x0000000087b00000, 0x0000000087b00000|100%| E|CS|TAMS 0x0000000087a00000| PB 0x0000000087a00000| Complete 
| 123|0x0000000087b00000, 0x0000000087c00000, 0x0000000087c00000|100%| E|CS|TAMS 0x0000000087b00000| PB 0x0000000087b00000| Complete 
| 124|0x0000000087c00000, 0x0000000087d00000, 0x0000000087d00000|100%| E|CS|TAMS 0x0000000087c00000| PB 0x0000000087c00000| Complete 
| 125|0x0000000087d00000, 0x0000000087e00000, 0x0000000087e00000|100%| E|CS|TAMS 0x0000000087d00000| PB 0x0000000087d00000| Complete 

Card table byte_map: [0x0000023aa4be0000,0x0000023aa4fe0000] _byte_map_base: 0x0000023aa47e0000

Marking Bits: (CMBitMap*) 0x0000023a920e71c0
 Bits: [0x0000023aa4fe0000, 0x0000023aa6fe0000)

Polling page: 0x0000023a8fe90000

Metaspace:

Usage:
  Non-class:     16.05 MB used.
      Class:      2.76 MB used.
       Both:     18.81 MB used.

Virtual space:
  Non-class space:       64.00 MB reserved,      16.38 MB ( 26%) committed,  1 nodes.
      Class space:        1.00 GB reserved,       3.00 MB ( <1%) committed,  1 nodes.
             Both:        1.06 GB reserved,      19.38 MB (  2%) committed. 

Chunk freelists:
   Non-Class:  14.77 MB
       Class:  13.01 MB
        Both:  27.77 MB

MaxMetaspaceSize: unlimited
CompressedClassSpaceSize: 1.00 GB
Initial GC threshold: 21.00 MB
Current GC threshold: 21.00 MB
CDS: on
 - commit_granule_bytes: 65536.
 - commit_granule_words: 8192.
 - virtual_space_node_default_size: 8388608.
 - enlarge_chunks_in_place: 1.
 - use_allocation_guard: 0.


Internal statistics:

num_allocs_failed_limit: 0.
num_arena_births: 860.
num_arena_deaths: 0.
num_vsnodes_births: 2.
num_vsnodes_deaths: 0.
num_space_committed: 310.
num_space_uncommitted: 0.
num_chunks_returned_to_freelist: 0.
num_chunks_taken_from_freelist: 1597.
num_chunk_merges: 0.
num_chunk_splits: 1042.
num_chunks_enlarged: 701.
num_inconsistent_stats: 0.

CodeHeap 'non-profiled nmethods': size=120000Kb used=1286Kb max_used=1286Kb free=118713Kb
 bounds [0x0000023a9cd60000, 0x0000023a9cfd0000, 0x0000023aa4290000]
CodeHeap 'profiled nmethods': size=120000Kb used=5846Kb max_used=5846Kb free=114153Kb
 bounds [0x0000023a95290000, 0x0000023a95850000, 0x0000023a9c7c0000]
CodeHeap 'non-nmethods': size=5760Kb used=1417Kb max_used=1422Kb free=4342Kb
 bounds [0x0000023a9c7c0000, 0x0000023a9ca30000, 0x0000023a9cd60000]
CodeCache: size=245760Kb, used=8549Kb, max_used=8554Kb, free=237208Kb
 total_blobs=3461, nmethods=2888, adapters=477, full_count=0
Compilation: enabled, stopped_count=0, restarted_count=0

Compilation events (20 events):
Event: 5.461 Thread 0x0000023aa9c44cf0 nmethod 2888 0x0000023a9583fc90 code [0x0000023a9583fe20, 0x0000023a9583ff38]
Event: 5.465 Thread 0x0000023aa9c44cf0 2889       3       java.lang.reflect.Method::setMethodAccessor (20 bytes)
Event: 5.465 Thread 0x0000023aa9c44cf0 nmethod 2889 0x0000023a95840010 code [0x0000023a958401e0, 0x0000023a958404a0]
Event: 5.466 Thread 0x0000023aa9c44cf0 2892       3       org.gradle.internal.service.DefaultServiceRegistry::isSatisfiedByAny (41 bytes)
Event: 5.466 Thread 0x0000023aa9c44cf0 nmethod 2892 0x0000023a95840590 code [0x0000023a958407a0, 0x0000023a95840d38]
Event: 5.466 Thread 0x0000023aa9c44cf0 2890       3       org.gradle.internal.service.DefaultServiceRegistry$SingletonService::getService (33 bytes)
Event: 5.466 Thread 0x0000023aa9c44cf0 nmethod 2890 0x0000023a95840f10 code [0x0000023a95841100, 0x0000023a95841488]
Event: 5.466 Thread 0x0000023aa9c44cf0 2891       3       org.gradle.internal.service.DefaultServiceRegistry::access$1900 (6 bytes)
Event: 5.467 Thread 0x0000023aa9c44cf0 nmethod 2891 0x0000023a95841610 code [0x0000023a958417c0, 0x0000023a958418d8]
Event: 5.467 Thread 0x0000023aa9c44cf0 2893       3       java.lang.invoke.LambdaFormEditor::newSpeciesData (9 bytes)
Event: 5.467 Thread 0x0000023aa9c44cf0 nmethod 2893 0x0000023a95841990 code [0x0000023a95841b60, 0x0000023a95841d48]
Event: 5.468 Thread 0x0000023aa9c44cf0 2894       3       java.lang.invoke.LambdaFormBuffer::renameParameter (29 bytes)
Event: 5.468 Thread 0x0000023aa9c44cf0 nmethod 2894 0x0000023a95841e90 code [0x0000023a95842040, 0x0000023a95842198]
Event: 5.468 Thread 0x0000023aa9c44cf0 2895       3       java.lang.invoke.InvokerBytecodeGenerator::emitArrayOp (113 bytes)
Event: 5.468 Thread 0x0000023aa9c44cf0 nmethod 2895 0x0000023a95842290 code [0x0000023a958424e0, 0x0000023a95842cb0]
Event: 5.468 Thread 0x0000023aa9c44cf0 2896       3       java.lang.invoke.LambdaForm$Name::cloneWithIndex (47 bytes)
Event: 5.469 Thread 0x0000023aa9c44cf0 nmethod 2896 0x0000023a95843010 code [0x0000023a95843200, 0x0000023a95843758]
Event: 5.484 Thread 0x0000023aa9c44cf0 2897       3       java.util.concurrent.locks.LockSupport::setBlocker (12 bytes)
Event: 5.485 Thread 0x0000023aa9c44cf0 nmethod 2897 0x0000023a95843910 code [0x0000023a95843ac0, 0x0000023a95843cc8]
Event: 5.562 Thread 0x0000023aa9c44cf0 2898       1       jdk.internal.event.ThreadSleepEvent::isEnabled (2 bytes)

GC Heap History (8 events):
Event: 1.005 GC heap before
{Heap before GC invocations=0 (full 0):
 garbage-first heap   total 129024K, used 23552K [0x0000000080000000, 0x0000000100000000)
  region size 1024K, 23 young (23552K), 0 survivors (0K)
 Metaspace       used 1074K, committed 1216K, reserved 1114112K
  class space    used 81K, committed 128K, reserved 1048576K
}
Event: 1.012 GC heap after
{Heap after GC invocations=1 (full 0):
 garbage-first heap   total 129024K, used 3178K [0x0000000080000000, 0x0000000100000000)
  region size 1024K, 3 young (3072K), 3 survivors (3072K)
 Metaspace       used 1074K, committed 1216K, reserved 1114112K
  class space    used 81K, committed 128K, reserved 1048576K
}
Event: 1.788 GC heap before
{Heap before GC invocations=1 (full 0):
 garbage-first heap   total 129024K, used 39018K [0x0000000080000000, 0x0000000100000000)
  region size 1024K, 36 young (36864K), 3 survivors (3072K)
 Metaspace       used 4350K, committed 4544K, reserved 1114112K
  class space    used 549K, committed 640K, reserved 1048576K
}
Event: 1.803 GC heap after
{Heap after GC invocations=2 (full 0):
 garbage-first heap   total 129024K, used 11184K [0x0000000080000000, 0x0000000100000000)
  region size 1024K, 5 young (5120K), 5 survivors (5120K)
 Metaspace       used 4350K, committed 4544K, reserved 1114112K
  class space    used 549K, committed 640K, reserved 1048576K
}
Event: 2.631 GC heap before
{Heap before GC invocations=2 (full 0):
 garbage-first heap   total 129024K, used 57264K [0x0000000080000000, 0x0000000100000000)
  region size 1024K, 49 young (50176K), 5 survivors (5120K)
 Metaspace       used 4876K, committed 5120K, reserved 1114112K
  class space    used 641K, committed 768K, reserved 1048576K
}
Event: 2.644 GC heap after
{Heap after GC invocations=3 (full 0):
 garbage-first heap   total 129024K, used 16940K [0x0000000080000000, 0x0000000100000000)
  region size 1024K, 5 young (5120K), 5 survivors (5120K)
 Metaspace       used 4876K, committed 5120K, reserved 1114112K
  class space    used 641K, committed 768K, reserved 1048576K
}
Event: 5.138 GC heap before
{Heap before GC invocations=3 (full 0):
 garbage-first heap   total 129024K, used 87596K [0x0000000080000000, 0x0000000100000000)
  region size 1024K, 75 young (76800K), 5 survivors (5120K)
 Metaspace       used 18205K, committed 18816K, reserved 1114112K
  class space    used 2636K, committed 2880K, reserved 1048576K
}
Event: 5.167 GC heap after
{Heap after GC invocations=4 (full 0):
 garbage-first heap   total 129024K, used 22570K [0x0000000080000000, 0x0000000100000000)
  region size 1024K, 10 young (10240K), 10 survivors (10240K)
 Metaspace       used 18205K, committed 18816K, reserved 1114112K
  class space    used 2636K, committed 2880K, reserved 1048576K
}

Dll operation events (14 events):
Event: 0.018 Loaded shared library C:\Users\User\.cursor\extensions\redhat.java-1.54.0-win32-x64\jre\21.0.10-win32-x86_64\bin\java.dll
Event: 0.308 Loaded shared library C:\Users\User\.cursor\extensions\redhat.java-1.54.0-win32-x64\jre\21.0.10-win32-x86_64\bin\zip.dll
Event: 0.371 Loaded shared library C:\Users\User\.cursor\extensions\redhat.java-1.54.0-win32-x64\jre\21.0.10-win32-x86_64\bin\instrument.dll
Event: 0.402 Loaded shared library C:\Users\User\.cursor\extensions\redhat.java-1.54.0-win32-x64\jre\21.0.10-win32-x86_64\bin\net.dll
Event: 0.408 Loaded shared library C:\Users\User\.cursor\extensions\redhat.java-1.54.0-win32-x64\jre\21.0.10-win32-x86_64\bin\nio.dll
Event: 0.415 Loaded shared library C:\Users\User\.cursor\extensions\redhat.java-1.54.0-win32-x64\jre\21.0.10-win32-x86_64\bin\zip.dll
Event: 0.915 Loaded shared library C:\Users\User\.cursor\extensions\redhat.java-1.54.0-win32-x64\jre\21.0.10-win32-x86_64\bin\jimage.dll
Event: 1.094 Loaded shared library C:\Users\User\.cursor\extensions\redhat.java-1.54.0-win32-x64\jre\21.0.10-win32-x86_64\bin\verify.dll
Event: 1.247 Loaded shared library C:\Users\User\.gradle\native\c067742578af261105cb4f569cf0c3c89f3d7b1fecec35dd04571415982c5e48\windows-amd64\native-platform.dll
Event: 1.252 Loaded shared library C:\Users\User\.gradle\native\100fb08df4bc3b14c8652ba06237920a3bd2aa13389f12d3474272988ae205f9\windows-amd64\native-platform-file-events.dll
Event: 2.830 Loaded shared library C:\Users\User\.cursor\extensions\redhat.java-1.54.0-win32-x64\jre\21.0.10-win32-x86_64\bin\management.dll
Event: 2.835 Loaded shared library C:\Users\User\.cursor\extensions\redhat.java-1.54.0-win32-x64\jre\21.0.10-win32-x86_64\bin\management_ext.dll
Event: 3.137 Loaded shared library C:\Users\User\.cursor\extensions\redhat.java-1.54.0-win32-x64\jre\21.0.10-win32-x86_64\bin\extnet.dll
Event: 3.337 Loaded shared library C:\Users\User\.cursor\extensions\redhat.java-1.54.0-win32-x64\jre\21.0.10-win32-x86_64\bin\sunmscapi.dll

Deoptimization events (20 events):
Event: 4.486 Thread 0x0000023af0f8b0d0 DEOPT PACKING pc=0x0000023a9cdf271c sp=0x000000f33f8fb420
Event: 4.486 Thread 0x0000023af0f8b0d0 DEOPT UNPACKING pc=0x0000023a9c814422 sp=0x000000f33f8fb3f0 mode 2
Event: 4.560 Thread 0x0000023af0f8b0d0 DEOPT PACKING pc=0x0000023a953c8c6a sp=0x000000f33f8fb3b0
Event: 4.560 Thread 0x0000023af0f8b0d0 DEOPT UNPACKING pc=0x0000023a9c814bc2 sp=0x000000f33f8fa7e8 mode 0
Event: 4.571 Thread 0x0000023af0f8b0d0 Uncommon trap: trap_request=0xffffff45 fr.pc=0x0000023a9cd8f21c relative=0x00000000000000fc
Event: 4.571 Thread 0x0000023af0f8b0d0 Uncommon trap: reason=unstable_if action=reinterpret pc=0x0000023a9cd8f21c method=java.util.HashMap.hash(Ljava/lang/Object;)I @ 1 c2
Event: 4.571 Thread 0x0000023af0f8b0d0 DEOPT PACKING pc=0x0000023a9cd8f21c sp=0x000000f33f8fc480
Event: 4.571 Thread 0x0000023af0f8b0d0 DEOPT UNPACKING pc=0x0000023a9c814422 sp=0x000000f33f8fc3c0 mode 2
Event: 4.629 Thread 0x0000023af0f8b0d0 DEOPT PACKING pc=0x0000023a956da5e1 sp=0x000000f33f8fbf10
Event: 4.630 Thread 0x0000023af0f8b0d0 DEOPT UNPACKING pc=0x0000023a9c814bc2 sp=0x000000f33f8fb420 mode 0
Event: 4.644 Thread 0x0000023af0f8b0d0 DEOPT PACKING pc=0x0000023a956da5e1 sp=0x000000f33f8fcfe0
Event: 4.644 Thread 0x0000023af0f8b0d0 DEOPT UNPACKING pc=0x0000023a9c814bc2 sp=0x000000f33f8fc4f0 mode 0
Event: 4.893 Thread 0x0000023af0f8b0d0 DEOPT PACKING pc=0x0000023a956da5e1 sp=0x000000f33f8fb990
Event: 4.893 Thread 0x0000023af0f8b0d0 DEOPT UNPACKING pc=0x0000023a9c814bc2 sp=0x000000f33f8faea0 mode 0
Event: 4.936 Thread 0x0000023af0f8b0d0 DEOPT PACKING pc=0x0000023a956da602 sp=0x000000f33f8fbf60
Event: 4.936 Thread 0x0000023af0f8b0d0 DEOPT UNPACKING pc=0x0000023a9c814bc2 sp=0x000000f33f8fb470 mode 0
Event: 4.965 Thread 0x0000023af0f8b0d0 DEOPT PACKING pc=0x0000023a956da602 sp=0x000000f33f8face0
Event: 4.965 Thread 0x0000023af0f8b0d0 DEOPT UNPACKING pc=0x0000023a9c814bc2 sp=0x000000f33f8fa1f0 mode 0
Event: 4.972 Thread 0x0000023af0f8b0d0 DEOPT PACKING pc=0x0000023a9567db1f sp=0x000000f33f8fb990
Event: 4.972 Thread 0x0000023af0f8b0d0 DEOPT UNPACKING pc=0x0000023a9c814bc2 sp=0x000000f33f8fae68 mode 0

Classes loaded (20 events):
Event: 4.687 Loading class java/lang/invoke/BoundMethodHandle$Species_LLLLLLLLLLLLLLLLLLLLLL
Event: 4.687 Loading class java/lang/invoke/BoundMethodHandle$Species_LLLLLLLLLLLLLLLLLLLLLL done
Event: 4.688 Loading class java/lang/invoke/BoundMethodHandle$Species_LLLLLLLLLLLLLLLLLLLLLLL
Event: 4.688 Loading class java/lang/invoke/BoundMethodHandle$Species_LLLLLLLLLLLLLLLLLLLLLLL done
Event: 4.815 Loading class java/util/function/LongFunction
Event: 4.815 Loading class java/util/function/LongFunction done
Event: 4.889 Loading class java/security/InvalidKeyException
Event: 4.889 Loading class java/security/KeyException
Event: 4.889 Loading class java/security/KeyException done
Event: 4.889 Loading class java/security/InvalidKeyException done
Event: 4.980 Loading class java/io/ObjectInputStream
Event: 4.982 Loading class java/io/ObjectInput
Event: 4.982 Loading class java/io/ObjectInput done
Event: 4.982 Loading class java/io/ObjectStreamConstants
Event: 4.982 Loading class java/io/ObjectStreamConstants done
Event: 4.982 Loading class java/io/ObjectInputStream done
Event: 4.983 Loading class java/io/ObjectOutputStream
Event: 4.983 Loading class java/io/ObjectOutput
Event: 4.984 Loading class java/io/ObjectOutput done
Event: 4.984 Loading class java/io/ObjectOutputStream done

Classes unloaded (0 events):
No events

Classes redefined (0 events):
No events

Internal exceptions (20 events):
Event: 4.539 Thread 0x0000023af0f8b0d0 Exception <a 'java/lang/IncompatibleClassChangeError'{0x00000000845143b0}: Found class java.lang.Object, but interface was expected> (0x00000000845143b0) 
thrown [s\src\hotspot\share\interpreter\linkResolver.cpp, line 840]
Event: 4.571 Thread 0x0000023af0f8b0d0 Implicit null exception at 0x0000023a9cd8f166 to 0x0000023a9cd8f212
Event: 4.600 Thread 0x0000023af0f8b0d0 Exception <a 'java/lang/NoSuchMethodError'{0x0000000084301900}: 'int java.lang.invoke.DirectMethodHandle$Holder.invokeStatic(java.lang.Object, java.lang.Object, java.lang.Object, java.lang.Object)'> (0x0000000084301900) 
thrown [s\src\hotspot\share\interpreter\linkResolver.cpp, line 773]
Event: 4.663 Thread 0x0000023af0f8b0d0 Exception <a 'java/lang/NoSuchMethodError'{0x00000000842ef948}: 'java.lang.Object java.lang.invoke.DelegatingMethodHandle$Holder.reinvoke_L(java.lang.Object, java.lang.Object, java.lang.Object, java.lang.Object, java.lang.Object, java.lang.Object, java.lang.Object, java.lang.Object, java.lang.Object, java.lang.Object, java.lang.Object, java.lang.Object, java.lang.Object, java.lang.Object, java.lang.Object, java.lang.Object, java.lang.Object, java.lang.Object, java.lang.Object, java.lang.Object, java.lang.O
Event: 4.668 Thread 0x0000023af0f8b0d0 Exception <a 'java/lang/NoSuchMethodError'{0x000000008415d438}: 'java.lang.Object java.lang.invoke.DirectMethodHandle$Holder.invokeStatic(java.lang.Object, java.lang.Object, java.lang.Object, java.lang.Object, java.lang.Object, java.lang.Object, java.lang.Object, java.lang.Object, java.lang.Object, java.lang.Object, java.lang.Object, java.lang.Object, java.lang.Object, java.lang.Object, java.lang.Object, java.lang.Object, java.lang.Object)'> (0x000000008415d438) 
thrown [s\src\hotspot\share\interpreter\lin
Event: 4.671 Thread 0x0000023af0f8b0d0 Exception <a 'java/lang/NoSuchMethodError'{0x0000000084186438}: 'java.lang.Object java.lang.invoke.DirectMethodHandle$Holder.invokeStatic(java.lang.Object, java.lang.Object, java.lang.Object, java.lang.Object, java.lang.Object, java.lang.Object, java.lang.Object, java.lang.Object, java.lang.Object, java.lang.Object, java.lang.Object, java.lang.Object, java.lang.Object, java.lang.Object, java.lang.Object, java.lang.Object, java.lang.Object, java.lang.Object)'> (0x0000000084186438) 
thrown [s\src\hotspot\sha
Event: 4.673 Thread 0x0000023af0f8b0d0 Exception <a 'java/lang/NoSuchMethodError'{0x00000000841b0500}: 'java.lang.Object java.lang.invoke.DirectMethodHandle$Holder.invokeStatic(java.lang.Object, java.lang.Object, java.lang.Object, java.lang.Object, java.lang.Object, java.lang.Object, java.lang.Object, java.lang.Object, java.lang.Object, java.lang.Object, java.lang.Object, java.lang.Object, java.lang.Object, java.lang.Object, java.lang.Object, java.lang.Object, java.lang.Object, java.lang.Object, java.lang.Object)'> (0x00000000841b0500) 
thrown 
Event: 4.676 Thread 0x0000023af0f8b0d0 Exception <a 'java/lang/NoSuchMethodError'{0x00000000841db9f0}: 'java.lang.Object java.lang.invoke.DirectMethodHandle$Holder.invokeStatic(java.lang.Object, java.lang.Object, java.lang.Object, java.lang.Object, java.lang.Object, java.lang.Object, java.lang.Object, java.lang.Object, java.lang.Object, java.lang.Object, java.lang.Object, java.lang.Object, java.lang.Object, java.lang.Object, java.lang.Object, java.lang.Object, java.lang.Object, java.lang.Object, java.lang.Object, java.lang.Object)'> (0x00000000
Event: 4.680 Thread 0x0000023af0f8b0d0 Exception <a 'java/lang/NoSuchMethodError'{0x0000000084008590}: 'java.lang.Object java.lang.invoke.DirectMethodHandle$Holder.invokeStatic(java.lang.Object, java.lang.Object, java.lang.Object, java.lang.Object, java.lang.Object, java.lang.Object, java.lang.Object, java.lang.Object, java.lang.Object, java.lang.Object, java.lang.Object, java.lang.Object, java.lang.Object, java.lang.Object, java.lang.Object, java.lang.Object, java.lang.Object, java.lang.Object, java.lang.Object, java.lang.Object, java.lang.Obj
Event: 4.683 Thread 0x0000023af0f8b0d0 Exception <a 'java/lang/NoSuchMethodError'{0x0000000084035d70}: 'java.lang.Object java.lang.invoke.DirectMethodHandle$Holder.invokeStatic(java.lang.Object, java.lang.Object, java.lang.Object, java.lang.Object, java.lang.Object, java.lang.Object, java.lang.Object, java.lang.Object, java.lang.Object, java.lang.Object, java.lang.Object, java.lang.Object, java.lang.Object, java.lang.Object, java.lang.Object, java.lang.Object, java.lang.Object, java.lang.Object, java.lang.Object, java.lang.Object, java.lang.Obj
Event: 4.684 Thread 0x0000023af0f8b0d0 Exception <a 'java/lang/NoSuchMethodError'{0x0000000084064068}: 'java.lang.Object java.lang.invoke.DirectMethodHandle$Holder.invokeStatic(java.lang.Object, java.lang.Object, java.lang.Object, java.lang.Object, java.lang.Object, java.lang.Object, java.lang.Object, java.lang.Object, java.lang.Object, java.lang.Object, java.lang.Object, java.lang.Object, java.lang.Object, java.lang.Object, java.lang.Object, java.lang.Object, java.lang.Object, java.lang.Object, java.lang.Object, java.lang.Object, java.lang.Obj
Event: 4.686 Thread 0x0000023af0f8b0d0 Exception <a 'java/lang/NoSuchMethodError'{0x0000000084093510}: 'java.lang.Object java.lang.invoke.DirectMethodHandle$Holder.invokeStatic(java.lang.Object, java.lang.Object, java.lang.Object, java.lang.Object, java.lang.Object, java.lang.Object, java.lang.Object, java.lang.Object, java.lang.Object, java.lang.Object, java.lang.Object, java.lang.Object, java.lang.Object, java.lang.Object, java.lang.Object, java.lang.Object, java.lang.Object, java.lang.Object, java.lang.Object, java.lang.Object, java.lang.Obj
Event: 4.688 Thread 0x0000023af0f8b0d0 Exception <a 'java/lang/NoSuchMethodError'{0x00000000840c3328}: 'java.lang.Object java.lang.invoke.DirectMethodHandle$Holder.invokeStatic(java.lang.Object, java.lang.Object, java.lang.Object, java.lang.Object, java.lang.Object, java.lang.Object, java.lang.Object, java.lang.Object, java.lang.Object, java.lang.Object, java.lang.Object, java.lang.Object, java.lang.Object, java.lang.Object, java.lang.Object, java.lang.Object, java.lang.Object, java.lang.Object, java.lang.Object, java.lang.Object, java.lang.Obj
Event: 4.689 Thread 0x0000023af0f8b0d0 Exception <a 'java/lang/NoSuchMethodError'{0x00000000840f4d08}: 'java.lang.Object java.lang.invoke.DirectMethodHandle$Holder.invokeStatic(java.lang.Object, java.lang.Object, java.lang.Object, java.lang.Object, java.lang.Object, java.lang.Object, java.lang.Object, java.lang.Object, java.lang.Object, java.lang.Object, java.lang.Object, java.lang.Object, java.lang.Object, java.lang.Object, java.lang.Object, java.lang.Object, java.lang.Object, java.lang.Object, java.lang.Object, java.lang.Object, java.lang.Obj
Event: 4.951 Thread 0x0000023af0f8b0d0 Exception <a 'java/lang/IncompatibleClassChangeError'{0x00000000837c67d8}: Found class java.lang.Object, but interface was expected> (0x00000000837c67d8) 
thrown [s\src\hotspot\share\interpreter\linkResolver.cpp, line 840]
Event: 4.958 Thread 0x0000023af0f8b0d0 Exception <a 'java/lang/NoSuchMethodError'{0x00000000837f3488}: 'java.lang.Object java.lang.invoke.DirectMethodHandle$Holder.newInvokeSpecial(java.lang.Object, java.lang.Object, java.lang.Object, java.lang.Object, java.lang.Object, java.lang.Object, java.lang.Object, java.lang.Object, java.lang.Object, java.lang.Object)'> (0x00000000837f3488) 
thrown [s\src\hotspot\share\interpreter\linkResolver.cpp, line 773]
Event: 4.993 Thread 0x0000023af0f8b0d0 Exception <a 'java/lang/NoSuchMethodError'{0x0000000083517d98}: 'java.lang.Object java.lang.invoke.DirectMethodHandle$Holder.newInvokeSpecial(java.lang.Object, java.lang.Object, java.lang.Object, java.lang.Object, java.lang.Object, java.lang.Object, java.lang.Object, java.lang.Object)'> (0x0000000083517d98) 
thrown [s\src\hotspot\share\interpreter\linkResolver.cpp, line 773]
Event: 5.019 Thread 0x0000023af0f8b0d0 Exception <a 'java/lang/NoSuchMethodError'{0x00000000835ca0e0}: 'int java.lang.invoke.DirectMethodHandle$Holder.invokeStaticInit(java.lang.Object, java.lang.Object, java.lang.Object)'> (0x00000000835ca0e0) 
thrown [s\src\hotspot\share\interpreter\linkResolver.cpp, line 773]
Event: 5.334 Thread 0x0000023af0f8b0d0 Exception <a 'java/lang/NoSuchMethodError'{0x0000000087ad1580}: 'java.lang.Object java.lang.invoke.DirectMethodHandle$Holder.invokeVirtual(java.lang.Object, java.lang.Object, java.lang.Object, java.lang.Object, java.lang.Object, java.lang.Object, java.lang.Object, java.lang.Object, java.lang.Object, java.lang.Object, java.lang.Object, java.lang.Object, java.lang.Object, java.lang.Object, java.lang.Object, java.lang.Object, java.lang.Object, java.lang.Object, java.lang.Object, java.lang.Object, java.lang.Ob
Event: 5.365 Thread 0x0000023af0f8b0d0 Exception <a 'java/lang/NoSuchMethodError'{0x0000000087943290}: 'java.lang.Object java.lang.invoke.DirectMethodHandle$Holder.invokeSpecial(java.lang.Object, java.lang.Object, java.lang.Object, java.lang.Object, java.lang.Object, java.lang.Object, java.lang.Object, java.lang.Object, java.lang.Object, java.lang.Object, java.lang.Object, java.lang.Object, java.lang.Object, java.lang.Object, java.lang.Object, java.lang.Object, java.lang.Object, java.lang.Object, java.lang.Object, java.lang.Object, java.lang.Ob

ZGC Phase Switch (0 events):
No events

VM Operations (20 events):
Event: 3.039 Executing non-safepoint VM operation: HandshakeAllThreads (Deoptimize)
Event: 3.039 Executing non-safepoint VM operation: HandshakeAllThreads (Deoptimize) done
Event: 3.105 Executing non-safepoint VM operation: HandshakeAllThreads (Deoptimize)
Event: 3.105 Executing non-safepoint VM operation: HandshakeAllThreads (Deoptimize) done
Event: 3.227 Executing non-safepoint VM operation: HandshakeAllThreads (Deoptimize)
Event: 3.227 Executing non-safepoint VM operation: HandshakeAllThreads (Deoptimize) done
Event: 3.347 Executing non-safepoint VM operation: HandshakeAllThreads (Deoptimize)
Event: 3.347 Executing non-safepoint VM operation: HandshakeAllThreads (Deoptimize) done
Event: 3.577 Executing safepoint VM operation: ICBufferFull
Event: 3.577 Executing safepoint VM operation: ICBufferFull done
Event: 4.384 Executing non-safepoint VM operation: HandshakeAllThreads (Deoptimize)
Event: 4.384 Executing non-safepoint VM operation: HandshakeAllThreads (Deoptimize) done
Event: 4.700 Executing non-safepoint VM operation: HandshakeAllThreads (Deoptimize)
Event: 4.700 Executing non-safepoint VM operation: HandshakeAllThreads (Deoptimize) done
Event: 4.700 Executing safepoint VM operation: Cleanup
Event: 4.700 Executing safepoint VM operation: Cleanup done
Event: 4.701 Executing non-safepoint VM operation: HandshakeAllThreads (Deoptimize)
Event: 4.701 Executing non-safepoint VM operation: HandshakeAllThreads (Deoptimize) done
Event: 5.138 Executing safepoint VM operation: G1CollectForAllocation (G1 Evacuation Pause)
Event: 5.167 Executing safepoint VM operation: G1CollectForAllocation (G1 Evacuation Pause) done

Memory protections (0 events):
No events

Nmethod flushes (0 events):
No events

Events (20 events):
Event: 0.153 Thread 0x0000023a9208d500 Thread added: 0x0000023aa9c3e120
Event: 0.153 Thread 0x0000023a9208d500 Thread added: 0x0000023aa9c3eb80
Event: 0.153 Thread 0x0000023a9208d500 Thread added: 0x0000023aa9c3f910
Event: 0.176 Thread 0x0000023a9208d500 Thread added: 0x0000023aa9c44cf0
Event: 0.388 Thread 0x0000023a9208d500 Thread added: 0x0000023aef2c6f50
Event: 0.459 Thread 0x0000023a9208d500 Thread added: 0x0000023aef223dc0
Event: 2.887 Thread 0x0000023a9208d500 Thread added: 0x0000023af0cdf960
Event: 3.179 Thread 0x0000023a9208d500 Thread added: 0x0000023af0d9bbf0
Event: 3.318 Thread 0x0000023a9208d500 Thread added: 0x0000023af0edd530
Event: 3.407 Thread 0x0000023af0d9bbf0 Thread added: 0x0000023af0d43980
Event: 3.416 Thread 0x0000023af0d43980 Thread added: 0x0000023af0d45000
Event: 3.502 Thread 0x0000023af0d43980 Thread added: 0x0000023af0d45c40
Event: 3.517 Thread 0x0000023af0d43980 Thread added: 0x0000023af0f8b0d0
Event: 3.537 Thread 0x0000023af0f8b0d0 Thread added: 0x0000023af0f8d1a0
Event: 3.545 Thread 0x0000023af0f8b0d0 Thread added: 0x0000023af0f8b760
Event: 3.548 Thread 0x0000023af0f8b0d0 Thread added: 0x0000023af0f8bdf0
Event: 4.384 Thread 0x0000023af0f8b0d0 Thread added: 0x0000023af0f8dec0
Event: 4.398 Thread 0x0000023af0f8b0d0 Thread added: 0x0000023af0f8c480
Event: 4.438 Thread 0x0000023af0f8b0d0 Thread added: 0x0000023af0f8cb10
Event: 4.742 Thread 0x0000023af0f8c480 Thread added: 0x0000023af0f8d830


Dynamic libraries:
0x00007ff77f8e0000 - 0x00007ff77f8ee000 	C:\Users\User\.cursor\extensions\redhat.java-1.54.0-win32-x64\jre\21.0.10-win32-x86_64\bin\java.exe
0x00007ff843140000 - 0x00007ff8433a7000 	C:\WINDOWS\SYSTEM32\ntdll.dll
0x00007ff8429f0000 - 0x00007ff842ab9000 	C:\WINDOWS\System32\KERNEL32.DLL
0x00007ff840180000 - 0x00007ff840574000 	C:\WINDOWS\System32\KERNELBASE.dll
0x00007ff840030000 - 0x00007ff84017b000 	C:\WINDOWS\System32\ucrtbase.dll
0x00007ff8169d0000 - 0x00007ff8169e8000 	C:\Users\User\.cursor\extensions\redhat.java-1.54.0-win32-x64\jre\21.0.10-win32-x86_64\bin\jli.dll
0x00007ff8169f0000 - 0x00007ff816a0e000 	C:\Users\User\.cursor\extensions\redhat.java-1.54.0-win32-x64\jre\21.0.10-win32-x86_64\bin\VCRUNTIME140.dll
0x00007ff841cd0000 - 0x00007ff841e95000 	C:\WINDOWS\System32\USER32.dll
0x00007ff840580000 - 0x00007ff8405a7000 	C:\WINDOWS\System32\win32u.dll
0x00007ff828980000 - 0x00007ff828c13000 	C:\WINDOWS\WinSxS\amd64_microsoft.windows.common-controls_6595b64144ccf1df_6.0.26100.8115_none_3e075c82e3354f9c\COMCTL32.dll
0x00007ff841ca0000 - 0x00007ff841ccb000 	C:\WINDOWS\System32\GDI32.dll
0x00007ff8420e0000 - 0x00007ff842189000 	C:\WINDOWS\System32\msvcrt.dll
0x00007ff83fc10000 - 0x00007ff83fd3b000 	C:\WINDOWS\System32\gdi32full.dll
0x00007ff83fad0000 - 0x00007ff83fb73000 	C:\WINDOWS\System32\msvcp_win.dll
0x00007ff842220000 - 0x00007ff842252000 	C:\WINDOWS\System32\IMM32.DLL
0x00007ff82d160000 - 0x00007ff82d16c000 	C:\Users\User\.cursor\extensions\redhat.java-1.54.0-win32-x64\jre\21.0.10-win32-x86_64\bin\vcruntime140_1.dll
0x00007ff803e30000 - 0x00007ff803ebd000 	C:\Users\User\.cursor\extensions\redhat.java-1.54.0-win32-x64\jre\21.0.10-win32-x86_64\bin\msvcp140.dll
0x00007fff85000000 - 0x00007fff85da1000 	C:\Users\User\.cursor\extensions\redhat.java-1.54.0-win32-x64\jre\21.0.10-win32-x86_64\bin\server\jvm.dll
0x00007ff841400000 - 0x00007ff8414b6000 	C:\WINDOWS\System32\ADVAPI32.dll
0x00007ff842ac0000 - 0x00007ff842b67000 	C:\WINDOWS\System32\sechost.dll
0x00007ff8411e0000 - 0x00007ff8412f8000 	C:\WINDOWS\System32\RPCRT4.dll
0x00007ff842050000 - 0x00007ff8420d0000 	C:\WINDOWS\System32\WS2_32.dll
0x00007ff83f870000 - 0x00007ff83f8ce000 	C:\WINDOWS\SYSTEM32\POWRPROF.dll
0x00007ff828770000 - 0x00007ff8287a6000 	C:\WINDOWS\SYSTEM32\WINMM.dll
0x00007ff836980000 - 0x00007ff83698b000 	C:\WINDOWS\SYSTEM32\VERSION.dll
0x00007ff83f850000 - 0x00007ff83f864000 	C:\WINDOWS\SYSTEM32\UMPDC.dll
0x00007ff83e7a0000 - 0x00007ff83e7bb000 	C:\WINDOWS\SYSTEM32\kernel.appcore.dll
0x00007ff82ad00000 - 0x00007ff82ad0a000 	C:\Users\User\.cursor\extensions\redhat.java-1.54.0-win32-x64\jre\21.0.10-win32-x86_64\bin\jimage.dll
0x00007ff811be0000 - 0x00007ff811e22000 	C:\WINDOWS\SYSTEM32\DBGHELP.DLL
0x00007ff842d70000 - 0x00007ff8430f2000 	C:\WINDOWS\System32\combase.dll
0x00007ff841f70000 - 0x00007ff842048000 	C:\WINDOWS\System32\OLEAUT32.dll
0x00007ff81d710000 - 0x00007ff81d74b000 	C:\WINDOWS\SYSTEM32\dbgcore.DLL
0x00007ff8405b0000 - 0x00007ff840655000 	C:\WINDOWS\System32\bcryptPrimitives.dll
0x00007ff82a9b0000 - 0x00007ff82a9bf000 	C:\Users\User\.cursor\extensions\redhat.java-1.54.0-win32-x64\jre\21.0.10-win32-x86_64\bin\instrument.dll
0x00007ff8156e0000 - 0x00007ff815700000 	C:\Users\User\.cursor\extensions\redhat.java-1.54.0-win32-x64\jre\21.0.10-win32-x86_64\bin\java.dll
0x00007ff841530000 - 0x00007ff841c97000 	C:\WINDOWS\System32\SHELL32.dll
0x00007ff83fec0000 - 0x00007ff84002a000 	C:\WINDOWS\System32\wintypes.dll
0x00007ff840660000 - 0x00007ff840ec8000 	C:\WINDOWS\System32\windows.storage.dll
0x00007ff842400000 - 0x00007ff8424f8000 	C:\WINDOWS\System32\SHCORE.dll
0x00007ff8414c0000 - 0x00007ff841526000 	C:\WINDOWS\System32\shlwapi.dll
0x00007ff83f930000 - 0x00007ff83f959000 	C:\WINDOWS\SYSTEM32\profapi.dll
0x00007ff8156c0000 - 0x00007ff8156d8000 	C:\Users\User\.cursor\extensions\redhat.java-1.54.0-win32-x64\jre\21.0.10-win32-x86_64\bin\zip.dll
0x00007ff82ac20000 - 0x00007ff82ac30000 	C:\Users\User\.cursor\extensions\redhat.java-1.54.0-win32-x64\jre\21.0.10-win32-x86_64\bin\net.dll
0x00007ff839500000 - 0x00007ff83962d000 	C:\WINDOWS\SYSTEM32\WINHTTP.dll
0x00007ff83ed10000 - 0x00007ff83ed7c000 	C:\WINDOWS\system32\mswsock.dll
0x00007ff8139a0000 - 0x00007ff8139b6000 	C:\Users\User\.cursor\extensions\redhat.java-1.54.0-win32-x64\jre\21.0.10-win32-x86_64\bin\nio.dll
0x00007ff82a830000 - 0x00007ff82a840000 	C:\Users\User\.cursor\extensions\redhat.java-1.54.0-win32-x64\jre\21.0.10-win32-x86_64\bin\verify.dll
0x00007fffcebc0000 - 0x00007fffcebe7000 	C:\Users\User\.gradle\native\c067742578af261105cb4f569cf0c3c89f3d7b1fecec35dd04571415982c5e48\windows-amd64\native-platform.dll
0x00007ff826ca0000 - 0x00007ff826de4000 	C:\Users\User\.gradle\native\100fb08df4bc3b14c8652ba06237920a3bd2aa13389f12d3474272988ae205f9\windows-amd64\native-platform-file-events.dll
0x00007ff82a570000 - 0x00007ff82a57a000 	C:\Users\User\.cursor\extensions\redhat.java-1.54.0-win32-x64\jre\21.0.10-win32-x86_64\bin\management.dll
0x00007ff828580000 - 0x00007ff82858c000 	C:\Users\User\.cursor\extensions\redhat.java-1.54.0-win32-x64\jre\21.0.10-win32-x86_64\bin\management_ext.dll
0x00007ff842990000 - 0x00007ff842998000 	C:\WINDOWS\System32\PSAPI.DLL
0x00007ff83eff0000 - 0x00007ff83f00b000 	C:\WINDOWS\SYSTEM32\CRYPTSP.dll
0x00007ff83e700000 - 0x00007ff83e739000 	C:\WINDOWS\system32\rsaenh.dll
0x00007ff83edc0000 - 0x00007ff83edf3000 	C:\WINDOWS\SYSTEM32\USERENV.dll
0x00007ff83f900000 - 0x00007ff83f92a000 	C:\WINDOWS\SYSTEM32\bcrypt.dll
0x00007ff83f010000 - 0x00007ff83f01c000 	C:\WINDOWS\SYSTEM32\CRYPTBASE.dll
0x00007ff83e1a0000 - 0x00007ff83e1d2000 	C:\WINDOWS\SYSTEM32\IPHLPAPI.DLL
0x00007ff840fb0000 - 0x00007ff840fba000 	C:\WINDOWS\System32\NSI.dll
0x00007ff82a580000 - 0x00007ff82a589000 	C:\Users\User\.cursor\extensions\redhat.java-1.54.0-win32-x64\jre\21.0.10-win32-x86_64\bin\extnet.dll
0x00007ff83b650000 - 0x00007ff83b65e000 	C:\Users\User\.cursor\extensions\redhat.java-1.54.0-win32-x64\jre\21.0.10-win32-x86_64\bin\sunmscapi.dll
0x00007ff83fd40000 - 0x00007ff83feb7000 	C:\WINDOWS\System32\CRYPT32.dll
0x00007ff83f210000 - 0x00007ff83f240000 	C:\WINDOWS\SYSTEM32\ncrypt.dll
0x00007ff83f1c0000 - 0x00007ff83f1ff000 	C:\WINDOWS\SYSTEM32\NTASN1.dll
0x00007ff81b7d0000 - 0x00007ff81b7d8000 	C:\WINDOWS\system32\wshunix.dll

JVMTI agents:
C:\Users\User\.gradle\wrapper\dists\gradle-8.11.1-bin\bpt9gzteqjrbo1mjrsomdt32c\gradle-8.11.1\lib\agents\gradle-instrumentation-agent-8.11.1.jar path:C:\Users\User\.cursor\extensions\redhat.java-1.54.0-win32-x64\jre\21.0.10-win32-x86_64\bin\instrument.dll, loaded, initialized, instrumentlib options:none

dbghelp: loaded successfully - version: 4.0.5 - missing functions: none
symbol engine: initialized successfully - sym options: 0x614 - pdb path: .;C:\Users\User\.cursor\extensions\redhat.java-1.54.0-win32-x64\jre\21.0.10-win32-x86_64\bin;C:\WINDOWS\SYSTEM32;C:\WINDOWS\WinSxS\amd64_microsoft.windows.common-controls_6595b64144ccf1df_6.0.26100.8115_none_3e075c82e3354f9c;C:\Users\User\.cursor\extensions\redhat.java-1.54.0-win32-x64\jre\21.0.10-win32-x86_64\bin\server;C:\Users\User\.gradle\native\c067742578af261105cb4f569cf0c3c89f3d7b1fecec35dd04571415982c5e48\windows-amd64;C:\Users\User\.gradle\native\100fb08df4bc3b14c8652ba06237920a3bd2aa13389f12d3474272988ae205f9\windows-amd64

VM Arguments:
jvm_args: --add-opens=java.base/java.lang=ALL-UNNAMED --add-opens=java.base/java.lang.invoke=ALL-UNNAMED --add-opens=java.base/java.util=ALL-UNNAMED --add-opens=java.prefs/java.util.prefs=ALL-UNNAMED --add-exports=jdk.compiler/com.sun.tools.javac.api=ALL-UNNAMED --add-exports=jdk.compiler/com.sun.tools.javac.util=ALL-UNNAMED --add-opens=java.base/java.util=ALL-UNNAMED --add-opens=java.prefs/java.util.prefs=ALL-UNNAMED --add-opens=java.base/java.nio.charset=ALL-UNNAMED --add-opens=java.base/java.net=ALL-UNNAMED --add-opens=java.base/java.util.concurrent.atomic=ALL-UNNAMED --add-opens=java.xml/javax.xml.namespace=ALL-UNNAMED -Xmx2048m -Dfile.encoding=UTF-8 -Duser.country=US -Duser.language=en -Duser.variant -javaagent:C:\Users\User\.gradle\wrapper\dists\gradle-8.11.1-bin\bpt9gzteqjrbo1mjrsomdt32c\gradle-8.11.1\lib\agents\gradle-instrumentation-agent-8.11.1.jar 
java_command: org.gradle.launcher.daemon.bootstrap.GradleDaemon 8.11.1
java_class_path (initial): C:\Users\User\.gradle\wrapper\dists\gradle-8.11.1-bin\bpt9gzteqjrbo1mjrsomdt32c\gradle-8.11.1\lib\gradle-daemon-main-8.11.1.jar
Launcher Type: SUN_STANDARD

[Global flags]
     intx CICompilerCount                          = 4                                         {product} {ergonomic}
     uint ConcGCThreads                            = 3                                         {product} {ergonomic}
     uint G1ConcRefinementThreads                  = 10                                        {product} {ergonomic}
   size_t G1HeapRegionSize                         = 1048576                                   {product} {ergonomic}
    uintx GCDrainStackTargetSize                   = 64                                        {product} {ergonomic}
   size_t InitialHeapSize                          = 132120576                                 {product} {ergonomic}
   size_t MarkStackSize                            = 4194304                                   {product} {ergonomic}
   size_t MaxHeapSize                              = 2147483648                                {product} {command line}
   size_t MaxNewSize                               = 1287651328                                {product} {ergonomic}
   size_t MinHeapDeltaBytes                        = 1048576                                   {product} {ergonomic}
   size_t MinHeapSize                              = 8388608                                   {product} {ergonomic}
    uintx NonNMethodCodeHeapSize                   = 5839372                                {pd product} {ergonomic}
    uintx NonProfiledCodeHeapSize                  = 122909434                              {pd product} {ergonomic}
    uintx ProfiledCodeHeapSize                     = 122909434                              {pd product} {ergonomic}
    uintx ReservedCodeCacheSize                    = 251658240                              {pd product} {ergonomic}
     bool SegmentedCodeCache                       = true                                      {product} {ergonomic}
   size_t SoftMaxHeapSize                          = 2147483648                             {manageable} {ergonomic}
     bool UseCompressedOops                        = true                           {product lp64_product} {ergonomic}
     bool UseG1GC                                  = true                                      {product} {ergonomic}
     bool UseLargePagesIndividualAllocation        = false                                  {pd product} {ergonomic}

Logging:
Log output configuration:
 #0: stdout all=warning uptime,level,tags foldmultilines=false
 #1: stderr all=off uptime,level,tags foldmultilines=false

Release file:
JAVA_VERSION="21.0.10" 
MODULES="java.base java.compiler java.datatransfer java.xml java.prefs java.desktop java.instrument java.logging java.management java.security.sasl java.naming java.rmi java.management.rmi java.net.http java.scripting java.security.jgss java.transaction.xa java.sql java.sql.rowset java.xml.crypto java.se java.smartcardio jdk.accessibility jdk.internal.jvmstat jdk.attach jdk.charsets jdk.internal.opt jdk.zipfs jdk.compiler jdk.crypto.ec jdk.crypto.cryptoki jdk.crypto.mscapi jdk.dynalink jdk.internal.ed jdk.editpad jdk.hotspot.agent jdk.httpserver jdk.internal.le jdk.internal.vm.ci jdk.internal.vm.compiler jdk.internal.vm.compiler.management jdk.jartool jdk.javadoc jdk.jcmd jdk.management jdk.management.agent jdk.jconsole jdk.jdeps jdk.jdwp.agent jdk.jdi jdk.jfr jdk.jshell jdk.jsobject jdk.jstatd jdk.localedata jdk.management.jfr jdk.naming.dns jdk.naming.rmi jdk.net jdk.nio.mapmode jdk.random jdk.sctp jdk.security.auth jdk.security.jgss jdk.unsupported jdk.unsupported.desktop jdk.xml.dom" 

Environment Variables:
PATH=C:\Program Files\Common Files\Oracle\Java\javapath;C:\WINDOWS\system32;C:\WINDOWS;C:\WINDOWS\System32\Wbem;C:\WINDOWS\System32\WindowsPowerShell\v1.0\;C:\WINDOWS\System32\OpenSSH\;D:\flutter\bin\cache\dart-sdk\bin;C:\Program Files\Git\cmd;C:\Program Files\nodejs\;C:\Users\User\AppData\Local\Microsoft\WindowsApps;C:\Users\User\AppData\Local\Programs\Microsoft VS Code\bin;D:\flutter\bin;C:\Users\User\AppData\Roaming\npm;C:\Users\User\AppData\Local\Programs\cursor\resources\app\bin
USERNAME=User
OS=Windows_NT
PROCESSOR_IDENTIFIER=Intel64 Family 6 Model 165 Stepping 3, GenuineIntel
TMP=C:\Users\User\AppData\Local\Temp
TEMP=C:\Users\User\AppData\Local\Temp




Periodic native trim disabled

---------------  S Y S T E M  ---------------

OS:
 Windows 11 , 64 bit Build 26100 (10.0.26100.8246)
OS uptime: 0 days 0:30 hours

CPU: total 12 (initial active 12) (6 cores per cpu, 2 threads per core) family 6 model 165 stepping 3 microcode 0xf0, cx8, cmov, fxsr, ht, mmx, 3dnowpref, sse, sse2, sse3, ssse3, sse4.1, sse4.2, popcnt, lzcnt, tsc, tscinvbit, avx, avx2, aes, erms, clmul, bmi1, bmi2, adx, fma, vzeroupper, clflush, clflushopt, rdtscp, f16c
Processor Information for the first 12 processors :
  Max Mhz: 2904, Current Mhz: 2904, Mhz Limit: 2904

Memory: 4k page, system-wide physical 8030M (325M free)
TotalPageFile size 20865M (AvailPageFile size 38M)
current process WorkingSet (physical memory assigned to process): 204M, peak: 213M
current process commit charge ("private bytes"): 280M, peak: 287M

vm_info: OpenJDK 64-Bit Server VM (21.0.10+7-LTS) for windows-amd64 JRE (21.0.10+7-LTS), built on 2026-01-20T00:00:00Z by "admin" with MS VC++ 17.12 (VS2022)

END.
