#
# There is insufficient memory for the Java Runtime Environment to continue.
# Native memory allocation (malloc) failed to allocate 1274336 bytes. Error detail: Chunk::new
# Possible reasons:
#   The system is out of physical RAM or swap space
#   This process is running with CompressedOops enabled, and the Java Heap may be blocking the growth of the native heap
# Possible solutions:
#   Reduce memory load on the system
#   Increase physical memory or swap space
#   Check if swap backing store is full
#   Decrease Java heap size (-Xmx/-Xms)
#   Decrease number of Java threads
#   Decrease Java thread stack sizes (-Xss)
#   Set larger code cache with -XX:ReservedCodeCacheSize=
#   JVM is running with Unscaled Compressed Oops mode in which the Java heap is
#     placed in the first 4GB address space. The Java Heap base address is the
#     maximum limit for the native heap growth. Please use -XX:HeapBaseMinAddress
#     to set the Java Heap base and to place the Java Heap above 4GB virtual address.
# This output file may be truncated or incomplete.
#
#  Out of Memory Error (arena.cpp:168), pid=6756, tid=12204
#
# JRE version: OpenJDK Runtime Environment Temurin-21.0.10+7 (21.0.10+7) (build 21.0.10+7-LTS)
# Java VM: OpenJDK 64-Bit Server VM Temurin-21.0.10+7 (21.0.10+7-LTS, mixed mode, sharing, tiered, compressed oops, compressed class ptrs, g1 gc, windows-amd64)
# No core dump will be written. Minidumps are not enabled by default on client versions of Windows
#

---------------  S U M M A R Y ------------

Command Line: --add-opens=java.base/java.lang=ALL-UNNAMED --add-opens=java.base/java.lang.invoke=ALL-UNNAMED --add-opens=java.base/java.util=ALL-UNNAMED --add-opens=java.prefs/java.util.prefs=ALL-UNNAMED --add-exports=jdk.compiler/com.sun.tools.javac.api=ALL-UNNAMED --add-exports=jdk.compiler/com.sun.tools.javac.util=ALL-UNNAMED --add-opens=java.base/java.util=ALL-UNNAMED --add-opens=java.prefs/java.util.prefs=ALL-UNNAMED --add-opens=java.base/java.nio.charset=ALL-UNNAMED --add-opens=java.base/java.net=ALL-UNNAMED --add-opens=java.base/java.util.concurrent.atomic=ALL-UNNAMED --add-opens=java.xml/javax.xml.namespace=ALL-UNNAMED -Xmx2048m -Dfile.encoding=UTF-8 -Duser.country=US -Duser.language=en -Duser.variant -javaagent:C:\Users\User\.gradle\wrapper\dists\gradle-8.11.1-bin\bpt9gzteqjrbo1mjrsomdt32c\gradle-8.11.1\lib\agents\gradle-instrumentation-agent-8.11.1.jar org.gradle.launcher.daemon.bootstrap.GradleDaemon 8.11.1

Host: Intel(R) Core(TM) i5-10400 CPU @ 2.90GHz, 12 cores, 7G,  Windows 11 , 64 bit Build 26100 (10.0.26100.8246)
Time: Thu May 14 21:42:34 2026 Bangladesh Standard Time elapsed time: 13.680479 seconds (0d 0h 0m 13s)

---------------  T H R E A D  ---------------

Current thread (0x00000127a5654e60):  JavaThread "C2 CompilerThread0" daemon [_thread_in_native, id=12204, stack(0x00000017fbe00000,0x00000017fbf00000) (1024K)]


Current CompileTask:
C2:13680 12102       4       org.gradle.internal.instantiation.generator.AbstractClassGenerator::inspectType (560 bytes)

Stack: [0x00000017fbe00000,0x00000017fbf00000]
Native frames: (J=compiled Java code, j=interpreted, Vv=VM code, C=native code)
V  [jvm.dll+0x6d7a39]
V  [jvm.dll+0x8b4b26]
V  [jvm.dll+0x8b70de]
V  [jvm.dll+0x8b77c3]
V  [jvm.dll+0x284346]
V  [jvm.dll+0xc66ed]
V  [jvm.dll+0xc6c31]
V  [jvm.dll+0x2fb29e]
V  [jvm.dll+0x5fe884]
V  [jvm.dll+0x255b17]
V  [jvm.dll+0x24df54]
V  [jvm.dll+0x24ba42]
V  [jvm.dll+0x1cb34e]
V  [jvm.dll+0x25b85d]
V  [jvm.dll+0x259dea]
V  [jvm.dll+0x3f857e]
V  [jvm.dll+0x85f59d]
V  [jvm.dll+0x6d626d]
C  [ucrtbase.dll+0x37b0]
C  [KERNEL32.DLL+0x2e8d7]
C  [ntdll.dll+0x8c3fc]


---------------  P R O C E S S  ---------------

Threads class SMR info:
_java_thread_list=0x00000127f1665240, length=61, elements={
0x000001278da5b1e0, 0x00000127a564a320, 0x00000127a564cd90, 0x00000127a564f800,
0x00000127a5650390, 0x00000127a5650f20, 0x00000127a5651be0, 0x00000127a5654e60,
0x00000127a5659500, 0x00000127a585c090, 0x00000127a58bfe70, 0x00000127ec5d8d80,
0x00000127ec5a85f0, 0x00000127ec80f270, 0x00000127ec676450, 0x00000127ec7be6e0,
0x00000127ec7bf400, 0x00000127ec7bc610, 0x00000127ec7bd330, 0x00000127ec7be050,
0x00000127ecfd4cc0, 0x00000127ecfd3910, 0x00000127ecfd1ed0, 0x00000127ecfd59e0,
0x00000127eefe5840, 0x00000127eefe9350, 0x00000127eefe5ed0, 0x00000127f1525cc0,
0x00000127f1526350, 0x00000127f1527d90, 0x00000127f1527070, 0x00000127f1527700,
0x00000127f1528420, 0x00000127f1525630, 0x00000127f15269e0, 0x00000127f1524fa0,
0x00000127f1529140, 0x00000127f152b8a0, 0x00000127efe39920, 0x00000127efe39fb0,
0x00000127eefe8630, 0x00000127eefe99e0, 0x00000127eefe6560, 0x00000127eefea700,
0x00000127eefead90, 0x00000127ecfd1840, 0x00000127ecfd3fa0, 0x00000127ecfd2bf0,
0x00000127ecfd3280, 0x00000127ecfd4630, 0x00000127ec7bbf80, 0x00000127ec7bcca0,
0x00000127ec7bd9c0, 0x00000127f1528ab0, 0x00000127ee2cf030, 0x00000127ee2cf6c0,
0x00000127ee2ce310, 0x00000127ee2ccf60, 0x00000127ee2cc240, 0x00000127ee2cc8d0,
0x00000127ee2cdc80
}

Java Threads: ( => current thread )
  0x000001278da5b1e0 JavaThread "main"                              [_thread_blocked, id=7732, stack(0x00000017fb000000,0x00000017fb100000) (1024K)]
  0x00000127a564a320 JavaThread "Reference Handler"          daemon [_thread_blocked, id=4508, stack(0x00000017fb800000,0x00000017fb900000) (1024K)]
  0x00000127a564cd90 JavaThread "Finalizer"                  daemon [_thread_blocked, id=5564, stack(0x00000017fb900000,0x00000017fba00000) (1024K)]
  0x00000127a564f800 JavaThread "Signal Dispatcher"          daemon [_thread_blocked, id=13988, stack(0x00000017fba00000,0x00000017fbb00000) (1024K)]
  0x00000127a5650390 JavaThread "Attach Listener"            daemon [_thread_blocked, id=9500, stack(0x00000017fbb00000,0x00000017fbc00000) (1024K)]
  0x00000127a5650f20 JavaThread "Service Thread"             daemon [_thread_blocked, id=4776, stack(0x00000017fbc00000,0x00000017fbd00000) (1024K)]
  0x00000127a5651be0 JavaThread "Monitor Deflation Thread"   daemon [_thread_blocked, id=8768, stack(0x00000017fbd00000,0x00000017fbe00000) (1024K)]
=>0x00000127a5654e60 JavaThread "C2 CompilerThread0"         daemon [_thread_in_native, id=12204, stack(0x00000017fbe00000,0x00000017fbf00000) (1024K)]
  0x00000127a5659500 JavaThread "C1 CompilerThread0"         daemon [_thread_in_native, id=7280, stack(0x00000017fbf00000,0x00000017fc000000) (1024K)]
  0x00000127a585c090 JavaThread "Common-Cleaner"             daemon [_thread_blocked, id=9268, stack(0x00000017fc000000,0x00000017fc100000) (1024K)]
  0x00000127a58bfe70 JavaThread "Notification Thread"        daemon [_thread_blocked, id=17700, stack(0x00000017fc100000,0x00000017fc200000) (1024K)]
  0x00000127ec5d8d80 JavaThread "Daemon health stats"               [_thread_blocked, id=18040, stack(0x00000017fc800000,0x00000017fc900000) (1024K)]
  0x00000127ec5a85f0 JavaThread "Incoming local TCP Connector on port 56879"        [_thread_in_native, id=4196, stack(0x00000017fc900000,0x00000017fca00000) (1024K)]
  0x00000127ec80f270 JavaThread "Daemon periodic checks"            [_thread_blocked, id=19260, stack(0x00000017fca00000,0x00000017fcb00000) (1024K)]
  0x00000127ec676450 JavaThread "Daemon"                            [_thread_blocked, id=18524, stack(0x00000017fcb00000,0x00000017fcc00000) (1024K)]
  0x00000127ec7be6e0 JavaThread "Daemon worker"                     [_thread_in_native, id=19028, stack(0x00000017fce00000,0x00000017fcf00000) (1024K)]
  0x00000127ec7bf400 JavaThread "Cache worker for journal cache (C:\Users\User\.gradle\caches\journal-1)"        [_thread_blocked, id=12284, stack(0x00000017fd200000,0x00000017fd300000) (1024K)]
  0x00000127ec7bc610 JavaThread "File lock request listener"        [_thread_in_native, id=18068, stack(0x00000017fd300000,0x00000017fd400000) (1024K)]
  0x00000127ec7bd330 JavaThread "Cache worker for file hash cache (C:\Users\User\.gradle\caches\8.11.1\fileHashes)"        [_thread_blocked, id=6328, stack(0x00000017fd400000,0x00000017fd500000) (1024K)]
  0x00000127ec7be050 JavaThread "Cache worker for file content cache (C:\Users\User\.gradle\caches\8.11.1\fileContent)"        [_thread_blocked, id=19296, stack(0x00000017fd900000,0x00000017fda00000) (1024K)]
  0x00000127ecfd4cc0 JavaThread "File watcher server"        daemon [_thread_in_native, id=15356, stack(0x00000017fde00000,0x00000017fdf00000) (1024K)]
  0x00000127ecfd3910 JavaThread "File watcher consumer"      daemon [_thread_blocked, id=14452, stack(0x00000017fdf00000,0x00000017fe000000) (1024K)]
  0x00000127ecfd1ed0 JavaThread "jar transforms"                    [_thread_blocked, id=7796, stack(0x00000017fe300000,0x00000017fe400000) (1024K)]
  0x00000127ecfd59e0 JavaThread "jar transforms Thread 2"           [_thread_blocked, id=18656, stack(0x00000017fe400000,0x00000017fe500000) (1024K)]
  0x00000127eefe5840 JavaThread "Memory manager"                    [_thread_blocked, id=5528, stack(0x0000001780600000,0x0000001780700000) (1024K)]
  0x00000127eefe9350 JavaThread "pool-3-thread-1"                   [_thread_blocked, id=7544, stack(0x0000001780700000,0x0000001780800000) (1024K)]
  0x00000127eefe5ed0 JavaThread "included builds"                   [_thread_blocked, id=17020, stack(0x0000001780900000,0x0000001780a00000) (1024K)]
  0x00000127f1525cc0 JavaThread "VFS cleanup"                       [_thread_blocked, id=10628, stack(0x0000001780000000,0x0000001780100000) (1024K)]
  0x00000127f1526350 JavaThread "Handler for socket connection from /127.0.0.1:56879 to /127.0.0.1:57475"        [_thread_in_native, id=13188, stack(0x0000001780100000,0x0000001780200000) (1024K)]
  0x00000127f1527d90 JavaThread "Cancel handler"                    [_thread_blocked, id=13436, stack(0x0000001780200000,0x0000001780300000) (1024K)]
  0x00000127f1527070 JavaThread "Asynchronous log dispatcher for DefaultDaemonConnection: socket connection from /127.0.0.1:56879 to /127.0.0.1:57475"        [_thread_blocked, id=15024, stack(0x0000001780300000,0x0000001780400000) (1024K)]
  0x00000127f1527700 JavaThread "Stdin handler"                     [_thread_blocked, id=18700, stack(0x0000001780400000,0x0000001780500000) (1024K)]
  0x00000127f1528420 JavaThread "Daemon client event forwarder"        [_thread_blocked, id=5140, stack(0x0000001780500000,0x0000001780600000) (1024K)]
  0x00000127f1525630 JavaThread "Cache worker for file hash cache (C:\Users\User\Desktop\BMITracker\.gradle\8.11.1\fileHashes)"        [_thread_blocked, id=18756, stack(0x0000001780a00000,0x0000001780b00000) (1024K)]
  0x00000127f15269e0 JavaThread "Cache worker for Build Output Cleanup Cache (C:\Users\User\Desktop\BMITracker\.gradle\buildOutputCleanup)"        [_thread_blocked, id=15148, stack(0x0000001780b00000,0x0000001780c00000) (1024K)]
  0x00000127f1524fa0 JavaThread "Cache worker for checksums cache (C:\Users\User\Desktop\BMITracker\.gradle\8.11.1\checksums)"        [_thread_blocked, id=8748, stack(0x0000001780c00000,0x0000001780d00000) (1024K)]
  0x00000127f1529140 JavaThread "Cache worker for cache directory md-rule (C:\Users\User\.gradle\caches\8.11.1\md-rule)"        [_thread_blocked, id=5344, stack(0x0000001780d00000,0x0000001780e00000) (1024K)]
  0x00000127f152b8a0 JavaThread "Cache worker for cache directory md-supplier (C:\Users\User\.gradle\caches\8.11.1\md-supplier)"        [_thread_blocked, id=15804, stack(0x0000001780e00000,0x0000001780f00000) (1024K)]
  0x00000127efe39920 JavaThread "Unconstrained build operations"        [_thread_blocked, id=18484, stack(0x0000001780f00000,0x0000001781000000) (1024K)]
  0x00000127efe39fb0 JavaThread "Unconstrained build operations Thread 2"        [_thread_blocked, id=14152, stack(0x0000001781000000,0x0000001781100000) (1024K)]
  0x00000127eefe8630 JavaThread "Unconstrained build operations Thread 3"        [_thread_blocked, id=17744, stack(0x0000001781100000,0x0000001781200000) (1024K)]
  0x00000127eefe99e0 JavaThread "Unconstrained build operations Thread 4"        [_thread_blocked, id=3564, stack(0x0000001781200000,0x0000001781300000) (1024K)]
  0x00000127eefe6560 JavaThread "Unconstrained build operations Thread 5"        [_thread_blocked, id=18532, stack(0x0000001781300000,0x0000001781400000) (1024K)]
  0x00000127eefea700 JavaThread "Unconstrained build operations Thread 6"        [_thread_blocked, id=1444, stack(0x0000001781400000,0x0000001781500000) (1024K)]
  0x00000127eefead90 JavaThread "Unconstrained build operations Thread 7"        [_thread_blocked, id=7832, stack(0x0000001781500000,0x0000001781600000) (1024K)]
  0x00000127ecfd1840 JavaThread "Unconstrained build operations Thread 8"        [_thread_blocked, id=18092, stack(0x0000001781600000,0x0000001781700000) (1024K)]
  0x00000127ecfd3fa0 JavaThread "Unconstrained build operations Thread 9"        [_thread_blocked, id=18780, stack(0x0000001781700000,0x0000001781800000) (1024K)]
  0x00000127ecfd2bf0 JavaThread "Unconstrained build operations Thread 10"        [_thread_blocked, id=6968, stack(0x0000001781800000,0x0000001781900000) (1024K)]
  0x00000127ecfd3280 JavaThread "Unconstrained build operations Thread 11"        [_thread_blocked, id=19400, stack(0x0000001781900000,0x0000001781a00000) (1024K)]
  0x00000127ecfd4630 JavaThread "Unconstrained build operations Thread 12"        [_thread_blocked, id=18932, stack(0x0000001780800000,0x0000001780900000) (1024K)]
  0x00000127ec7bbf80 JavaThread "Unconstrained build operations Thread 13"        [_thread_blocked, id=17052, stack(0x0000001781a00000,0x0000001781b00000) (1024K)]
  0x00000127ec7bcca0 JavaThread "Unconstrained build operations Thread 14"        [_thread_blocked, id=6532, stack(0x0000001781b00000,0x0000001781c00000) (1024K)]
  0x00000127ec7bd9c0 JavaThread "Unconstrained build operations Thread 15"        [_thread_blocked, id=2648, stack(0x0000001781c00000,0x0000001781d00000) (1024K)]
  0x00000127f1528ab0 JavaThread "Unconstrained build operations Thread 16"        [_thread_blocked, id=19148, stack(0x0000001781d00000,0x0000001781e00000) (1024K)]
  0x00000127ee2cf030 JavaThread "Unconstrained build operations Thread 17"        [_thread_blocked, id=18876, stack(0x0000001781e00000,0x0000001781f00000) (1024K)]
  0x00000127ee2cf6c0 JavaThread "Unconstrained build operations Thread 18"        [_thread_blocked, id=2788, stack(0x0000001781f00000,0x0000001782000000) (1024K)]
  0x00000127ee2ce310 JavaThread "Unconstrained build operations Thread 19"        [_thread_blocked, id=6428, stack(0x0000001782000000,0x0000001782100000) (1024K)]
  0x00000127ee2ccf60 JavaThread "Unconstrained build operations Thread 20"        [_thread_blocked, id=16772, stack(0x0000001782100000,0x0000001782200000) (1024K)]
  0x00000127ee2cc240 JavaThread "Unconstrained build operations Thread 21"        [_thread_blocked, id=19320, stack(0x0000001782200000,0x0000001782300000) (1024K)]
  0x00000127ee2cc8d0 JavaThread "Unconstrained build operations Thread 22"        [_thread_blocked, id=16828, stack(0x0000001782300000,0x0000001782400000) (1024K)]
  0x00000127ee2cdc80 JavaThread "pool-6-thread-1"                   [_thread_blocked, id=7628, stack(0x0000001782400000,0x0000001782500000) (1024K)]
Total: 61

Other Threads:
  0x00000127a5625460 VMThread "VM Thread"                           [id=1576, stack(0x00000017fb700000,0x00000017fb800000) (1024K)]
  0x00000127a5614fb0 WatcherThread "VM Periodic Task Thread"        [id=7376, stack(0x00000017fb600000,0x00000017fb700000) (1024K)]
  0x000001278dab4f60 WorkerThread "GC Thread#0"                     [id=5400, stack(0x00000017fb100000,0x00000017fb200000) (1024K)]
  0x00000127eb0105b0 WorkerThread "GC Thread#1"                     [id=19404, stack(0x00000017fc200000,0x00000017fc300000) (1024K)]
  0x00000127eb35dce0 WorkerThread "GC Thread#2"                     [id=7992, stack(0x00000017fc300000,0x00000017fc400000) (1024K)]
  0x00000127eb896ab0 WorkerThread "GC Thread#3"                     [id=13492, stack(0x00000017fc500000,0x00000017fc600000) (1024K)]
  0x00000127ebb0ff40 WorkerThread "GC Thread#4"                     [id=4880, stack(0x00000017fc600000,0x00000017fc700000) (1024K)]
  0x00000127ec4fe480 WorkerThread "GC Thread#5"                     [id=13680, stack(0x00000017fc700000,0x00000017fc800000) (1024K)]
  0x00000127ee717270 WorkerThread "GC Thread#6"                     [id=1520, stack(0x00000017fd500000,0x00000017fd600000) (1024K)]
  0x00000127ee716ec0 WorkerThread "GC Thread#7"                     [id=7724, stack(0x00000017fd600000,0x00000017fd700000) (1024K)]
  0x00000127ee718130 WorkerThread "GC Thread#8"                     [id=16108, stack(0x00000017fd700000,0x00000017fd800000) (1024K)]
  0x00000127ee718890 WorkerThread "GC Thread#9"                     [id=5872, stack(0x00000017fd800000,0x00000017fd900000) (1024K)]
  0x000001278dac7cf0 ConcurrentGCThread "G1 Main Marker"            [id=12208, stack(0x00000017fb200000,0x00000017fb300000) (1024K)]
  0x000001278dac8eb0 WorkerThread "G1 Conc#0"                       [id=8168, stack(0x00000017fb300000,0x00000017fb400000) (1024K)]
  0x00000127edb3cea0 WorkerThread "G1 Conc#1"                       [id=13808, stack(0x00000017fda00000,0x00000017fdb00000) (1024K)]
  0x00000127edb3d250 WorkerThread "G1 Conc#2"                       [id=11164, stack(0x00000017fdb00000,0x00000017fdc00000) (1024K)]
  0x00000127a54ddab0 ConcurrentGCThread "G1 Refine#0"               [id=18976, stack(0x00000017fb400000,0x00000017fb500000) (1024K)]
  0x00000127a54e0300 ConcurrentGCThread "G1 Service"                [id=7236, stack(0x00000017fb500000,0x00000017fb600000) (1024K)]
Total: 18

Threads with active compile tasks:
C2 CompilerThread0  13713 12102       4       org.gradle.internal.instantiation.generator.AbstractClassGenerator::inspectType (560 bytes)
C1 CompilerThread0  13713 12139       3       org.gradle.internal.instantiation.generator.AsmBackedClassGenerator$ClassBuilderImpl::lambda$addNoDeprecationConventionPrivateGetter$6 (11 bytes)
Total: 2

VM state: not at safepoint (normal execution)

VM Mutex/Monitor currently owned by a thread: None

Heap address: 0x0000000080000000, size: 2048 MB, Compressed Oops mode: 32-bit

CDS archive(s) mapped at: [0x00000127a6000000-0x00000127a6ba0000-0x00000127a6ba0000), size 12189696, SharedBaseAddress: 0x00000127a6000000, ArchiveRelocationMode: 1.
Compressed class space mapped at: 0x00000127a7000000-0x00000127e7000000, reserved size: 1073741824
Narrow klass base: 0x00000127a6000000, Narrow klass shift: 0, Narrow klass range: 0x100000000

GC Precious Log:
 CardTable entry size: 512
 Card Set container configuration: InlinePtr #cards 5 size 8 Array Of Cards #cards 12 size 40 Howl #buckets 4 coarsen threshold 1843 Howl Bitmap #cards 512 size 80 coarsen threshold 460 Card regions per heap region 1 cards per card region 2048
 CPUs: 12 total, 12 available
 Memory: 8030M
 Large Page Support: Disabled
 NUMA Support: Disabled
 Compressed Oops: Enabled (32-bit)
 Heap Region Size: 1M
 Heap Min Capacity: 8M
 Heap Initial Capacity: 126M
 Heap Max Capacity: 2G
 Pre-touch: Disabled
 Parallel Workers: 10
 Concurrent Workers: 3
 Concurrent Refinement Workers: 10
 Periodic GC: Disabled

Heap:
 garbage-first heap   total 171008K, used 151160K [0x0000000080000000, 0x0000000100000000)
  region size 1024K, 63 young (64512K), 8 survivors (8192K)
 Metaspace       used 97226K, committed 99328K, reserved 1179648K
  class space    used 13452K, committed 14464K, reserved 1048576K

Heap Regions: E=young(eden), S=young(survivor), O=old, HS=humongous(starts), HC=humongous(continues), CS=collection set, F=free, TAMS=top-at-mark-start, PB=parsable bottom
|   0|0x0000000080000000, 0x0000000080100000, 0x0000000080100000|100%| O|  |TAMS 0x0000000080000000| PB 0x0000000080000000| Untracked 
|   1|0x0000000080100000, 0x0000000080200000, 0x0000000080200000|100%|HS|  |TAMS 0x0000000080100000| PB 0x0000000080100000| Complete 
|   2|0x0000000080200000, 0x0000000080300000, 0x0000000080300000|100%|HC|  |TAMS 0x0000000080200000| PB 0x0000000080200000| Complete 
|   3|0x0000000080300000, 0x0000000080400000, 0x0000000080400000|100%|HC|  |TAMS 0x0000000080300000| PB 0x0000000080300000| Complete 
|   4|0x0000000080400000, 0x0000000080500000, 0x0000000080500000|100%| O|  |TAMS 0x0000000080400000| PB 0x0000000080400000| Untracked 
|   5|0x0000000080500000, 0x0000000080600000, 0x0000000080600000|100%| O|  |TAMS 0x0000000080500000| PB 0x0000000080500000| Untracked 
|   6|0x0000000080600000, 0x0000000080700000, 0x0000000080700000|100%| O|  |TAMS 0x0000000080600000| PB 0x0000000080600000| Untracked 
|   7|0x0000000080700000, 0x0000000080800000, 0x0000000080800000|100%|HS|  |TAMS 0x0000000080700000| PB 0x0000000080700000| Complete 
|   8|0x0000000080800000, 0x0000000080900000, 0x0000000080900000|100%| O|  |TAMS 0x0000000080800000| PB 0x0000000080800000| Untracked 
|   9|0x0000000080900000, 0x0000000080a00000, 0x0000000080a00000|100%| O|  |TAMS 0x0000000080900000| PB 0x0000000080900000| Untracked 
|  10|0x0000000080a00000, 0x0000000080b00000, 0x0000000080b00000|100%| O|  |TAMS 0x0000000080a00000| PB 0x0000000080a00000| Untracked 
|  11|0x0000000080b00000, 0x0000000080c00000, 0x0000000080c00000|100%| O|  |TAMS 0x0000000080b00000| PB 0x0000000080b00000| Untracked 
|  12|0x0000000080c00000, 0x0000000080d00000, 0x0000000080d00000|100%| O|  |TAMS 0x0000000080c00000| PB 0x0000000080c00000| Untracked 
|  13|0x0000000080d00000, 0x0000000080e00000, 0x0000000080e00000|100%| O|  |TAMS 0x0000000080d00000| PB 0x0000000080d00000| Untracked 
|  14|0x0000000080e00000, 0x0000000080f00000, 0x0000000080f00000|100%| O|  |TAMS 0x0000000080e00000| PB 0x0000000080e00000| Untracked 
|  15|0x0000000080f00000, 0x0000000081000000, 0x0000000081000000|100%| O|  |TAMS 0x0000000080f00000| PB 0x0000000080f00000| Untracked 
|  16|0x0000000081000000, 0x0000000081100000, 0x0000000081100000|100%| O|  |TAMS 0x0000000081000000| PB 0x0000000081000000| Untracked 
|  17|0x0000000081100000, 0x0000000081200000, 0x0000000081200000|100%| O|  |TAMS 0x0000000081100000| PB 0x0000000081100000| Untracked 
|  18|0x0000000081200000, 0x0000000081300000, 0x0000000081300000|100%| O|  |TAMS 0x0000000081200000| PB 0x0000000081200000| Untracked 
|  19|0x0000000081300000, 0x0000000081400000, 0x0000000081400000|100%| O|  |TAMS 0x0000000081300000| PB 0x0000000081300000| Untracked 
|  20|0x0000000081400000, 0x0000000081500000, 0x0000000081500000|100%| O|  |TAMS 0x0000000081400000| PB 0x0000000081400000| Untracked 
|  21|0x0000000081500000, 0x0000000081600000, 0x0000000081600000|100%| O|  |TAMS 0x0000000081500000| PB 0x0000000081500000| Untracked 
|  22|0x0000000081600000, 0x0000000081700000, 0x0000000081700000|100%| O|  |TAMS 0x0000000081600000| PB 0x0000000081600000| Untracked 
|  23|0x0000000081700000, 0x0000000081800000, 0x0000000081800000|100%| O|  |TAMS 0x0000000081700000| PB 0x0000000081700000| Untracked 
|  24|0x0000000081800000, 0x0000000081900000, 0x0000000081900000|100%| O|  |TAMS 0x0000000081800000| PB 0x0000000081800000| Untracked 
|  25|0x0000000081900000, 0x0000000081a00000, 0x0000000081a00000|100%| O|  |TAMS 0x0000000081900000| PB 0x0000000081900000| Untracked 
|  26|0x0000000081a00000, 0x0000000081b00000, 0x0000000081b00000|100%| O|  |TAMS 0x0000000081a00000| PB 0x0000000081a00000| Untracked 
|  27|0x0000000081b00000, 0x0000000081c00000, 0x0000000081c00000|100%| O|  |TAMS 0x0000000081b00000| PB 0x0000000081b00000| Untracked 
|  28|0x0000000081c00000, 0x0000000081d00000, 0x0000000081d00000|100%| O|  |TAMS 0x0000000081c00000| PB 0x0000000081c00000| Untracked 
|  29|0x0000000081d00000, 0x0000000081e00000, 0x0000000081e00000|100%| O|  |TAMS 0x0000000081d00000| PB 0x0000000081d00000| Untracked 
|  30|0x0000000081e00000, 0x0000000081f00000, 0x0000000081f00000|100%| O|  |TAMS 0x0000000081e00000| PB 0x0000000081e00000| Untracked 
|  31|0x0000000081f00000, 0x0000000082000000, 0x0000000082000000|100%| O|  |TAMS 0x0000000081f00000| PB 0x0000000081f00000| Untracked 
|  32|0x0000000082000000, 0x0000000082100000, 0x0000000082100000|100%| O|  |TAMS 0x0000000082000000| PB 0x0000000082000000| Untracked 
|  33|0x0000000082100000, 0x0000000082200000, 0x0000000082200000|100%| O|  |TAMS 0x0000000082100000| PB 0x0000000082100000| Untracked 
|  34|0x0000000082200000, 0x0000000082300000, 0x0000000082300000|100%| O|  |TAMS 0x0000000082200000| PB 0x0000000082200000| Untracked 
|  35|0x0000000082300000, 0x0000000082400000, 0x0000000082400000|100%| O|  |TAMS 0x0000000082300000| PB 0x0000000082300000| Untracked 
|  36|0x0000000082400000, 0x0000000082500000, 0x0000000082500000|100%| O|  |TAMS 0x0000000082400000| PB 0x0000000082400000| Untracked 
|  37|0x0000000082500000, 0x0000000082600000, 0x0000000082600000|100%| O|  |TAMS 0x0000000082500000| PB 0x0000000082500000| Untracked 
|  38|0x0000000082600000, 0x0000000082700000, 0x0000000082700000|100%| O|  |TAMS 0x0000000082600000| PB 0x0000000082600000| Untracked 
|  39|0x0000000082700000, 0x0000000082800000, 0x0000000082800000|100%| O|  |TAMS 0x0000000082700000| PB 0x0000000082700000| Untracked 
|  40|0x0000000082800000, 0x0000000082900000, 0x0000000082900000|100%| O|  |TAMS 0x0000000082800000| PB 0x0000000082800000| Untracked 
|  41|0x0000000082900000, 0x0000000082a00000, 0x0000000082a00000|100%| O|  |TAMS 0x0000000082900000| PB 0x0000000082900000| Untracked 
|  42|0x0000000082a00000, 0x0000000082b00000, 0x0000000082b00000|100%| O|  |TAMS 0x0000000082a00000| PB 0x0000000082a00000| Untracked 
|  43|0x0000000082b00000, 0x0000000082c00000, 0x0000000082c00000|100%| O|  |TAMS 0x0000000082b00000| PB 0x0000000082b00000| Untracked 
|  44|0x0000000082c00000, 0x0000000082d00000, 0x0000000082d00000|100%| O|  |TAMS 0x0000000082c00000| PB 0x0000000082c00000| Untracked 
|  45|0x0000000082d00000, 0x0000000082e00000, 0x0000000082e00000|100%| O|  |TAMS 0x0000000082d00000| PB 0x0000000082d00000| Untracked 
|  46|0x0000000082e00000, 0x0000000082f00000, 0x0000000082f00000|100%|HS|  |TAMS 0x0000000082e00000| PB 0x0000000082e00000| Complete 
|  47|0x0000000082f00000, 0x0000000083000000, 0x0000000083000000|100%|HS|  |TAMS 0x0000000082f00000| PB 0x0000000082f00000| Complete 
|  48|0x0000000083000000, 0x0000000083100000, 0x0000000083100000|100%|HS|  |TAMS 0x0000000083000000| PB 0x0000000083000000| Complete 
|  49|0x0000000083100000, 0x0000000083200000, 0x0000000083200000|100%|HS|  |TAMS 0x0000000083100000| PB 0x0000000083100000| Complete 
|  50|0x0000000083200000, 0x0000000083300000, 0x0000000083300000|100%| O|  |TAMS 0x0000000083200000| PB 0x0000000083200000| Untracked 
|  51|0x0000000083300000, 0x0000000083400000, 0x0000000083400000|100%|HS|  |TAMS 0x0000000083300000| PB 0x0000000083300000| Complete 
|  52|0x0000000083400000, 0x0000000083500000, 0x0000000083500000|100%|HS|  |TAMS 0x0000000083400000| PB 0x0000000083400000| Complete 
|  53|0x0000000083500000, 0x0000000083600000, 0x0000000083600000|100%| O|  |TAMS 0x0000000083500000| PB 0x0000000083500000| Untracked 
|  54|0x0000000083600000, 0x0000000083700000, 0x0000000083700000|100%|HS|  |TAMS 0x0000000083600000| PB 0x0000000083600000| Complete 
|  55|0x0000000083700000, 0x0000000083800000, 0x0000000083800000|100%| O|  |TAMS 0x0000000083700000| PB 0x0000000083700000| Untracked 
|  56|0x0000000083800000, 0x0000000083900000, 0x0000000083900000|100%| O|  |TAMS 0x0000000083800000| PB 0x0000000083800000| Untracked 
|  57|0x0000000083900000, 0x0000000083a00000, 0x0000000083a00000|100%| O|  |TAMS 0x0000000083900000| PB 0x0000000083900000| Untracked 
|  58|0x0000000083a00000, 0x0000000083b00000, 0x0000000083b00000|100%| O|  |TAMS 0x0000000083a00000| PB 0x0000000083a00000| Untracked 
|  59|0x0000000083b00000, 0x0000000083c00000, 0x0000000083c00000|100%| O|  |TAMS 0x0000000083b00000| PB 0x0000000083b00000| Untracked 
|  60|0x0000000083c00000, 0x0000000083d00000, 0x0000000083d00000|100%| O|  |TAMS 0x0000000083c00000| PB 0x0000000083c00000| Untracked 
|  61|0x0000000083d00000, 0x0000000083e00000, 0x0000000083e00000|100%| O|  |TAMS 0x0000000083d00000| PB 0x0000000083d00000| Untracked 
|  62|0x0000000083e00000, 0x0000000083f00000, 0x0000000083f00000|100%| O|  |TAMS 0x0000000083e00000| PB 0x0000000083e00000| Untracked 
|  63|0x0000000083f00000, 0x0000000084000000, 0x0000000084000000|100%| O|  |TAMS 0x0000000083f00000| PB 0x0000000083f00000| Untracked 
|  64|0x0000000084000000, 0x0000000084100000, 0x0000000084100000|100%| O|  |TAMS 0x0000000084000000| PB 0x0000000084000000| Untracked 
|  65|0x0000000084100000, 0x0000000084200000, 0x0000000084200000|100%| O|  |TAMS 0x0000000084100000| PB 0x0000000084100000| Untracked 
|  66|0x0000000084200000, 0x0000000084300000, 0x0000000084300000|100%| O|Cm|TAMS 0x0000000084200000| PB 0x0000000084200000| Complete 
|  67|0x0000000084300000, 0x0000000084400000, 0x0000000084400000|100%| O|Cm|TAMS 0x0000000084300000| PB 0x0000000084300000| Complete 
|  68|0x0000000084400000, 0x0000000084500000, 0x0000000084500000|100%| O|  |TAMS 0x0000000084400000| PB 0x0000000084400000| Untracked 
|  69|0x0000000084500000, 0x0000000084600000, 0x0000000084600000|100%| O|  |TAMS 0x0000000084500000| PB 0x0000000084500000| Untracked 
|  70|0x0000000084600000, 0x0000000084700000, 0x0000000084700000|100%| O|  |TAMS 0x0000000084600000| PB 0x0000000084600000| Untracked 
|  71|0x0000000084700000, 0x0000000084800000, 0x0000000084800000|100%| O|Cm|TAMS 0x0000000084700000| PB 0x0000000084700000| Complete 
|  72|0x0000000084800000, 0x0000000084900000, 0x0000000084900000|100%| O|  |TAMS 0x0000000084800000| PB 0x0000000084800000| Untracked 
|  73|0x0000000084900000, 0x0000000084a00000, 0x0000000084a00000|100%| O|  |TAMS 0x0000000084900000| PB 0x0000000084900000| Untracked 
|  74|0x0000000084a00000, 0x0000000084b00000, 0x0000000084b00000|100%| O|  |TAMS 0x0000000084a00000| PB 0x0000000084a00000| Untracked 
|  75|0x0000000084b00000, 0x0000000084c00000, 0x0000000084c00000|100%| O|  |TAMS 0x0000000084b00000| PB 0x0000000084b00000| Untracked 
|  76|0x0000000084c00000, 0x0000000084d00000, 0x0000000084d00000|100%| O|  |TAMS 0x0000000084c00000| PB 0x0000000084c00000| Untracked 
|  77|0x0000000084d00000, 0x0000000084e00000, 0x0000000084e00000|100%| O|  |TAMS 0x0000000084d00000| PB 0x0000000084d00000| Untracked 
|  78|0x0000000084e00000, 0x0000000084f00000, 0x0000000084f00000|100%| O|  |TAMS 0x0000000084e00000| PB 0x0000000084e00000| Untracked 
|  79|0x0000000084f00000, 0x0000000085000000, 0x0000000085000000|100%| O|  |TAMS 0x0000000084f00000| PB 0x0000000084f00000| Untracked 
|  80|0x0000000085000000, 0x00000000850b3a00, 0x0000000085100000| 70%| O|  |TAMS 0x0000000085000000| PB 0x0000000085000000| Untracked 
|  81|0x0000000085100000, 0x0000000085200000, 0x0000000085200000|100%|HS|  |TAMS 0x0000000085100000| PB 0x0000000085100000| Complete 
|  82|0x0000000085200000, 0x0000000085200000, 0x0000000085300000|  0%| F|  |TAMS 0x0000000085200000| PB 0x0000000085200000| Untracked 
|  83|0x0000000085300000, 0x0000000085300000, 0x0000000085400000|  0%| F|  |TAMS 0x0000000085300000| PB 0x0000000085300000| Untracked 
|  84|0x0000000085400000, 0x0000000085400000, 0x0000000085500000|  0%| F|  |TAMS 0x0000000085400000| PB 0x0000000085400000| Untracked 
|  85|0x0000000085500000, 0x0000000085600000, 0x0000000085600000|100%| O|  |TAMS 0x0000000085500000| PB 0x0000000085500000| Untracked 
|  86|0x0000000085600000, 0x0000000085700000, 0x0000000085700000|100%| O|  |TAMS 0x0000000085600000| PB 0x0000000085600000| Untracked 
|  87|0x0000000085700000, 0x0000000085700000, 0x0000000085800000|  0%| F|  |TAMS 0x0000000085700000| PB 0x0000000085700000| Untracked 
|  88|0x0000000085800000, 0x0000000085900000, 0x0000000085900000|100%| O|  |TAMS 0x0000000085800000| PB 0x0000000085800000| Untracked 
|  89|0x0000000085900000, 0x0000000085900000, 0x0000000085a00000|  0%| F|  |TAMS 0x0000000085900000| PB 0x0000000085900000| Untracked 
|  90|0x0000000085a00000, 0x0000000085a00000, 0x0000000085b00000|  0%| F|  |TAMS 0x0000000085a00000| PB 0x0000000085a00000| Untracked 
|  91|0x0000000085b00000, 0x0000000085bea660, 0x0000000085c00000| 91%| S|CS|TAMS 0x0000000085b00000| PB 0x0000000085b00000| Complete 
|  92|0x0000000085c00000, 0x0000000085d00000, 0x0000000085d00000|100%| S|CS|TAMS 0x0000000085c00000| PB 0x0000000085c00000| Complete 
|  93|0x0000000085d00000, 0x0000000085e00000, 0x0000000085e00000|100%| S|CS|TAMS 0x0000000085d00000| PB 0x0000000085d00000| Complete 
|  94|0x0000000085e00000, 0x0000000085f00000, 0x0000000085f00000|100%| S|CS|TAMS 0x0000000085e00000| PB 0x0000000085e00000| Complete 
|  95|0x0000000085f00000, 0x0000000085f00000, 0x0000000086000000|  0%| F|  |TAMS 0x0000000085f00000| PB 0x0000000085f00000| Untracked 
|  96|0x0000000086000000, 0x0000000086000000, 0x0000000086100000|  0%| F|  |TAMS 0x0000000086000000| PB 0x0000000086000000| Untracked 
|  97|0x0000000086100000, 0x0000000086100000, 0x0000000086200000|  0%| F|  |TAMS 0x0000000086100000| PB 0x0000000086100000| Untracked 
|  98|0x0000000086200000, 0x0000000086300000, 0x0000000086300000|100%| S|CS|TAMS 0x0000000086200000| PB 0x0000000086200000| Complete 
|  99|0x0000000086300000, 0x0000000086400000, 0x0000000086400000|100%| S|CS|TAMS 0x0000000086300000| PB 0x0000000086300000| Complete 
| 100|0x0000000086400000, 0x0000000086500000, 0x0000000086500000|100%| S|CS|TAMS 0x0000000086400000| PB 0x0000000086400000| Complete 
| 101|0x0000000086500000, 0x0000000086600000, 0x0000000086600000|100%| S|CS|TAMS 0x0000000086500000| PB 0x0000000086500000| Complete 
| 102|0x0000000086600000, 0x0000000086600000, 0x0000000086700000|  0%| F|  |TAMS 0x0000000086600000| PB 0x0000000086600000| Untracked 
| 103|0x0000000086700000, 0x0000000086700000, 0x0000000086800000|  0%| F|  |TAMS 0x0000000086700000| PB 0x0000000086700000| Untracked 
| 104|0x0000000086800000, 0x0000000086800000, 0x0000000086900000|  0%| F|  |TAMS 0x0000000086800000| PB 0x0000000086800000| Untracked 
| 105|0x0000000086900000, 0x0000000086900000, 0x0000000086a00000|  0%| F|  |TAMS 0x0000000086900000| PB 0x0000000086900000| Untracked 
| 106|0x0000000086a00000, 0x0000000086a00000, 0x0000000086b00000|  0%| F|  |TAMS 0x0000000086a00000| PB 0x0000000086a00000| Untracked 
| 107|0x0000000086b00000, 0x0000000086b00000, 0x0000000086c00000|  0%| F|  |TAMS 0x0000000086b00000| PB 0x0000000086b00000| Untracked 
| 108|0x0000000086c00000, 0x0000000086c00000, 0x0000000086d00000|  0%| F|  |TAMS 0x0000000086c00000| PB 0x0000000086c00000| Untracked 
| 109|0x0000000086d00000, 0x0000000086d00000, 0x0000000086e00000|  0%| F|  |TAMS 0x0000000086d00000| PB 0x0000000086d00000| Untracked 
| 110|0x0000000086e00000, 0x0000000086e80000, 0x0000000086f00000| 50%| E|  |TAMS 0x0000000086e00000| PB 0x0000000086e00000| Complete 
| 111|0x0000000086f00000, 0x0000000087000000, 0x0000000087000000|100%| E|CS|TAMS 0x0000000086f00000| PB 0x0000000086f00000| Complete 
| 112|0x0000000087000000, 0x0000000087100000, 0x0000000087100000|100%| E|CS|TAMS 0x0000000087000000| PB 0x0000000087000000| Complete 
| 113|0x0000000087100000, 0x0000000087200000, 0x0000000087200000|100%| E|CS|TAMS 0x0000000087100000| PB 0x0000000087100000| Complete 
| 114|0x0000000087200000, 0x0000000087300000, 0x0000000087300000|100%| E|CS|TAMS 0x0000000087200000| PB 0x0000000087200000| Complete 
| 115|0x0000000087300000, 0x0000000087400000, 0x0000000087400000|100%| E|CS|TAMS 0x0000000087300000| PB 0x0000000087300000| Complete 
| 116|0x0000000087400000, 0x0000000087500000, 0x0000000087500000|100%| E|CS|TAMS 0x0000000087400000| PB 0x0000000087400000| Complete 
| 117|0x0000000087500000, 0x0000000087600000, 0x0000000087600000|100%| E|CS|TAMS 0x0000000087500000| PB 0x0000000087500000| Complete 
| 118|0x0000000087600000, 0x0000000087700000, 0x0000000087700000|100%| E|CS|TAMS 0x0000000087600000| PB 0x0000000087600000| Complete 
| 119|0x0000000087700000, 0x0000000087800000, 0x0000000087800000|100%| E|CS|TAMS 0x0000000087700000| PB 0x0000000087700000| Complete 
| 120|0x0000000087800000, 0x0000000087900000, 0x0000000087900000|100%| E|CS|TAMS 0x0000000087800000| PB 0x0000000087800000| Complete 
| 121|0x0000000087900000, 0x0000000087a00000, 0x0000000087a00000|100%| E|CS|TAMS 0x0000000087900000| PB 0x0000000087900000| Complete 
| 122|0x0000000087a00000, 0x0000000087b00000, 0x0000000087b00000|100%| E|CS|TAMS 0x0000000087a00000| PB 0x0000000087a00000| Complete 
| 123|0x0000000087b00000, 0x0000000087c00000, 0x0000000087c00000|100%| E|CS|TAMS 0x0000000087b00000| PB 0x0000000087b00000| Complete 
| 124|0x0000000087c00000, 0x0000000087d00000, 0x0000000087d00000|100%| E|CS|TAMS 0x0000000087c00000| PB 0x0000000087c00000| Complete 
| 125|0x0000000087d00000, 0x0000000087e00000, 0x0000000087e00000|100%| E|CS|TAMS 0x0000000087d00000| PB 0x0000000087d00000| Complete 
| 126|0x0000000087e00000, 0x0000000087f00000, 0x0000000087f00000|100%| E|CS|TAMS 0x0000000087e00000| PB 0x0000000087e00000| Complete 
| 127|0x0000000087f00000, 0x0000000088000000, 0x0000000088000000|100%| E|CS|TAMS 0x0000000087f00000| PB 0x0000000087f00000| Complete 
| 128|0x0000000088000000, 0x0000000088100000, 0x0000000088100000|100%| E|CS|TAMS 0x0000000088000000| PB 0x0000000088000000| Complete 
| 129|0x0000000088100000, 0x0000000088200000, 0x0000000088200000|100%| E|CS|TAMS 0x0000000088100000| PB 0x0000000088100000| Complete 
| 130|0x0000000088200000, 0x0000000088300000, 0x0000000088300000|100%| E|CS|TAMS 0x0000000088200000| PB 0x0000000088200000| Complete 
| 131|0x0000000088300000, 0x0000000088400000, 0x0000000088400000|100%| E|CS|TAMS 0x0000000088300000| PB 0x0000000088300000| Complete 
| 132|0x0000000088400000, 0x0000000088500000, 0x0000000088500000|100%| E|CS|TAMS 0x0000000088400000| PB 0x0000000088400000| Complete 
| 133|0x0000000088500000, 0x0000000088600000, 0x0000000088600000|100%| E|CS|TAMS 0x0000000088500000| PB 0x0000000088500000| Complete 
| 134|0x0000000088600000, 0x0000000088700000, 0x0000000088700000|100%| E|CS|TAMS 0x0000000088600000| PB 0x0000000088600000| Complete 
| 135|0x0000000088700000, 0x0000000088800000, 0x0000000088800000|100%| E|CS|TAMS 0x0000000088700000| PB 0x0000000088700000| Complete 
| 136|0x0000000088800000, 0x0000000088900000, 0x0000000088900000|100%| E|CS|TAMS 0x0000000088800000| PB 0x0000000088800000| Complete 
| 137|0x0000000088900000, 0x0000000088a00000, 0x0000000088a00000|100%| E|CS|TAMS 0x0000000088900000| PB 0x0000000088900000| Complete 
| 138|0x0000000088a00000, 0x0000000088b00000, 0x0000000088b00000|100%| E|CS|TAMS 0x0000000088a00000| PB 0x0000000088a00000| Complete 
| 139|0x0000000088b00000, 0x0000000088c00000, 0x0000000088c00000|100%| E|CS|TAMS 0x0000000088b00000| PB 0x0000000088b00000| Complete 
| 140|0x0000000088c00000, 0x0000000088d00000, 0x0000000088d00000|100%| E|CS|TAMS 0x0000000088c00000| PB 0x0000000088c00000| Complete 
| 141|0x0000000088d00000, 0x0000000088e00000, 0x0000000088e00000|100%| E|CS|TAMS 0x0000000088d00000| PB 0x0000000088d00000| Complete 
| 142|0x0000000088e00000, 0x0000000088f00000, 0x0000000088f00000|100%| E|CS|TAMS 0x0000000088e00000| PB 0x0000000088e00000| Complete 
| 143|0x0000000088f00000, 0x0000000089000000, 0x0000000089000000|100%| E|CS|TAMS 0x0000000088f00000| PB 0x0000000088f00000| Complete 
| 144|0x0000000089000000, 0x0000000089100000, 0x0000000089100000|100%| E|CS|TAMS 0x0000000089000000| PB 0x0000000089000000| Complete 
| 145|0x0000000089100000, 0x0000000089200000, 0x0000000089200000|100%| E|CS|TAMS 0x0000000089100000| PB 0x0000000089100000| Complete 
| 146|0x0000000089200000, 0x0000000089300000, 0x0000000089300000|100%| E|CS|TAMS 0x0000000089200000| PB 0x0000000089200000| Complete 
| 147|0x0000000089300000, 0x0000000089400000, 0x0000000089400000|100%| E|CS|TAMS 0x0000000089300000| PB 0x0000000089300000| Complete 
| 148|0x0000000089400000, 0x0000000089500000, 0x0000000089500000|100%| E|CS|TAMS 0x0000000089400000| PB 0x0000000089400000| Complete 
| 149|0x0000000089500000, 0x0000000089600000, 0x0000000089600000|100%| E|CS|TAMS 0x0000000089500000| PB 0x0000000089500000| Complete 
| 150|0x0000000089600000, 0x0000000089700000, 0x0000000089700000|100%| E|CS|TAMS 0x0000000089600000| PB 0x0000000089600000| Complete 
| 151|0x0000000089700000, 0x0000000089800000, 0x0000000089800000|100%| E|CS|TAMS 0x0000000089700000| PB 0x0000000089700000| Complete 
| 152|0x0000000089800000, 0x0000000089900000, 0x0000000089900000|100%| E|CS|TAMS 0x0000000089800000| PB 0x0000000089800000| Complete 
| 153|0x0000000089900000, 0x0000000089a00000, 0x0000000089a00000|100%| E|CS|TAMS 0x0000000089900000| PB 0x0000000089900000| Complete 
| 154|0x0000000089a00000, 0x0000000089b00000, 0x0000000089b00000|100%| E|CS|TAMS 0x0000000089a00000| PB 0x0000000089a00000| Complete 
| 155|0x0000000089b00000, 0x0000000089c00000, 0x0000000089c00000|100%| E|CS|TAMS 0x0000000089b00000| PB 0x0000000089b00000| Complete 
| 156|0x0000000089c00000, 0x0000000089d00000, 0x0000000089d00000|100%| E|CS|TAMS 0x0000000089c00000| PB 0x0000000089c00000| Complete 
| 157|0x0000000089d00000, 0x0000000089e00000, 0x0000000089e00000|100%| E|CS|TAMS 0x0000000089d00000| PB 0x0000000089d00000| Complete 
| 158|0x0000000089e00000, 0x0000000089f00000, 0x0000000089f00000|100%| E|CS|TAMS 0x0000000089e00000| PB 0x0000000089e00000| Complete 
| 159|0x0000000089f00000, 0x000000008a000000, 0x000000008a000000|100%| E|CS|TAMS 0x0000000089f00000| PB 0x0000000089f00000| Complete 
| 160|0x000000008a000000, 0x000000008a100000, 0x000000008a100000|100%| E|CS|TAMS 0x000000008a000000| PB 0x000000008a000000| Complete 
| 161|0x000000008a100000, 0x000000008a200000, 0x000000008a200000|100%| E|CS|TAMS 0x000000008a100000| PB 0x000000008a100000| Complete 
| 162|0x000000008a200000, 0x000000008a300000, 0x000000008a300000|100%| E|CS|TAMS 0x000000008a200000| PB 0x000000008a200000| Complete 
| 163|0x000000008a300000, 0x000000008a400000, 0x000000008a400000|100%| E|CS|TAMS 0x000000008a300000| PB 0x000000008a300000| Complete 
|2045|0x00000000ffd00000, 0x00000000ffe00000, 0x00000000ffe00000|100%| O|  |TAMS 0x00000000ffd00000| PB 0x00000000ffd00000| Untracked 
|2046|0x00000000ffe00000, 0x00000000fff00000, 0x00000000fff00000|100%| E|CS|TAMS 0x00000000ffe00000| PB 0x00000000ffe00000| Complete 
|2047|0x00000000fff00000, 0x0000000100000000, 0x0000000100000000|100%| E|CS|TAMS 0x00000000fff00000| PB 0x00000000fff00000| Complete 

Card table byte_map: [0x00000127a05c0000,0x00000127a09c0000] _byte_map_base: 0x00000127a01c0000

Marking Bits: (CMBitMap*) 0x000001278dab5580
 Bits: [0x00000127a09c0000, 0x00000127a29c0000)

Polling page: 0x000001278bac0000

Metaspace:

Usage:
  Non-class:     81.88 MB used.
      Class:     13.16 MB used.
       Both:     95.04 MB used.

Virtual space:
  Non-class space:      128.00 MB reserved,      82.94 MB ( 65%) committed,  2 nodes.
      Class space:        1.00 GB reserved,      14.19 MB (  1%) committed,  1 nodes.
             Both:        1.12 GB reserved,      97.12 MB (  8%) committed. 

Chunk freelists:
   Non-Class:  12.83 MB
       Class:  1.65 MB
        Both:  14.48 MB

MaxMetaspaceSize: unlimited
CompressedClassSpaceSize: 1.00 GB
Initial GC threshold: 21.00 MB
Current GC threshold: 152.12 MB
CDS: on
 - commit_granule_bytes: 65536.
 - commit_granule_words: 8192.
 - virtual_space_node_default_size: 8388608.
 - enlarge_chunks_in_place: 1.
 - use_allocation_guard: 0.


Internal statistics:

num_allocs_failed_limit: 12.
num_arena_births: 3964.
num_arena_deaths: 0.
num_vsnodes_births: 3.
num_vsnodes_deaths: 0.
num_space_committed: 1552.
num_space_uncommitted: 0.
num_chunks_returned_to_freelist: 12.
num_chunks_taken_from_freelist: 8447.
num_chunk_merges: 12.
num_chunk_splits: 5581.
num_chunks_enlarged: 3569.
num_inconsistent_stats: 0.

CodeHeap 'non-profiled nmethods': size=120000Kb used=5862Kb max_used=5862Kb free=114137Kb
 bounds [0x0000012798730000, 0x0000012798cf0000, 0x000001279fc60000]
CodeHeap 'profiled nmethods': size=120000Kb used=19107Kb max_used=19107Kb free=100892Kb
 bounds [0x0000012790c60000, 0x0000012791f10000, 0x0000012798190000]
CodeHeap 'non-nmethods': size=5760Kb used=2731Kb max_used=2802Kb free=3028Kb
 bounds [0x0000012798190000, 0x0000012798460000, 0x0000012798730000]
CodeCache: size=245760Kb, used=27700Kb, max_used=27771Kb, free=218057Kb
 total_blobs=11347, nmethods=10355, adapters=896, full_count=0
Compilation: enabled, stopped_count=0, restarted_count=0

Compilation events (20 events):
Event: 12.603 Thread 0x00000127a5659500 12121       3       java.util.HashMap$TreeNode::tieBreakOrder (49 bytes)
Event: 12.604 Thread 0x00000127a5659500 nmethod 12121 0x0000012791efea10 code [0x0000012791efec20, 0x0000012791eff0f8]
Event: 12.639 Thread 0x00000127a5659500 12122       3       java.security.Permission::<init> (10 bytes)
Event: 12.640 Thread 0x00000127a5659500 nmethod 12122 0x0000012791eff310 code [0x0000012791eff4c0, 0x0000012791eff678]
Event: 12.649 Thread 0x00000127a5659500 12124       3       java.lang.invoke.DelegatingMethodHandle$Holder::reinvoke_L (18 bytes)
Event: 12.649 Thread 0x00000127a5659500 nmethod 12124 0x0000012791eff710 code [0x0000012791eff8e0, 0x0000012791effe08]
Event: 12.654 Thread 0x00000127a5659500 12125       3       jdk.proxy1.$Proxy84::<init> (6 bytes)
Event: 12.654 Thread 0x00000127a5659500 nmethod 12125 0x0000012791efff10 code [0x0000012791f000e0, 0x0000012791f00458]
Event: 12.654 Thread 0x00000127a5659500 12126   !   3       jdk.proxy1.$Proxy84::annotationType (29 bytes)
Event: 12.655 Thread 0x00000127a5659500 nmethod 12126 0x0000012791f00590 code [0x0000012791f00760, 0x0000012791f00b60]
Event: 12.655 Thread 0x00000127a5659500 12127       3       jdk.proxy1.$Proxy32::<init> (6 bytes)
Event: 12.655 Thread 0x00000127a5659500 nmethod 12127 0x0000012791f00d10 code [0x0000012791f00ee0, 0x0000012791f01258]
Event: 12.663 Thread 0x00000127a5659500 12128       3       org.gradle.api.internal.artifacts.configurations.DefaultArtifactCollection::<init> (42 bytes)
Event: 12.665 Thread 0x00000127a5659500 nmethod 12128 0x0000012791f01390 code [0x0000012791f01620, 0x0000012791f023b0]
Event: 12.665 Thread 0x00000127a5659500 12129       3       kotlin.jvm.internal.PropertyReference1::invoke (6 bytes)
Event: 12.665 Thread 0x00000127a5659500 nmethod 12129 0x0000012791f02990 code [0x0000012791f02b40, 0x0000012791f02d08]
Event: 12.665 Thread 0x00000127a5659500 12131       3       org.gradle.internal.metaobject.AbstractDynamicObject::<init> (5 bytes)
Event: 12.665 Thread 0x00000127a5659500 nmethod 12131 0x0000012791f02d90 code [0x0000012791f02f40, 0x0000012791f030a8]
Event: 12.665 Thread 0x00000127a5659500 12130   !   3       org.gradle.internal.UncheckedException::uncheckedCall (13 bytes)
Event: 12.665 Thread 0x00000127a5659500 nmethod 12130 0x0000012791f03190 code [0x0000012791f03360, 0x0000012791f035d8]

GC Heap History (20 events):
Event: 6.704 GC heap before
{Heap before GC invocations=14 (full 0):
 garbage-first heap   total 135168K, used 115702K [0x0000000080000000, 0x0000000100000000)
  region size 1024K, 77 young (78848K), 10 survivors (10240K)
 Metaspace       used 56296K, committed 57984K, reserved 1114112K
  class space    used 8132K, committed 8960K, reserved 1048576K
}
Event: 6.714 GC heap after
{Heap after GC invocations=15 (full 0):
 garbage-first heap   total 135168K, used 49930K [0x0000000080000000, 0x0000000100000000)
  region size 1024K, 4 young (4096K), 4 survivors (4096K)
 Metaspace       used 56296K, committed 57984K, reserved 1114112K
  class space    used 8132K, committed 8960K, reserved 1048576K
}
Event: 7.371 GC heap before
{Heap before GC invocations=15 (full 0):
 garbage-first heap   total 135168K, used 124682K [0x0000000080000000, 0x0000000100000000)
  region size 1024K, 71 young (72704K), 4 survivors (4096K)
 Metaspace       used 58151K, committed 59968K, reserved 1114112K
  class space    used 8349K, committed 9280K, reserved 1048576K
}
Event: 7.380 GC heap after
{Heap after GC invocations=16 (full 0):
 garbage-first heap   total 138240K, used 64045K [0x0000000080000000, 0x0000000100000000)
  region size 1024K, 9 young (9216K), 9 survivors (9216K)
 Metaspace       used 58151K, committed 59968K, reserved 1114112K
  class space    used 8349K, committed 9280K, reserved 1048576K
}
Event: 7.518 GC heap before
{Heap before GC invocations=16 (full 0):
 garbage-first heap   total 138240K, used 76333K [0x0000000080000000, 0x0000000100000000)
  region size 1024K, 22 young (22528K), 9 survivors (9216K)
 Metaspace       used 59131K, committed 60928K, reserved 1114112K
  class space    used 8479K, committed 9408K, reserved 1048576K
}
Event: 7.523 GC heap after
{Heap after GC invocations=17 (full 0):
 garbage-first heap   total 165888K, used 65775K [0x0000000080000000, 0x0000000100000000)
  region size 1024K, 2 young (2048K), 2 survivors (2048K)
 Metaspace       used 59131K, committed 60928K, reserved 1114112K
  class space    used 8479K, committed 9408K, reserved 1048576K
}
Event: 8.277 GC heap before
{Heap before GC invocations=18 (full 0):
 garbage-first heap   total 165888K, used 147695K [0x0000000080000000, 0x0000000100000000)
  region size 1024K, 78 young (79872K), 2 survivors (2048K)
 Metaspace       used 66966K, committed 68864K, reserved 1114112K
  class space    used 9436K, committed 10368K, reserved 1048576K
}
Event: 8.284 GC heap after
{Heap after GC invocations=19 (full 0):
 garbage-first heap   total 165888K, used 74686K [0x0000000080000000, 0x0000000100000000)
  region size 1024K, 7 young (7168K), 7 survivors (7168K)
 Metaspace       used 66966K, committed 68864K, reserved 1114112K
  class space    used 9436K, committed 10368K, reserved 1048576K
}
Event: 8.954 GC heap before
{Heap before GC invocations=19 (full 0):
 garbage-first heap   total 165888K, used 145342K [0x0000000080000000, 0x0000000100000000)
  region size 1024K, 75 young (76800K), 7 survivors (7168K)
 Metaspace       used 71959K, committed 73920K, reserved 1114112K
  class space    used 10095K, committed 11072K, reserved 1048576K
}
Event: 8.963 GC heap after
{Heap after GC invocations=20 (full 0):
 garbage-first heap   total 165888K, used 75151K [0x0000000080000000, 0x0000000100000000)
  region size 1024K, 5 young (5120K), 5 survivors (5120K)
 Metaspace       used 71959K, committed 73920K, reserved 1114112K
  class space    used 10095K, committed 11072K, reserved 1048576K
}
Event: 9.600 GC heap before
{Heap before GC invocations=20 (full 0):
 garbage-first heap   total 165888K, used 137615K [0x0000000080000000, 0x0000000100000000)
  region size 1024K, 67 young (68608K), 5 survivors (5120K)
 Metaspace       used 75574K, committed 77632K, reserved 1179648K
  class space    used 10582K, committed 11584K, reserved 1048576K
}
Event: 9.608 GC heap after
{Heap after GC invocations=21 (full 0):
 garbage-first heap   total 165888K, used 79605K [0x0000000080000000, 0x0000000100000000)
  region size 1024K, 9 young (9216K), 9 survivors (9216K)
 Metaspace       used 75574K, committed 77632K, reserved 1179648K
  class space    used 10582K, committed 11584K, reserved 1048576K
}
Event: 10.259 GC heap before
{Heap before GC invocations=22 (full 0):
 garbage-first heap   total 165888K, used 148213K [0x0000000080000000, 0x0000000100000000)
  region size 1024K, 75 young (76800K), 9 survivors (9216K)
 Metaspace       used 80716K, committed 82688K, reserved 1179648K
  class space    used 11452K, committed 12416K, reserved 1048576K
}
Event: 10.267 GC heap after
{Heap after GC invocations=23 (full 0):
 garbage-first heap   total 165888K, used 81784K [0x0000000080000000, 0x0000000100000000)
  region size 1024K, 7 young (7168K), 7 survivors (7168K)
 Metaspace       used 80716K, committed 82688K, reserved 1179648K
  class space    used 11452K, committed 12416K, reserved 1048576K
}
Event: 10.869 GC heap before
{Heap before GC invocations=23 (full 0):
 garbage-first heap   total 165888K, used 153464K [0x0000000080000000, 0x0000000100000000)
  region size 1024K, 73 young (74752K), 7 survivors (7168K)
 Metaspace       used 86019K, committed 88128K, reserved 1179648K
  class space    used 12102K, committed 13120K, reserved 1048576K
}
Event: 10.886 GC heap after
{Heap after GC invocations=24 (full 0):
 garbage-first heap   total 171008K, used 87299K [0x0000000080000000, 0x0000000100000000)
  region size 1024K, 10 young (10240K), 10 survivors (10240K)
 Metaspace       used 86019K, committed 88128K, reserved 1179648K
  class space    used 12102K, committed 13120K, reserved 1048576K
}
Event: 11.262 GC heap before
{Heap before GC invocations=24 (full 0):
 garbage-first heap   total 171008K, used 151811K [0x0000000080000000, 0x0000000100000000)
  region size 1024K, 74 young (75776K), 10 survivors (10240K)
 Metaspace       used 90643K, committed 92800K, reserved 1179648K
  class space    used 12583K, committed 13632K, reserved 1048576K
}
Event: 11.275 GC heap after
{Heap after GC invocations=25 (full 0):
 garbage-first heap   total 171008K, used 89756K [0x0000000080000000, 0x0000000100000000)
  region size 1024K, 3 young (3072K), 3 survivors (3072K)
 Metaspace       used 90643K, committed 92800K, reserved 1179648K
  class space    used 12583K, committed 13632K, reserved 1048576K
}
Event: 11.852 GC heap before
{Heap before GC invocations=26 (full 0):
 garbage-first heap   total 171008K, used 156316K [0x0000000080000000, 0x0000000100000000)
  region size 1024K, 67 young (68608K), 3 survivors (3072K)
 Metaspace       used 93928K, committed 96064K, reserved 1179648K
  class space    used 12985K, committed 14016K, reserved 1048576K
}
Event: 11.860 GC heap after
{Heap after GC invocations=27 (full 0):
 garbage-first heap   total 171008K, used 95864K [0x0000000080000000, 0x0000000100000000)
  region size 1024K, 8 young (8192K), 8 survivors (8192K)
 Metaspace       used 93928K, committed 96064K, reserved 1179648K
  class space    used 12985K, committed 14016K, reserved 1048576K
}

Dll operation events (14 events):
Event: 0.008 Loaded shared library C:\Users\User\.cursor\extensions\redhat.java-1.54.0-win32-x64\jre\21.0.10-win32-x86_64\bin\java.dll
Event: 0.055 Loaded shared library C:\Users\User\.cursor\extensions\redhat.java-1.54.0-win32-x64\jre\21.0.10-win32-x86_64\bin\zip.dll
Event: 0.073 Loaded shared library C:\Users\User\.cursor\extensions\redhat.java-1.54.0-win32-x64\jre\21.0.10-win32-x86_64\bin\instrument.dll
Event: 0.078 Loaded shared library C:\Users\User\.cursor\extensions\redhat.java-1.54.0-win32-x64\jre\21.0.10-win32-x86_64\bin\net.dll
Event: 0.080 Loaded shared library C:\Users\User\.cursor\extensions\redhat.java-1.54.0-win32-x64\jre\21.0.10-win32-x86_64\bin\nio.dll
Event: 0.082 Loaded shared library C:\Users\User\.cursor\extensions\redhat.java-1.54.0-win32-x64\jre\21.0.10-win32-x86_64\bin\zip.dll
Event: 0.289 Loaded shared library C:\Users\User\.cursor\extensions\redhat.java-1.54.0-win32-x64\jre\21.0.10-win32-x86_64\bin\jimage.dll
Event: 0.380 Loaded shared library C:\Users\User\.cursor\extensions\redhat.java-1.54.0-win32-x64\jre\21.0.10-win32-x86_64\bin\verify.dll
Event: 0.483 Loaded shared library C:\Users\User\.gradle\native\c067742578af261105cb4f569cf0c3c89f3d7b1fecec35dd04571415982c5e48\windows-amd64\native-platform.dll
Event: 0.510 Loaded shared library C:\Users\User\.gradle\native\100fb08df4bc3b14c8652ba06237920a3bd2aa13389f12d3474272988ae205f9\windows-amd64\native-platform-file-events.dll
Event: 1.432 Loaded shared library C:\Users\User\.cursor\extensions\redhat.java-1.54.0-win32-x64\jre\21.0.10-win32-x86_64\bin\management.dll
Event: 1.436 Loaded shared library C:\Users\User\.cursor\extensions\redhat.java-1.54.0-win32-x64\jre\21.0.10-win32-x86_64\bin\management_ext.dll
Event: 1.595 Loaded shared library C:\Users\User\.cursor\extensions\redhat.java-1.54.0-win32-x64\jre\21.0.10-win32-x86_64\bin\extnet.dll
Event: 1.700 Loaded shared library C:\Users\User\.cursor\extensions\redhat.java-1.54.0-win32-x64\jre\21.0.10-win32-x86_64\bin\sunmscapi.dll

Deoptimization events (20 events):
Event: 12.474 Thread 0x00000127ec7be6e0 DEOPT PACKING pc=0x0000012790e5cf7c sp=0x00000017fcefa750
Event: 12.474 Thread 0x00000127ec7be6e0 DEOPT UNPACKING pc=0x00000127981e4bc2 sp=0x00000017fcef9d00 mode 0
Event: 12.510 Thread 0x00000127ec7be6e0 DEOPT PACKING pc=0x0000012790e5cf56 sp=0x00000017fcef9f00
Event: 12.510 Thread 0x00000127ec7be6e0 DEOPT UNPACKING pc=0x00000127981e4bc2 sp=0x00000017fcef94b0 mode 0
Event: 12.516 Thread 0x00000127ec7be6e0 DEOPT PACKING pc=0x00000127919a8fcc sp=0x00000017fcef9f80
Event: 12.516 Thread 0x00000127ec7be6e0 DEOPT UNPACKING pc=0x00000127981e4bc2 sp=0x00000017fcef93b8 mode 0
Event: 12.516 Thread 0x00000127ec7be6e0 DEOPT PACKING pc=0x00000127919a90e4 sp=0x00000017fcef9ff0
Event: 12.516 Thread 0x00000127ec7be6e0 DEOPT UNPACKING pc=0x00000127981e4bc2 sp=0x00000017fcef9490 mode 0
Event: 12.516 Thread 0x00000127ec7be6e0 DEOPT PACKING pc=0x00000127919b4f04 sp=0x00000017fcefa060
Event: 12.516 Thread 0x00000127ec7be6e0 DEOPT UNPACKING pc=0x00000127981e4bc2 sp=0x00000017fcef9460 mode 0
Event: 12.516 Thread 0x00000127ec7be6e0 Uncommon trap: trap_request=0xfffffff4 fr.pc=0x0000012798890de8 relative=0x0000000000001d68
Event: 12.516 Thread 0x00000127ec7be6e0 Uncommon trap: reason=null_check action=make_not_entrant pc=0x0000012798890de8 method=sun.reflect.generics.visitor.Reifier.reifyTypeArguments([Lsun/reflect/generics/tree/TypeArgument;)[Ljava/lang/reflect/Type; @ 29 c2
Event: 12.516 Thread 0x00000127ec7be6e0 DEOPT PACKING pc=0x0000012798890de8 sp=0x00000017fcefa0e0
Event: 12.516 Thread 0x00000127ec7be6e0 DEOPT UNPACKING pc=0x00000127981e4422 sp=0x00000017fcefa028 mode 2
Event: 12.557 Thread 0x00000127ec7be6e0 DEOPT PACKING pc=0x0000012790e5cff3 sp=0x00000017fcefa750
Event: 12.557 Thread 0x00000127ec7be6e0 DEOPT UNPACKING pc=0x00000127981e4bc2 sp=0x00000017fcef9d00 mode 0
Event: 12.578 Thread 0x00000127ec7be6e0 DEOPT PACKING pc=0x0000012790e5cf56 sp=0x00000017fcefa750
Event: 12.578 Thread 0x00000127ec7be6e0 DEOPT UNPACKING pc=0x00000127981e4bc2 sp=0x00000017fcef9d00 mode 0
Event: 12.646 Thread 0x00000127ec7be6e0 DEOPT PACKING pc=0x0000012790e5d45d sp=0x00000017fcefa750
Event: 12.646 Thread 0x00000127ec7be6e0 DEOPT UNPACKING pc=0x00000127981e4bc2 sp=0x00000017fcef9d00 mode 0

Classes loaded (20 events):
Event: 11.101 Loading class jdk/internal/math/FormattedFPDecimal
Event: 11.101 Loading class jdk/internal/math/FormattedFPDecimal done
Event: 11.387 Loading class java/lang/management/RuntimeMXBean
Event: 11.387 Loading class java/lang/management/RuntimeMXBean done
Event: 11.387 Loading class sun/management/RuntimeImpl
Event: 11.387 Loading class sun/management/RuntimeImpl done
Event: 11.552 Loading class java/util/TreeMap$ValueSpliterator
Event: 11.552 Loading class java/util/TreeMap$ValueSpliterator done
Event: 12.002 Loading class java/io/NotSerializableException
Event: 12.002 Loading class java/io/NotSerializableException done
Event: 12.136 Loading class java/lang/management/OperatingSystemMXBean
Event: 12.136 Loading class java/lang/management/OperatingSystemMXBean done
Event: 12.136 Loading class com/sun/management/internal/OperatingSystemImpl
Event: 12.137 Loading class com/sun/management/OperatingSystemMXBean
Event: 12.137 Loading class com/sun/management/OperatingSystemMXBean done
Event: 12.137 Loading class sun/management/BaseOperatingSystemImpl
Event: 12.137 Loading class sun/management/BaseOperatingSystemImpl done
Event: 12.137 Loading class com/sun/management/internal/OperatingSystemImpl done
Event: 12.513 Loading class sun/reflect/generics/scope/DummyScope
Event: 12.513 Loading class sun/reflect/generics/scope/DummyScope done

Classes unloaded (0 events):
No events

Classes redefined (0 events):
No events

Internal exceptions (20 events):
Event: 11.508 Thread 0x00000127ec7be6e0 Exception <a 'java/lang/NoClassDefFoundError'{0x000000008867b298}: org/jetbrains/kotlin/gradle/plugin/KotlinBasePluginWrapper> (0x000000008867b298) 
thrown [s\src\hotspot\share\oops\constantPool.cpp, line 873]
Event: 11.540 Thread 0x00000127ec7be6e0 Exception <a 'java/lang/NoClassDefFoundError'{0x00000000884bea80}: org/jetbrains/kotlin/gradle/plugin/KotlinBasePluginWrapper> (0x00000000884bea80) 
thrown [s\src\hotspot\share\oops\constantPool.cpp, line 873]
Event: 11.547 Thread 0x00000127ec7be6e0 Exception <a 'sun/nio/fs/WindowsException'{0x0000000088310bd0}> (0x0000000088310bd0) 
thrown [s\src\hotspot\share\prims\jni.cpp, line 520]
Event: 11.553 Thread 0x00000127ec7be6e0 Exception <a 'java/lang/NoSuchMethodError'{0x000000008834ee88}: 'java.lang.Object java.lang.invoke.DirectMethodHandle$Holder.invokeStatic(java.lang.Object, int, java.lang.Object)'> (0x000000008834ee88) 
thrown [s\src\hotspot\share\interpreter\linkResolver.cpp, line 773]
Event: 11.733 Thread 0x00000127ec7be6e0 Implicit null exception at 0x00000127987f2eaf to 0x00000127987f48e8
Event: 12.156 Thread 0x00000127ec7be6e0 Exception <a 'java/lang/NoClassDefFoundError'{0x0000000088f4fa58}: org/jetbrains/kotlin/gradle/plugin/KotlinBasePluginWrapper> (0x0000000088f4fa58) 
thrown [s\src\hotspot\share\oops\constantPool.cpp, line 873]
Event: 12.159 Thread 0x00000127ec7be6e0 Exception <a 'java/lang/NoClassDefFoundError'{0x0000000088f70270}: org/jetbrains/kotlin/gradle/plugin/KotlinBasePluginWrapper> (0x0000000088f70270) 
thrown [s\src\hotspot\share\oops\constantPool.cpp, line 873]
Event: 12.163 Thread 0x00000127ec7be6e0 Exception <a 'java/lang/NoClassDefFoundError'{0x0000000088f8f680}: org/jetbrains/kotlin/gradle/plugin/KotlinBasePluginWrapper> (0x0000000088f8f680) 
thrown [s\src\hotspot\share\oops\constantPool.cpp, line 873]
Event: 12.167 Thread 0x00000127ec7be6e0 Exception <a 'java/lang/NoClassDefFoundError'{0x0000000088fb1d58}: org/jetbrains/kotlin/gradle/plugin/KotlinBasePluginWrapper> (0x0000000088fb1d58) 
thrown [s\src\hotspot\share\oops\constantPool.cpp, line 873]
Event: 12.172 Thread 0x00000127ec7be6e0 Exception <a 'java/lang/NoClassDefFoundError'{0x0000000088fd0fc0}: org/jetbrains/kotlin/gradle/plugin/KotlinBasePluginWrapper> (0x0000000088fd0fc0) 
thrown [s\src\hotspot\share\oops\constantPool.cpp, line 873]
Event: 12.186 Thread 0x00000127ec7be6e0 Implicit null exception at 0x0000012798cc82c0 to 0x0000012798cc8410
Event: 12.202 Thread 0x00000127ec7be6e0 Exception <a 'java/lang/NoClassDefFoundError'{0x0000000088c1c800}: org/jetbrains/kotlin/gradle/plugin/KotlinBasePluginWrapper> (0x0000000088c1c800) 
thrown [s\src\hotspot\share\oops\constantPool.cpp, line 873]
Event: 12.207 Thread 0x00000127ec7be6e0 Exception <a 'java/lang/NoClassDefFoundError'{0x0000000088c3dc38}: org/jetbrains/kotlin/gradle/plugin/KotlinBasePluginWrapper> (0x0000000088c3dc38) 
thrown [s\src\hotspot\share\oops\constantPool.cpp, line 873]
Event: 12.212 Thread 0x00000127ec7be6e0 Exception <a 'java/lang/NoClassDefFoundError'{0x0000000088c5d938}: org/jetbrains/kotlin/gradle/plugin/KotlinBasePluginWrapper> (0x0000000088c5d938) 
thrown [s\src\hotspot\share\oops\constantPool.cpp, line 873]
Event: 12.216 Thread 0x00000127ec7be6e0 Exception <a 'java/lang/NoClassDefFoundError'{0x0000000088c7f930}: org/jetbrains/kotlin/gradle/plugin/KotlinBasePluginWrapper> (0x0000000088c7f930) 
thrown [s\src\hotspot\share\oops\constantPool.cpp, line 873]
Event: 12.221 Thread 0x00000127ec7be6e0 Exception <a 'java/lang/NoClassDefFoundError'{0x0000000088ca7168}: org/jetbrains/kotlin/gradle/plugin/KotlinBasePluginWrapper> (0x0000000088ca7168) 
thrown [s\src\hotspot\share\oops\constantPool.cpp, line 873]
Event: 12.226 Thread 0x00000127ec7be6e0 Exception <a 'java/lang/NoClassDefFoundError'{0x0000000088ccfe08}: org/jetbrains/kotlin/gradle/plugin/KotlinBasePluginWrapper> (0x0000000088ccfe08) 
thrown [s\src\hotspot\share\oops\constantPool.cpp, line 873]
Event: 12.227 Thread 0x00000127ec7be6e0 Implicit null exception at 0x0000012798cc86cd to 0x0000012798cc8882
Event: 12.259 Thread 0x00000127ec7be6e0 Implicit null exception at 0x0000012798cd4b4d to 0x0000012798cd4d02
Event: 12.516 Thread 0x00000127ec7be6e0 Implicit null exception at 0x000001279888f8d9 to 0x0000012798890dc0

ZGC Phase Switch (0 events):
No events

VM Operations (20 events):
Event: 11.275 Executing safepoint VM operation: G1CollectForAllocation (G1 Evacuation Pause) done
Event: 11.324 Executing safepoint VM operation: G1PauseRemark
Event: 11.329 Executing safepoint VM operation: G1PauseRemark done
Event: 11.357 Executing safepoint VM operation: G1PauseCleanup
Event: 11.357 Executing safepoint VM operation: G1PauseCleanup done
Event: 11.457 Executing safepoint VM operation: ICBufferFull
Event: 11.457 Executing safepoint VM operation: ICBufferFull done
Event: 11.692 Executing safepoint VM operation: ICBufferFull
Event: 11.692 Executing safepoint VM operation: ICBufferFull done
Event: 11.707 Executing non-safepoint VM operation: HandshakeAllThreads (Deoptimize)
Event: 11.707 Executing non-safepoint VM operation: HandshakeAllThreads (Deoptimize) done
Event: 11.708 Executing non-safepoint VM operation: HandshakeAllThreads (Deoptimize)
Event: 11.709 Executing non-safepoint VM operation: HandshakeAllThreads (Deoptimize) done
Event: 11.710 Executing non-safepoint VM operation: HandshakeAllThreads (Deoptimize)
Event: 11.710 Executing non-safepoint VM operation: HandshakeAllThreads (Deoptimize) done
Event: 11.852 Executing safepoint VM operation: G1CollectForAllocation (G1 Evacuation Pause)
Event: 11.860 Executing safepoint VM operation: G1CollectForAllocation (G1 Evacuation Pause) done
Event: 12.516 Executing non-safepoint VM operation: HandshakeAllThreads (Deoptimize)
Event: 12.516 Executing non-safepoint VM operation: HandshakeAllThreads (Deoptimize) done
Event: 13.521 Executing safepoint VM operation: Cleanup

Memory protections (0 events):
No events

Nmethod flushes (20 events):
Event: 11.328 Thread 0x00000127a5625460 flushing  nmethod 0x0000012790e24710
Event: 11.328 Thread 0x00000127a5625460 flushing  nmethod 0x0000012790e24b90
Event: 11.328 Thread 0x00000127a5625460 flushing  nmethod 0x0000012790e2cb90
Event: 11.328 Thread 0x00000127a5625460 flushing  nmethod 0x0000012790ef7090
Event: 11.328 Thread 0x00000127a5625460 flushing  nmethod 0x0000012790fdcf10
Event: 11.328 Thread 0x00000127a5625460 flushing  nmethod 0x0000012791020a90
Event: 11.328 Thread 0x00000127a5625460 flushing  nmethod 0x0000012791021090
Event: 11.328 Thread 0x00000127a5625460 flushing  nmethod 0x00000127910fc510
Event: 11.328 Thread 0x00000127a5625460 flushing  nmethod 0x0000012791209910
Event: 11.328 Thread 0x00000127a5625460 flushing  nmethod 0x00000127912d8890
Event: 11.328 Thread 0x00000127a5625460 flushing  nmethod 0x00000127912d9110
Event: 11.328 Thread 0x00000127a5625460 flushing  nmethod 0x00000127912d9710
Event: 11.328 Thread 0x00000127a5625460 flushing  nmethod 0x00000127912d9d90
Event: 11.328 Thread 0x00000127a5625460 flushing  nmethod 0x00000127912da790
Event: 11.328 Thread 0x00000127a5625460 flushing  nmethod 0x00000127912dc690
Event: 11.328 Thread 0x00000127a5625460 flushing  nmethod 0x0000012791319e90
Event: 11.328 Thread 0x00000127a5625460 flushing  nmethod 0x000001279156b610
Event: 11.328 Thread 0x00000127a5625460 flushing  nmethod 0x0000012791a23110
Event: 11.328 Thread 0x00000127a5625460 flushing  nmethod 0x0000012791a96d90
Event: 11.328 Thread 0x00000127a5625460 flushing  nmethod 0x0000012791bd5b10

Events (20 events):
Event: 11.382 Thread 0x00000127ec7be6e0 Thread added: 0x00000127eefea700
Event: 11.382 Thread 0x00000127ec7be6e0 Thread added: 0x00000127eefead90
Event: 11.382 Thread 0x00000127ec7be6e0 Thread added: 0x00000127ecfd1840
Event: 11.382 Thread 0x00000127ec7be6e0 Thread added: 0x00000127ecfd3fa0
Event: 11.382 Thread 0x00000127ec7be6e0 Thread added: 0x00000127ecfd2bf0
Event: 11.383 Thread 0x00000127ec7be6e0 Thread added: 0x00000127ecfd3280
Event: 11.402 Thread 0x00000127f1528ab0 Thread exited: 0x00000127f1528ab0
Event: 11.419 Thread 0x00000127ec7be6e0 Thread added: 0x00000127ecfd4630
Event: 11.420 Thread 0x00000127ec7be6e0 Thread added: 0x00000127ec7bbf80
Event: 11.420 Thread 0x00000127ec7be6e0 Thread added: 0x00000127ec7bcca0
Event: 11.420 Thread 0x00000127ec7be6e0 Thread added: 0x00000127ec7bd9c0
Event: 11.420 Thread 0x00000127ec7be6e0 Thread added: 0x00000127f1528ab0
Event: 11.421 Thread 0x00000127ec7be6e0 Thread added: 0x00000127ee2cf030
Event: 11.421 Thread 0x00000127ec7be6e0 Thread added: 0x00000127ee2cf6c0
Event: 11.421 Thread 0x00000127ec7be6e0 Thread added: 0x00000127ee2ce310
Event: 11.421 Thread 0x00000127ec7be6e0 Thread added: 0x00000127ee2ccf60
Event: 11.422 Thread 0x00000127ec7be6e0 Thread added: 0x00000127ee2cc240
Event: 11.422 Thread 0x00000127ec7be6e0 Thread added: 0x00000127ee2cc8d0
Event: 11.548 Thread 0x00000127ec7be6e0 Thread added: 0x00000127ee2cdc80
Event: 12.417 Thread 0x00000127eb861490 Thread exited: 0x00000127eb861490


Dynamic libraries:
0x00007ff781d90000 - 0x00007ff781d9e000 	C:\Users\User\.cursor\extensions\redhat.java-1.54.0-win32-x64\jre\21.0.10-win32-x86_64\bin\java.exe
0x00007fff389e0000 - 0x00007fff38c47000 	C:\WINDOWS\SYSTEM32\ntdll.dll
0x00007fff37180000 - 0x00007fff37249000 	C:\WINDOWS\System32\KERNEL32.DLL
0x00007fff360b0000 - 0x00007fff364a4000 	C:\WINDOWS\System32\KERNELBASE.dll
0x00007fff36620000 - 0x00007fff3676b000 	C:\WINDOWS\System32\ucrtbase.dll
0x00007fff264f0000 - 0x00007fff2650e000 	C:\Users\User\.cursor\extensions\redhat.java-1.54.0-win32-x64\jre\21.0.10-win32-x86_64\bin\VCRUNTIME140.dll
0x00007fff264b0000 - 0x00007fff264c8000 	C:\Users\User\.cursor\extensions\redhat.java-1.54.0-win32-x64\jre\21.0.10-win32-x86_64\bin\jli.dll
0x00007fff386a0000 - 0x00007fff38865000 	C:\WINDOWS\System32\USER32.dll
0x00007fff1d720000 - 0x00007fff1d9b3000 	C:\WINDOWS\WinSxS\amd64_microsoft.windows.common-controls_6595b64144ccf1df_6.0.26100.8115_none_3e075c82e3354f9c\COMCTL32.dll
0x00007fff35420000 - 0x00007fff35447000 	C:\WINDOWS\System32\win32u.dll
0x00007fff38460000 - 0x00007fff3848b000 	C:\WINDOWS\System32\GDI32.dll
0x00007fff370d0000 - 0x00007fff37179000 	C:\WINDOWS\System32\msvcrt.dll
0x00007fff35590000 - 0x00007fff356bb000 	C:\WINDOWS\System32\gdi32full.dll
0x00007fff352b0000 - 0x00007fff35353000 	C:\WINDOWS\System32\msvcp_win.dll
0x00007fff375e0000 - 0x00007fff37612000 	C:\WINDOWS\System32\IMM32.DLL
0x00007fff30e30000 - 0x00007fff30e3c000 	C:\Users\User\.cursor\extensions\redhat.java-1.54.0-win32-x64\jre\21.0.10-win32-x86_64\bin\vcruntime140_1.dll
0x00007fff07180000 - 0x00007fff0720d000 	C:\Users\User\.cursor\extensions\redhat.java-1.54.0-win32-x64\jre\21.0.10-win32-x86_64\bin\msvcp140.dll
0x00007ffe75f50000 - 0x00007ffe76cf1000 	C:\Users\User\.cursor\extensions\redhat.java-1.54.0-win32-x64\jre\21.0.10-win32-x86_64\bin\server\jvm.dll
0x00007fff37b90000 - 0x00007fff37c46000 	C:\WINDOWS\System32\ADVAPI32.dll
0x00007fff388f0000 - 0x00007fff38997000 	C:\WINDOWS\System32\sechost.dll
0x00007fff37280000 - 0x00007fff37398000 	C:\WINDOWS\System32\RPCRT4.dll
0x00007fff373a0000 - 0x00007fff37420000 	C:\WINDOWS\System32\WS2_32.dll
0x00007fff35110000 - 0x00007fff3516e000 	C:\WINDOWS\SYSTEM32\POWRPROF.dll
0x00007fff1c8c0000 - 0x00007fff1c8f6000 	C:\WINDOWS\SYSTEM32\WINMM.dll
0x00007fff2c220000 - 0x00007fff2c22b000 	C:\WINDOWS\SYSTEM32\VERSION.dll
0x00007fff350f0000 - 0x00007fff35104000 	C:\WINDOWS\SYSTEM32\UMPDC.dll
0x00007fff34040000 - 0x00007fff3405b000 	C:\WINDOWS\SYSTEM32\kernel.appcore.dll
0x00007fff27e50000 - 0x00007fff27e5a000 	C:\Users\User\.cursor\extensions\redhat.java-1.54.0-win32-x64\jre\21.0.10-win32-x86_64\bin\jimage.dll
0x00007fff0a490000 - 0x00007fff0a6d2000 	C:\WINDOWS\SYSTEM32\DBGHELP.DLL
0x00007fff37f10000 - 0x00007fff38292000 	C:\WINDOWS\System32\combase.dll
0x00007fff37ab0000 - 0x00007fff37b88000 	C:\WINDOWS\System32\OLEAUT32.dll
0x00007fff121d0000 - 0x00007fff1220b000 	C:\WINDOWS\SYSTEM32\dbgcore.DLL
0x00007fff35450000 - 0x00007fff354f5000 	C:\WINDOWS\System32\bcryptPrimitives.dll
0x00007fff21d10000 - 0x00007fff21d1f000 	C:\Users\User\.cursor\extensions\redhat.java-1.54.0-win32-x64\jre\21.0.10-win32-x86_64\bin\instrument.dll
0x00007fff22800000 - 0x00007fff22820000 	C:\Users\User\.cursor\extensions\redhat.java-1.54.0-win32-x64\jre\21.0.10-win32-x86_64\bin\java.dll
0x00007fff36960000 - 0x00007fff370c7000 	C:\WINDOWS\System32\SHELL32.dll
0x00007fff364b0000 - 0x00007fff3661a000 	C:\WINDOWS\System32\wintypes.dll
0x00007fff356c0000 - 0x00007fff35f28000 	C:\WINDOWS\System32\windows.storage.dll
0x00007fff36770000 - 0x00007fff36868000 	C:\WINDOWS\System32\SHCORE.dll
0x00007fff36870000 - 0x00007fff368d6000 	C:\WINDOWS\System32\shlwapi.dll
0x00007fff351d0000 - 0x00007fff351f9000 	C:\WINDOWS\SYSTEM32\profapi.dll
0x00007fff19590000 - 0x00007fff195a8000 	C:\Users\User\.cursor\extensions\redhat.java-1.54.0-win32-x64\jre\21.0.10-win32-x86_64\bin\zip.dll
0x00007fff22780000 - 0x00007fff22790000 	C:\Users\User\.cursor\extensions\redhat.java-1.54.0-win32-x64\jre\21.0.10-win32-x86_64\bin\net.dll
0x00007fff2ec20000 - 0x00007fff2ed4d000 	C:\WINDOWS\SYSTEM32\WINHTTP.dll
0x00007fff345b0000 - 0x00007fff3461c000 	C:\WINDOWS\system32\mswsock.dll
0x00007fff16230000 - 0x00007fff16246000 	C:\Users\User\.cursor\extensions\redhat.java-1.54.0-win32-x64\jre\21.0.10-win32-x86_64\bin\nio.dll
0x00007fff16220000 - 0x00007fff16230000 	C:\Users\User\.cursor\extensions\redhat.java-1.54.0-win32-x64\jre\21.0.10-win32-x86_64\bin\verify.dll
0x00007fff16d20000 - 0x00007fff16d47000 	C:\Users\User\.gradle\native\c067742578af261105cb4f569cf0c3c89f3d7b1fecec35dd04571415982c5e48\windows-amd64\native-platform.dll
0x00007ffed1820000 - 0x00007ffed1964000 	C:\Users\User\.gradle\native\100fb08df4bc3b14c8652ba06237920a3bd2aa13389f12d3474272988ae205f9\windows-amd64\native-platform-file-events.dll
0x00007fff15bf0000 - 0x00007fff15bfa000 	C:\Users\User\.cursor\extensions\redhat.java-1.54.0-win32-x64\jre\21.0.10-win32-x86_64\bin\management.dll
0x00007fff13f30000 - 0x00007fff13f3c000 	C:\Users\User\.cursor\extensions\redhat.java-1.54.0-win32-x64\jre\21.0.10-win32-x86_64\bin\management_ext.dll
0x00007fff375d0000 - 0x00007fff375d8000 	C:\WINDOWS\System32\PSAPI.DLL
0x00007fff34890000 - 0x00007fff348ab000 	C:\WINDOWS\SYSTEM32\CRYPTSP.dll
0x00007fff33fa0000 - 0x00007fff33fd9000 	C:\WINDOWS\system32\rsaenh.dll
0x00007fff34660000 - 0x00007fff34693000 	C:\WINDOWS\SYSTEM32\USERENV.dll
0x00007fff351a0000 - 0x00007fff351ca000 	C:\WINDOWS\SYSTEM32\bcrypt.dll
0x00007fff348b0000 - 0x00007fff348bc000 	C:\WINDOWS\SYSTEM32\CRYPTBASE.dll
0x00007fff33a40000 - 0x00007fff33a72000 	C:\WINDOWS\SYSTEM32\IPHLPAPI.DLL
0x00007fff382a0000 - 0x00007fff382aa000 	C:\WINDOWS\System32\NSI.dll
0x00007fff15f70000 - 0x00007fff15f79000 	C:\Users\User\.cursor\extensions\redhat.java-1.54.0-win32-x64\jre\21.0.10-win32-x86_64\bin\extnet.dll
0x00007fff16210000 - 0x00007fff1621e000 	C:\Users\User\.cursor\extensions\redhat.java-1.54.0-win32-x64\jre\21.0.10-win32-x86_64\bin\sunmscapi.dll
0x00007fff35f30000 - 0x00007fff360a7000 	C:\WINDOWS\System32\CRYPT32.dll
0x00007fff34ab0000 - 0x00007fff34ae0000 	C:\WINDOWS\SYSTEM32\ncrypt.dll
0x00007fff34a60000 - 0x00007fff34a9f000 	C:\WINDOWS\SYSTEM32\NTASN1.dll
0x00007fff004c0000 - 0x00007fff004c8000 	C:\WINDOWS\system32\wshunix.dll

JVMTI agents:
C:\Users\User\.gradle\wrapper\dists\gradle-8.11.1-bin\bpt9gzteqjrbo1mjrsomdt32c\gradle-8.11.1\lib\agents\gradle-instrumentation-agent-8.11.1.jar path:C:\Users\User\.cursor\extensions\redhat.java-1.54.0-win32-x64\jre\21.0.10-win32-x86_64\bin\instrument.dll, loaded, initialized, instrumentlib options:none

dbghelp: loaded successfully - version: 4.0.5 - missing functions: none
symbol engine: initialized successfully - sym options: 0x614 - pdb path: .;C:\Users\User\.cursor\extensions\redhat.java-1.54.0-win32-x64\jre\21.0.10-win32-x86_64\bin;C:\WINDOWS\SYSTEM32;C:\WINDOWS\WinSxS\amd64_microsoft.windows.common-controls_6595b64144ccf1df_6.0.26100.8115_none_3e075c82e3354f9c;C:\Users\User\.cursor\extensions\redhat.java-1.54.0-win32-x64\jre\21.0.10-win32-x86_64\bin\server;C:\Users\User\.gradle\native\c067742578af261105cb4f569cf0c3c89f3d7b1fecec35dd04571415982c5e48\windows-amd64;C:\Users\User\.gradle\native\100fb08df4bc3b14c8652ba06237920a3bd2aa13389f12d3474272988ae205f9\windows-amd64

VM Arguments:
jvm_args: --add-opens=java.base/java.lang=ALL-UNNAMED --add-opens=java.base/java.lang.invoke=ALL-UNNAMED --add-opens=java.base/java.util=ALL-UNNAMED --add-opens=java.prefs/java.util.prefs=ALL-UNNAMED --add-exports=jdk.compiler/com.sun.tools.javac.api=ALL-UNNAMED --add-exports=jdk.compiler/com.sun.tools.javac.util=ALL-UNNAMED --add-opens=java.base/java.util=ALL-UNNAMED --add-opens=java.prefs/java.util.prefs=ALL-UNNAMED --add-opens=java.base/java.nio.charset=ALL-UNNAMED --add-opens=java.base/java.net=ALL-UNNAMED --add-opens=java.base/java.util.concurrent.atomic=ALL-UNNAMED --add-opens=java.xml/javax.xml.namespace=ALL-UNNAMED -Xmx2048m -Dfile.encoding=UTF-8 -Duser.country=US -Duser.language=en -Duser.variant -javaagent:C:\Users\User\.gradle\wrapper\dists\gradle-8.11.1-bin\bpt9gzteqjrbo1mjrsomdt32c\gradle-8.11.1\lib\agents\gradle-instrumentation-agent-8.11.1.jar 
java_command: org.gradle.launcher.daemon.bootstrap.GradleDaemon 8.11.1
java_class_path (initial): C:\Users\User\.gradle\wrapper\dists\gradle-8.11.1-bin\bpt9gzteqjrbo1mjrsomdt32c\gradle-8.11.1\lib\gradle-daemon-main-8.11.1.jar
Launcher Type: SUN_STANDARD

[Global flags]
     intx CICompilerCount                          = 4                                         {product} {ergonomic}
     uint ConcGCThreads                            = 3                                         {product} {ergonomic}
     uint G1ConcRefinementThreads                  = 10                                        {product} {ergonomic}
   size_t G1HeapRegionSize                         = 1048576                                   {product} {ergonomic}
    uintx GCDrainStackTargetSize                   = 64                                        {product} {ergonomic}
   size_t InitialHeapSize                          = 132120576                                 {product} {ergonomic}
   size_t MarkStackSize                            = 4194304                                   {product} {ergonomic}
   size_t MaxHeapSize                              = 2147483648                                {product} {command line}
   size_t MaxNewSize                               = 1287651328                                {product} {ergonomic}
   size_t MinHeapDeltaBytes                        = 1048576                                   {product} {ergonomic}
   size_t MinHeapSize                              = 8388608                                   {product} {ergonomic}
    uintx NonNMethodCodeHeapSize                   = 5839372                                {pd product} {ergonomic}
    uintx NonProfiledCodeHeapSize                  = 122909434                              {pd product} {ergonomic}
    uintx ProfiledCodeHeapSize                     = 122909434                              {pd product} {ergonomic}
    uintx ReservedCodeCacheSize                    = 251658240                              {pd product} {ergonomic}
     bool SegmentedCodeCache                       = true                                      {product} {ergonomic}
   size_t SoftMaxHeapSize                          = 2147483648                             {manageable} {ergonomic}
     bool UseCompressedOops                        = true                           {product lp64_product} {ergonomic}
     bool UseG1GC                                  = true                                      {product} {ergonomic}
     bool UseLargePagesIndividualAllocation        = false                                  {pd product} {ergonomic}

Logging:
Log output configuration:
 #0: stdout all=warning uptime,level,tags foldmultilines=false
 #1: stderr all=off uptime,level,tags foldmultilines=false

Release file:
JAVA_VERSION="21.0.10" 
MODULES="java.base java.compiler java.datatransfer java.xml java.prefs java.desktop java.instrument java.logging java.management java.security.sasl java.naming java.rmi java.management.rmi java.net.http java.scripting java.security.jgss java.transaction.xa java.sql java.sql.rowset java.xml.crypto java.se java.smartcardio jdk.accessibility jdk.internal.jvmstat jdk.attach jdk.charsets jdk.internal.opt jdk.zipfs jdk.compiler jdk.crypto.ec jdk.crypto.cryptoki jdk.crypto.mscapi jdk.dynalink jdk.internal.ed jdk.editpad jdk.hotspot.agent jdk.httpserver jdk.internal.le jdk.internal.vm.ci jdk.internal.vm.compiler jdk.internal.vm.compiler.management jdk.jartool jdk.javadoc jdk.jcmd jdk.management jdk.management.agent jdk.jconsole jdk.jdeps jdk.jdwp.agent jdk.jdi jdk.jfr jdk.jshell jdk.jsobject jdk.jstatd jdk.localedata jdk.management.jfr jdk.naming.dns jdk.naming.rmi jdk.net jdk.nio.mapmode jdk.random jdk.sctp jdk.security.auth jdk.security.jgss jdk.unsupported jdk.unsupported.desktop jdk.xml.dom" 

Environment Variables:
PATH=C:\WINDOWS\system32;C:\WINDOWS;C:\WINDOWS\System32\Wbem;C:\WINDOWS\System32\WindowsPowerShell\v1.0\;C:\WINDOWS\System32\OpenSSH\;D:\flutter\bin\cache\dart-sdk\bin;C:\Program Files\Git\cmd;C:\Program Files\nodejs\;C:\Users\User\AppData\Local\Microsoft\WindowsApps;C:\Users\User\AppData\Local\Programs\Microsoft VS Code\bin;D:\flutter\bin;C:\Users\User\AppData\Roaming\npm;C:\Users\User\AppData\Local\Programs\cursor\resources\app\bin
USERNAME=User
OS=Windows_NT
PROCESSOR_IDENTIFIER=Intel64 Family 6 Model 165 Stepping 3, GenuineIntel
TMP=C:\Users\User\AppData\Local\Temp
TEMP=C:\Users\User\AppData\Local\Temp




Periodic native trim disabled

---------------  S Y S T E M  ---------------

OS:
 Windows 11 , 64 bit Build 26100 (10.0.26100.8246)
OS uptime: 0 days 1:50 hours

CPU: total 12 (initial active 12) (6 cores per cpu, 2 threads per core) family 6 model 165 stepping 3 microcode 0xf0, cx8, cmov, fxsr, ht, mmx, 3dnowpref, sse, sse2, sse3, ssse3, sse4.1, sse4.2, popcnt, lzcnt, tsc, tscinvbit, avx, avx2, aes, erms, clmul, bmi1, bmi2, adx, fma, vzeroupper, clflush, clflushopt, rdtscp, f16c
Processor Information for the first 12 processors :
  Max Mhz: 2904, Current Mhz: 2904, Mhz Limit: 2904

Memory: 4k page, system-wide physical 8030M (298M free)
TotalPageFile size 20865M (AvailPageFile size 4M)
current process WorkingSet (physical memory assigned to process): 429M, peak: 442M
current process commit charge ("private bytes"): 489M, peak: 490M

vm_info: OpenJDK 64-Bit Server VM (21.0.10+7-LTS) for windows-amd64 JRE (21.0.10+7-LTS), built on 2026-01-20T00:00:00Z by "admin" with MS VC++ 17.12 (VS2022)

END.
