#
# There is insufficient memory for the Java Runtime Environment to continue.
# Native memory allocation (malloc) failed to allocate 14233872 bytes. Error detail: Chunk::new
# Possible reasons:
#   The system is out of physical RAM or swap space
#   This process is running with CompressedOops enabled, and the Java Heap may be blocking the growth of the native heap
# Possible solutions:
#   Reduce memory load on the system
#   Increase physical memory or swap space
#   Check if swap backing store is full
#   Decrease Java heap size (-Xmx/-Xms)
#   Decrease number of Java threads
#   Decrease Java thread stack sizes (-Xss)
#   Set larger code cache with -XX:ReservedCodeCacheSize=
#   JVM is running with Unscaled Compressed Oops mode in which the Java heap is
#     placed in the first 4GB address space. The Java Heap base address is the
#     maximum limit for the native heap growth. Please use -XX:HeapBaseMinAddress
#     to set the Java Heap base and to place the Java Heap above 4GB virtual address.
# This output file may be truncated or incomplete.
#
#  Out of Memory Error (arena.cpp:162), pid=780, tid=16888
#
# JRE version: Java(TM) SE Runtime Environment (24.0.1+9) (build 24.0.1+9-30)
# Java VM: Java HotSpot(TM) 64-Bit Server VM (24.0.1+9-30, mixed mode, sharing, tiered, compressed oops, compressed class ptrs, g1 gc, windows-amd64)
# No core dump will be written. Minidumps are not enabled by default on client versions of Windows
#

---------------  S U M M A R Y ------------

Command Line: --add-opens=java.base/java.lang=ALL-UNNAMED --add-opens=java.base/java.lang.invoke=ALL-UNNAMED --add-opens=java.base/java.util=ALL-UNNAMED --add-opens=java.prefs/java.util.prefs=ALL-UNNAMED --add-exports=jdk.compiler/com.sun.tools.javac.api=ALL-UNNAMED --add-exports=jdk.compiler/com.sun.tools.javac.util=ALL-UNNAMED --add-opens=java.base/java.util=ALL-UNNAMED --add-opens=java.prefs/java.util.prefs=ALL-UNNAMED --add-opens=java.base/java.nio.charset=ALL-UNNAMED --add-opens=java.base/java.net=ALL-UNNAMED --add-opens=java.base/java.util.concurrent.atomic=ALL-UNNAMED --add-opens=java.xml/javax.xml.namespace=ALL-UNNAMED -Xmx2048m -Dfile.encoding=UTF-8 -Duser.country=US -Duser.language=en -Duser.variant -javaagent:C:\Users\User\.gradle\wrapper\dists\gradle-8.11.1-bin\bpt9gzteqjrbo1mjrsomdt32c\gradle-8.11.1\lib\agents\gradle-instrumentation-agent-8.11.1.jar org.gradle.launcher.daemon.bootstrap.GradleDaemon 8.11.1

Host: Intel(R) Core(TM) i5-10400 CPU @ 2.90GHz, 12 cores, 7G,  Windows 11 , 64 bit Build 26100 (10.0.26100.8246)
Time: Thu May 14 21:41:55 2026 Bangladesh Standard Time elapsed time: 20.153524 seconds (0d 0h 0m 20s)

---------------  T H R E A D  ---------------

Current thread (0x000001e8ec583dd0):  JavaThread "C2 CompilerThread2" daemon [_thread_in_native, id=16888, stack(0x000000022e800000,0x000000022e900000) (1024K)]


Current CompileTask:
C2:20153 11510       4       org.jetbrains.org.objectweb.asm.ClassReader::accept (1380 bytes)

Stack: [0x000000022e800000,0x000000022e900000]
Native frames: (J=compiled Java code, j=interpreted, Vv=VM code, C=native code)
V  [jvm.dll+0x730739]  (no source info available)
V  [jvm.dll+0x8d9b23]  (no source info available)
V  [jvm.dll+0x8dc00d]  (no source info available)
V  [jvm.dll+0x8dc683]  (no source info available)
V  [jvm.dll+0x2aa086]  (no source info available)
V  [jvm.dll+0xcedef]  (no source info available)
V  [jvm.dll+0xcf04f]  (no source info available)
V  [jvm.dll+0x154d83]  (no source info available)
V  [jvm.dll+0x735f5f]  (no source info available)
V  [jvm.dll+0x26fa1c]  (no source info available)
V  [jvm.dll+0x26ea3f]  (no source info available)
V  [jvm.dll+0x1e9d60]  (no source info available)
V  [jvm.dll+0x27e1fb]  (no source info available)
V  [jvm.dll+0x27c49a]  (no source info available)
V  [jvm.dll+0x42f456]  (no source info available)
V  [jvm.dll+0x87d76b]  (no source info available)
V  [jvm.dll+0x72ee55]  (no source info available)
C  [ucrtbase.dll+0x37b0]  (no source info available)
C  [KERNEL32.DLL+0x2e8d7]  (no source info available)
C  [ntdll.dll+0x8c3fc]  (no source info available)

Lock stack of current Java thread (top to bottom):


---------------  P R O C E S S  ---------------

Threads class SMR info:
_java_thread_list=0x000001e8ef36dd30, length=46, elements={
0x000001e88764ec00, 0x000001e8a4a464b0, 0x000001e8a4a46bf0, 0x000001e8a4a49bf0,
0x000001e8a4a4aad0, 0x000001e8a4a4be20, 0x000001e8a4a54e90, 0x000001e8a4a5d560,
0x000001e8a4a61510, 0x000001e8a4be2250, 0x000001e8a4be29a0, 0x000001e8ead558d0,
0x000001e8ead54a30, 0x000001e8ead53440, 0x000001e8ead52cf0, 0x000001e8ead53b90,
0x000001e8ead525a0, 0x000001e8ead56020, 0x000001e8ead56770, 0x000001e8ead57610,
0x000001e8ead542e0, 0x000001e8ead57d60, 0x000001e8ead58c00, 0x000001e8ead584b0,
0x000001e8ead59aa0, 0x000001e8ead56ec0, 0x000001e8ebdaefb0, 0x000001e8ebdaf700,
0x000001e8ebdad9c0, 0x000001e8ebdae110, 0x000001e8ebdad270, 0x000001e8ebdb1440,
0x000001e8ebdb0cf0, 0x000001e8ebdafe50, 0x000001e8ebdb05a0, 0x000001e8ebdb1b90,
0x000001e8ebdae860, 0x000001e8ebdb4770, 0x000001e8ebdb22e0, 0x000001e8ebdb2a30,
0x000001e8ebdb3180, 0x000001e8ebdb38d0, 0x000001e8ec2bf670, 0x000001e8ec2bfdc0,
0x000001e8ec57d3f0, 0x000001e8ec583dd0
}

Java Threads: ( => current thread )
  0x000001e88764ec00 JavaThread "main"                              [_thread_blocked, id=11144, stack(0x000000022a900000,0x000000022aa00000) (1024K)]
  0x000001e8a4a464b0 JavaThread "Reference Handler"          daemon [_thread_blocked, id=16912, stack(0x000000022b100000,0x000000022b200000) (1024K)]
  0x000001e8a4a46bf0 JavaThread "Finalizer"                  daemon [_thread_blocked, id=18324, stack(0x000000022b200000,0x000000022b300000) (1024K)]
  0x000001e8a4a49bf0 JavaThread "Signal Dispatcher"          daemon [_thread_blocked, id=6412, stack(0x000000022b300000,0x000000022b400000) (1024K)]
  0x000001e8a4a4aad0 JavaThread "Attach Listener"            daemon [_thread_blocked, id=5804, stack(0x000000022b400000,0x000000022b500000) (1024K)]
  0x000001e8a4a4be20 JavaThread "Service Thread"             daemon [_thread_blocked, id=12804, stack(0x000000022b500000,0x000000022b600000) (1024K)]
  0x000001e8a4a54e90 JavaThread "Monitor Deflation Thread"   daemon [_thread_blocked, id=5652, stack(0x000000022b600000,0x000000022b700000) (1024K)]
  0x000001e8a4a5d560 JavaThread "C2 CompilerThread0"         daemon [_thread_in_native, id=13964, stack(0x000000022b700000,0x000000022b800000) (1024K)]
  0x000001e8a4a61510 JavaThread "C1 CompilerThread0"         daemon [_thread_in_native, id=4712, stack(0x000000022b800000,0x000000022b900000) (1024K)]
  0x000001e8a4be2250 JavaThread "Common-Cleaner"             daemon [_thread_blocked, id=4756, stack(0x000000022b900000,0x000000022ba00000) (1024K)]
  0x000001e8a4be29a0 JavaThread "Notification Thread"        daemon [_thread_blocked, id=16072, stack(0x000000022ba00000,0x000000022bb00000) (1024K)]
  0x000001e8ead558d0 JavaThread "Daemon health stats"               [_thread_blocked, id=2844, stack(0x000000022bd00000,0x000000022be00000) (1024K)]
  0x000001e8ead54a30 JavaThread "Incoming local TCP Connector on port 63631"        [_thread_in_native, id=13952, stack(0x000000022be00000,0x000000022bf00000) (1024K)]
  0x000001e8ead53440 JavaThread "Daemon periodic checks"            [_thread_blocked, id=7360, stack(0x000000022bf00000,0x000000022c000000) (1024K)]
  0x000001e8ead52cf0 JavaThread "Daemon"                            [_thread_blocked, id=12076, stack(0x000000022c000000,0x000000022c100000) (1024K)]
  0x000001e8ead53b90 JavaThread "Handler for socket connection from /127.0.0.1:63631 to /127.0.0.1:63632"        [_thread_in_native, id=18352, stack(0x000000022c100000,0x000000022c200000) (1024K)]
  0x000001e8ead525a0 JavaThread "Cancel handler"                    [_thread_blocked, id=13428, stack(0x000000022c200000,0x000000022c300000) (1024K)]
  0x000001e8ead56020 JavaThread "Daemon worker"                     [_thread_in_native, id=3292, stack(0x000000022c300000,0x000000022c400000) (1024K)]
  0x000001e8ead56770 JavaThread "Asynchronous log dispatcher for DefaultDaemonConnection: socket connection from /127.0.0.1:63631 to /127.0.0.1:63632"        [_thread_blocked, id=13424, stack(0x000000022c400000,0x000000022c500000) (1024K)]
  0x000001e8ead57610 JavaThread "Stdin handler"                     [_thread_blocked, id=7288, stack(0x000000022c500000,0x000000022c600000) (1024K)]
  0x000001e8ead542e0 JavaThread "Daemon client event forwarder"        [_thread_blocked, id=18160, stack(0x000000022c600000,0x000000022c700000) (1024K)]
  0x000001e8ead57d60 JavaThread "Cache worker for journal cache (C:\Users\User\.gradle\caches\journal-1)"        [_thread_blocked, id=15500, stack(0x000000022c700000,0x000000022c800000) (1024K)]
  0x000001e8ead58c00 JavaThread "File lock request listener"        [_thread_in_native, id=18492, stack(0x000000022c800000,0x000000022c900000) (1024K)]
  0x000001e8ead584b0 JavaThread "Cache worker for file hash cache (C:\Users\User\.gradle\caches\8.11.1\fileHashes)"        [_thread_blocked, id=5868, stack(0x000000022c900000,0x000000022ca00000) (1024K)]
  0x000001e8ead59aa0 JavaThread "Cache worker for file content cache (C:\Users\User\.gradle\caches\8.11.1\fileContent)"        [_thread_blocked, id=11384, stack(0x000000022d100000,0x000000022d200000) (1024K)]
  0x000001e8ead56ec0 JavaThread "Cache worker for file hash cache (C:\Users\User\Desktop\BMITracker\.gradle\8.11.1\fileHashes)"        [_thread_blocked, id=10924, stack(0x000000022d400000,0x000000022d500000) (1024K)]
  0x000001e8ebdaefb0 JavaThread "Cache worker for Build Output Cleanup Cache (C:\Users\User\Desktop\BMITracker\.gradle\buildOutputCleanup)"        [_thread_blocked, id=11848, stack(0x000000022d500000,0x000000022d600000) (1024K)]
  0x000001e8ebdaf700 JavaThread "File watcher server"        daemon [_thread_in_native, id=18452, stack(0x000000022d600000,0x000000022d700000) (1024K)]
  0x000001e8ebdad9c0 JavaThread "File watcher consumer"      daemon [_thread_blocked, id=7112, stack(0x000000022d700000,0x000000022d800000) (1024K)]
  0x000001e8ebdae110 JavaThread "jar transforms"                    [_thread_blocked, id=18792, stack(0x000000022d800000,0x000000022d900000) (1024K)]
  0x000001e8ebdad270 JavaThread "jar transforms Thread 2"           [_thread_blocked, id=16200, stack(0x000000022d900000,0x000000022da00000) (1024K)]
  0x000001e8ebdb1440 JavaThread "jar transforms Thread 3"           [_thread_blocked, id=7136, stack(0x000000022da00000,0x000000022db00000) (1024K)]
  0x000001e8ebdb0cf0 JavaThread "Cache worker for checksums cache (C:\Users\User\Desktop\BMITracker\.gradle\8.11.1\checksums)"        [_thread_blocked, id=16004, stack(0x000000022dc00000,0x000000022dd00000) (1024K)]
  0x000001e8ebdafe50 JavaThread "Cache worker for cache directory md-rule (C:\Users\User\.gradle\caches\8.11.1\md-rule)"        [_thread_blocked, id=2504, stack(0x000000022dd00000,0x000000022de00000) (1024K)]
  0x000001e8ebdb05a0 JavaThread "Cache worker for cache directory md-supplier (C:\Users\User\.gradle\caches\8.11.1\md-supplier)"        [_thread_blocked, id=17260, stack(0x000000022de00000,0x000000022df00000) (1024K)]
  0x000001e8ebdb1b90 JavaThread "jar transforms Thread 4"           [_thread_blocked, id=4588, stack(0x000000022df00000,0x000000022e000000) (1024K)]
  0x000001e8ebdae860 JavaThread "jar transforms Thread 5"           [_thread_blocked, id=14556, stack(0x000000022e000000,0x000000022e100000) (1024K)]
  0x000001e8ebdb4770 JavaThread "jar transforms Thread 6"           [_thread_blocked, id=15092, stack(0x000000022e100000,0x000000022e200000) (1024K)]
  0x000001e8ebdb22e0 JavaThread "jar transforms Thread 7"           [_thread_blocked, id=3448, stack(0x000000022e200000,0x000000022e300000) (1024K)]
  0x000001e8ebdb2a30 JavaThread "jar transforms Thread 8"           [_thread_blocked, id=14764, stack(0x000000022e300000,0x000000022e400000) (1024K)]
  0x000001e8ebdb3180 JavaThread "jar transforms Thread 9"           [_thread_blocked, id=17708, stack(0x000000022e400000,0x000000022e500000) (1024K)]
  0x000001e8ebdb38d0 JavaThread "jar transforms Thread 10"          [_thread_blocked, id=19356, stack(0x000000022e500000,0x000000022e600000) (1024K)]
  0x000001e8ec2bf670 JavaThread "jar transforms Thread 11"          [_thread_blocked, id=14228, stack(0x000000022e600000,0x000000022e700000) (1024K)]
  0x000001e8ec2bfdc0 JavaThread "jar transforms Thread 12"          [_thread_blocked, id=8492, stack(0x000000022e700000,0x000000022e800000) (1024K)]
  0x000001e8ec57d3f0 JavaThread "C2 CompilerThread1"         daemon [_thread_blocked, id=2312, stack(0x000000022db00000,0x000000022dc00000) (1024K)]
=>0x000001e8ec583dd0 JavaThread "C2 CompilerThread2"         daemon [_thread_in_native, id=16888, stack(0x000000022e800000,0x000000022e900000) (1024K)]
Total: 46

Other Threads:
  0x000001e8a4a2dee0 VMThread "VM Thread"                           [id=6928, stack(0x000000022b000000,0x000000022b100000) (1024K)]
  0x000001e8a48e8980 WatcherThread "VM Periodic Task Thread"        [id=18376, stack(0x000000022af00000,0x000000022b000000) (1024K)]
  0x000001e8876a7fa0 WorkerThread "GC Thread#0"                     [id=17672, stack(0x000000022aa00000,0x000000022ab00000) (1024K)]
  0x000001e8eae401f0 WorkerThread "GC Thread#1"                     [id=6752, stack(0x000000022bb00000,0x000000022bc00000) (1024K)]
  0x000001e8eae409b0 WorkerThread "GC Thread#2"                     [id=10128, stack(0x000000022bc00000,0x000000022bd00000) (1024K)]
  0x000001e8eba6bec0 WorkerThread "GC Thread#3"                     [id=7540, stack(0x000000022ca00000,0x000000022cb00000) (1024K)]
  0x000001e8eb9c3c70 WorkerThread "GC Thread#4"                     [id=18296, stack(0x000000022cb00000,0x000000022cc00000) (1024K)]
  0x000001e8ebc8a1c0 WorkerThread "GC Thread#5"                     [id=17956, stack(0x000000022cc00000,0x000000022cd00000) (1024K)]
  0x000001e8ebc8b430 WorkerThread "GC Thread#6"                     [id=2244, stack(0x000000022cd00000,0x000000022ce00000) (1024K)]
  0x000001e8ebc8a570 WorkerThread "GC Thread#7"                     [id=16080, stack(0x000000022ce00000,0x000000022cf00000) (1024K)]
  0x000001e8ebc8a920 WorkerThread "GC Thread#8"                     [id=16612, stack(0x000000022cf00000,0x000000022d000000) (1024K)]
  0x000001e8ebc8b080 WorkerThread "GC Thread#9"                     [id=14780, stack(0x000000022d000000,0x000000022d100000) (1024K)]
  0x000001e8876bed00 ConcurrentGCThread "G1 Main Marker"            [id=4428, stack(0x000000022ab00000,0x000000022ac00000) (1024K)]
  0x000001e8876bfec0 WorkerThread "G1 Conc#0"                       [id=19232, stack(0x000000022ac00000,0x000000022ad00000) (1024K)]
  0x000001e8ebc89a60 WorkerThread "G1 Conc#1"                       [id=6404, stack(0x000000022d200000,0x000000022d300000) (1024K)]
  0x000001e8ebc89e10 WorkerThread "G1 Conc#2"                       [id=7520, stack(0x000000022d300000,0x000000022d400000) (1024K)]
  0x000001e88770ea90 ConcurrentGCThread "G1 Refine#0"               [id=19108, stack(0x000000022ad00000,0x000000022ae00000) (1024K)]
  0x000001e8a48da710 ConcurrentGCThread "G1 Service"                [id=6516, stack(0x000000022ae00000,0x000000022af00000) (1024K)]
Total: 18

Threads with active compile tasks:
C2 CompilerThread0  21228 11990       4       java.io.WinNTFileSystem::normalize (224 bytes)
C1 CompilerThread0  21228 12112   !   3       org.gradle.internal.lazy.LockingLazy::get (62 bytes)
C2 CompilerThread2  21228 11510       4       org.jetbrains.org.objectweb.asm.ClassReader::accept (1380 bytes)
Total: 3

VM state: not at safepoint (normal execution)

VM Mutex/Monitor currently owned by a thread: None

Heap address: 0x0000000080000000, size: 2048 MB, Compressed Oops mode: 32-bit

CDS archive(s) mapped at: [0x000001e8a5000000-0x000001e8a5d40000-0x000001e8a5d40000), size 13893632, SharedBaseAddress: 0x000001e8a5000000, ArchiveRelocationMode: 1.
Compressed class space mapped at: 0x000001e8a6000000-0x000001e8e6000000, reserved size: 1073741824
UseCompressedClassPointers 1, UseCompactObjectHeaders 0
Narrow klass pointer bits 32, Max shift 3
Narrow klass base: 0x000001e8a5000000, Narrow klass shift: 0
Encoding Range: [0x000001e8a5000000 - 0x000001e9a5000000), (4294967296 bytes)
Klass Range:    [0x000001e8a5000000 - 0x000001e8e6000000), (1090519040 bytes)
Klass ID Range:  [8 - 1090519033) (1090519025)

GC Precious Log:
 CardTable entry size: 512
 Card Set container configuration: InlinePtr #cards 5 size 8 Array Of Cards #cards 10 size 36 Howl #buckets 4 coarsen threshold 1843 Howl Bitmap #cards 512 size 80 coarsen threshold 460 Card regions per heap region 1 cards per card region 2048
 CPUs: 12 total, 12 available
 Memory: 8030M
 Large Page Support: Disabled
 NUMA Support: Disabled
 Compressed Oops: Enabled (32-bit)
 Heap Region Size: 1M
 Heap Min Capacity: 8M
 Heap Initial Capacity: 126M
 Heap Max Capacity: 2G
 Pre-touch: Disabled
 Parallel Workers: 10
 Concurrent Workers: 3
 Concurrent Refinement Workers: 10
 Periodic GC: Disabled

Heap:
 garbage-first heap   total reserved 2097152K, committed 183296K, used 143234K [0x0000000080000000, 0x0000000100000000)
  region size 1024K, 36 young (36864K), 3 survivors (3072K)
 Metaspace       used 115861K, committed 118272K, reserved 1179648K
  class space    used 12576K, committed 13696K, reserved 1048576K

Heap Regions: E=young(eden), S=young(survivor), O=old, HS=humongous(starts), HC=humongous(continues), CS=collection set, F=free, TAMS=top-at-mark-start, PB=parsable bottom
|   0|0x0000000080000000, 0x0000000080100000, 0x0000000080100000|100%|HS|  |TAMS 0x0000000080000000| PB 0x0000000080000000| Complete |  0
|   1|0x0000000080100000, 0x0000000080200000, 0x0000000080200000|100%|HC|  |TAMS 0x0000000080100000| PB 0x0000000080100000| Complete |  0
|   2|0x0000000080200000, 0x0000000080300000, 0x0000000080300000|100%|HC|  |TAMS 0x0000000080200000| PB 0x0000000080200000| Complete |  0
|   3|0x0000000080300000, 0x0000000080400000, 0x0000000080400000|100%| O|  |TAMS 0x0000000080300000| PB 0x0000000080300000| Untracked |  0
|   4|0x0000000080400000, 0x0000000080500000, 0x0000000080500000|100%|HS|  |TAMS 0x0000000080400000| PB 0x0000000080400000| Complete |  0
|   5|0x0000000080500000, 0x0000000080600000, 0x0000000080600000|100%| O|  |TAMS 0x0000000080500000| PB 0x0000000080500000| Untracked |  0
|   6|0x0000000080600000, 0x0000000080700000, 0x0000000080700000|100%| O|  |TAMS 0x0000000080600000| PB 0x0000000080600000| Untracked |  0
|   7|0x0000000080700000, 0x0000000080800000, 0x0000000080800000|100%| O|  |TAMS 0x0000000080700000| PB 0x0000000080700000| Untracked |  0
|   8|0x0000000080800000, 0x0000000080900000, 0x0000000080900000|100%| O|  |TAMS 0x0000000080800000| PB 0x0000000080800000| Untracked |  0
|   9|0x0000000080900000, 0x0000000080a00000, 0x0000000080a00000|100%| O|  |TAMS 0x0000000080900000| PB 0x0000000080900000| Untracked |  0
|  10|0x0000000080a00000, 0x0000000080b00000, 0x0000000080b00000|100%| O|  |TAMS 0x0000000080a00000| PB 0x0000000080a00000| Untracked |  0
|  11|0x0000000080b00000, 0x0000000080c00000, 0x0000000080c00000|100%|HS|  |TAMS 0x0000000080b00000| PB 0x0000000080b00000| Complete |  0
|  12|0x0000000080c00000, 0x0000000080d00000, 0x0000000080d00000|100%| O|  |TAMS 0x0000000080c00000| PB 0x0000000080c00000| Untracked |  0
|  13|0x0000000080d00000, 0x0000000080e00000, 0x0000000080e00000|100%| O|  |TAMS 0x0000000080d00000| PB 0x0000000080d00000| Untracked |  0
|  14|0x0000000080e00000, 0x0000000080f00000, 0x0000000080f00000|100%| O|  |TAMS 0x0000000080e00000| PB 0x0000000080e00000| Untracked |  0
|  15|0x0000000080f00000, 0x0000000080ffeca0, 0x0000000081000000| 99%| O|  |TAMS 0x0000000080f00000| PB 0x0000000080f00000| Untracked |  0
|  16|0x0000000081000000, 0x0000000081100000, 0x0000000081100000|100%| O|  |TAMS 0x0000000081000000| PB 0x0000000081000000| Untracked |  0
|  17|0x0000000081100000, 0x0000000081200000, 0x0000000081200000|100%| O|  |TAMS 0x0000000081100000| PB 0x0000000081100000| Untracked |  0
|  18|0x0000000081200000, 0x0000000081300000, 0x0000000081300000|100%| O|  |TAMS 0x0000000081200000| PB 0x0000000081200000| Untracked |  0
|  19|0x0000000081300000, 0x0000000081400000, 0x0000000081400000|100%| O|  |TAMS 0x0000000081300000| PB 0x0000000081300000| Untracked |  0
|  20|0x0000000081400000, 0x0000000081500000, 0x0000000081500000|100%| O|  |TAMS 0x0000000081400000| PB 0x0000000081400000| Untracked |  0
|  21|0x0000000081500000, 0x0000000081600000, 0x0000000081600000|100%| O|  |TAMS 0x0000000081500000| PB 0x0000000081500000| Untracked |  0
|  22|0x0000000081600000, 0x0000000081700000, 0x0000000081700000|100%| O|  |TAMS 0x0000000081600000| PB 0x0000000081600000| Untracked |  0
|  23|0x0000000081700000, 0x0000000081800000, 0x0000000081800000|100%| O|  |TAMS 0x0000000081700000| PB 0x0000000081700000| Untracked |  0
|  24|0x0000000081800000, 0x0000000081900000, 0x0000000081900000|100%| O|  |TAMS 0x0000000081800000| PB 0x0000000081800000| Untracked |  0
|  25|0x0000000081900000, 0x0000000081a00000, 0x0000000081a00000|100%| O|  |TAMS 0x0000000081900000| PB 0x0000000081900000| Untracked |  0
|  26|0x0000000081a00000, 0x0000000081b00000, 0x0000000081b00000|100%| O|  |TAMS 0x0000000081a00000| PB 0x0000000081a00000| Untracked |  0
|  27|0x0000000081b00000, 0x0000000081c00000, 0x0000000081c00000|100%| O|  |TAMS 0x0000000081b00000| PB 0x0000000081b00000| Untracked |  0
|  28|0x0000000081c00000, 0x0000000081d00000, 0x0000000081d00000|100%| O|  |TAMS 0x0000000081c00000| PB 0x0000000081c00000| Untracked |  0
|  29|0x0000000081d00000, 0x0000000081e00000, 0x0000000081e00000|100%| O|  |TAMS 0x0000000081d00000| PB 0x0000000081d00000| Untracked |  0
|  30|0x0000000081e00000, 0x0000000081f00000, 0x0000000081f00000|100%| O|  |TAMS 0x0000000081e00000| PB 0x0000000081e00000| Untracked |  0
|  31|0x0000000081f00000, 0x0000000082000000, 0x0000000082000000|100%| O|  |TAMS 0x0000000081f00000| PB 0x0000000081f00000| Untracked |  0
|  32|0x0000000082000000, 0x0000000082100000, 0x0000000082100000|100%| O|  |TAMS 0x0000000082000000| PB 0x0000000082000000| Untracked |  0
|  33|0x0000000082100000, 0x0000000082200000, 0x0000000082200000|100%| O|  |TAMS 0x0000000082100000| PB 0x0000000082100000| Untracked |  0
|  34|0x0000000082200000, 0x0000000082300000, 0x0000000082300000|100%| O|  |TAMS 0x0000000082200000| PB 0x0000000082200000| Untracked |  0
|  35|0x0000000082300000, 0x0000000082400000, 0x0000000082400000|100%| O|  |TAMS 0x0000000082300000| PB 0x0000000082300000| Untracked |  0
|  36|0x0000000082400000, 0x0000000082500000, 0x0000000082500000|100%| O|  |TAMS 0x0000000082400000| PB 0x0000000082400000| Untracked |  0
|  37|0x0000000082500000, 0x0000000082600000, 0x0000000082600000|100%| O|  |TAMS 0x0000000082500000| PB 0x0000000082500000| Untracked |  0
|  38|0x0000000082600000, 0x0000000082700000, 0x0000000082700000|100%|HS|  |TAMS 0x0000000082600000| PB 0x0000000082600000| Complete |  0
|  39|0x0000000082700000, 0x0000000082800000, 0x0000000082800000|100%|HC|  |TAMS 0x0000000082700000| PB 0x0000000082700000| Complete |  0
|  40|0x0000000082800000, 0x0000000082900000, 0x0000000082900000|100%|HC|  |TAMS 0x0000000082800000| PB 0x0000000082800000| Complete |  0
|  41|0x0000000082900000, 0x0000000082a00000, 0x0000000082a00000|100%|HC|  |TAMS 0x0000000082900000| PB 0x0000000082900000| Complete |  0
|  42|0x0000000082a00000, 0x0000000082b00000, 0x0000000082b00000|100%|HC|  |TAMS 0x0000000082a00000| PB 0x0000000082a00000| Complete |  0
|  43|0x0000000082b00000, 0x0000000082c00000, 0x0000000082c00000|100%|HC|  |TAMS 0x0000000082b00000| PB 0x0000000082b00000| Complete |  0
|  44|0x0000000082c00000, 0x0000000082d00000, 0x0000000082d00000|100%| O|Cm|TAMS 0x0000000082c00000| PB 0x0000000082c00000| Complete |  0
|  45|0x0000000082d00000, 0x0000000082e00000, 0x0000000082e00000|100%| O|  |TAMS 0x0000000082d00000| PB 0x0000000082d00000| Untracked |  0
|  46|0x0000000082e00000, 0x0000000082f00000, 0x0000000082f00000|100%| O|Cm|TAMS 0x0000000082e00000| PB 0x0000000082e00000| Complete |  0
|  47|0x0000000082f00000, 0x0000000083000000, 0x0000000083000000|100%| O|  |TAMS 0x0000000082f00000| PB 0x0000000082f00000| Untracked |  0
|  48|0x0000000083000000, 0x0000000083100000, 0x0000000083100000|100%| O|  |TAMS 0x0000000083000000| PB 0x0000000083000000| Untracked |  0
|  49|0x0000000083100000, 0x0000000083200000, 0x0000000083200000|100%| O|  |TAMS 0x0000000083100000| PB 0x0000000083100000| Untracked |  0
|  50|0x0000000083200000, 0x0000000083300000, 0x0000000083300000|100%| O|  |TAMS 0x0000000083200000| PB 0x0000000083200000| Untracked |  0
|  51|0x0000000083300000, 0x0000000083400000, 0x0000000083400000|100%| O|  |TAMS 0x0000000083300000| PB 0x0000000083300000| Untracked |  0
|  52|0x0000000083400000, 0x0000000083500000, 0x0000000083500000|100%| O|  |TAMS 0x0000000083400000| PB 0x0000000083400000| Untracked |  0
|  53|0x0000000083500000, 0x0000000083600000, 0x0000000083600000|100%| O|  |TAMS 0x0000000083500000| PB 0x0000000083500000| Untracked |  0
|  54|0x0000000083600000, 0x0000000083700000, 0x0000000083700000|100%| O|  |TAMS 0x0000000083600000| PB 0x0000000083600000| Untracked |  0
|  55|0x0000000083700000, 0x0000000083800000, 0x0000000083800000|100%| O|  |TAMS 0x0000000083700000| PB 0x0000000083700000| Untracked |  0
|  56|0x0000000083800000, 0x0000000083900000, 0x0000000083900000|100%| O|  |TAMS 0x0000000083800000| PB 0x0000000083800000| Untracked |  0
|  57|0x0000000083900000, 0x0000000083a00000, 0x0000000083a00000|100%| O|  |TAMS 0x0000000083900000| PB 0x0000000083900000| Untracked |  0
|  58|0x0000000083a00000, 0x0000000083b00000, 0x0000000083b00000|100%| O|  |TAMS 0x0000000083a00000| PB 0x0000000083a00000| Untracked |  0
|  59|0x0000000083b00000, 0x0000000083c00000, 0x0000000083c00000|100%| O|Cm|TAMS 0x0000000083b00000| PB 0x0000000083b00000| Complete |  0
|  60|0x0000000083c00000, 0x0000000083d00000, 0x0000000083d00000|100%| O|Cm|TAMS 0x0000000083c00000| PB 0x0000000083c00000| Complete |  0
|  61|0x0000000083d00000, 0x0000000083e00000, 0x0000000083e00000|100%| O|Cm|TAMS 0x0000000083d00000| PB 0x0000000083d00000| Complete |  0
|  62|0x0000000083e00000, 0x0000000083f00000, 0x0000000083f00000|100%| O|Cm|TAMS 0x0000000083e00000| PB 0x0000000083e00000| Complete |  0
|  63|0x0000000083f00000, 0x0000000084000000, 0x0000000084000000|100%| O|  |TAMS 0x0000000083f00000| PB 0x0000000083f00000| Untracked |  0
|  64|0x0000000084000000, 0x0000000084100000, 0x0000000084100000|100%| O|Cm|TAMS 0x0000000084000000| PB 0x0000000084000000| Complete |  0
|  65|0x0000000084100000, 0x0000000084200000, 0x0000000084200000|100%| O|Cm|TAMS 0x0000000084100000| PB 0x0000000084100000| Complete |  0
|  66|0x0000000084200000, 0x0000000084300000, 0x0000000084300000|100%| O|Cm|TAMS 0x0000000084200000| PB 0x0000000084200000| Complete |  0
|  67|0x0000000084300000, 0x0000000084400000, 0x0000000084400000|100%| O|Cm|TAMS 0x0000000084300000| PB 0x0000000084300000| Complete |  0
|  68|0x0000000084400000, 0x0000000084500000, 0x0000000084500000|100%| O|  |TAMS 0x0000000084400000| PB 0x0000000084400000| Untracked |  0
|  69|0x0000000084500000, 0x0000000084600000, 0x0000000084600000|100%| O|  |TAMS 0x0000000084500000| PB 0x0000000084500000| Untracked |  0
|  70|0x0000000084600000, 0x0000000084700000, 0x0000000084700000|100%| O|  |TAMS 0x0000000084600000| PB 0x0000000084600000| Untracked |  0
|  71|0x0000000084700000, 0x0000000084800000, 0x0000000084800000|100%| O|  |TAMS 0x0000000084700000| PB 0x0000000084700000| Untracked |  0
|  72|0x0000000084800000, 0x0000000084900000, 0x0000000084900000|100%| O|  |TAMS 0x0000000084800000| PB 0x0000000084800000| Untracked |  0
|  73|0x0000000084900000, 0x0000000084a00000, 0x0000000084a00000|100%| O|  |TAMS 0x0000000084900000| PB 0x0000000084900000| Untracked |  0
|  74|0x0000000084a00000, 0x0000000084b00000, 0x0000000084b00000|100%| O|  |TAMS 0x0000000084a00000| PB 0x0000000084a00000| Untracked |  0
|  75|0x0000000084b00000, 0x0000000084c00000, 0x0000000084c00000|100%| O|  |TAMS 0x0000000084b00000| PB 0x0000000084b00000| Untracked |  0
|  76|0x0000000084c00000, 0x0000000084d00000, 0x0000000084d00000|100%| O|  |TAMS 0x0000000084c00000| PB 0x0000000084c00000| Untracked |  0
|  77|0x0000000084d00000, 0x0000000084e00000, 0x0000000084e00000|100%| O|  |TAMS 0x0000000084d00000| PB 0x0000000084d00000| Untracked |  0
|  78|0x0000000084e00000, 0x0000000084f00000, 0x0000000084f00000|100%| O|  |TAMS 0x0000000084e00000| PB 0x0000000084e00000| Untracked |  0
|  79|0x0000000084f00000, 0x0000000085000000, 0x0000000085000000|100%| O|  |TAMS 0x0000000084f00000| PB 0x0000000084f00000| Untracked |  0
|  80|0x0000000085000000, 0x0000000085100000, 0x0000000085100000|100%| O|  |TAMS 0x0000000085000000| PB 0x0000000085000000| Untracked |  0
|  81|0x0000000085100000, 0x0000000085200000, 0x0000000085200000|100%| O|  |TAMS 0x0000000085100000| PB 0x0000000085100000| Untracked |  0
|  82|0x0000000085200000, 0x0000000085300000, 0x0000000085300000|100%| O|  |TAMS 0x0000000085200000| PB 0x0000000085200000| Untracked |  0
|  83|0x0000000085300000, 0x0000000085400000, 0x0000000085400000|100%| O|  |TAMS 0x0000000085300000| PB 0x0000000085300000| Untracked |  0
|  84|0x0000000085400000, 0x0000000085500000, 0x0000000085500000|100%| O|  |TAMS 0x0000000085400000| PB 0x0000000085400000| Untracked |  0
|  85|0x0000000085500000, 0x0000000085600000, 0x0000000085600000|100%| O|  |TAMS 0x0000000085500000| PB 0x0000000085500000| Untracked |  0
|  86|0x0000000085600000, 0x0000000085700000, 0x0000000085700000|100%| O|  |TAMS 0x0000000085600000| PB 0x0000000085600000| Untracked |  0
|  87|0x0000000085700000, 0x0000000085800000, 0x0000000085800000|100%| O|  |TAMS 0x0000000085700000| PB 0x0000000085700000| Untracked |  0
|  88|0x0000000085800000, 0x0000000085900000, 0x0000000085900000|100%| O|  |TAMS 0x0000000085800000| PB 0x0000000085800000| Untracked |  0
|  89|0x0000000085900000, 0x0000000085900000, 0x0000000085a00000|  0%| F|  |TAMS 0x0000000085900000| PB 0x0000000085900000| Untracked |  0
|  90|0x0000000085a00000, 0x0000000085b00000, 0x0000000085b00000|100%| O|  |TAMS 0x0000000085a00000| PB 0x0000000085a00000| Untracked |  0
|  91|0x0000000085b00000, 0x0000000085c00000, 0x0000000085c00000|100%| O|  |TAMS 0x0000000085b00000| PB 0x0000000085b00000| Untracked |  0
|  92|0x0000000085c00000, 0x0000000085d00000, 0x0000000085d00000|100%| O|  |TAMS 0x0000000085c00000| PB 0x0000000085c00000| Untracked |  0
|  93|0x0000000085d00000, 0x0000000085e00000, 0x0000000085e00000|100%| O|  |TAMS 0x0000000085d00000| PB 0x0000000085d00000| Untracked |  0
|  94|0x0000000085e00000, 0x0000000085ef2b70, 0x0000000085f00000| 94%| O|  |TAMS 0x0000000085e00000| PB 0x0000000085e00000| Untracked |  0
|  95|0x0000000085f00000, 0x0000000085f00000, 0x0000000086000000|  0%| F|  |TAMS 0x0000000085f00000| PB 0x0000000085f00000| Untracked |  0
|  96|0x0000000086000000, 0x0000000086000000, 0x0000000086100000|  0%| F|  |TAMS 0x0000000086000000| PB 0x0000000086000000| Untracked |  0
|  97|0x0000000086100000, 0x0000000086100000, 0x0000000086200000|  0%| F|  |TAMS 0x0000000086100000| PB 0x0000000086100000| Untracked |  0
|  98|0x0000000086200000, 0x0000000086200000, 0x0000000086300000|  0%| F|  |TAMS 0x0000000086200000| PB 0x0000000086200000| Untracked |  0
|  99|0x0000000086300000, 0x0000000086300000, 0x0000000086400000|  0%| F|  |TAMS 0x0000000086300000| PB 0x0000000086300000| Untracked |  0
| 100|0x0000000086400000, 0x0000000086400000, 0x0000000086500000|  0%| F|  |TAMS 0x0000000086400000| PB 0x0000000086400000| Untracked |  0
| 101|0x0000000086500000, 0x0000000086500000, 0x0000000086600000|  0%| F|  |TAMS 0x0000000086500000| PB 0x0000000086500000| Untracked |  0
| 102|0x0000000086600000, 0x0000000086600000, 0x0000000086700000|  0%| F|  |TAMS 0x0000000086600000| PB 0x0000000086600000| Untracked |  0
| 103|0x0000000086700000, 0x0000000086700000, 0x0000000086800000|  0%| F|  |TAMS 0x0000000086700000| PB 0x0000000086700000| Untracked |  0
| 104|0x0000000086800000, 0x0000000086800000, 0x0000000086900000|  0%| F|  |TAMS 0x0000000086800000| PB 0x0000000086800000| Untracked |  0
| 105|0x0000000086900000, 0x0000000086900000, 0x0000000086a00000|  0%| F|  |TAMS 0x0000000086900000| PB 0x0000000086900000| Untracked |  0
| 106|0x0000000086a00000, 0x0000000086a00000, 0x0000000086b00000|  0%| F|  |TAMS 0x0000000086a00000| PB 0x0000000086a00000| Untracked |  0
| 107|0x0000000086b00000, 0x0000000086b00000, 0x0000000086c00000|  0%| F|  |TAMS 0x0000000086b00000| PB 0x0000000086b00000| Untracked |  0
| 108|0x0000000086c00000, 0x0000000086c00000, 0x0000000086d00000|  0%| F|  |TAMS 0x0000000086c00000| PB 0x0000000086c00000| Untracked |  0
| 109|0x0000000086d00000, 0x0000000086d00000, 0x0000000086e00000|  0%| F|  |TAMS 0x0000000086d00000| PB 0x0000000086d00000| Untracked |  0
| 110|0x0000000086e00000, 0x0000000086e00000, 0x0000000086f00000|  0%| F|  |TAMS 0x0000000086e00000| PB 0x0000000086e00000| Untracked |  0
| 111|0x0000000086f00000, 0x0000000086f00000, 0x0000000087000000|  0%| F|  |TAMS 0x0000000086f00000| PB 0x0000000086f00000| Untracked |  0
| 112|0x0000000087000000, 0x0000000087000000, 0x0000000087100000|  0%| F|  |TAMS 0x0000000087000000| PB 0x0000000087000000| Untracked |  0
| 113|0x0000000087100000, 0x0000000087100000, 0x0000000087200000|  0%| F|  |TAMS 0x0000000087100000| PB 0x0000000087100000| Untracked |  0
| 114|0x0000000087200000, 0x0000000087200000, 0x0000000087300000|  0%| F|  |TAMS 0x0000000087200000| PB 0x0000000087200000| Untracked |  0
| 115|0x0000000087300000, 0x0000000087300000, 0x0000000087400000|  0%| F|  |TAMS 0x0000000087300000| PB 0x0000000087300000| Untracked |  0
| 116|0x0000000087400000, 0x0000000087400000, 0x0000000087500000|  0%| F|  |TAMS 0x0000000087400000| PB 0x0000000087400000| Untracked |  0
| 117|0x0000000087500000, 0x0000000087500000, 0x0000000087600000|  0%| F|  |TAMS 0x0000000087500000| PB 0x0000000087500000| Untracked |  0
| 118|0x0000000087600000, 0x0000000087600000, 0x0000000087700000|  0%| F|  |TAMS 0x0000000087600000| PB 0x0000000087600000| Untracked |  0
| 119|0x0000000087700000, 0x0000000087700000, 0x0000000087800000|  0%| F|  |TAMS 0x0000000087700000| PB 0x0000000087700000| Untracked |  0
| 120|0x0000000087800000, 0x0000000087800000, 0x0000000087900000|  0%| F|  |TAMS 0x0000000087800000| PB 0x0000000087800000| Untracked |  0
| 121|0x0000000087900000, 0x0000000087900000, 0x0000000087a00000|  0%| F|  |TAMS 0x0000000087900000| PB 0x0000000087900000| Untracked |  0
| 122|0x0000000087a00000, 0x0000000087a00000, 0x0000000087b00000|  0%| F|  |TAMS 0x0000000087a00000| PB 0x0000000087a00000| Untracked |  0
| 123|0x0000000087b00000, 0x0000000087b00000, 0x0000000087c00000|  0%| F|  |TAMS 0x0000000087b00000| PB 0x0000000087b00000| Untracked |  0
| 124|0x0000000087c00000, 0x0000000087c00000, 0x0000000087d00000|  0%| F|  |TAMS 0x0000000087c00000| PB 0x0000000087c00000| Untracked |  0
| 125|0x0000000087d00000, 0x0000000087d00000, 0x0000000087e00000|  0%| F|  |TAMS 0x0000000087d00000| PB 0x0000000087d00000| Untracked |  0
| 126|0x0000000087e00000, 0x0000000087e00000, 0x0000000087f00000|  0%| F|  |TAMS 0x0000000087e00000| PB 0x0000000087e00000| Untracked |  0
| 127|0x0000000087f00000, 0x0000000087f00000, 0x0000000088000000|  0%| F|  |TAMS 0x0000000087f00000| PB 0x0000000087f00000| Untracked |  0
| 128|0x0000000088000000, 0x0000000088000000, 0x0000000088100000|  0%| F|  |TAMS 0x0000000088000000| PB 0x0000000088000000| Untracked |  0
| 129|0x0000000088100000, 0x0000000088100000, 0x0000000088200000|  0%| F|  |TAMS 0x0000000088100000| PB 0x0000000088100000| Untracked |  0
| 130|0x0000000088200000, 0x0000000088200000, 0x0000000088300000|  0%| F|  |TAMS 0x0000000088200000| PB 0x0000000088200000| Untracked |  0
| 131|0x0000000088300000, 0x0000000088300000, 0x0000000088400000|  0%| F|  |TAMS 0x0000000088300000| PB 0x0000000088300000| Untracked |  0
| 132|0x0000000088400000, 0x0000000088500000, 0x0000000088500000|100%| E|  |TAMS 0x0000000088400000| PB 0x0000000088400000| Complete |  0
| 133|0x0000000088500000, 0x0000000088600000, 0x0000000088600000|100%| E|CS|TAMS 0x0000000088500000| PB 0x0000000088500000| Complete |  0
| 134|0x0000000088600000, 0x0000000088700000, 0x0000000088700000|100%| E|CS|TAMS 0x0000000088600000| PB 0x0000000088600000| Complete |  0
| 135|0x0000000088700000, 0x0000000088800000, 0x0000000088800000|100%| E|CS|TAMS 0x0000000088700000| PB 0x0000000088700000| Complete |  0
| 136|0x0000000088800000, 0x0000000088900000, 0x0000000088900000|100%| E|CS|TAMS 0x0000000088800000| PB 0x0000000088800000| Complete |  0
| 137|0x0000000088900000, 0x0000000088a00000, 0x0000000088a00000|100%| E|CS|TAMS 0x0000000088900000| PB 0x0000000088900000| Complete |  0
| 138|0x0000000088a00000, 0x0000000088b00000, 0x0000000088b00000|100%| E|CS|TAMS 0x0000000088a00000| PB 0x0000000088a00000| Complete |  0
| 139|0x0000000088b00000, 0x0000000088c00000, 0x0000000088c00000|100%| E|CS|TAMS 0x0000000088b00000| PB 0x0000000088b00000| Complete |  0
| 140|0x0000000088c00000, 0x0000000088d00000, 0x0000000088d00000|100%| E|CS|TAMS 0x0000000088c00000| PB 0x0000000088c00000| Complete |  0
| 141|0x0000000088d00000, 0x0000000088e00000, 0x0000000088e00000|100%| E|CS|TAMS 0x0000000088d00000| PB 0x0000000088d00000| Complete |  0
| 142|0x0000000088e00000, 0x0000000088f00000, 0x0000000088f00000|100%| E|CS|TAMS 0x0000000088e00000| PB 0x0000000088e00000| Complete |  0
| 143|0x0000000088f00000, 0x0000000089000000, 0x0000000089000000|100%| E|CS|TAMS 0x0000000088f00000| PB 0x0000000088f00000| Complete |  0
| 144|0x0000000089000000, 0x0000000089100000, 0x0000000089100000|100%| E|CS|TAMS 0x0000000089000000| PB 0x0000000089000000| Complete |  0
| 145|0x0000000089100000, 0x0000000089200000, 0x0000000089200000|100%| E|CS|TAMS 0x0000000089100000| PB 0x0000000089100000| Complete |  0
| 146|0x0000000089200000, 0x0000000089300000, 0x0000000089300000|100%| E|CS|TAMS 0x0000000089200000| PB 0x0000000089200000| Complete |  0
| 147|0x0000000089300000, 0x0000000089400000, 0x0000000089400000|100%| E|CS|TAMS 0x0000000089300000| PB 0x0000000089300000| Complete |  0
| 148|0x0000000089400000, 0x0000000089500000, 0x0000000089500000|100%| E|CS|TAMS 0x0000000089400000| PB 0x0000000089400000| Complete |  0
| 149|0x0000000089500000, 0x0000000089600000, 0x0000000089600000|100%| E|CS|TAMS 0x0000000089500000| PB 0x0000000089500000| Complete |  0
| 150|0x0000000089600000, 0x0000000089700000, 0x0000000089700000|100%| E|CS|TAMS 0x0000000089600000| PB 0x0000000089600000| Complete |  0
| 151|0x0000000089700000, 0x00000000897ef2f0, 0x0000000089800000| 93%| S|CS|TAMS 0x0000000089700000| PB 0x0000000089700000| Complete |  0
| 152|0x0000000089800000, 0x0000000089900000, 0x0000000089900000|100%| S|CS|TAMS 0x0000000089800000| PB 0x0000000089800000| Complete |  0
| 153|0x0000000089900000, 0x0000000089a00000, 0x0000000089a00000|100%| S|CS|TAMS 0x0000000089900000| PB 0x0000000089900000| Complete |  0
| 154|0x0000000089a00000, 0x0000000089b00000, 0x0000000089b00000|100%| E|CS|TAMS 0x0000000089a00000| PB 0x0000000089a00000| Complete |  0
| 155|0x0000000089b00000, 0x0000000089c00000, 0x0000000089c00000|100%| E|CS|TAMS 0x0000000089b00000| PB 0x0000000089b00000| Complete |  0
| 156|0x0000000089c00000, 0x0000000089d00000, 0x0000000089d00000|100%| E|CS|TAMS 0x0000000089c00000| PB 0x0000000089c00000| Complete |  0
| 157|0x0000000089d00000, 0x0000000089e00000, 0x0000000089e00000|100%| E|CS|TAMS 0x0000000089d00000| PB 0x0000000089d00000| Complete |  0
| 158|0x0000000089e00000, 0x0000000089f00000, 0x0000000089f00000|100%| E|CS|TAMS 0x0000000089e00000| PB 0x0000000089e00000| Complete |  0
| 159|0x0000000089f00000, 0x000000008a000000, 0x000000008a000000|100%| E|CS|TAMS 0x0000000089f00000| PB 0x0000000089f00000| Complete |  0
| 160|0x000000008a000000, 0x000000008a100000, 0x000000008a100000|100%| E|CS|TAMS 0x000000008a000000| PB 0x000000008a000000| Complete |  0
| 161|0x000000008a100000, 0x000000008a200000, 0x000000008a200000|100%| E|CS|TAMS 0x000000008a100000| PB 0x000000008a100000| Complete |  0
| 162|0x000000008a200000, 0x000000008a300000, 0x000000008a300000|100%| E|CS|TAMS 0x000000008a200000| PB 0x000000008a200000| Complete |  0
| 163|0x000000008a300000, 0x000000008a400000, 0x000000008a400000|100%| E|CS|TAMS 0x000000008a300000| PB 0x000000008a300000| Complete |  0
|2033|0x00000000ff100000, 0x00000000ff200000, 0x00000000ff200000|100%| O|  |TAMS 0x00000000ff100000| PB 0x00000000ff100000| Untracked |  0
|2034|0x00000000ff200000, 0x00000000ff300000, 0x00000000ff300000|100%| E|CS|TAMS 0x00000000ff200000| PB 0x00000000ff200000| Complete |  0
|2035|0x00000000ff300000, 0x00000000ff400000, 0x00000000ff400000|100%| E|CS|TAMS 0x00000000ff300000| PB 0x00000000ff300000| Complete |  0
|2036|0x00000000ff400000, 0x00000000ff500000, 0x00000000ff500000|100%| O|  |TAMS 0x00000000ff400000| PB 0x00000000ff400000| Untracked |  0
|2037|0x00000000ff500000, 0x00000000ff600000, 0x00000000ff600000|100%| O|  |TAMS 0x00000000ff500000| PB 0x00000000ff500000| Untracked |  0
|2038|0x00000000ff600000, 0x00000000ff700000, 0x00000000ff700000|100%| E|CS|TAMS 0x00000000ff600000| PB 0x00000000ff600000| Complete |  0
|2039|0x00000000ff700000, 0x00000000ff800000, 0x00000000ff800000|100%| O|  |TAMS 0x00000000ff700000| PB 0x00000000ff700000| Untracked |  0
|2040|0x00000000ff800000, 0x00000000ff900000, 0x00000000ff900000|100%| O|  |TAMS 0x00000000ff800000| PB 0x00000000ff800000| Untracked |  0
|2041|0x00000000ff900000, 0x00000000ffa00000, 0x00000000ffa00000|100%| O|  |TAMS 0x00000000ff900000| PB 0x00000000ff900000| Untracked |  0
|2042|0x00000000ffa00000, 0x00000000ffb00000, 0x00000000ffb00000|100%| O|  |TAMS 0x00000000ffa00000| PB 0x00000000ffa00000| Untracked |  0
|2043|0x00000000ffb00000, 0x00000000ffc00000, 0x00000000ffc00000|100%| O|  |TAMS 0x00000000ffb00000| PB 0x00000000ffb00000| Untracked |  0
|2044|0x00000000ffc00000, 0x00000000ffd00000, 0x00000000ffd00000|100%| O|  |TAMS 0x00000000ffc00000| PB 0x00000000ffc00000| Untracked |  0
|2045|0x00000000ffd00000, 0x00000000ffe00000, 0x00000000ffe00000|100%| O|  |TAMS 0x00000000ffd00000| PB 0x00000000ffd00000| Untracked |  0
|2046|0x00000000ffe00000, 0x00000000fff00000, 0x00000000fff00000|100%| O|  |TAMS 0x00000000ffe00000| PB 0x00000000ffe00000| Untracked |  0
|2047|0x00000000fff00000, 0x0000000100000000, 0x0000000100000000|100%| E|CS|TAMS 0x00000000fff00000| PB 0x00000000fff00000| Complete |  0

Card table byte_map: [0x000001e89f950000,0x000001e89fd50000] _byte_map_base: 0x000001e89f550000

Marking Bits: (CMBitMap*) 0x000001e8876a85c0
 Bits: [0x000001e89fd50000, 0x000001e8a1d50000)

Polling page: 0x000001e885640000

Metaspace:

Usage:
  Non-class:    100.87 MB used.
      Class:     12.28 MB used.
       Both:    113.15 MB used.

Virtual space:
  Non-class space:      128.00 MB reserved,     102.12 MB ( 80%) committed,  2 nodes.
      Class space:        1.00 GB reserved,      13.38 MB (  1%) committed,  1 nodes.
             Both:        1.12 GB reserved,     115.50 MB ( 10%) committed. 

Chunk freelists:
   Non-Class:  9.09 MB
       Class:  2.59 MB
        Both:  11.69 MB

MaxMetaspaceSize: unlimited
CompressedClassSpaceSize: 1.00 GB
Initial GC threshold: 21.00 MB
Current GC threshold: 188.88 MB
CDS: on
 - commit_granule_bytes: 65536.
 - commit_granule_words: 8192.
 - virtual_space_node_default_size: 8388608.
 - enlarge_chunks_in_place: 1.
UseCompressedClassPointers 1, UseCompactObjectHeaders 0
Narrow klass pointer bits 32, Max shift 3
Narrow klass base: 0x000001e8a5000000, Narrow klass shift: 0
Encoding Range: [0x000001e8a5000000 - 0x000001e9a5000000), (4294967296 bytes)
Klass Range:    [0x000001e8a5000000 - 0x000001e8e6000000), (1090519040 bytes)
Klass ID Range:  [8 - 1090519033) (1090519025)


Internal statistics:

num_allocs_failed_limit: 12.
num_arena_births: 4074.
num_arena_deaths: 0.
num_vsnodes_births: 3.
num_vsnodes_deaths: 0.
num_space_committed: 1847.
num_space_uncommitted: 0.
num_chunks_returned_to_freelist: 12.
num_chunks_taken_from_freelist: 8763.
num_chunk_merges: 9.
num_chunk_splits: 6205.
num_chunks_enlarged: 4409.
num_inconsistent_stats: 0.

CodeHeap 'non-profiled nmethods': size=120064Kb used=4899Kb max_used=4899Kb free=115164Kb
 bounds [0x000001e8979b0000, 0x000001e897e80000, 0x000001e89eef0000]
CodeHeap 'profiled nmethods': size=120000Kb used=19040Kb max_used=19040Kb free=100959Kb
 bounds [0x000001e88fef0000, 0x000001e891190000, 0x000001e897420000]
CodeHeap 'non-nmethods': size=5696Kb used=2872Kb max_used=2906Kb free=2823Kb
 bounds [0x000001e897420000, 0x000001e897710000, 0x000001e8979b0000]
CodeCache: size=245760Kb, used=26811Kb, max_used=26845Kb, free=218946Kb
 total_blobs=11609, nmethods=10461, adapters=1048, full_count=0
Compilation: enabled, stopped_count=0, restarted_count=0

Compilation events (20 events):
Event: 19.144 Thread 0x000001e8a4a61510 nmethod 11865 0x000001e897e66f88 code [0x000001e897e67080, 0x000001e897e67148]
Event: 19.144 Thread 0x000001e8a4a61510 11866   !   3       org.gradle.cache.internal.DefaultMultiProcessSafeIndexedCache::getIfPresent (25 bytes)
Event: 19.144 Thread 0x000001e8ec57d3f0 nmethod 11863 0x000001e897e67288 code [0x000001e897e67380, 0x000001e897e67438]
Event: 19.145 Thread 0x000001e8a4a61510 nmethod 11866 0x000001e89113db88 code [0x000001e89113dd80, 0x000001e89113eb20]
Event: 19.145 Thread 0x000001e8a4a61510 11867       3       org.gradle.cache.internal.DefaultMultiProcessSafeIndexedCache$$Lambda/0x000001e8a6323130::<init> (15 bytes)
Event: 19.145 Thread 0x000001e8a4a61510 nmethod 11867 0x000001e89113ec08 code [0x000001e89113ed20, 0x000001e89113ef40]
Event: 19.145 Thread 0x000001e8a4a61510 11868       3       org.gradle.cache.internal.DefaultCacheCoordinator$UnitOfWorkFileAccess::readFile (14 bytes)
Event: 19.145 Thread 0x000001e8a4a61510 nmethod 11868 0x000001e89113ef88 code [0x000001e89113f0e0, 0x000001e89113f440]
Event: 19.145 Thread 0x000001e8a4a61510 11869       3       org.gradle.api.internal.attributes.DefaultImmutableAttributesFactory::concat (46 bytes)
Event: 19.145 Thread 0x000001e8ec57d3f0 11871       4       com.esotericsoftware.kryo.io.Input::readUtf8 (90 bytes)
Event: 19.145 Thread 0x000001e8a4a61510 nmethod 11869 0x000001e89113f488 code [0x000001e89113f600, 0x000001e89113f9d0]
Event: 19.145 Thread 0x000001e8a4a61510 11870       3       org.gradle.api.internal.artifacts.ivyservice.modulecache.StringDeduplicatingDecoder::readBoolean (10 bytes)
Event: 19.145 Thread 0x000001e8a4a61510 nmethod 11870 0x000001e89113fa08 code [0x000001e89113fb20, 0x000001e89113fcf8]
Event: 19.145 Thread 0x000001e8a4a61510 11872       1       org.gradle.internal.component.external.model.AbstractConfigurationMetadata::getComponentId (5 bytes)
Event: 19.145 Thread 0x000001e8a4a61510 nmethod 11872 0x000001e897e67588 code [0x000001e897e67680, 0x000001e897e67748]
Event: 19.150 Thread 0x000001e8a4a61510 11873       3       com.google.common.collect.ImmutableSet::chooseTableSize (61 bytes)
Event: 20.150 Thread 0x000001e8a4a61510 nmethod 11873 0x000001e89113fd88 code [0x000001e89113ff20, 0x000001e891140508]
Event: 20.150 Thread 0x000001e8a4a61510 11874       3       java.util.IdentityHashMap::maskNull (12 bytes)
Event: 20.150 Thread 0x000001e8a4a61510 nmethod 11874 0x000001e891140588 code [0x000001e8911406a0, 0x000001e8911407d0]
Event: 20.151 Thread 0x000001e8a4a61510 11877       3       java.util.Collections$EmptyMap::keySet (4 bytes)

GC Heap History (20 events):
Event: 12.650 GC heap before
{Heap before GC invocations=19 (full 0):
 garbage-first heap   total reserved 2097152K, committed 133120K, used 118019K [0x0000000080000000, 0x0000000100000000)
  region size 1024K, 47 young (48128K), 3 survivors (3072K)
 Metaspace       used 79209K, committed 81152K, reserved 1179648K
  class space    used 8703K, committed 9600K, reserved 1048576K
}
Event: 12.657 GC heap after
{Heap after GC invocations=20 (full 0):
 garbage-first heap   total reserved 2097152K, committed 133120K, used 75390K [0x0000000080000000, 0x0000000100000000)
  region size 1024K, 5 young (5120K), 5 survivors (5120K)
 Metaspace       used 79209K, committed 81152K, reserved 1179648K
  class space    used 8703K, committed 9600K, reserved 1048576K
}
Event: 13.018 GC heap before
{Heap before GC invocations=20 (full 0):
 garbage-first heap   total reserved 2097152K, committed 133120K, used 121470K [0x0000000080000000, 0x0000000100000000)
  region size 1024K, 49 young (50176K), 5 survivors (5120K)
 Metaspace       used 81413K, committed 83392K, reserved 1179648K
  class space    used 8916K, committed 9856K, reserved 1048576K
}
Event: 13.029 GC heap after
{Heap after GC invocations=21 (full 0):
 garbage-first heap   total reserved 2097152K, committed 133120K, used 78111K [0x0000000080000000, 0x0000000100000000)
  region size 1024K, 7 young (7168K), 7 survivors (7168K)
 Metaspace       used 81413K, committed 83392K, reserved 1179648K
  class space    used 8916K, committed 9856K, reserved 1048576K
}
Event: 13.461 GC heap before
{Heap before GC invocations=21 (full 0):
 garbage-first heap   total reserved 2097152K, committed 133120K, used 118047K [0x0000000080000000, 0x0000000100000000)
  region size 1024K, 46 young (47104K), 7 survivors (7168K)
 Metaspace       used 83894K, committed 85824K, reserved 1179648K
  class space    used 9172K, committed 10048K, reserved 1048576K
}
Event: 13.470 GC heap after
{Heap after GC invocations=22 (full 0):
 garbage-first heap   total reserved 2097152K, committed 164864K, used 81761K [0x0000000080000000, 0x0000000100000000)
  region size 1024K, 4 young (4096K), 4 survivors (4096K)
 Metaspace       used 83894K, committed 85824K, reserved 1179648K
  class space    used 9172K, committed 10048K, reserved 1048576K
}
Event: 14.627 GC heap before
{Heap before GC invocations=23 (full 0):
 garbage-first heap   total reserved 2097152K, committed 164864K, used 148321K [0x0000000080000000, 0x0000000100000000)
  region size 1024K, 69 young (70656K), 4 survivors (4096K)
 Metaspace       used 92452K, committed 94400K, reserved 1179648K
  class space    used 10035K, committed 10944K, reserved 1048576K
}
Event: 14.634 GC heap after
{Heap after GC invocations=24 (full 0):
 garbage-first heap   total reserved 2097152K, committed 164864K, used 86049K [0x0000000080000000, 0x0000000100000000)
  region size 1024K, 9 young (9216K), 9 survivors (9216K)
 Metaspace       used 92452K, committed 94400K, reserved 1179648K
  class space    used 10035K, committed 10944K, reserved 1048576K
}
Event: 15.517 GC heap before
{Heap before GC invocations=24 (full 0):
 garbage-first heap   total reserved 2097152K, committed 164864K, used 144417K [0x0000000080000000, 0x0000000100000000)
  region size 1024K, 67 young (68608K), 9 survivors (9216K)
 Metaspace       used 101640K, committed 103616K, reserved 1179648K
  class space    used 10824K, committed 11712K, reserved 1048576K
}
Event: 15.529 GC heap after
{Heap after GC invocations=25 (full 0):
 garbage-first heap   total reserved 2097152K, committed 164864K, used 86565K [0x0000000080000000, 0x0000000100000000)
  region size 1024K, 6 young (6144K), 6 survivors (6144K)
 Metaspace       used 101640K, committed 103616K, reserved 1179648K
  class space    used 10824K, committed 11712K, reserved 1048576K
}
Event: 16.192 GC heap before
{Heap before GC invocations=25 (full 0):
 garbage-first heap   total reserved 2097152K, committed 164864K, used 143909K [0x0000000080000000, 0x0000000100000000)
  region size 1024K, 63 young (64512K), 6 survivors (6144K)
 Metaspace       used 105819K, committed 108032K, reserved 1179648K
  class space    used 11412K, committed 12416K, reserved 1048576K
}
Event: 16.206 GC heap after
{Heap after GC invocations=26 (full 0):
 garbage-first heap   total reserved 2097152K, committed 164864K, used 91971K [0x0000000080000000, 0x0000000100000000)
  region size 1024K, 7 young (7168K), 7 survivors (7168K)
 Metaspace       used 105819K, committed 108032K, reserved 1179648K
  class space    used 11412K, committed 12416K, reserved 1048576K
}
Event: 16.663 GC heap before
{Heap before GC invocations=27 (full 0):
 garbage-first heap   total reserved 2097152K, committed 164864K, used 149315K [0x0000000080000000, 0x0000000100000000)
  region size 1024K, 62 young (63488K), 7 survivors (7168K)
 Metaspace       used 106618K, committed 108800K, reserved 1179648K
  class space    used 11472K, committed 12480K, reserved 1048576K
}
Event: 16.674 GC heap after
{Heap after GC invocations=28 (full 0):
 garbage-first heap   total reserved 2097152K, committed 164864K, used 97887K [0x0000000080000000, 0x0000000100000000)
  region size 1024K, 6 young (6144K), 6 survivors (6144K)
 Metaspace       used 106618K, committed 108800K, reserved 1179648K
  class space    used 11472K, committed 12480K, reserved 1048576K
}
Event: 17.727 GC heap before
{Heap before GC invocations=28 (full 0):
 garbage-first heap   total reserved 2097152K, committed 164864K, used 149087K [0x0000000080000000, 0x0000000100000000)
  region size 1024K, 56 young (57344K), 6 survivors (6144K)
 Metaspace       used 111447K, committed 113792K, reserved 1179648K
  class space    used 12086K, committed 13184K, reserved 1048576K
}
Event: 17.739 GC heap after
{Heap after GC invocations=29 (full 0):
 garbage-first heap   total reserved 2097152K, committed 164864K, used 101361K [0x0000000080000000, 0x0000000100000000)
  region size 1024K, 5 young (5120K), 5 survivors (5120K)
 Metaspace       used 111447K, committed 113792K, reserved 1179648K
  class space    used 12086K, committed 13184K, reserved 1048576K
}
Event: 18.314 GC heap before
{Heap before GC invocations=29 (full 0):
 garbage-first heap   total reserved 2097152K, committed 164864K, used 146417K [0x0000000080000000, 0x0000000100000000)
  region size 1024K, 50 young (51200K), 5 survivors (5120K)
 Metaspace       used 113641K, committed 116032K, reserved 1179648K
  class space    used 12332K, committed 13440K, reserved 1048576K
}
Event: 18.326 GC heap after
{Heap after GC invocations=30 (full 0):
 garbage-first heap   total reserved 2097152K, committed 164864K, used 107305K [0x0000000080000000, 0x0000000100000000)
  region size 1024K, 6 young (6144K), 6 survivors (6144K)
 Metaspace       used 113641K, committed 116032K, reserved 1179648K
  class space    used 12332K, committed 13440K, reserved 1048576K
}
Event: 18.520 GC heap before
{Heap before GC invocations=31 (full 0):
 garbage-first heap   total reserved 2097152K, committed 183296K, used 148265K [0x0000000080000000, 0x0000000100000000)
  region size 1024K, 45 young (46080K), 6 survivors (6144K)
 Metaspace       used 113669K, committed 116032K, reserved 1179648K
  class space    used 12333K, committed 13440K, reserved 1048576K
}
Event: 18.530 GC heap after
{Heap after GC invocations=32 (full 0):
 garbage-first heap   total reserved 2097152K, committed 183296K, used 110466K [0x0000000080000000, 0x0000000100000000)
  region size 1024K, 3 young (3072K), 3 survivors (3072K)
 Metaspace       used 113669K, committed 116032K, reserved 1179648K
  class space    used 12333K, committed 13440K, reserved 1048576K
}

Dll operation events (15 events):
Event: 0.031 Loaded shared library C:\Program Files\Java\jdk-24\bin\java.dll
Event: 0.122 Loaded shared library C:\Program Files\Java\jdk-24\bin\jsvml.dll
Event: 0.246 Loaded shared library C:\Program Files\Java\jdk-24\bin\zip.dll
Event: 0.251 Loaded shared library C:\Program Files\Java\jdk-24\bin\instrument.dll
Event: 0.263 Loaded shared library C:\Program Files\Java\jdk-24\bin\net.dll
Event: 0.269 Loaded shared library C:\Program Files\Java\jdk-24\bin\nio.dll
Event: 0.276 Loaded shared library C:\Program Files\Java\jdk-24\bin\zip.dll
Event: 0.806 Loaded shared library C:\Program Files\Java\jdk-24\bin\jimage.dll
Event: 0.987 Loaded shared library C:\Program Files\Java\jdk-24\bin\verify.dll
Event: 1.111 Loaded shared library C:\Users\User\.gradle\native\c067742578af261105cb4f569cf0c3c89f3d7b1fecec35dd04571415982c5e48\windows-amd64\native-platform.dll
Event: 1.127 Loaded shared library C:\Users\User\.gradle\native\100fb08df4bc3b14c8652ba06237920a3bd2aa13389f12d3474272988ae205f9\windows-amd64\native-platform-file-events.dll
Event: 2.775 Loaded shared library C:\Program Files\Java\jdk-24\bin\management.dll
Event: 2.780 Loaded shared library C:\Program Files\Java\jdk-24\bin\management_ext.dll
Event: 3.344 Loaded shared library C:\Program Files\Java\jdk-24\bin\extnet.dll
Event: 3.484 Loaded shared library C:\Program Files\Java\jdk-24\bin\sunmscapi.dll

Deoptimization events (20 events):
Event: 18.936 Thread 0x000001e8ead56020 Uncommon trap: trap_request=0xffffff76 fr.pc=0x000001e897b0336c relative=0x00000000000002ac
Event: 18.936 Thread 0x000001e8ead56020 Uncommon trap: reason=predicate action=maybe_recompile pc=0x000001e897b0336c method=com.google.common.base.CharMatcher.indexIn(Ljava/lang/CharSequence;I)I @ 19 c2
Event: 18.936 Thread 0x000001e8ead56020 DEOPT PACKING pc=0x000001e897b0336c sp=0x000000022c3f9000
Event: 18.936 Thread 0x000001e8ead56020 DEOPT UNPACKING pc=0x000001e897536702 sp=0x000000022c3f8fa8 mode 2
Event: 18.966 Thread 0x000001e8ead56020 Uncommon trap: trap_request=0xffffffbe fr.pc=0x000001e897e2b5ac relative=0x00000000000002ec
Event: 18.966 Thread 0x000001e8ead56020 Uncommon trap: reason=profile_predicate action=maybe_recompile pc=0x000001e897e2b5ac method=java.util.regex.Pattern$BnM.optimize(Ljava/util/regex/Pattern$Node;)Ljava/util/regex/Pattern$Node; @ 67 c2
Event: 18.966 Thread 0x000001e8ead56020 DEOPT PACKING pc=0x000001e897e2b5ac sp=0x000000022c3f7a70
Event: 18.966 Thread 0x000001e8ead56020 DEOPT UNPACKING pc=0x000001e897536702 sp=0x000000022c3f79f8 mode 2
Event: 18.966 Thread 0x000001e8ead56020 Uncommon trap: trap_request=0xffffffbe fr.pc=0x000001e897e2b5ac relative=0x00000000000002ec
Event: 18.966 Thread 0x000001e8ead56020 Uncommon trap: reason=profile_predicate action=maybe_recompile pc=0x000001e897e2b5ac method=java.util.regex.Pattern$BnM.optimize(Ljava/util/regex/Pattern$Node;)Ljava/util/regex/Pattern$Node; @ 67 c2
Event: 18.966 Thread 0x000001e8ead56020 DEOPT PACKING pc=0x000001e897e2b5ac sp=0x000000022c3f7a70
Event: 18.966 Thread 0x000001e8ead56020 DEOPT UNPACKING pc=0x000001e897536702 sp=0x000000022c3f79f8 mode 2
Event: 18.966 Thread 0x000001e8ead56020 Uncommon trap: trap_request=0xffffffbe fr.pc=0x000001e897e2b5ac relative=0x00000000000002ec
Event: 18.966 Thread 0x000001e8ead56020 Uncommon trap: reason=profile_predicate action=maybe_recompile pc=0x000001e897e2b5ac method=java.util.regex.Pattern$BnM.optimize(Ljava/util/regex/Pattern$Node;)Ljava/util/regex/Pattern$Node; @ 67 c2
Event: 18.966 Thread 0x000001e8ead56020 DEOPT PACKING pc=0x000001e897e2b5ac sp=0x000000022c3f7a70
Event: 18.966 Thread 0x000001e8ead56020 DEOPT UNPACKING pc=0x000001e897536702 sp=0x000000022c3f79f8 mode 2
Event: 18.996 Thread 0x000001e8ead56020 Uncommon trap: trap_request=0xffffffc6 fr.pc=0x000001e897d6026c relative=0x0000000000000c2c
Event: 18.996 Thread 0x000001e8ead56020 Uncommon trap: reason=bimorphic_or_optimized_type_check action=maybe_recompile pc=0x000001e897d6026c method=java.io.DataOutputStream.writeLong(J)V @ 20 c2
Event: 18.996 Thread 0x000001e8ead56020 DEOPT PACKING pc=0x000001e897d6026c sp=0x000000022c3f6ff0
Event: 18.996 Thread 0x000001e8ead56020 DEOPT UNPACKING pc=0x000001e897536702 sp=0x000000022c3f6fe8 mode 2

Classes loaded (20 events):
Event: 17.804 Loading class java/util/function/LongUnaryOperator
Event: 17.805 Loading class java/util/function/LongUnaryOperator done
Event: 17.883 Loading class java/lang/StringBeanInfo
Event: 17.883 Loading class java/lang/StringBeanInfo done
Event: 17.883 Loading class java/lang/StringBeanInfo
Event: 17.883 Loading class java/lang/StringBeanInfo done
Event: 17.883 Loading class java/lang/StringCustomizer
Event: 17.883 Loading class java/lang/StringCustomizer done
Event: 17.883 Loading class java/lang/StringCustomizer
Event: 17.883 Loading class java/lang/StringCustomizer done
Event: 17.888 Loading class java/io/FileBeanInfo
Event: 17.888 Loading class java/io/FileBeanInfo done
Event: 17.889 Loading class java/io/FileBeanInfo
Event: 17.889 Loading class java/io/FileBeanInfo done
Event: 17.889 Loading class java/io/FileCustomizer
Event: 17.889 Loading class java/io/FileCustomizer done
Event: 17.889 Loading class java/io/FileCustomizer
Event: 17.889 Loading class java/io/FileCustomizer done
Event: 18.927 Loading class sun/reflect/ReflectionFactory
Event: 18.928 Loading class sun/reflect/ReflectionFactory done

Classes unloaded (0 events):
No events

Classes redefined (0 events):
No events

Internal exceptions (20 events):
Event: 17.916 Thread 0x000001e8ead56020 Exception <a 'java/lang/ClassNotFoundException'{0x00000000888d2398}: org/gradle/plugins/ide/eclipse/model/EclipseProjectCustomizer> (0x00000000888d2398) 
thrown [s\open\src\hotspot\share\classfile\systemDictionary.cpp, line 327]
Event: 17.918 Thread 0x000001e8ead56020 Exception <a 'java/lang/ClassNotFoundException'{0x00000000887006e0}: org/gradle/plugins/ide/eclipse/model/EclipseProject_DecoratedCustomizer> (0x00000000887006e0) 
thrown [s\open\src\hotspot\share\classfile\systemDictionary.cpp, line 327]
Event: 17.953 Thread 0x000001e8ead542e0 Exception <a 'java/lang/NoSuchMethodError'{0x0000000088685d88}: static Lorg/gradle/internal/build/event/types/DefaultProjectConfigurationDescriptor;.<clinit>()V> (0x0000000088685d88) 
thrown [s\open\src\hotspot\share\prims\jni.cpp, line 1108]
Event: 18.161 Thread 0x000001e8ead56020 Exception <a 'sun/nio/fs/WindowsException'{0x0000000087d3dc20}> (0x0000000087d3dc20) 
thrown [s\open\src\hotspot\share\prims\jni.cpp, line 518]
Event: 18.161 Thread 0x000001e8ead56020 Exception <a 'sun/nio/fs/WindowsException'{0x0000000087d3f9d0}> (0x0000000087d3f9d0) 
thrown [s\open\src\hotspot\share\prims\jni.cpp, line 518]
Event: 18.845 Thread 0x000001e8ead56020 Exception <a 'sun/nio/fs/WindowsException'{0x00000000895216b8}> (0x00000000895216b8) 
thrown [s\open\src\hotspot\share\prims\jni.cpp, line 518]
Event: 18.846 Thread 0x000001e8ead56020 Exception <a 'sun/nio/fs/WindowsException'{0x0000000089523080}> (0x0000000089523080) 
thrown [s\open\src\hotspot\share\prims\jni.cpp, line 518]
Event: 18.847 Thread 0x000001e8ead56020 Exception <a 'sun/nio/fs/WindowsException'{0x000000008952de08}> (0x000000008952de08) 
thrown [s\open\src\hotspot\share\prims\jni.cpp, line 518]
Event: 18.848 Thread 0x000001e8ead56020 Exception <a 'sun/nio/fs/WindowsException'{0x0000000089536690}> (0x0000000089536690) 
thrown [s\open\src\hotspot\share\prims\jni.cpp, line 518]
Event: 18.851 Thread 0x000001e8ead56020 Exception <a 'sun/nio/fs/WindowsException'{0x000000008953f8b8}> (0x000000008953f8b8) 
thrown [s\open\src\hotspot\share\prims\jni.cpp, line 518]
Event: 18.910 Thread 0x000001e8ead56020 Exception <a 'java/lang/NoSuchMethodError'{0x0000000089374e20}: static Lorg/gradle/api/internal/catalog/DefaultVersionCatalog;.<clinit>()V> (0x0000000089374e20) 
thrown [s\open\src\hotspot\share\prims\jni.cpp, line 1108]
Event: 18.915 Thread 0x000001e8ead56020 Exception <a 'java/lang/NoSuchMethodError'{0x00000000893bb438}: static [Ljava/lang/Object;.<clinit>()V> (0x00000000893bb438) 
thrown [s\open\src\hotspot\share\prims\jni.cpp, line 1108]
Event: 18.916 Thread 0x000001e8ead56020 Exception <a 'java/lang/NoSuchMethodError'{0x00000000893dcab0}: static Lorg/gradle/api/internal/catalog/DependencyModel;.<clinit>()V> (0x00000000893dcab0) 
thrown [s\open\src\hotspot\share\prims\jni.cpp, line 1108]
Event: 18.916 Thread 0x000001e8ead56020 Exception <a 'java/lang/NoSuchMethodError'{0x00000000893e0678}: static Lorg/gradle/api/internal/catalog/AbstractContextAwareModel;.<clinit>()V> (0x00000000893e0678) 
thrown [s\open\src\hotspot\share\prims\jni.cpp, line 1108]
Event: 18.917 Thread 0x000001e8ead56020 Exception <a 'java/lang/NoSuchMethodError'{0x00000000893f6008}: static Lorg/gradle/api/internal/artifacts/dependencies/AbstractVersionConstraint;.<clinit>()V> (0x00000000893f6008) 
thrown [s\open\src\hotspot\share\prims\jni.cpp, line 1108]
Event: 18.921 Thread 0x000001e8ead56020 Exception <a 'java/lang/NoSuchMethodError'{0x0000000089281950}: static Lorg/gradle/api/internal/catalog/PluginModel;.<clinit>()V> (0x0000000089281950) 
thrown [s\open\src\hotspot\share\prims\jni.cpp, line 1108]
Event: 18.922 Thread 0x000001e8ead56020 Exception <a 'java/lang/NoSuchMethodError'{0x0000000089296238}: static Lorg/gradle/api/internal/catalog/VersionModel;.<clinit>()V> (0x0000000089296238) 
thrown [s\open\src\hotspot\share\prims\jni.cpp, line 1108]
Event: 19.000 Thread 0x000001e8ead56020 Exception <a 'java/lang/NoSuchMethodError'{0x0000000088ec48d0}: 'int java.lang.invoke.DirectMethodHandle$Holder.invokeSpecialIFC(java.lang.Object, java.lang.Object, java.lang.Object)'> (0x0000000088ec48d0) 
thrown [s\open\src\hotspot\share\interpreter\linkResolver.cpp, line 805]
Event: 19.060 Thread 0x000001e8ead56020 Exception <a 'java/lang/NoSuchMethodError'{0x0000000088ab9158}: 'java.lang.Object java.lang.invoke.DirectMethodHandle$Holder.invokeSpecial(java.lang.Object, java.lang.Object, java.lang.Object, java.lang.Object, java.lang.Object, long)'> (0x0000000088ab9158) 
thrown [s\open\src\hotspot\share\interpreter\linkResolver.cpp, line 805]
Event: 19.062 Thread 0x000001e8ead56020 Exception <a 'java/lang/NoSuchMethodError'{0x0000000088ae47e0}: 'void java.lang.invoke.DirectMethodHandle$Holder.invokeStatic(java.lang.Object, java.lang.Object, java.lang.Object, int, java.lang.Object)'> (0x0000000088ae47e0) 
thrown [s\open\src\hotspot\share\interpreter\linkResolver.cpp, line 805]

VM Operations (20 events):
Event: 17.495 Executing VM operation: HandshakeAllThreads (Deoptimize)
Event: 17.495 Executing VM operation: HandshakeAllThreads (Deoptimize) done
Event: 17.589 Executing VM operation: HandshakeAllThreads (Deoptimize)
Event: 17.589 Executing VM operation: HandshakeAllThreads (Deoptimize) done
Event: 17.727 Executing VM operation: G1CollectForAllocation (G1 Evacuation Pause)
Event: 17.740 Executing VM operation: G1CollectForAllocation (G1 Evacuation Pause) done
Event: 17.896 Executing VM operation: HandshakeAllThreads (Deoptimize)
Event: 17.896 Executing VM operation: HandshakeAllThreads (Deoptimize) done
Event: 18.314 Executing VM operation: G1TryInitiateConcMark (G1 Humongous Allocation)
Event: 18.326 Executing VM operation: G1TryInitiateConcMark (G1 Humongous Allocation) done
Event: 18.429 Executing VM operation: G1PauseRemark
Event: 18.436 Executing VM operation: G1PauseRemark done
Event: 18.462 Executing VM operation: G1PauseCleanup
Event: 18.462 Executing VM operation: G1PauseCleanup done
Event: 18.520 Executing VM operation: G1CollectForAllocation (G1 Evacuation Pause)
Event: 18.530 Executing VM operation: G1CollectForAllocation (G1 Evacuation Pause) done
Event: 18.913 Executing VM operation: HandshakeAllThreads (Deoptimize)
Event: 18.913 Executing VM operation: HandshakeAllThreads (Deoptimize) done
Event: 18.930 Executing VM operation: HandshakeAllThreads (Deoptimize)
Event: 18.930 Executing VM operation: HandshakeAllThreads (Deoptimize) done

Memory protections (0 events):
No events

Nmethod flushes (20 events):
Event: 18.435 Thread 0x000001e8a4a2dee0 flushing  nmethod 0x000001e890233808
Event: 18.435 Thread 0x000001e8a4a2dee0 flushing  nmethod 0x000001e890280c08
Event: 18.435 Thread 0x000001e8a4a2dee0 flushing  nmethod 0x000001e890315d08
Event: 18.435 Thread 0x000001e8a4a2dee0 flushing  nmethod 0x000001e890350988
Event: 18.435 Thread 0x000001e8a4a2dee0 flushing  nmethod 0x000001e890417788
Event: 18.435 Thread 0x000001e8a4a2dee0 flushing  nmethod 0x000001e890483a08
Event: 18.435 Thread 0x000001e8a4a2dee0 flushing  nmethod 0x000001e890550688
Event: 18.435 Thread 0x000001e8a4a2dee0 flushing  nmethod 0x000001e890598808
Event: 18.435 Thread 0x000001e8a4a2dee0 flushing  nmethod 0x000001e890598d88
Event: 18.435 Thread 0x000001e8a4a2dee0 flushing  nmethod 0x000001e8905ee008
Event: 18.435 Thread 0x000001e8a4a2dee0 flushing  nmethod 0x000001e8905ef008
Event: 18.435 Thread 0x000001e8a4a2dee0 flushing  nmethod 0x000001e89064d388
Event: 18.435 Thread 0x000001e8a4a2dee0 flushing  nmethod 0x000001e8906c9f88
Event: 18.435 Thread 0x000001e8a4a2dee0 flushing  nmethod 0x000001e890765e88
Event: 18.435 Thread 0x000001e8a4a2dee0 flushing  nmethod 0x000001e890856e88
Event: 18.435 Thread 0x000001e8a4a2dee0 flushing  nmethod 0x000001e890ae4b88
Event: 18.435 Thread 0x000001e8a4a2dee0 flushing  nmethod 0x000001e890865208
Event: 18.435 Thread 0x000001e8a4a2dee0 flushing  nmethod 0x000001e8908e7b88
Event: 18.435 Thread 0x000001e8a4a2dee0 flushing  nmethod 0x000001e890a34388
Event: 18.435 Thread 0x000001e8a4a2dee0 flushing  nmethod 0x000001e890ba6408

Events (20 events):
Event: 7.573 Thread 0x000001e8ead56020 Thread added: 0x000001e8ebdafe50
Event: 7.641 Thread 0x000001e8ead56020 Thread added: 0x000001e8ebdb05a0
Event: 7.788 Thread 0x000001e8ead56020 Thread added: 0x000001e8ebdb1b90
Event: 7.827 Thread 0x000001e8ead56020 Thread added: 0x000001e8ebdae860
Event: 8.623 Thread 0x000001e8ead56020 Thread added: 0x000001e8ebdb4770
Event: 8.637 Thread 0x000001e8ead56020 Thread added: 0x000001e8ebdb22e0
Event: 8.654 Thread 0x000001e8ead56020 Thread added: 0x000001e8ebdb2a30
Event: 8.664 Thread 0x000001e8ead56020 Thread added: 0x000001e8ebdb3180
Event: 8.727 Thread 0x000001e8ead56020 Thread added: 0x000001e8ebdb38d0
Event: 8.742 Thread 0x000001e8ead56020 Thread added: 0x000001e8ec2bf670
Event: 8.764 Thread 0x000001e8ead56020 Thread added: 0x000001e8ec2bfdc0
Event: 9.152 Thread 0x000001e8ebe6f690 Thread exited: 0x000001e8ebe6f690
Event: 10.262 Thread 0x000001e8a4a61510 Thread added: 0x000001e8ed5e3040
Event: 13.712 Thread 0x000001e8ed5e3040 Thread exited: 0x000001e8ed5e3040
Event: 14.736 Thread 0x000001e8a4a61510 Thread added: 0x000001e8ec5808e0
Event: 15.129 Thread 0x000001e8ec5808e0 Thread exited: 0x000001e8ec5808e0
Event: 15.607 Thread 0x000001e8a4a61510 Thread added: 0x000001e8ec57d3f0
Event: 17.008 Thread 0x000001e8ec57d3f0 Thread exited: 0x000001e8ec57d3f0
Event: 18.031 Thread 0x000001e8a4a61510 Thread added: 0x000001e8ec57d3f0
Event: 18.719 Thread 0x000001e8a4a61510 Thread added: 0x000001e8ec583dd0


Dynamic libraries:
0x00007ff6ad530000 - 0x00007ff6ad540000 	C:\Program Files\Java\jdk-24\bin\java.exe
0x00007fff389e0000 - 0x00007fff38c47000 	C:\WINDOWS\SYSTEM32\ntdll.dll
0x00007fff37180000 - 0x00007fff37249000 	C:\WINDOWS\System32\KERNEL32.DLL
0x00007fff360b0000 - 0x00007fff364a4000 	C:\WINDOWS\System32\KERNELBASE.dll
0x00007fff36620000 - 0x00007fff3676b000 	C:\WINDOWS\System32\ucrtbase.dll
0x00007fff25cd0000 - 0x00007fff25ce6000 	C:\Program Files\Java\jdk-24\bin\jli.dll
0x00007fff27e60000 - 0x00007fff27e7b000 	C:\Program Files\Java\jdk-24\bin\VCRUNTIME140.dll
0x00007fff386a0000 - 0x00007fff38865000 	C:\WINDOWS\System32\USER32.dll
0x00007fff1d720000 - 0x00007fff1d9b3000 	C:\WINDOWS\WinSxS\amd64_microsoft.windows.common-controls_6595b64144ccf1df_6.0.26100.8115_none_3e075c82e3354f9c\COMCTL32.dll
0x00007fff35420000 - 0x00007fff35447000 	C:\WINDOWS\System32\win32u.dll
0x00007fff370d0000 - 0x00007fff37179000 	C:\WINDOWS\System32\msvcrt.dll
0x00007fff38460000 - 0x00007fff3848b000 	C:\WINDOWS\System32\GDI32.dll
0x00007fff35590000 - 0x00007fff356bb000 	C:\WINDOWS\System32\gdi32full.dll
0x00007fff352b0000 - 0x00007fff35353000 	C:\WINDOWS\System32\msvcp_win.dll
0x00007fff375e0000 - 0x00007fff37612000 	C:\WINDOWS\System32\IMM32.DLL
0x00007fff30fc0000 - 0x00007fff30fcc000 	C:\Program Files\Java\jdk-24\bin\vcruntime140_1.dll
0x00007fff01df0000 - 0x00007fff01e7e000 	C:\Program Files\Java\jdk-24\bin\msvcp140.dll
0x00007ffe751a0000 - 0x00007ffe75f42000 	C:\Program Files\Java\jdk-24\bin\server\jvm.dll
0x00007fff37b90000 - 0x00007fff37c46000 	C:\WINDOWS\System32\ADVAPI32.dll
0x00007fff388f0000 - 0x00007fff38997000 	C:\WINDOWS\System32\sechost.dll
0x00007fff37280000 - 0x00007fff37398000 	C:\WINDOWS\System32\RPCRT4.dll
0x00007fff373a0000 - 0x00007fff37420000 	C:\WINDOWS\System32\WS2_32.dll
0x00007fff35110000 - 0x00007fff3516e000 	C:\WINDOWS\SYSTEM32\POWRPROF.dll
0x00007fff1c8c0000 - 0x00007fff1c8f6000 	C:\WINDOWS\SYSTEM32\WINMM.dll
0x00007fff2c220000 - 0x00007fff2c22b000 	C:\WINDOWS\SYSTEM32\VERSION.dll
0x00007fff350f0000 - 0x00007fff35104000 	C:\WINDOWS\SYSTEM32\UMPDC.dll
0x00007fff34040000 - 0x00007fff3405b000 	C:\WINDOWS\SYSTEM32\kernel.appcore.dll
0x00007fff2ed50000 - 0x00007fff2ed5a000 	C:\Program Files\Java\jdk-24\bin\jimage.dll
0x00007fff0a490000 - 0x00007fff0a6d2000 	C:\WINDOWS\SYSTEM32\DBGHELP.DLL
0x00007fff37f10000 - 0x00007fff38292000 	C:\WINDOWS\System32\combase.dll
0x00007fff37ab0000 - 0x00007fff37b88000 	C:\WINDOWS\System32\OLEAUT32.dll
0x00007fff121d0000 - 0x00007fff1220b000 	C:\WINDOWS\SYSTEM32\dbgcore.DLL
0x00007fff35450000 - 0x00007fff354f5000 	C:\WINDOWS\System32\bcryptPrimitives.dll
0x00007fff25a20000 - 0x00007fff25a2f000 	C:\Program Files\Java\jdk-24\bin\instrument.dll
0x00007fff13e80000 - 0x00007fff13e9e000 	C:\Program Files\Java\jdk-24\bin\java.dll
0x00007fff37430000 - 0x00007fff375c7000 	C:\WINDOWS\System32\ole32.dll
0x00007fff36960000 - 0x00007fff370c7000 	C:\WINDOWS\System32\SHELL32.dll
0x00007fff364b0000 - 0x00007fff3661a000 	C:\WINDOWS\System32\wintypes.dll
0x00007fff356c0000 - 0x00007fff35f28000 	C:\WINDOWS\System32\windows.storage.dll
0x00007fff36770000 - 0x00007fff36868000 	C:\WINDOWS\System32\SHCORE.dll
0x00007fff36870000 - 0x00007fff368d6000 	C:\WINDOWS\System32\shlwapi.dll
0x00007fff351d0000 - 0x00007fff351f9000 	C:\WINDOWS\SYSTEM32\profapi.dll
0x00007ffed0810000 - 0x00007ffed08e7000 	C:\Program Files\Java\jdk-24\bin\jsvml.dll
0x00007fff13cf0000 - 0x00007fff13d07000 	C:\Program Files\Java\jdk-24\bin\zip.dll
0x00007fff25a10000 - 0x00007fff25a20000 	C:\Program Files\Java\jdk-24\bin\net.dll
0x00007fff345b0000 - 0x00007fff3461c000 	C:\WINDOWS\system32\mswsock.dll
0x00007fff12230000 - 0x00007fff12246000 	C:\Program Files\Java\jdk-24\bin\nio.dll
0x00007fff13f20000 - 0x00007fff13f30000 	C:\Program Files\Java\jdk-24\bin\verify.dll
0x00007fff16d20000 - 0x00007fff16d47000 	C:\Users\User\.gradle\native\c067742578af261105cb4f569cf0c3c89f3d7b1fecec35dd04571415982c5e48\windows-amd64\native-platform.dll
0x00007ffed1820000 - 0x00007ffed1964000 	C:\Users\User\.gradle\native\100fb08df4bc3b14c8652ba06237920a3bd2aa13389f12d3474272988ae205f9\windows-amd64\native-platform-file-events.dll
0x00007fff12220000 - 0x00007fff1222a000 	C:\Program Files\Java\jdk-24\bin\management.dll
0x00007fff12210000 - 0x00007fff1221b000 	C:\Program Files\Java\jdk-24\bin\management_ext.dll
0x00007fff375d0000 - 0x00007fff375d8000 	C:\WINDOWS\System32\PSAPI.DLL
0x00007fff34890000 - 0x00007fff348ab000 	C:\WINDOWS\SYSTEM32\CRYPTSP.dll
0x00007fff33fa0000 - 0x00007fff33fd9000 	C:\WINDOWS\system32\rsaenh.dll
0x00007fff34660000 - 0x00007fff34693000 	C:\WINDOWS\SYSTEM32\USERENV.dll
0x00007fff351a0000 - 0x00007fff351ca000 	C:\WINDOWS\SYSTEM32\bcrypt.dll
0x00007fff348b0000 - 0x00007fff348bc000 	C:\WINDOWS\SYSTEM32\CRYPTBASE.dll
0x00007fff33a40000 - 0x00007fff33a72000 	C:\WINDOWS\SYSTEM32\IPHLPAPI.DLL
0x00007fff382a0000 - 0x00007fff382aa000 	C:\WINDOWS\System32\NSI.dll
0x00007fff11800000 - 0x00007fff11809000 	C:\Program Files\Java\jdk-24\bin\extnet.dll
0x00007fff117f0000 - 0x00007fff117fe000 	C:\Program Files\Java\jdk-24\bin\sunmscapi.dll
0x00007fff35f30000 - 0x00007fff360a7000 	C:\WINDOWS\System32\CRYPT32.dll
0x00007fff34ab0000 - 0x00007fff34ae0000 	C:\WINDOWS\SYSTEM32\ncrypt.dll
0x00007fff34a60000 - 0x00007fff34a9f000 	C:\WINDOWS\SYSTEM32\NTASN1.dll
0x00007fff004c0000 - 0x00007fff004c8000 	C:\WINDOWS\system32\wshunix.dll

JVMTI agents:
C:\Users\User\.gradle\wrapper\dists\gradle-8.11.1-bin\bpt9gzteqjrbo1mjrsomdt32c\gradle-8.11.1\lib\agents\gradle-instrumentation-agent-8.11.1.jar path:C:\Program Files\Java\jdk-24\bin\instrument.dll, loaded, initialized, instrumentlib options:none

dbghelp: loaded successfully - version: 4.0.5 - missing functions: none
symbol engine: initialized successfully - sym options: 0x614 - pdb path: .;C:\Program Files\Java\jdk-24\bin;C:\WINDOWS\SYSTEM32;C:\WINDOWS\WinSxS\amd64_microsoft.windows.common-controls_6595b64144ccf1df_6.0.26100.8115_none_3e075c82e3354f9c;C:\Program Files\Java\jdk-24\bin\server;C:\Users\User\.gradle\native\c067742578af261105cb4f569cf0c3c89f3d7b1fecec35dd04571415982c5e48\windows-amd64;C:\Users\User\.gradle\native\100fb08df4bc3b14c8652ba06237920a3bd2aa13389f12d3474272988ae205f9\windows-amd64

VM Arguments:
jvm_args: --add-opens=java.base/java.lang=ALL-UNNAMED --add-opens=java.base/java.lang.invoke=ALL-UNNAMED --add-opens=java.base/java.util=ALL-UNNAMED --add-opens=java.prefs/java.util.prefs=ALL-UNNAMED --add-exports=jdk.compiler/com.sun.tools.javac.api=ALL-UNNAMED --add-exports=jdk.compiler/com.sun.tools.javac.util=ALL-UNNAMED --add-opens=java.base/java.util=ALL-UNNAMED --add-opens=java.prefs/java.util.prefs=ALL-UNNAMED --add-opens=java.base/java.nio.charset=ALL-UNNAMED --add-opens=java.base/java.net=ALL-UNNAMED --add-opens=java.base/java.util.concurrent.atomic=ALL-UNNAMED --add-opens=java.xml/javax.xml.namespace=ALL-UNNAMED -Xmx2048m -Dfile.encoding=UTF-8 -Duser.country=US -Duser.language=en -Duser.variant -javaagent:C:\Users\User\.gradle\wrapper\dists\gradle-8.11.1-bin\bpt9gzteqjrbo1mjrsomdt32c\gradle-8.11.1\lib\agents\gradle-instrumentation-agent-8.11.1.jar 
java_command: org.gradle.launcher.daemon.bootstrap.GradleDaemon 8.11.1
java_class_path (initial): C:\Users\User\.gradle\wrapper\dists\gradle-8.11.1-bin\bpt9gzteqjrbo1mjrsomdt32c\gradle-8.11.1\lib\gradle-daemon-main-8.11.1.jar
Launcher Type: SUN_STANDARD

[Global flags]
     intx CICompilerCount                          = 4                                         {product} {ergonomic}
     uint ConcGCThreads                            = 3                                         {product} {ergonomic}
     uint G1ConcRefinementThreads                  = 10                                        {product} {ergonomic}
   size_t G1HeapRegionSize                         = 1048576                                   {product} {ergonomic}
   size_t InitialHeapSize                          = 132120576                                 {product} {ergonomic}
   size_t MarkStackSize                            = 4194304                                   {product} {ergonomic}
   size_t MarkStackSizeMax                         = 536870912                                 {product} {ergonomic}
   size_t MaxHeapSize                              = 2147483648                                {product} {command line}
   size_t MaxNewSize                               = 1287651328                                {product} {ergonomic}
   size_t MinHeapDeltaBytes                        = 1048576                                   {product} {ergonomic}
   size_t MinHeapSize                              = 8388608                                   {product} {ergonomic}
    uintx NonNMethodCodeHeapSize                   = 5832704                                {pd product} {ergonomic}
    uintx NonProfiledCodeHeapSize                  = 122945536                              {pd product} {ergonomic}
    uintx ProfiledCodeHeapSize                     = 122880000                              {pd product} {ergonomic}
    uintx ReservedCodeCacheSize                    = 251658240                              {pd product} {ergonomic}
     bool SegmentedCodeCache                       = true                                      {product} {ergonomic}
   size_t SoftMaxHeapSize                          = 2147483648                             {manageable} {ergonomic}
     bool UseCompressedOops                        = true                           {product lp64_product} {ergonomic}
     bool UseG1GC                                  = true                                      {product} {ergonomic}
     bool UseLargePagesIndividualAllocation        = false                                  {pd product} {ergonomic}

Logging:
Log output configuration:
 #0: stdout all=warning uptime,level,tags foldmultilines=false
 #1: stderr all=off uptime,level,tags foldmultilines=false

Environment Variables:
PATH=C:\WINDOWS\system32;C:\WINDOWS;C:\WINDOWS\System32\Wbem;C:\WINDOWS\System32\WindowsPowerShell\v1.0\;C:\WINDOWS\System32\OpenSSH\;D:\flutter\bin\cache\dart-sdk\bin;C:\Program Files\Git\cmd;C:\Program Files\nodejs\;C:\Users\User\AppData\Local\Microsoft\WindowsApps;C:\Users\User\AppData\Local\Programs\Microsoft VS Code\bin;D:\flutter\bin;C:\Users\User\AppData\Roaming\npm;C:\Users\User\AppData\Local\Programs\cursor\resources\app\bin
USERNAME=User
OS=Windows_NT
PROCESSOR_IDENTIFIER=Intel64 Family 6 Model 165 Stepping 3, GenuineIntel
TMP=C:\Users\User\AppData\Local\Temp
TEMP=C:\Users\User\AppData\Local\Temp




Periodic native trim disabled

---------------  S Y S T E M  ---------------

OS:
 Windows 11 , 64 bit Build 26100 (10.0.26100.8246)
OS uptime: 0 days 1:49 hours

CPU: total 12 (initial active 12) (6 cores per cpu, 2 threads per core) family 6 model 165 stepping 3 microcode 0xf0, cx8, cmov, fxsr, ht, mmx, 3dnowpref, sse, sse2, sse3, ssse3, sse4.1, sse4.2, popcnt, lzcnt, tsc, tscinvbit, avx, avx2, aes, erms, clmul, bmi1, bmi2, adx, fma, vzeroupper, clflush, clflushopt, rdtscp, f16c
Processor Information for the first 12 processors :
  Max Mhz: 2904, Current Mhz: 2904, Mhz Limit: 2904

Memory: 4k page, system-wide physical 8030M (604M free)
TotalPageFile size 20865M (AvailPageFile size 3M)
current process WorkingSet (physical memory assigned to process): 422M, peak: 423M
current process commit charge ("private bytes"): 503M, peak: 516M

vm_info: Java HotSpot(TM) 64-Bit Server VM (24.0.1+9-30) for windows-amd64 JRE (24.0.1+9-30), built on 2025-03-05T07:23:45Z with MS VC++ 17.6 (VS2022)

END.
