#
# There is insufficient memory for the Java Runtime Environment to continue.
# Native memory allocation (malloc) failed to allocate 2077456 bytes. Error detail: Chunk::new
# Possible reasons:
#   The system is out of physical RAM or swap space
#   This process is running with CompressedOops enabled, and the Java Heap may be blocking the growth of the native heap
# Possible solutions:
#   Reduce memory load on the system
#   Increase physical memory or swap space
#   Check if swap backing store is full
#   Decrease Java heap size (-Xmx/-Xms)
#   Decrease number of Java threads
#   Decrease Java thread stack sizes (-Xss)
#   Set larger code cache with -XX:ReservedCodeCacheSize=
#   JVM is running with Unscaled Compressed Oops mode in which the Java heap is
#     placed in the first 4GB address space. The Java Heap base address is the
#     maximum limit for the native heap growth. Please use -XX:HeapBaseMinAddress
#     to set the Java Heap base and to place the Java Heap above 4GB virtual address.
# This output file may be truncated or incomplete.
#
#  Out of Memory Error (arena.cpp:168), pid=4484, tid=12212
#
# JRE version: OpenJDK Runtime Environment Temurin-21.0.10+7 (21.0.10+7) (build 21.0.10+7-LTS)
# Java VM: OpenJDK 64-Bit Server VM Temurin-21.0.10+7 (21.0.10+7-LTS, mixed mode, sharing, tiered, compressed oops, compressed class ptrs, parallel gc, windows-amd64)
# No core dump will be written. Minidumps are not enabled by default on client versions of Windows
#

---------------  S U M M A R Y ------------

Command Line: --add-modules=ALL-SYSTEM --add-opens=java.base/java.util=ALL-UNNAMED --add-opens=java.base/java.lang=ALL-UNNAMED --add-opens=java.base/sun.nio.fs=ALL-UNNAMED -Declipse.application=org.eclipse.jdt.ls.core.id1 -Dosgi.bundles.defaultStartLevel=4 -Declipse.product=org.eclipse.jdt.ls.core.product -Djava.import.generatesMetadataFilesAtProjectRoot=false -DDetectVMInstallationsJob.disabled=true -Dfile.encoding=utf8 -XX:+UseParallelGC -XX:GCTimeRatio=4 -XX:AdaptiveSizePolicyWeight=90 -Dsun.zip.disableMemoryMapping=true -Xmx2G -Xms100m -Xlog:disable -javaagent:c:\Users\User\.cursor\extensions\redhat.java-1.54.0-win32-x64\lombok\lombok-1.18.39-4050.jar -XX:+HeapDumpOnOutOfMemoryError -XX:HeapDumpPath=c:\Users\User\AppData\Roaming\Cursor\User\workspaceStorage\9774dd635b93f234d0c38c4884e02e58\redhat.java -Daether.dependencyCollector.impl=bf c:\Users\User\.cursor\extensions\redhat.java-1.54.0-win32-x64\server\plugins\org.eclipse.equinox.launcher_1.7.100.v20251111-0406.jar -configuration c:\Users\User\AppData\Roaming\Cursor\User\globalStorage\redhat.java\1.54.0\config_win -data c:\Users\User\AppData\Roaming\Cursor\User\workspaceStorage\9774dd635b93f234d0c38c4884e02e58\redhat.java\jdt_ws --pipe=\\.\pipe\lsp-a22f313f623b9bbaf8bbdcc288548b39-sock

Host: Intel(R) Core(TM) i5-10400 CPU @ 2.90GHz, 12 cores, 7G,  Windows 11 , 64 bit Build 26100 (10.0.26100.8246)
Time: Thu May 14 21:40:52 2026 Bangladesh Standard Time elapsed time: 57.021535 seconds (0d 0h 0m 57s)

---------------  T H R E A D  ---------------

Current thread (0x00000160f7b2fa90):  JavaThread "C2 CompilerThread0" daemon [_thread_in_native, id=12212, stack(0x0000001ab2600000,0x0000001ab2700000) (1024K)]


Current CompileTask:
C2:57021 11600   !   4       org.eclipse.jdt.internal.core.search.indexing.BinaryIndexer::indexDocument (1172 bytes)

Stack: [0x0000001ab2600000,0x0000001ab2700000]
Native frames: (J=compiled Java code, j=interpreted, Vv=VM code, C=native code)
V  [jvm.dll+0x6d7a39]
V  [jvm.dll+0x8b4b26]
V  [jvm.dll+0x8b70de]
V  [jvm.dll+0x8b77c3]
V  [jvm.dll+0x284346]
V  [jvm.dll+0xc66ed]
V  [jvm.dll+0xc6c31]
V  [jvm.dll+0x3bec01]
V  [jvm.dll+0x1e3f69]
V  [jvm.dll+0x24c6b3]
V  [jvm.dll+0x24bb40]
V  [jvm.dll+0x1cb34e]
V  [jvm.dll+0x25b85d]
V  [jvm.dll+0x259dea]
V  [jvm.dll+0x3f857e]
V  [jvm.dll+0x85f59d]
V  [jvm.dll+0x6d626d]
C  [ucrtbase.dll+0x37b0]
C  [KERNEL32.DLL+0x2e8d7]
C  [ntdll.dll+0x8c3fc]


---------------  P R O C E S S  ---------------

Threads class SMR info:
_java_thread_list=0x00000160fe845010, length=70, elements={
0x00000160ddcd8c70, 0x00000160ddd837c0, 0x00000160f668e900, 0x00000160ddd88f40,
0x00000160ddd899a0, 0x00000160ddd8d7c0, 0x00000160ddd96ba0, 0x00000160f7b2fa90,
0x00000160f7b305e0, 0x00000160f7d44850, 0x00000160f7e7f000, 0x00000160fd6d9c60,
0x00000160fd3f61a0, 0x00000160fd3f8900, 0x00000160fd3f6830, 0x00000160fd3f8270,
0x00000160fd5806e0, 0x00000160fd581400, 0x00000160fd581a90, 0x00000160fd582120,
0x00000160fd5827b0, 0x00000160fd582e40, 0x00000160fd5834d0, 0x00000160fd580d70,
0x00000160fd580050, 0x00000160fd5855a0, 0x00000160fd586fe0, 0x00000160fd585c30,
0x00000160fd5862c0, 0x00000160fd586950, 0x00000160fd584880, 0x00000160fd583b60,
0x00000160fd587670, 0x00000160fd584f10, 0x00000160fd5841f0, 0x00000160fd3f6ec0,
0x00000160fd3f5b10, 0x00000160fd3f8f90, 0x00000160fd3f7550, 0x00000160fd3f7be0,
0x00000160ff57d930, 0x00000160ff57bef0, 0x00000160ff582160, 0x00000160ff580db0,
0x00000160c1fd0760, 0x00000160c1fd21a0, 0x00000160c1fd00d0, 0x00000160c1fd0df0,
0x00000160c1fd3be0, 0x00000160c1fd2ec0, 0x00000160c1fd1b10, 0x00000160c1fd1480,
0x00000160c1fd4f90, 0x00000160c1fd4270, 0x00000160c1fd5620, 0x00000160c1fd3550,
0x00000160c1fd5cb0, 0x00000160c1fd7060, 0x00000160c1fd6340, 0x00000160c1fd76f0,
0x00000160c1fd69d0, 0x00000160ff57b860, 0x00000160ff57dfc0, 0x00000160ff57b1d0,
0x00000160ff57fa00, 0x00000160ff57ece0, 0x00000160ff57c580, 0x00000160ff57cc10,
0x00000160ff580720, 0x00000160ff57d2a0
}

Java Threads: ( => current thread )
  0x00000160ddcd8c70 JavaThread "main"                              [_thread_blocked, id=2312, stack(0x0000001ab1c00000,0x0000001ab1d00000) (1024K)]
  0x00000160ddd837c0 JavaThread "Reference Handler"          daemon [_thread_blocked, id=19072, stack(0x0000001ab2000000,0x0000001ab2100000) (1024K)]
  0x00000160f668e900 JavaThread "Finalizer"                  daemon [_thread_blocked, id=5416, stack(0x0000001ab2100000,0x0000001ab2200000) (1024K)]
  0x00000160ddd88f40 JavaThread "Signal Dispatcher"          daemon [_thread_blocked, id=16760, stack(0x0000001ab2200000,0x0000001ab2300000) (1024K)]
  0x00000160ddd899a0 JavaThread "Attach Listener"            daemon [_thread_blocked, id=3740, stack(0x0000001ab2300000,0x0000001ab2400000) (1024K)]
  0x00000160ddd8d7c0 JavaThread "Service Thread"             daemon [_thread_blocked, id=13400, stack(0x0000001ab2400000,0x0000001ab2500000) (1024K)]
  0x00000160ddd96ba0 JavaThread "Monitor Deflation Thread"   daemon [_thread_blocked, id=4424, stack(0x0000001ab2500000,0x0000001ab2600000) (1024K)]
=>0x00000160f7b2fa90 JavaThread "C2 CompilerThread0"         daemon [_thread_in_native, id=12212, stack(0x0000001ab2600000,0x0000001ab2700000) (1024K)]
  0x00000160f7b305e0 JavaThread "C1 CompilerThread0"         daemon [_thread_blocked, id=12624, stack(0x0000001ab2700000,0x0000001ab2800000) (1024K)]
  0x00000160f7d44850 JavaThread "Common-Cleaner"             daemon [_thread_blocked, id=17820, stack(0x0000001ab2800000,0x0000001ab2900000) (1024K)]
  0x00000160f7e7f000 JavaThread "Notification Thread"        daemon [_thread_blocked, id=1240, stack(0x0000001ab2900000,0x0000001ab2a00000) (1024K)]
  0x00000160fd6d9c60 JavaThread "Active Thread: Equinox Container: 092b5b60-c1f9-4e3c-b20d-2813ab609884"        [_thread_blocked, id=2848, stack(0x0000001ab3600000,0x0000001ab3700000) (1024K)]
  0x00000160fd3f61a0 JavaThread "Framework Event Dispatcher: Equinox Container: 092b5b60-c1f9-4e3c-b20d-2813ab609884" daemon [_thread_blocked, id=9776, stack(0x0000001ab3700000,0x0000001ab3800000) (1024K)]
  0x00000160fd3f8900 JavaThread "Start Level: Equinox Container: 092b5b60-c1f9-4e3c-b20d-2813ab609884" daemon [_thread_blocked, id=4520, stack(0x0000001ab3900000,0x0000001ab3a00000) (1024K)]
  0x00000160fd3f6830 JavaThread "Bundle File Closer"         daemon [_thread_blocked, id=17104, stack(0x0000001ab3a00000,0x0000001ab3b00000) (1024K)]
  0x00000160fd3f8270 JavaThread "Refresh Thread: Equinox Container: 092b5b60-c1f9-4e3c-b20d-2813ab609884" daemon [_thread_blocked, id=1356, stack(0x0000001ab3b00000,0x0000001ab3c00000) (1024K)]
  0x00000160fd5806e0 JavaThread "SCR Component Actor"        daemon [_thread_blocked, id=17392, stack(0x0000001ab4400000,0x0000001ab4500000) (1024K)]
  0x00000160fd581400 JavaThread "Worker-JM"                         [_thread_blocked, id=2192, stack(0x0000001ab4500000,0x0000001ab4600000) (1024K)]
  0x00000160fd581a90 JavaThread "Worker-0"                          [_thread_blocked, id=16016, stack(0x0000001ab4600000,0x0000001ab4700000) (1024K)]
  0x00000160fd582120 JavaThread "Worker-1"                          [_thread_blocked, id=11048, stack(0x0000001ab4700000,0x0000001ab4800000) (1024K)]
  0x00000160fd5827b0 JavaThread "Java indexing"              daemon [_thread_in_Java, id=13712, stack(0x0000001ab3000000,0x0000001ab3100000) (1024K)]
  0x00000160fd582e40 JavaThread "JNA Cleaner"                daemon [_thread_blocked, id=8832, stack(0x0000001ab3100000,0x0000001ab3200000) (1024K)]
  0x00000160fd5834d0 JavaThread "Worker-2: Initialize workspace"        [_thread_blocked, id=4492, stack(0x0000001ab3500000,0x0000001ab3600000) (1024K)]
  0x00000160fd580d70 JavaThread "Worker-3: Update project app"        [_thread_blocked, id=18788, stack(0x0000001ab3c00000,0x0000001ab3d00000) (1024K)]
  0x00000160fd580050 JavaThread "Thread-1"                   daemon [_thread_in_native, id=15016, stack(0x0000001ab3d00000,0x0000001ab3e00000) (1024K)]
  0x00000160fd5855a0 JavaThread "Thread-2"                   daemon [_thread_in_native, id=17728, stack(0x0000001ab3e00000,0x0000001ab3f00000) (1024K)]
  0x00000160fd586fe0 JavaThread "Thread-3"                   daemon [_thread_in_native, id=18364, stack(0x0000001ab3f00000,0x0000001ab4000000) (1024K)]
  0x00000160fd585c30 JavaThread "Thread-4"                   daemon [_thread_in_native, id=2088, stack(0x0000001ab4000000,0x0000001ab4100000) (1024K)]
  0x00000160fd5862c0 JavaThread "Thread-5"                   daemon [_thread_in_native, id=10124, stack(0x0000001ab4100000,0x0000001ab4200000) (1024K)]
  0x00000160fd586950 JavaThread "Thread-6"                   daemon [_thread_in_native, id=9316, stack(0x0000001ab4800000,0x0000001ab4900000) (1024K)]
  0x00000160fd584880 JavaThread "Thread-7"                   daemon [_thread_in_native, id=16972, stack(0x0000001ab4900000,0x0000001ab4a00000) (1024K)]
  0x00000160fd583b60 JavaThread "Thread-8"                   daemon [_thread_in_native, id=19088, stack(0x0000001ab4a00000,0x0000001ab4b00000) (1024K)]
  0x00000160fd587670 JavaThread "Thread-9"                   daemon [_thread_in_native, id=18544, stack(0x0000001ab4b00000,0x0000001ab4c00000) (1024K)]
  0x00000160fd584f10 JavaThread "Thread-10"                  daemon [_thread_in_native, id=3956, stack(0x0000001ab4c00000,0x0000001ab4d00000) (1024K)]
  0x00000160fd5841f0 JavaThread "Thread-11"                  daemon [_thread_in_native, id=16236, stack(0x0000001ab4d00000,0x0000001ab4e00000) (1024K)]
  0x00000160fd3f6ec0 JavaThread "Thread-12"                  daemon [_thread_in_native, id=10792, stack(0x0000001ab4e00000,0x0000001ab4f00000) (1024K)]
  0x00000160fd3f5b10 JavaThread "Thread-13"                  daemon [_thread_in_native, id=18596, stack(0x0000001ab4f00000,0x0000001ab5000000) (1024K)]
  0x00000160fd3f8f90 JavaThread "pool-2-thread-1"                   [_thread_blocked, id=8348, stack(0x0000001ab5000000,0x0000001ab5100000) (1024K)]
  0x00000160fd3f7550 JavaThread "Worker-4: Java indexing... "        [_thread_blocked, id=12580, stack(0x0000001ab5100000,0x0000001ab5200000) (1024K)]
  0x00000160fd3f7be0 JavaThread "WorkspaceEventsHandler"            [_thread_blocked, id=16484, stack(0x0000001ab5200000,0x0000001ab5300000) (1024K)]
  0x00000160ff57d930 JavaThread "pool-1-thread-1"                   [_thread_blocked, id=16888, stack(0x0000001ab5300000,0x0000001ab5400000) (1024K)]
  0x00000160ff57bef0 JavaThread "Worker-5: Update project BMI Tracker-BMITracker"        [_thread_blocked, id=19068, stack(0x0000001ab5500000,0x0000001ab5600000) (1024K)]
  0x00000160ff582160 JavaThread "Timer-0"                           [_thread_blocked, id=13596, stack(0x0000001ab6300000,0x0000001ab6400000) (1024K)]
  0x00000160ff580db0 JavaThread "Timer-1"                           [_thread_blocked, id=18276, stack(0x0000001ab6400000,0x0000001ab6500000) (1024K)]
  0x00000160c1fd0760 JavaThread "Timer-2"                           [_thread_blocked, id=17824, stack(0x0000001ab6500000,0x0000001ab6600000) (1024K)]
  0x00000160c1fd21a0 JavaThread "Timer-3"                           [_thread_blocked, id=14576, stack(0x0000001ab6600000,0x0000001ab6700000) (1024K)]
  0x00000160c1fd00d0 JavaThread "Timer-4"                           [_thread_blocked, id=2500, stack(0x0000001ab6700000,0x0000001ab6800000) (1024K)]
  0x00000160c1fd0df0 JavaThread "Timer-5"                           [_thread_blocked, id=1644, stack(0x0000001ab5700000,0x0000001ab5800000) (1024K)]
  0x00000160c1fd3be0 JavaThread "Timer-6"                           [_thread_blocked, id=5648, stack(0x0000001ab5800000,0x0000001ab5900000) (1024K)]
  0x00000160c1fd2ec0 JavaThread "Timer-7"                           [_thread_blocked, id=14464, stack(0x0000001ab5900000,0x0000001ab5a00000) (1024K)]
  0x00000160c1fd1b10 JavaThread "ForkJoinPool.commonPool-worker-1" daemon [_thread_blocked, id=18704, stack(0x0000001ab5600000,0x0000001ab5700000) (1024K)]
  0x00000160c1fd1480 JavaThread "ForkJoinPool.commonPool-worker-2" daemon [_thread_blocked, id=5712, stack(0x0000001ab5a00000,0x0000001ab5b00000) (1024K)]
  0x00000160c1fd4f90 JavaThread "ForkJoinPool.commonPool-worker-3" daemon [_thread_blocked, id=1960, stack(0x0000001ab5b00000,0x0000001ab5c00000) (1024K)]
  0x00000160c1fd4270 JavaThread "ForkJoinPool.commonPool-worker-4" daemon [_thread_blocked, id=7560, stack(0x0000001ab5c00000,0x0000001ab5d00000) (1024K)]
  0x00000160c1fd5620 JavaThread "ForkJoinPool.commonPool-worker-5" daemon [_thread_blocked, id=18380, stack(0x0000001ab5d00000,0x0000001ab5e00000) (1024K)]
  0x00000160c1fd3550 JavaThread "ForkJoinPool.commonPool-worker-6" daemon [_thread_blocked, id=16756, stack(0x0000001ab5e00000,0x0000001ab5f00000) (1024K)]
  0x00000160c1fd5cb0 JavaThread "Worker-6"                          [_thread_blocked, id=18972, stack(0x0000001ab5f00000,0x0000001ab6000000) (1024K)]
  0x00000160c1fd7060 JavaThread "Worker-7"                          [_thread_blocked, id=14768, stack(0x0000001ab6000000,0x0000001ab6100000) (1024K)]
  0x00000160c1fd6340 JavaThread "Timer-8"                           [_thread_blocked, id=17480, stack(0x0000001ab6100000,0x0000001ab6200000) (1024K)]
  0x00000160c1fd76f0 JavaThread "Timer-9"                           [_thread_blocked, id=17892, stack(0x0000001ab6200000,0x0000001ab6300000) (1024K)]
  0x00000160c1fd69d0 JavaThread "Timer-10"                          [_thread_blocked, id=19248, stack(0x0000001ab6800000,0x0000001ab6900000) (1024K)]
  0x00000160ff57b860 JavaThread "Timer-11"                          [_thread_blocked, id=10460, stack(0x0000001ab6b00000,0x0000001ab6c00000) (1024K)]
  0x00000160ff57dfc0 JavaThread "Timer-12"                          [_thread_blocked, id=18524, stack(0x0000001ab6e00000,0x0000001ab6f00000) (1024K)]
  0x00000160ff57b1d0 JavaThread "Connection worker"                 [_thread_in_native, id=12344, stack(0x0000001ab6f00000,0x0000001ab7000000) (1024K)]
  0x00000160ff57fa00 JavaThread "pool-6-thread-1"                   [_thread_blocked, id=18004, stack(0x0000001ab7000000,0x0000001ab7100000) (1024K)]
  0x00000160ff57ece0 JavaThread "Worker-8"                          [_thread_blocked, id=2692, stack(0x0000001ab7100000,0x0000001ab7200000) (1024K)]
  0x00000160ff57c580 JavaThread "Timer-13"                          [_thread_blocked, id=13492, stack(0x0000001ab6c00000,0x0000001ab6d00000) (1024K)]
  0x00000160ff57cc10 JavaThread "Timer-14"                          [_thread_blocked, id=3068, stack(0x0000001ab7300000,0x0000001ab7400000) (1024K)]
  0x00000160ff580720 JavaThread "Connection worker"                 [_thread_in_vm, id=11132, stack(0x0000001ab6d00000,0x0000001ab6e00000) (1024K)]
  0x00000160ff57d2a0 JavaThread "pool-7-thread-1"                   [_thread_blocked, id=12012, stack(0x0000001ab7500000,0x0000001ab7600000) (1024K)]
Total: 70

Other Threads:
  0x00000160f6674500 VMThread "VM Thread"                           [id=19148, stack(0x0000001ab1f00000,0x0000001ab2000000) (1024K)]
  0x00000160f656bb20 WatcherThread "VM Periodic Task Thread"        [id=3324, stack(0x0000001ab1e00000,0x0000001ab1f00000) (1024K)]
  0x00000160ddcfa130 WorkerThread "GC Thread#0"                     [id=6488, stack(0x0000001ab1d00000,0x0000001ab1e00000) (1024K)]
  0x00000160fd395cb0 WorkerThread "GC Thread#1"                     [id=16712, stack(0x0000001ab2a00000,0x0000001ab2b00000) (1024K)]
  0x00000160fd396060 WorkerThread "GC Thread#2"                     [id=3652, stack(0x0000001ab2b00000,0x0000001ab2c00000) (1024K)]
  0x00000160fd1defd0 WorkerThread "GC Thread#3"                     [id=15472, stack(0x0000001ab2c00000,0x0000001ab2d00000) (1024K)]
  0x00000160fd1df380 WorkerThread "GC Thread#4"                     [id=15664, stack(0x0000001ab2d00000,0x0000001ab2e00000) (1024K)]
  0x00000160fd1df730 WorkerThread "GC Thread#5"                     [id=2228, stack(0x0000001ab2e00000,0x0000001ab2f00000) (1024K)]
  0x00000160fd0b9ff0 WorkerThread "GC Thread#6"                     [id=17528, stack(0x0000001ab2f00000,0x0000001ab3000000) (1024K)]
  0x00000160fd4a1070 WorkerThread "GC Thread#7"                     [id=10248, stack(0x0000001ab3800000,0x0000001ab3900000) (1024K)]
  0x00000160fdebe090 WorkerThread "GC Thread#8"                     [id=18144, stack(0x0000001ab4200000,0x0000001ab4300000) (1024K)]
  0x00000160fd8167c0 WorkerThread "GC Thread#9"                     [id=6104, stack(0x0000001ab4300000,0x0000001ab4400000) (1024K)]
Total: 12

Threads with active compile tasks:
C2 CompilerThread0  57052 11600   !   4       org.eclipse.jdt.internal.core.search.indexing.BinaryIndexer::indexDocument (1172 bytes)
Total: 1

VM state: not at safepoint (normal execution)

VM Mutex/Monitor currently owned by a thread: None

Heap address: 0x0000000080000000, size: 2048 MB, Compressed Oops mode: 32-bit

CDS archive(s) mapped at: [0x0000016080000000-0x0000016080ba0000-0x0000016080ba0000), size 12189696, SharedBaseAddress: 0x0000016080000000, ArchiveRelocationMode: 1.
Compressed class space mapped at: 0x0000016081000000-0x00000160c1000000, reserved size: 1073741824
Narrow klass base: 0x0000016080000000, Narrow klass shift: 0, Narrow klass range: 0x100000000

GC Precious Log:
 CardTable entry size: 512
 CPUs: 12 total, 12 available
 Memory: 8030M
 Large Page Support: Disabled
 NUMA Support: Disabled
 Compressed Oops: Enabled (32-bit)
 Alignments: Space 512K, Generation 512K, Heap 2M
 Heap Min Capacity: 100M
 Heap Initial Capacity: 100M
 Heap Max Capacity: 2G
 Pre-touch: Disabled
 Parallel Workers: 10

Heap:
 PSYoungGen      total 4608K, used 1875K [0x00000000d5580000, 0x00000000d5d80000, 0x0000000100000000)
  eden space 4096K, 33% used [0x00000000d5580000,0x00000000d56d4c00,0x00000000d5980000)
  from space 512K, 100% used [0x00000000d5b00000,0x00000000d5b80000,0x00000000d5b80000)
  to   space 1536K, 0% used [0x00000000d5980000,0x00000000d5980000,0x00000000d5b00000)
 ParOldGen       total 248832K, used 248390K [0x0000000080000000, 0x000000008f300000, 0x00000000d5580000)
  object space 248832K, 99% used [0x0000000080000000,0x000000008f291bf0,0x000000008f300000)
 Metaspace       used 76142K, committed 77696K, reserved 1179648K
  class space    used 9362K, committed 10048K, reserved 1048576K

Card table byte_map: [0x00000160f19d0000,0x00000160f1de0000] _byte_map_base: 0x00000160f15d0000

Marking Bits: (ParMarkBitMap*) 0x00007ffe76c13450
 Begin Bits: [0x00000160f2090000, 0x00000160f4090000)
 End Bits:   [0x00000160f4090000, 0x00000160f6090000)

Polling page: 0x00000160dda30000

Metaspace:

Usage:
  Non-class:     65.22 MB used.
      Class:      9.14 MB used.
       Both:     74.36 MB used.

Virtual space:
  Non-class space:      128.00 MB reserved,      66.06 MB ( 52%) committed,  2 nodes.
      Class space:        1.00 GB reserved,       9.81 MB ( <1%) committed,  1 nodes.
             Both:        1.12 GB reserved,      75.88 MB (  7%) committed. 

Chunk freelists:
   Non-Class:  13.81 MB
       Class:  6.03 MB
        Both:  19.84 MB

MaxMetaspaceSize: unlimited
CompressedClassSpaceSize: 1.00 GB
Initial GC threshold: 21.00 MB
Current GC threshold: 97.31 MB
CDS: on
 - commit_granule_bytes: 65536.
 - commit_granule_words: 8192.
 - virtual_space_node_default_size: 8388608.
 - enlarge_chunks_in_place: 1.
 - use_allocation_guard: 0.


Internal statistics:

num_allocs_failed_limit: 9.
num_arena_births: 1366.
num_arena_deaths: 16.
num_vsnodes_births: 3.
num_vsnodes_deaths: 0.
num_space_committed: 1214.
num_space_uncommitted: 0.
num_chunks_returned_to_freelist: 26.
num_chunks_taken_from_freelist: 4587.
num_chunk_merges: 13.
num_chunk_splits: 2934.
num_chunks_enlarged: 1809.
num_inconsistent_stats: 0.

CodeHeap 'non-profiled nmethods': size=120000Kb used=7501Kb max_used=7501Kb free=112498Kb
 bounds [0x00000160ea2c0000, 0x00000160eaa20000, 0x00000160f17f0000]
CodeHeap 'profiled nmethods': size=120000Kb used=21980Kb max_used=21980Kb free=98019Kb
 bounds [0x00000160e27f0000, 0x00000160e3d70000, 0x00000160e9d20000]
CodeHeap 'non-nmethods': size=5760Kb used=1457Kb max_used=1634Kb free=4302Kb
 bounds [0x00000160e9d20000, 0x00000160e9f90000, 0x00000160ea2c0000]
CodeCache: size=245760Kb, used=30938Kb, max_used=31115Kb, free=214819Kb
 total_blobs=11641, nmethods=10869, adapters=678, full_count=0
Compilation: enabled, stopped_count=0, restarted_count=0

Compilation events (20 events):
Event: 55.612 Thread 0x00000160f7b305e0 11729   !   3       jdk.proxy9.$Proxy45::statusChanged (34 bytes)
Event: 55.613 Thread 0x00000160f7b305e0 nmethod 11729 0x00000160e3d4fe90 code [0x00000160e3d50060, 0x00000160e3d50548]
Event: 55.680 Thread 0x00000160f7b305e0 11730       3       org.eclipse.jdt.internal.compiler.parser.Scanner::internalScanIdentifierOrKeyword (5041 bytes)
Event: 55.726 Thread 0x00000160f7b305e0 nmethod 11730 0x00000160e3d50790 code [0x00000160e3d51760, 0x00000160e3d5cd10]
Event: 55.726 Thread 0x00000160f7b305e0 11731       3       org.gradle.tooling.internal.consumer.parameters.ProgressListenerAdapter::fireChangeEvent (51 bytes)
Event: 55.727 Thread 0x00000160f7b305e0 nmethod 11731 0x00000160e3d5f110 code [0x00000160e3d5f340, 0x00000160e3d5fbe0]
Event: 55.731 Thread 0x00000160f7b305e0 11732       3       java.util.concurrent.locks.AbstractQueuedSynchronizer$Node::setStatusRelaxed (12 bytes)
Event: 55.732 Thread 0x00000160f7b305e0 nmethod 11732 0x00000160e3d5fe90 code [0x00000160e3d60020, 0x00000160e3d60138]
Event: 55.782 Thread 0x00000160f7b305e0 11733       3       org.gradle.internal.logging.sink.OutputEventRenderer::onOutput (82 bytes)
Event: 55.783 Thread 0x00000160f7b305e0 nmethod 11733 0x00000160e3d60210 code [0x00000160e3d60460, 0x00000160e3d61060]
Event: 55.783 Thread 0x00000160f7b305e0 11734       3       org.gradle.internal.logging.sink.OutputEventTransformer::onOutput (369 bytes)
Event: 55.785 Thread 0x00000160f7b305e0 nmethod 11734 0x00000160e3d61310 code [0x00000160e3d617e0, 0x00000160e3d645e8]
Event: 55.785 Thread 0x00000160f7b305e0 11735   !   3       jdk.proxy10.$Proxy46::onOutput (34 bytes)
Event: 55.786 Thread 0x00000160f7b305e0 nmethod 11735 0x00000160e3d65010 code [0x00000160e3d651e0, 0x00000160e3d656c8]
Event: 55.805 Thread 0x00000160f7b305e0 11736       3       org.eclipse.jdt.internal.core.search.matching.ModulePattern::createIndexKey (2 bytes)
Event: 55.805 Thread 0x00000160f7b305e0 nmethod 11736 0x00000160e3d65910 code [0x00000160e3d65aa0, 0x00000160e3d65b90]
Event: 55.805 Thread 0x00000160f7b305e0 11737       3       org.eclipse.jdt.internal.core.search.indexing.AbstractIndexer::addModuleExportedPackages (42 bytes)
Event: 55.806 Thread 0x00000160f7b305e0 nmethod 11737 0x00000160e3d65c10 code [0x00000160e3d65e20, 0x00000160e3d66470]
Event: 55.806 Thread 0x00000160f7b305e0 11738       3       org.eclipse.jdt.internal.core.search.indexing.AbstractIndexer::addModuleReference (12 bytes)
Event: 55.806 Thread 0x00000160f7b305e0 nmethod 11738 0x00000160e3d66790 code [0x00000160e3d66980, 0x00000160e3d66ee8]

GC Heap History (20 events):
Event: 55.725 GC heap after
{Heap after GC invocations=277 (full 3):
 PSYoungGen      total 5120K, used 773K [0x00000000d5580000, 0x00000000d5b80000, 0x0000000100000000)
  eden space 4096K, 0% used [0x00000000d5580000,0x00000000d5580000,0x00000000d5980000)
  from space 1024K, 75% used [0x00000000d5a80000,0x00000000d5b41678,0x00000000d5b80000)
  to   space 1024K, 0% used [0x00000000d5980000,0x00000000d5980000,0x00000000d5a80000)
 ParOldGen       total 241152K, used 241110K [0x0000000080000000, 0x000000008eb80000, 0x00000000d5580000)
  object space 241152K, 99% used [0x0000000080000000,0x000000008eb75bb8,0x000000008eb80000)
 Metaspace       used 76128K, committed 77696K, reserved 1179648K
  class space    used 9360K, committed 10048K, reserved 1048576K
}
Event: 55.758 GC heap before
{Heap before GC invocations=278 (full 3):
 PSYoungGen      total 5120K, used 4869K [0x00000000d5580000, 0x00000000d5b80000, 0x0000000100000000)
  eden space 4096K, 100% used [0x00000000d5580000,0x00000000d5980000,0x00000000d5980000)
  from space 1024K, 75% used [0x00000000d5a80000,0x00000000d5b41678,0x00000000d5b80000)
  to   space 1024K, 0% used [0x00000000d5980000,0x00000000d5980000,0x00000000d5a80000)
 ParOldGen       total 241152K, used 241110K [0x0000000080000000, 0x000000008eb80000, 0x00000000d5580000)
  object space 241152K, 99% used [0x0000000080000000,0x000000008eb75bb8,0x000000008eb80000)
 Metaspace       used 76129K, committed 77696K, reserved 1179648K
  class space    used 9360K, committed 10048K, reserved 1048576K
}
Event: 55.761 GC heap after
{Heap after GC invocations=278 (full 3):
 PSYoungGen      total 5120K, used 768K [0x00000000d5580000, 0x00000000d5b80000, 0x0000000100000000)
  eden space 4096K, 0% used [0x00000000d5580000,0x00000000d5580000,0x00000000d5980000)
  from space 1024K, 75% used [0x00000000d5980000,0x00000000d5a40180,0x00000000d5a80000)
  to   space 1024K, 0% used [0x00000000d5a80000,0x00000000d5a80000,0x00000000d5b80000)
 ParOldGen       total 242176K, used 241766K [0x0000000080000000, 0x000000008ec80000, 0x00000000d5580000)
  object space 242176K, 99% used [0x0000000080000000,0x000000008ec198a8,0x000000008ec80000)
 Metaspace       used 76129K, committed 77696K, reserved 1179648K
  class space    used 9360K, committed 10048K, reserved 1048576K
}
Event: 55.791 GC heap before
{Heap before GC invocations=279 (full 3):
 PSYoungGen      total 5120K, used 4864K [0x00000000d5580000, 0x00000000d5b80000, 0x0000000100000000)
  eden space 4096K, 100% used [0x00000000d5580000,0x00000000d5980000,0x00000000d5980000)
  from space 1024K, 75% used [0x00000000d5980000,0x00000000d5a40180,0x00000000d5a80000)
  to   space 1024K, 0% used [0x00000000d5a80000,0x00000000d5a80000,0x00000000d5b80000)
 ParOldGen       total 242176K, used 241766K [0x0000000080000000, 0x000000008ec80000, 0x00000000d5580000)
  object space 242176K, 99% used [0x0000000080000000,0x000000008ec198a8,0x000000008ec80000)
 Metaspace       used 76135K, committed 77696K, reserved 1179648K
  class space    used 9360K, committed 10048K, reserved 1048576K
}
Event: 55.794 GC heap after
{Heap after GC invocations=279 (full 3):
 PSYoungGen      total 5120K, used 786K [0x00000000d5580000, 0x00000000d5b80000, 0x0000000100000000)
  eden space 4096K, 0% used [0x00000000d5580000,0x00000000d5580000,0x00000000d5980000)
  from space 1024K, 76% used [0x00000000d5a80000,0x00000000d5b44b80,0x00000000d5b80000)
  to   space 1024K, 0% used [0x00000000d5980000,0x00000000d5980000,0x00000000d5a80000)
 ParOldGen       total 242688K, used 242490K [0x0000000080000000, 0x000000008ed00000, 0x00000000d5580000)
  object space 242688K, 99% used [0x0000000080000000,0x000000008ecce840,0x000000008ed00000)
 Metaspace       used 76135K, committed 77696K, reserved 1179648K
  class space    used 9360K, committed 10048K, reserved 1048576K
}
Event: 55.811 GC heap before
{Heap before GC invocations=280 (full 3):
 PSYoungGen      total 5120K, used 4882K [0x00000000d5580000, 0x00000000d5b80000, 0x0000000100000000)
  eden space 4096K, 100% used [0x00000000d5580000,0x00000000d5980000,0x00000000d5980000)
  from space 1024K, 76% used [0x00000000d5a80000,0x00000000d5b44b80,0x00000000d5b80000)
  to   space 1024K, 0% used [0x00000000d5980000,0x00000000d5980000,0x00000000d5a80000)
 ParOldGen       total 242688K, used 242490K [0x0000000080000000, 0x000000008ed00000, 0x00000000d5580000)
  object space 242688K, 99% used [0x0000000080000000,0x000000008ecce840,0x000000008ed00000)
 Metaspace       used 76137K, committed 77696K, reserved 1179648K
  class space    used 9360K, committed 10048K, reserved 1048576K
}
Event: 55.814 GC heap after
{Heap after GC invocations=280 (full 3):
 PSYoungGen      total 5120K, used 722K [0x00000000d5580000, 0x00000000d5b80000, 0x0000000100000000)
  eden space 4096K, 0% used [0x00000000d5580000,0x00000000d5580000,0x00000000d5980000)
  from space 1024K, 70% used [0x00000000d5980000,0x00000000d5a348e8,0x00000000d5a80000)
  to   space 1024K, 0% used [0x00000000d5a80000,0x00000000d5a80000,0x00000000d5b80000)
 ParOldGen       total 243200K, used 243171K [0x0000000080000000, 0x000000008ed80000, 0x00000000d5580000)
  object space 243200K, 99% used [0x0000000080000000,0x000000008ed78cb0,0x000000008ed80000)
 Metaspace       used 76137K, committed 77696K, reserved 1179648K
  class space    used 9360K, committed 10048K, reserved 1048576K
}
Event: 55.831 GC heap before
{Heap before GC invocations=281 (full 3):
 PSYoungGen      total 5120K, used 4818K [0x00000000d5580000, 0x00000000d5b80000, 0x0000000100000000)
  eden space 4096K, 100% used [0x00000000d5580000,0x00000000d5980000,0x00000000d5980000)
  from space 1024K, 70% used [0x00000000d5980000,0x00000000d5a348e8,0x00000000d5a80000)
  to   space 1024K, 0% used [0x00000000d5a80000,0x00000000d5a80000,0x00000000d5b80000)
 ParOldGen       total 243200K, used 243171K [0x0000000080000000, 0x000000008ed80000, 0x00000000d5580000)
  object space 243200K, 99% used [0x0000000080000000,0x000000008ed78cb0,0x000000008ed80000)
 Metaspace       used 76137K, committed 77696K, reserved 1179648K
  class space    used 9360K, committed 10048K, reserved 1048576K
}
Event: 55.835 GC heap after
{Heap after GC invocations=281 (full 3):
 PSYoungGen      total 5120K, used 672K [0x00000000d5580000, 0x00000000d5b80000, 0x0000000100000000)
  eden space 4096K, 0% used [0x00000000d5580000,0x00000000d5580000,0x00000000d5980000)
  from space 1024K, 65% used [0x00000000d5a80000,0x00000000d5b28000,0x00000000d5b80000)
  to   space 1024K, 0% used [0x00000000d5980000,0x00000000d5980000,0x00000000d5a80000)
 ParOldGen       total 244224K, used 243835K [0x0000000080000000, 0x000000008ee80000, 0x00000000d5580000)
  object space 244224K, 99% used [0x0000000080000000,0x000000008ee1ee20,0x000000008ee80000)
 Metaspace       used 76137K, committed 77696K, reserved 1179648K
  class space    used 9360K, committed 10048K, reserved 1048576K
}
Event: 55.864 GC heap before
{Heap before GC invocations=282 (full 3):
 PSYoungGen      total 5120K, used 4768K [0x00000000d5580000, 0x00000000d5b80000, 0x0000000100000000)
  eden space 4096K, 100% used [0x00000000d5580000,0x00000000d5980000,0x00000000d5980000)
  from space 1024K, 65% used [0x00000000d5a80000,0x00000000d5b28000,0x00000000d5b80000)
  to   space 1024K, 0% used [0x00000000d5980000,0x00000000d5980000,0x00000000d5a80000)
 ParOldGen       total 244224K, used 243835K [0x0000000080000000, 0x000000008ee80000, 0x00000000d5580000)
  object space 244224K, 99% used [0x0000000080000000,0x000000008ee1ee20,0x000000008ee80000)
 Metaspace       used 76137K, committed 77696K, reserved 1179648K
  class space    used 9360K, committed 10048K, reserved 1048576K
}
Event: 55.867 GC heap after
{Heap after GC invocations=282 (full 3):
 PSYoungGen      total 5120K, used 1003K [0x00000000d5580000, 0x00000000d5d80000, 0x0000000100000000)
  eden space 4096K, 0% used [0x00000000d5580000,0x00000000d5580000,0x00000000d5980000)
  from space 1024K, 98% used [0x00000000d5980000,0x00000000d5a7afa0,0x00000000d5a80000)
  to   space 2048K, 0% used [0x00000000d5b80000,0x00000000d5b80000,0x00000000d5d80000)
 ParOldGen       total 244736K, used 244421K [0x0000000080000000, 0x000000008ef00000, 0x00000000d5580000)
  object space 244736K, 99% used [0x0000000080000000,0x000000008eeb1568,0x000000008ef00000)
 Metaspace       used 76137K, committed 77696K, reserved 1179648K
  class space    used 9360K, committed 10048K, reserved 1048576K
}
Event: 55.888 GC heap before
{Heap before GC invocations=283 (full 3):
 PSYoungGen      total 5120K, used 5099K [0x00000000d5580000, 0x00000000d5d80000, 0x0000000100000000)
  eden space 4096K, 100% used [0x00000000d5580000,0x00000000d5980000,0x00000000d5980000)
  from space 1024K, 98% used [0x00000000d5980000,0x00000000d5a7afa0,0x00000000d5a80000)
  to   space 2048K, 0% used [0x00000000d5b80000,0x00000000d5b80000,0x00000000d5d80000)
 ParOldGen       total 244736K, used 244421K [0x0000000080000000, 0x000000008ef00000, 0x00000000d5580000)
  object space 244736K, 99% used [0x0000000080000000,0x000000008eeb1568,0x000000008ef00000)
 Metaspace       used 76137K, committed 77696K, reserved 1179648K
  class space    used 9360K, committed 10048K, reserved 1048576K
}
Event: 55.892 GC heap after
{Heap after GC invocations=283 (full 3):
 PSYoungGen      total 5120K, used 832K [0x00000000d5580000, 0x00000000d5c80000, 0x0000000100000000)
  eden space 4096K, 0% used [0x00000000d5580000,0x00000000d5580000,0x00000000d5980000)
  from space 1024K, 81% used [0x00000000d5b80000,0x00000000d5c50000,0x00000000d5c80000)
  to   space 1536K, 0% used [0x00000000d5980000,0x00000000d5980000,0x00000000d5b00000)
 ParOldGen       total 245760K, used 245370K [0x0000000080000000, 0x000000008f000000, 0x00000000d5580000)
  object space 245760K, 99% used [0x0000000080000000,0x000000008ef9e9b0,0x000000008f000000)
 Metaspace       used 76137K, committed 77696K, reserved 1179648K
  class space    used 9360K, committed 10048K, reserved 1048576K
}
Event: 55.911 GC heap before
{Heap before GC invocations=284 (full 3):
 PSYoungGen      total 5120K, used 4922K [0x00000000d5580000, 0x00000000d5c80000, 0x0000000100000000)
  eden space 4096K, 99% used [0x00000000d5580000,0x00000000d597e880,0x00000000d5980000)
  from space 1024K, 81% used [0x00000000d5b80000,0x00000000d5c50000,0x00000000d5c80000)
  to   space 1536K, 0% used [0x00000000d5980000,0x00000000d5980000,0x00000000d5b00000)
 ParOldGen       total 245760K, used 245370K [0x0000000080000000, 0x000000008f000000, 0x00000000d5580000)
  object space 245760K, 99% used [0x0000000080000000,0x000000008ef9e9b0,0x000000008f000000)
 Metaspace       used 76137K, committed 77696K, reserved 1179648K
  class space    used 9360K, committed 10048K, reserved 1048576K
}
Event: 55.914 GC heap after
{Heap after GC invocations=284 (full 3):
 PSYoungGen      total 5632K, used 832K [0x00000000d5580000, 0x00000000d5c00000, 0x0000000100000000)
  eden space 4096K, 0% used [0x00000000d5580000,0x00000000d5580000,0x00000000d5980000)
  from space 1536K, 54% used [0x00000000d5980000,0x00000000d5a50000,0x00000000d5b00000)
  to   space 1024K, 0% used [0x00000000d5b00000,0x00000000d5b00000,0x00000000d5c00000)
 ParOldGen       total 246272K, used 246074K [0x0000000080000000, 0x000000008f080000, 0x00000000d5580000)
  object space 246272K, 99% used [0x0000000080000000,0x000000008f04ebe8,0x000000008f080000)
 Metaspace       used 76137K, committed 77696K, reserved 1179648K
  class space    used 9360K, committed 10048K, reserved 1048576K
}
Event: 55.930 GC heap before
{Heap before GC invocations=285 (full 3):
 PSYoungGen      total 5632K, used 4928K [0x00000000d5580000, 0x00000000d5c00000, 0x0000000100000000)
  eden space 4096K, 100% used [0x00000000d5580000,0x00000000d5980000,0x00000000d5980000)
  from space 1536K, 54% used [0x00000000d5980000,0x00000000d5a50000,0x00000000d5b00000)
  to   space 1024K, 0% used [0x00000000d5b00000,0x00000000d5b00000,0x00000000d5c00000)
 ParOldGen       total 246272K, used 246074K [0x0000000080000000, 0x000000008f080000, 0x00000000d5580000)
  object space 246272K, 99% used [0x0000000080000000,0x000000008f04ebe8,0x000000008f080000)
 Metaspace       used 76137K, committed 77696K, reserved 1179648K
  class space    used 9360K, committed 10048K, reserved 1048576K
}
Event: 55.934 GC heap after
{Heap after GC invocations=285 (full 3):
 PSYoungGen      total 5120K, used 800K [0x00000000d5580000, 0x00000000d5c00000, 0x0000000100000000)
  eden space 4096K, 0% used [0x00000000d5580000,0x00000000d5580000,0x00000000d5980000)
  from space 1024K, 78% used [0x00000000d5b00000,0x00000000d5bc8000,0x00000000d5c00000)
  to   space 1024K, 0% used [0x00000000d5a00000,0x00000000d5a00000,0x00000000d5b00000)
 ParOldGen       total 247296K, used 246815K [0x0000000080000000, 0x000000008f180000, 0x00000000d5580000)
  object space 247296K, 99% used [0x0000000080000000,0x000000008f107ce0,0x000000008f180000)
 Metaspace       used 76137K, committed 77696K, reserved 1179648K
  class space    used 9360K, committed 10048K, reserved 1048576K
}
Event: 55.950 GC heap before
{Heap before GC invocations=286 (full 3):
 PSYoungGen      total 5120K, used 4896K [0x00000000d5580000, 0x00000000d5c00000, 0x0000000100000000)
  eden space 4096K, 100% used [0x00000000d5580000,0x00000000d5980000,0x00000000d5980000)
  from space 1024K, 78% used [0x00000000d5b00000,0x00000000d5bc8000,0x00000000d5c00000)
  to   space 1024K, 0% used [0x00000000d5a00000,0x00000000d5a00000,0x00000000d5b00000)
 ParOldGen       total 247296K, used 246815K [0x0000000080000000, 0x000000008f180000, 0x00000000d5580000)
  object space 247296K, 99% used [0x0000000080000000,0x000000008f107ce0,0x000000008f180000)
 Metaspace       used 76137K, committed 77696K, reserved 1179648K
  class space    used 9360K, committed 10048K, reserved 1048576K
}
Event: 55.953 GC heap after
{Heap after GC invocations=286 (full 3):
 PSYoungGen      total 5120K, used 800K [0x00000000d5580000, 0x00000000d5b80000, 0x0000000100000000)
  eden space 4096K, 0% used [0x00000000d5580000,0x00000000d5580000,0x00000000d5980000)
  from space 1024K, 78% used [0x00000000d5a00000,0x00000000d5ac8000,0x00000000d5b00000)
  to   space 512K, 0% used [0x00000000d5b00000,0x00000000d5b00000,0x00000000d5b80000)
 ParOldGen       total 247808K, used 247509K [0x0000000080000000, 0x000000008f200000, 0x00000000d5580000)
  object space 247808K, 99% used [0x0000000080000000,0x000000008f1b5510,0x000000008f200000)
 Metaspace       used 76137K, committed 77696K, reserved 1179648K
  class space    used 9360K, committed 10048K, reserved 1048576K
}
Event: 55.970 GC heap before
{Heap before GC invocations=287 (full 3):
 PSYoungGen      total 5120K, used 4896K [0x00000000d5580000, 0x00000000d5b80000, 0x0000000100000000)
  eden space 4096K, 100% used [0x00000000d5580000,0x00000000d5980000,0x00000000d5980000)
  from space 1024K, 78% used [0x00000000d5a00000,0x00000000d5ac8000,0x00000000d5b00000)
  to   space 512K, 0% used [0x00000000d5b00000,0x00000000d5b00000,0x00000000d5b80000)
 ParOldGen       total 247808K, used 247509K [0x0000000080000000, 0x000000008f200000, 0x00000000d5580000)
  object space 247808K, 99% used [0x0000000080000000,0x000000008f1b5510,0x000000008f200000)
 Metaspace       used 76137K, committed 77696K, reserved 1179648K
  class space    used 9360K, committed 10048K, reserved 1048576K
}

Dll operation events (15 events):
Event: 0.020 Loaded shared library c:\Users\User\.cursor\extensions\redhat.java-1.54.0-win32-x64\jre\21.0.10-win32-x86_64\bin\java.dll
Event: 0.143 Loaded shared library c:\Users\User\.cursor\extensions\redhat.java-1.54.0-win32-x64\jre\21.0.10-win32-x86_64\bin\zip.dll
Event: 0.177 Loaded shared library C:\Users\User\.cursor\extensions\redhat.java-1.54.0-win32-x64\jre\21.0.10-win32-x86_64\bin\instrument.dll
Event: 0.185 Loaded shared library C:\Users\User\.cursor\extensions\redhat.java-1.54.0-win32-x64\jre\21.0.10-win32-x86_64\bin\net.dll
Event: 0.191 Loaded shared library C:\Users\User\.cursor\extensions\redhat.java-1.54.0-win32-x64\jre\21.0.10-win32-x86_64\bin\nio.dll
Event: 0.195 Loaded shared library C:\Users\User\.cursor\extensions\redhat.java-1.54.0-win32-x64\jre\21.0.10-win32-x86_64\bin\zip.dll
Event: 0.217 Loaded shared library C:\Users\User\.cursor\extensions\redhat.java-1.54.0-win32-x64\jre\21.0.10-win32-x86_64\bin\jimage.dll
Event: 0.365 Loaded shared library c:\Users\User\.cursor\extensions\redhat.java-1.54.0-win32-x64\jre\21.0.10-win32-x86_64\bin\verify.dll
Event: 11.191 Loaded shared library C:\Users\User\AppData\Roaming\Cursor\User\globalStorage\redhat.java\1.54.0\config_win\org.eclipse.equinox.launcher\org.eclipse.equinox.launcher.win32.win32.x86_64_1.3.0.v20260203-2149\eclipse_11919.dll
Event: 20.598 Loaded shared library C:\Users\User\.cursor\extensions\redhat.java-1.54.0-win32-x64\jre\21.0.10-win32-x86_64\bin\management.dll
Event: 20.604 Loaded shared library C:\Users\User\.cursor\extensions\redhat.java-1.54.0-win32-x64\jre\21.0.10-win32-x86_64\bin\management_ext.dll
Event: 21.939 Loaded shared library C:\Users\User\AppData\Local\Temp\jna-2645995\jna1667670731554365172.dll
Event: 22.041 Loaded shared library C:\Users\User\.cursor\extensions\redhat.java-1.54.0-win32-x64\jre\21.0.10-win32-x86_64\bin\sunmscapi.dll
Event: 22.300 Loaded shared library C:\Users\User\.cursor\extensions\redhat.java-1.54.0-win32-x64\jre\21.0.10-win32-x86_64\bin\extnet.dll
Event: 24.944 Loaded shared library C:\Users\User\.gradle\native\c067742578af261105cb4f569cf0c3c89f3d7b1fecec35dd04571415982c5e48\windows-amd64\native-platform.dll

Deoptimization events (20 events):
Event: 55.208 Thread 0x00000160ff57f370 Uncommon trap: trap_request=0xffffffc6 fr.pc=0x00000160ea4f8c84 relative=0x0000000000000144
Event: 55.208 Thread 0x00000160ff57f370 Uncommon trap: reason=bimorphic_or_optimized_type_check action=maybe_recompile pc=0x00000160ea4f8c84 method=java.lang.Character.codePointAt(Ljava/lang/CharSequence;I)I @ 2 c2
Event: 55.208 Thread 0x00000160ff57f370 DEOPT PACKING pc=0x00000160ea4f8c84 sp=0x0000001ab72fef80
Event: 55.208 Thread 0x00000160ff57f370 DEOPT UNPACKING pc=0x00000160e9d73aa2 sp=0x0000001ab72fef08 mode 2
Event: 55.208 Thread 0x00000160ff57f370 Uncommon trap: trap_request=0xffffffc6 fr.pc=0x00000160ea4f8c84 relative=0x0000000000000144
Event: 55.208 Thread 0x00000160ff57f370 Uncommon trap: reason=bimorphic_or_optimized_type_check action=maybe_recompile pc=0x00000160ea4f8c84 method=java.lang.Character.codePointAt(Ljava/lang/CharSequence;I)I @ 2 c2
Event: 55.208 Thread 0x00000160ff57f370 DEOPT PACKING pc=0x00000160ea4f8c84 sp=0x0000001ab72fef80
Event: 55.208 Thread 0x00000160ff57f370 DEOPT UNPACKING pc=0x00000160e9d73aa2 sp=0x0000001ab72fef08 mode 2
Event: 55.208 Thread 0x00000160ff57f370 Uncommon trap: trap_request=0xffffff45 fr.pc=0x00000160ea5a63c8 relative=0x00000000000000a8
Event: 55.208 Thread 0x00000160ff57f370 Uncommon trap: reason=unstable_if action=reinterpret pc=0x00000160ea5a63c8 method=java.util.regex.Pattern.lambda$DOT$11(I)Z @ 9 c2
Event: 55.209 Thread 0x00000160ff57f370 DEOPT PACKING pc=0x00000160ea5a63c8 sp=0x0000001ab72fefa0
Event: 55.209 Thread 0x00000160ff57f370 DEOPT UNPACKING pc=0x00000160e9d73aa2 sp=0x0000001ab72feeb8 mode 2
Event: 55.209 Thread 0x00000160ff57f370 Uncommon trap: trap_request=0xffffffbe fr.pc=0x00000160ea59336c relative=0x000000000000038c
Event: 55.209 Thread 0x00000160ff57f370 Uncommon trap: reason=profile_predicate action=maybe_recompile pc=0x00000160ea59336c method=java.util.regex.Pattern$Slice.match(Ljava/util/regex/Matcher;ILjava/lang/CharSequence;)Z @ 18 c2
Event: 55.209 Thread 0x00000160ff57f370 DEOPT PACKING pc=0x00000160ea59336c sp=0x0000001ab72feed0
Event: 55.209 Thread 0x00000160ff57f370 DEOPT UNPACKING pc=0x00000160e9d73aa2 sp=0x0000001ab72fee60 mode 2
Event: 55.662 Thread 0x00000160fd5827b0 Uncommon trap: trap_request=0xffffff45 fr.pc=0x00000160ea9d9e00 relative=0x0000000000001d60
Event: 55.662 Thread 0x00000160fd5827b0 Uncommon trap: reason=unstable_if action=reinterpret pc=0x00000160ea9d9e00 method=org.eclipse.jdt.internal.compiler.parser.Scanner.internalScanIdentifierOrKeyword(II[C)Lorg/eclipse/jdt/internal/compiler/parser/TerminalToken; @ 4637 c2
Event: 55.662 Thread 0x00000160fd5827b0 DEOPT PACKING pc=0x00000160ea9d9e00 sp=0x0000001ab30feea0
Event: 55.662 Thread 0x00000160fd5827b0 DEOPT UNPACKING pc=0x00000160e9d73aa2 sp=0x0000001ab30fee38 mode 2

Classes loaded (20 events):
Event: 48.551 Loading class jdk/internal/event/ProcessStartEvent
Event: 48.552 Loading class jdk/internal/event/ProcessStartEvent done
Event: 48.559 Loading class java/util/Scanner
Event: 48.561 Loading class java/util/Scanner done
Event: 48.565 Loading class java/util/Scanner$PatternLRUCache
Event: 48.566 Loading class java/util/Scanner$PatternLRUCache done
Event: 51.576 Loading class java/util/concurrent/ForkJoinTask$AdaptedCallable
Event: 51.577 Loading class java/util/concurrent/ForkJoinTask$AdaptedCallable done
Event: 51.587 Loading class java/util/stream/Nodes$CollectorTask$OfRef
Event: 51.588 Loading class java/util/stream/Nodes$CollectorTask
Event: 51.589 Loading class java/util/stream/Nodes$CollectorTask done
Event: 51.589 Loading class java/util/stream/Nodes$CollectorTask$OfRef done
Event: 51.589 Loading class java/util/function/LongFunction
Event: 51.590 Loading class java/util/function/LongFunction done
Event: 51.591 Loading class java/util/stream/Nodes$ConcNode
Event: 51.591 Loading class java/util/stream/Nodes$AbstractConcNode
Event: 51.592 Loading class java/util/stream/Nodes$AbstractConcNode done
Event: 51.592 Loading class java/util/stream/Nodes$ConcNode done
Event: 55.209 Loading class java/util/regex/Matcher$ImmutableMatchResult
Event: 55.210 Loading class java/util/regex/Matcher$ImmutableMatchResult done

Classes unloaded (8 events):
Event: 21.252 Thread 0x00000160f6674500 Unloading class 0x00000160811b9000 'java/lang/invoke/LambdaForm$MH+0x00000160811b9000'
Event: 21.252 Thread 0x00000160f6674500 Unloading class 0x00000160811b8c00 'java/lang/invoke/LambdaForm$MH+0x00000160811b8c00'
Event: 21.252 Thread 0x00000160f6674500 Unloading class 0x00000160811b8800 'java/lang/invoke/LambdaForm$MH+0x00000160811b8800'
Event: 21.252 Thread 0x00000160f6674500 Unloading class 0x00000160811b8400 'java/lang/invoke/LambdaForm$MH+0x00000160811b8400'
Event: 21.252 Thread 0x00000160f6674500 Unloading class 0x00000160811b8000 'java/lang/invoke/LambdaForm$BMH+0x00000160811b8000'
Event: 21.252 Thread 0x00000160f6674500 Unloading class 0x00000160811b7c00 'java/lang/invoke/LambdaForm$DMH+0x00000160811b7c00'
Event: 21.252 Thread 0x00000160f6674500 Unloading class 0x00000160811b6800 'java/lang/invoke/LambdaForm$DMH+0x00000160811b6800'
Event: 26.225 Thread 0x00000160f6674500 Unloading class 0x00000160815d8400 'java/lang/invoke/LambdaForm$DMH+0x00000160815d8400'

Classes redefined (0 events):
No events

Internal exceptions (20 events):
Event: 51.466 Thread 0x00000160fd580d70 Exception <a 'sun/nio/fs/WindowsException'{0x00000000d5782fe8}> (0x00000000d5782fe8) 
thrown [s\src\hotspot\share\prims\jni.cpp, line 520]
Event: 51.467 Thread 0x00000160fd580d70 Exception <a 'sun/nio/fs/WindowsException'{0x00000000d57f8720}> (0x00000000d57f8720) 
thrown [s\src\hotspot\share\prims\jni.cpp, line 520]
Event: 51.469 Thread 0x00000160fd580d70 Exception <a 'sun/nio/fs/WindowsException'{0x00000000d5848110}> (0x00000000d5848110) 
thrown [s\src\hotspot\share\prims\jni.cpp, line 520]
Event: 51.469 Thread 0x00000160fd580d70 Exception <a 'sun/nio/fs/WindowsException'{0x00000000d5848ec0}> (0x00000000d5848ec0) 
thrown [s\src\hotspot\share\prims\jni.cpp, line 520]
Event: 51.475 Thread 0x00000160fd580d70 Exception <a 'sun/nio/fs/WindowsException'{0x00000000d5963ce8}> (0x00000000d5963ce8) 
thrown [s\src\hotspot\share\prims\jni.cpp, line 520]
Event: 51.475 Thread 0x00000160fd580d70 Exception <a 'sun/nio/fs/WindowsException'{0x00000000d59a1cc0}> (0x00000000d59a1cc0) 
thrown [s\src\hotspot\share\prims\jni.cpp, line 520]
Event: 51.476 Thread 0x00000160fd580d70 Exception <a 'sun/nio/fs/WindowsException'{0x00000000d59a4068}> (0x00000000d59a4068) 
thrown [s\src\hotspot\share\prims\jni.cpp, line 520]
Event: 51.476 Thread 0x00000160fd580d70 Exception <a 'sun/nio/fs/WindowsException'{0x00000000d59d2680}> (0x00000000d59d2680) 
thrown [s\src\hotspot\share\prims\jni.cpp, line 520]
Event: 51.486 Thread 0x00000160fd580d70 Exception <a 'sun/nio/fs/WindowsException'{0x00000000d5598a70}> (0x00000000d5598a70) 
thrown [s\src\hotspot\share\prims\jni.cpp, line 520]
Event: 51.486 Thread 0x00000160fd580d70 Exception <a 'sun/nio/fs/WindowsException'{0x00000000d55e3008}> (0x00000000d55e3008) 
thrown [s\src\hotspot\share\prims\jni.cpp, line 520]
Event: 51.487 Thread 0x00000160fd580d70 Exception <a 'sun/nio/fs/WindowsException'{0x00000000d5636988}> (0x00000000d5636988) 
thrown [s\src\hotspot\share\prims\jni.cpp, line 520]
Event: 51.487 Thread 0x00000160fd580d70 Exception <a 'sun/nio/fs/WindowsException'{0x00000000d5637738}> (0x00000000d5637738) 
thrown [s\src\hotspot\share\prims\jni.cpp, line 520]
Event: 51.625 Thread 0x00000160c1fd5cb0 Exception <a 'sun/nio/fs/WindowsException'{0x00000000d572a4f0}> (0x00000000d572a4f0) 
thrown [s\src\hotspot\share\prims\jni.cpp, line 520]
Event: 51.626 Thread 0x00000160c1fd5cb0 Exception <a 'sun/nio/fs/WindowsException'{0x00000000d572b4d8}> (0x00000000d572b4d8) 
thrown [s\src\hotspot\share\prims\jni.cpp, line 520]
Event: 51.761 Thread 0x00000160c1fd5cb0 Exception <a 'java/lang/NoSuchMethodError'{0x00000000d58211e8}: 'java.lang.Object java.lang.invoke.DirectMethodHandle$Holder.newInvokeSpecial(java.lang.Object, java.lang.Object, java.lang.Object, java.lang.Object, java.lang.Object, java.lang.Object, java.lang.Object, java.lang.Object)'> (0x00000000d58211e8) 
thrown [s\src\hotspot\share\interpreter\linkResolver.cpp, line 773]
Event: 51.801 Thread 0x00000160c1fd5cb0 Exception <a 'sun/nio/fs/WindowsException'{0x00000000d593c5d8}> (0x00000000d593c5d8) 
thrown [s\src\hotspot\share\prims\jni.cpp, line 520]
Event: 51.802 Thread 0x00000160c1fd5cb0 Exception <a 'sun/nio/fs/WindowsException'{0x00000000d595ac68}> (0x00000000d595ac68) 
thrown [s\src\hotspot\share\prims\jni.cpp, line 520]
Event: 52.174 Thread 0x00000160fd582120 Exception <a 'sun/nio/fs/WindowsException'{0x00000000d5835418}> (0x00000000d5835418) 
thrown [s\src\hotspot\share\prims\jni.cpp, line 520]
Event: 52.174 Thread 0x00000160fd582120 Exception <a 'sun/nio/fs/WindowsException'{0x00000000d5835f18}> (0x00000000d5835f18) 
thrown [s\src\hotspot\share\prims\jni.cpp, line 520]
Event: 53.320 Thread 0x00000160fd5827b0 Implicit null exception at 0x00000160ea97184c to 0x00000160ea9792a0

ZGC Phase Switch (0 events):
No events

VM Operations (20 events):
Event: 55.725 Executing safepoint VM operation: ParallelGCFailedAllocation (Allocation Failure) done
Event: 55.757 Executing safepoint VM operation: ParallelGCFailedAllocation (Allocation Failure)
Event: 55.761 Executing safepoint VM operation: ParallelGCFailedAllocation (Allocation Failure) done
Event: 55.791 Executing safepoint VM operation: ParallelGCFailedAllocation (Allocation Failure)
Event: 55.794 Executing safepoint VM operation: ParallelGCFailedAllocation (Allocation Failure) done
Event: 55.811 Executing safepoint VM operation: ParallelGCFailedAllocation (Allocation Failure)
Event: 55.814 Executing safepoint VM operation: ParallelGCFailedAllocation (Allocation Failure) done
Event: 55.831 Executing safepoint VM operation: ParallelGCFailedAllocation (Allocation Failure)
Event: 55.835 Executing safepoint VM operation: ParallelGCFailedAllocation (Allocation Failure) done
Event: 55.864 Executing safepoint VM operation: ParallelGCFailedAllocation (Allocation Failure)
Event: 55.868 Executing safepoint VM operation: ParallelGCFailedAllocation (Allocation Failure) done
Event: 55.888 Executing safepoint VM operation: ParallelGCFailedAllocation (Allocation Failure)
Event: 55.893 Executing safepoint VM operation: ParallelGCFailedAllocation (Allocation Failure) done
Event: 55.911 Executing safepoint VM operation: ParallelGCFailedAllocation (Allocation Failure)
Event: 55.914 Executing safepoint VM operation: ParallelGCFailedAllocation (Allocation Failure) done
Event: 55.930 Executing safepoint VM operation: ParallelGCFailedAllocation (Allocation Failure)
Event: 55.934 Executing safepoint VM operation: ParallelGCFailedAllocation (Allocation Failure) done
Event: 55.950 Executing safepoint VM operation: ParallelGCFailedAllocation (Allocation Failure)
Event: 55.953 Executing safepoint VM operation: ParallelGCFailedAllocation (Allocation Failure) done
Event: 55.970 Executing safepoint VM operation: ParallelGCFailedAllocation (Allocation Failure)

Memory protections (0 events):
No events

Nmethod flushes (20 events):
Event: 26.246 Thread 0x00000160f6674500 flushing  nmethod 0x00000160e30e5c90
Event: 26.246 Thread 0x00000160f6674500 flushing osr nmethod 0x00000160e3102910
Event: 26.246 Thread 0x00000160f6674500 flushing  nmethod 0x00000160e3112f90
Event: 26.246 Thread 0x00000160f6674500 flushing  nmethod 0x00000160e3113910
Event: 26.246 Thread 0x00000160f6674500 flushing  nmethod 0x00000160e3118790
Event: 26.246 Thread 0x00000160f6674500 flushing  nmethod 0x00000160e3120910
Event: 26.246 Thread 0x00000160f6674500 flushing  nmethod 0x00000160e3145190
Event: 26.246 Thread 0x00000160f6674500 flushing  nmethod 0x00000160e3149210
Event: 26.246 Thread 0x00000160f6674500 flushing  nmethod 0x00000160e314aa90
Event: 26.246 Thread 0x00000160f6674500 flushing  nmethod 0x00000160e314b510
Event: 26.246 Thread 0x00000160f6674500 flushing  nmethod 0x00000160e314bd90
Event: 26.246 Thread 0x00000160f6674500 flushing  nmethod 0x00000160e314f690
Event: 26.246 Thread 0x00000160f6674500 flushing  nmethod 0x00000160e3150410
Event: 26.246 Thread 0x00000160f6674500 flushing  nmethod 0x00000160e3152990
Event: 26.246 Thread 0x00000160f6674500 flushing  nmethod 0x00000160e316b790
Event: 26.246 Thread 0x00000160f6674500 flushing  nmethod 0x00000160e316d510
Event: 26.246 Thread 0x00000160f6674500 flushing  nmethod 0x00000160e31c9510
Event: 26.246 Thread 0x00000160f6674500 flushing  nmethod 0x00000160e31db490
Event: 26.246 Thread 0x00000160f6674500 flushing  nmethod 0x00000160e31f4310
Event: 26.246 Thread 0x00000160f6674500 flushing  nmethod 0x00000160e31fc410

Events (20 events):
Event: 48.559 Thread 0x00000160ff57f370 Thread added: 0x00000160ff580090
Event: 48.564 Thread 0x00000160ff57c580 Thread exited: 0x00000160ff57c580
Event: 50.643 Thread 0x00000160ff57cc10 Thread exited: 0x00000160ff57cc10
Event: 50.656 Thread 0x00000160ff57d2a0 Thread exited: 0x00000160ff57d2a0
Event: 50.670 Thread 0x00000160fd580d70 Thread added: 0x00000160ff57c580
Event: 50.676 Thread 0x00000160fd580d70 Thread added: 0x00000160ff57cc10
Event: 50.812 Thread 0x00000160ff57cc10 Thread exited: 0x00000160ff57cc10
Event: 50.813 Thread 0x00000160fd580d70 Thread added: 0x00000160ff57cc10
Event: 50.819 Thread 0x00000160fd580d70 Thread added: 0x00000160ff57d2a0
Event: 50.864 Thread 0x00000160ff57d2a0 Thread exited: 0x00000160ff57d2a0
Event: 51.498 Thread 0x00000160fd580d70 Thread added: 0x00000160ff580720
Event: 51.531 Thread 0x00000160ff580720 Thread added: 0x00000160ff57d2a0
Event: 51.578 Thread 0x00000160c1fd5cb0 Thread added: 0x00000160ff581ad0
Event: 51.593 Thread 0x00000160ff581ad0 Thread exited: 0x00000160ff581ad0
Event: 51.633 Thread 0x00000160c1fd5cb0 Thread added: 0x00000160ff581ad0
Event: 51.645 Thread 0x00000160ff581ad0 Thread exited: 0x00000160ff581ad0
Event: 54.897 Thread 0x00000160fda52560 Thread exited: 0x00000160fda52560
Event: 55.223 Thread 0x00000160ff580090 Thread exited: 0x00000160ff580090
Event: 55.223 Thread 0x00000160ff57f370 Thread exited: 0x00000160ff57f370
Event: 55.413 Thread 0x00000160fe949c20 Thread exited: 0x00000160fe949c20


Dynamic libraries:
0x00007ff781d90000 - 0x00007ff781d9e000 	c:\Users\User\.cursor\extensions\redhat.java-1.54.0-win32-x64\jre\21.0.10-win32-x86_64\bin\java.exe
0x00007fff389e0000 - 0x00007fff38c47000 	C:\WINDOWS\SYSTEM32\ntdll.dll
0x00007fff37180000 - 0x00007fff37249000 	C:\WINDOWS\System32\KERNEL32.DLL
0x00007fff360b0000 - 0x00007fff364a4000 	C:\WINDOWS\System32\KERNELBASE.dll
0x00007fff36620000 - 0x00007fff3676b000 	C:\WINDOWS\System32\ucrtbase.dll
0x00007fff264f0000 - 0x00007fff2650e000 	c:\Users\User\.cursor\extensions\redhat.java-1.54.0-win32-x64\jre\21.0.10-win32-x86_64\bin\VCRUNTIME140.dll
0x00007fff264b0000 - 0x00007fff264c8000 	c:\Users\User\.cursor\extensions\redhat.java-1.54.0-win32-x64\jre\21.0.10-win32-x86_64\bin\jli.dll
0x00007fff386a0000 - 0x00007fff38865000 	C:\WINDOWS\System32\USER32.dll
0x00007fff35420000 - 0x00007fff35447000 	C:\WINDOWS\System32\win32u.dll
0x00007fff38460000 - 0x00007fff3848b000 	C:\WINDOWS\System32\GDI32.dll
0x00007fff1d720000 - 0x00007fff1d9b3000 	C:\WINDOWS\WinSxS\amd64_microsoft.windows.common-controls_6595b64144ccf1df_6.0.26100.8115_none_3e075c82e3354f9c\COMCTL32.dll
0x00007fff370d0000 - 0x00007fff37179000 	C:\WINDOWS\System32\msvcrt.dll
0x00007fff35590000 - 0x00007fff356bb000 	C:\WINDOWS\System32\gdi32full.dll
0x00007fff352b0000 - 0x00007fff35353000 	C:\WINDOWS\System32\msvcp_win.dll
0x00007fff375e0000 - 0x00007fff37612000 	C:\WINDOWS\System32\IMM32.DLL
0x00007fff30e30000 - 0x00007fff30e3c000 	c:\Users\User\.cursor\extensions\redhat.java-1.54.0-win32-x64\jre\21.0.10-win32-x86_64\bin\vcruntime140_1.dll
0x00007fff07180000 - 0x00007fff0720d000 	c:\Users\User\.cursor\extensions\redhat.java-1.54.0-win32-x64\jre\21.0.10-win32-x86_64\bin\msvcp140.dll
0x00007ffe75f50000 - 0x00007ffe76cf1000 	c:\Users\User\.cursor\extensions\redhat.java-1.54.0-win32-x64\jre\21.0.10-win32-x86_64\bin\server\jvm.dll
0x00007fff37b90000 - 0x00007fff37c46000 	C:\WINDOWS\System32\ADVAPI32.dll
0x00007fff388f0000 - 0x00007fff38997000 	C:\WINDOWS\System32\sechost.dll
0x00007fff37280000 - 0x00007fff37398000 	C:\WINDOWS\System32\RPCRT4.dll
0x00007fff373a0000 - 0x00007fff37420000 	C:\WINDOWS\System32\WS2_32.dll
0x00007fff2c220000 - 0x00007fff2c22b000 	C:\WINDOWS\SYSTEM32\VERSION.dll
0x00007fff35110000 - 0x00007fff3516e000 	C:\WINDOWS\SYSTEM32\POWRPROF.dll
0x00007fff1c8c0000 - 0x00007fff1c8f6000 	C:\WINDOWS\SYSTEM32\WINMM.dll
0x00007fff350f0000 - 0x00007fff35104000 	C:\WINDOWS\SYSTEM32\UMPDC.dll
0x00007fff34040000 - 0x00007fff3405b000 	C:\WINDOWS\SYSTEM32\kernel.appcore.dll
0x00007fff27e50000 - 0x00007fff27e5a000 	c:\Users\User\.cursor\extensions\redhat.java-1.54.0-win32-x64\jre\21.0.10-win32-x86_64\bin\jimage.dll
0x00007fff0a490000 - 0x00007fff0a6d2000 	C:\WINDOWS\SYSTEM32\DBGHELP.DLL
0x00007fff37f10000 - 0x00007fff38292000 	C:\WINDOWS\System32\combase.dll
0x00007fff37ab0000 - 0x00007fff37b88000 	C:\WINDOWS\System32\OLEAUT32.dll
0x00007fff121d0000 - 0x00007fff1220b000 	C:\WINDOWS\SYSTEM32\dbgcore.DLL
0x00007fff35450000 - 0x00007fff354f5000 	C:\WINDOWS\System32\bcryptPrimitives.dll
0x00007fff21d10000 - 0x00007fff21d1f000 	c:\Users\User\.cursor\extensions\redhat.java-1.54.0-win32-x64\jre\21.0.10-win32-x86_64\bin\instrument.dll
0x00007fff22800000 - 0x00007fff22820000 	c:\Users\User\.cursor\extensions\redhat.java-1.54.0-win32-x64\jre\21.0.10-win32-x86_64\bin\java.dll
0x00007fff36960000 - 0x00007fff370c7000 	C:\WINDOWS\System32\SHELL32.dll
0x00007fff364b0000 - 0x00007fff3661a000 	C:\WINDOWS\System32\wintypes.dll
0x00007fff356c0000 - 0x00007fff35f28000 	C:\WINDOWS\System32\windows.storage.dll
0x00007fff36770000 - 0x00007fff36868000 	C:\WINDOWS\System32\SHCORE.dll
0x00007fff36870000 - 0x00007fff368d6000 	C:\WINDOWS\System32\shlwapi.dll
0x00007fff351d0000 - 0x00007fff351f9000 	C:\WINDOWS\SYSTEM32\profapi.dll
0x00007fff19590000 - 0x00007fff195a8000 	c:\Users\User\.cursor\extensions\redhat.java-1.54.0-win32-x64\jre\21.0.10-win32-x86_64\bin\zip.dll
0x00007fff22780000 - 0x00007fff22790000 	C:\Users\User\.cursor\extensions\redhat.java-1.54.0-win32-x64\jre\21.0.10-win32-x86_64\bin\net.dll
0x00007fff2ec20000 - 0x00007fff2ed4d000 	C:\WINDOWS\SYSTEM32\WINHTTP.dll
0x00007fff345b0000 - 0x00007fff3461c000 	C:\WINDOWS\system32\mswsock.dll
0x00007fff16230000 - 0x00007fff16246000 	C:\Users\User\.cursor\extensions\redhat.java-1.54.0-win32-x64\jre\21.0.10-win32-x86_64\bin\nio.dll
0x00007fff16220000 - 0x00007fff16230000 	c:\Users\User\.cursor\extensions\redhat.java-1.54.0-win32-x64\jre\21.0.10-win32-x86_64\bin\verify.dll
0x00007fff06670000 - 0x00007fff066b5000 	C:\Users\User\AppData\Roaming\Cursor\User\globalStorage\redhat.java\1.54.0\config_win\org.eclipse.equinox.launcher\org.eclipse.equinox.launcher.win32.win32.x86_64_1.3.0.v20260203-2149\eclipse_11919.dll
0x00007fff37430000 - 0x00007fff375c7000 	C:\WINDOWS\System32\ole32.dll
0x00007fff15bf0000 - 0x00007fff15bfa000 	C:\Users\User\.cursor\extensions\redhat.java-1.54.0-win32-x64\jre\21.0.10-win32-x86_64\bin\management.dll
0x00007fff13f30000 - 0x00007fff13f3c000 	C:\Users\User\.cursor\extensions\redhat.java-1.54.0-win32-x64\jre\21.0.10-win32-x86_64\bin\management_ext.dll
0x00007fff375d0000 - 0x00007fff375d8000 	C:\WINDOWS\System32\PSAPI.DLL
0x00007fff34890000 - 0x00007fff348ab000 	C:\WINDOWS\SYSTEM32\CRYPTSP.dll
0x00007fff33fa0000 - 0x00007fff33fd9000 	C:\WINDOWS\system32\rsaenh.dll
0x00007fff34660000 - 0x00007fff34693000 	C:\WINDOWS\SYSTEM32\USERENV.dll
0x00007fff351a0000 - 0x00007fff351ca000 	C:\WINDOWS\SYSTEM32\bcrypt.dll
0x00007fff348b0000 - 0x00007fff348bc000 	C:\WINDOWS\SYSTEM32\CRYPTBASE.dll
0x00007fff33a40000 - 0x00007fff33a72000 	C:\WINDOWS\SYSTEM32\IPHLPAPI.DLL
0x00007fff382a0000 - 0x00007fff382aa000 	C:\WINDOWS\System32\NSI.dll
0x00007fff06d40000 - 0x00007fff06d89000 	C:\Users\User\AppData\Local\Temp\jna-2645995\jna1667670731554365172.dll
0x00007fff2f190000 - 0x00007fff2f1ad000 	C:\WINDOWS\SYSTEM32\dhcpcsvc6.DLL
0x00007fff2e640000 - 0x00007fff2e665000 	C:\WINDOWS\SYSTEM32\dhcpcsvc.DLL
0x00007fff16210000 - 0x00007fff1621e000 	C:\Users\User\.cursor\extensions\redhat.java-1.54.0-win32-x64\jre\21.0.10-win32-x86_64\bin\sunmscapi.dll
0x00007fff35f30000 - 0x00007fff360a7000 	C:\WINDOWS\System32\CRYPT32.dll
0x00007fff34ab0000 - 0x00007fff34ae0000 	C:\WINDOWS\SYSTEM32\ncrypt.dll
0x00007fff34a60000 - 0x00007fff34a9f000 	C:\WINDOWS\SYSTEM32\NTASN1.dll
0x00007fff33a80000 - 0x00007fff33bb2000 	C:\WINDOWS\SYSTEM32\DNSAPI.dll
0x00007fff28800000 - 0x00007fff2880b000 	C:\Windows\System32\rasadhlp.dll
0x00007fff2c120000 - 0x00007fff2c1a6000 	C:\WINDOWS\System32\fwpuclnt.dll
0x00007fff15f70000 - 0x00007fff15f79000 	C:\Users\User\.cursor\extensions\redhat.java-1.54.0-win32-x64\jre\21.0.10-win32-x86_64\bin\extnet.dll
0x00007fff16d20000 - 0x00007fff16d47000 	C:\Users\User\.gradle\native\c067742578af261105cb4f569cf0c3c89f3d7b1fecec35dd04571415982c5e48\windows-amd64\native-platform.dll
0x00007fff004c0000 - 0x00007fff004c8000 	C:\WINDOWS\system32\wshunix.dll

JVMTI agents:
c:\Users\User\.cursor\extensions\redhat.java-1.54.0-win32-x64\lombok\lombok-1.18.39-4050.jar path:c:\Users\User\.cursor\extensions\redhat.java-1.54.0-win32-x64\jre\21.0.10-win32-x86_64\bin\instrument.dll, loaded, initialized, instrumentlib options:none

dbghelp: loaded successfully - version: 4.0.5 - missing functions: none
symbol engine: initialized successfully - sym options: 0x614 - pdb path: .;c:\Users\User\.cursor\extensions\redhat.java-1.54.0-win32-x64\jre\21.0.10-win32-x86_64\bin;C:\WINDOWS\SYSTEM32;C:\WINDOWS\WinSxS\amd64_microsoft.windows.common-controls_6595b64144ccf1df_6.0.26100.8115_none_3e075c82e3354f9c;c:\Users\User\.cursor\extensions\redhat.java-1.54.0-win32-x64\jre\21.0.10-win32-x86_64\bin\server;C:\Users\User\AppData\Roaming\Cursor\User\globalStorage\redhat.java\1.54.0\config_win\org.eclipse.equinox.launcher\org.eclipse.equinox.launcher.win32.win32.x86_64_1.3.0.v20260203-2149;C:\Users\User\AppData\Local\Temp\jna-2645995;C:\Users\User\.gradle\native\c067742578af261105cb4f569cf0c3c89f3d7b1fecec35dd04571415982c5e48\windows-amd64

VM Arguments:
jvm_args: --add-modules=ALL-SYSTEM --add-opens=java.base/java.util=ALL-UNNAMED --add-opens=java.base/java.lang=ALL-UNNAMED --add-opens=java.base/sun.nio.fs=ALL-UNNAMED -Declipse.application=org.eclipse.jdt.ls.core.id1 -Dosgi.bundles.defaultStartLevel=4 -Declipse.product=org.eclipse.jdt.ls.core.product -Djava.import.generatesMetadataFilesAtProjectRoot=false -DDetectVMInstallationsJob.disabled=true -Dfile.encoding=utf8 -XX:+UseParallelGC -XX:GCTimeRatio=4 -XX:AdaptiveSizePolicyWeight=90 -Dsun.zip.disableMemoryMapping=true -Xmx2G -Xms100m -Xlog:disable -javaagent:c:\Users\User\.cursor\extensions\redhat.java-1.54.0-win32-x64\lombok\lombok-1.18.39-4050.jar -XX:+HeapDumpOnOutOfMemoryError -XX:HeapDumpPath=c:\Users\User\AppData\Roaming\Cursor\User\workspaceStorage\9774dd635b93f234d0c38c4884e02e58\redhat.java -Daether.dependencyCollector.impl=bf 
java_command: c:\Users\User\.cursor\extensions\redhat.java-1.54.0-win32-x64\server\plugins\org.eclipse.equinox.launcher_1.7.100.v20251111-0406.jar -configuration c:\Users\User\AppData\Roaming\Cursor\User\globalStorage\redhat.java\1.54.0\config_win -data c:\Users\User\AppData\Roaming\Cursor\User\workspaceStorage\9774dd635b93f234d0c38c4884e02e58\redhat.java\jdt_ws --pipe=\\.\pipe\lsp-a22f313f623b9bbaf8bbdcc288548b39-sock
java_class_path (initial): c:\Users\User\.cursor\extensions\redhat.java-1.54.0-win32-x64\server\plugins\org.eclipse.equinox.launcher_1.7.100.v20251111-0406.jar
Launcher Type: SUN_STANDARD

[Global flags]
    uintx AdaptiveSizePolicyWeight                 = 90                                        {product} {command line}
     intx CICompilerCount                          = 4                                         {product} {ergonomic}
    uintx GCTimeRatio                              = 4                                         {product} {command line}
     bool HeapDumpOnOutOfMemoryError               = true                                   {manageable} {command line}
    ccstr HeapDumpPath                             = c:\Users\User\AppData\Roaming\Cursor\User\workspaceStorage\9774dd635b93f234d0c38c4884e02e58\redhat.java         {manageable} {command line}
   size_t InitialHeapSize                          = 104857600                                 {product} {command line}
   size_t MaxHeapSize                              = 2147483648                                {product} {command line}
   size_t MaxNewSize                               = 715653120                                 {product} {ergonomic}
   size_t MinHeapDeltaBytes                        = 524288                                    {product} {ergonomic}
   size_t MinHeapSize                              = 104857600                                 {product} {command line}
   size_t NewSize                                  = 34603008                                  {product} {ergonomic}
    uintx NonNMethodCodeHeapSize                   = 5839372                                {pd product} {ergonomic}
    uintx NonProfiledCodeHeapSize                  = 122909434                              {pd product} {ergonomic}
   size_t OldSize                                  = 70254592                                  {product} {ergonomic}
    uintx ProfiledCodeHeapSize                     = 122909434                              {pd product} {ergonomic}
    uintx ReservedCodeCacheSize                    = 251658240                              {pd product} {ergonomic}
     bool SegmentedCodeCache                       = true                                      {product} {ergonomic}
   size_t SoftMaxHeapSize                          = 2147483648                             {manageable} {ergonomic}
     bool UseCompressedOops                        = true                           {product lp64_product} {ergonomic}
     bool UseLargePagesIndividualAllocation        = false                                  {pd product} {ergonomic}
     bool UseParallelGC                            = true                                      {product} {command line}

Logging:
Log output configuration:
 #0: stdout all=off uptime,level,tags foldmultilines=false
 #1: stderr all=off uptime,level,tags foldmultilines=false

Release file:
JAVA_VERSION="21.0.10" 
MODULES="java.base java.compiler java.datatransfer java.xml java.prefs java.desktop java.instrument java.logging java.management java.security.sasl java.naming java.rmi java.management.rmi java.net.http java.scripting java.security.jgss java.transaction.xa java.sql java.sql.rowset java.xml.crypto java.se java.smartcardio jdk.accessibility jdk.internal.jvmstat jdk.attach jdk.charsets jdk.internal.opt jdk.zipfs jdk.compiler jdk.crypto.ec jdk.crypto.cryptoki jdk.crypto.mscapi jdk.dynalink jdk.internal.ed jdk.editpad jdk.hotspot.agent jdk.httpserver jdk.internal.le jdk.internal.vm.ci jdk.internal.vm.compiler jdk.internal.vm.compiler.management jdk.jartool jdk.javadoc jdk.jcmd jdk.management jdk.management.agent jdk.jconsole jdk.jdeps jdk.jdwp.agent jdk.jdi jdk.jfr jdk.jshell jdk.jsobject jdk.jstatd jdk.localedata jdk.management.jfr jdk.naming.dns jdk.naming.rmi jdk.net jdk.nio.mapmode jdk.random jdk.sctp jdk.security.auth jdk.security.jgss jdk.unsupported jdk.unsupported.desktop jdk.xml.dom" 

Environment Variables:
PATH=C:\WINDOWS\system32;C:\WINDOWS;C:\WINDOWS\System32\Wbem;C:\WINDOWS\System32\WindowsPowerShell\v1.0\;C:\WINDOWS\System32\OpenSSH\;D:\flutter\bin\cache\dart-sdk\bin;C:\Program Files\Git\cmd;C:\Program Files\nodejs\;C:\Users\User\AppData\Local\Microsoft\WindowsApps;C:\Users\User\AppData\Local\Programs\Microsoft VS Code\bin;D:\flutter\bin;C:\Users\User\AppData\Roaming\npm;C:\Users\User\AppData\Local\Programs\cursor\resources\app\bin
USERNAME=User
OS=Windows_NT
PROCESSOR_IDENTIFIER=Intel64 Family 6 Model 165 Stepping 3, GenuineIntel
TMP=C:\Users\User\AppData\Local\Temp
TEMP=C:\Users\User\AppData\Local\Temp




Periodic native trim disabled

---------------  S Y S T E M  ---------------

OS:
 Windows 11 , 64 bit Build 26100 (10.0.26100.8246)
OS uptime: 0 days 1:48 hours

CPU: total 12 (initial active 12) (6 cores per cpu, 2 threads per core) family 6 model 165 stepping 3 microcode 0xf0, cx8, cmov, fxsr, ht, mmx, 3dnowpref, sse, sse2, sse3, ssse3, sse4.1, sse4.2, popcnt, lzcnt, tsc, tscinvbit, avx, avx2, aes, erms, clmul, bmi1, bmi2, adx, fma, vzeroupper, clflush, clflushopt, rdtscp, f16c
Processor Information for the first 12 processors :
  Max Mhz: 2904, Current Mhz: 2904, Mhz Limit: 2904

Memory: 4k page, system-wide physical 8030M (787M free)
TotalPageFile size 20865M (AvailPageFile size 615M)
current process WorkingSet (physical memory assigned to process): 353M, peak: 408M
current process commit charge ("private bytes"): 577M, peak: 626M

vm_info: OpenJDK 64-Bit Server VM (21.0.10+7-LTS) for windows-amd64 JRE (21.0.10+7-LTS), built on 2026-01-20T00:00:00Z by "admin" with MS VC++ 17.12 (VS2022)

END.
