#
# There is insufficient memory for the Java Runtime Environment to continue.
# Native memory allocation (malloc) failed to allocate 992416 bytes. Error detail: Chunk::new
# Possible reasons:
#   The system is out of physical RAM or swap space
#   This process is running with CompressedOops enabled, and the Java Heap may be blocking the growth of the native heap
# Possible solutions:
#   Reduce memory load on the system
#   Increase physical memory or swap space
#   Check if swap backing store is full
#   Decrease Java heap size (-Xmx/-Xms)
#   Decrease number of Java threads
#   Decrease Java thread stack sizes (-Xss)
#   Set larger code cache with -XX:ReservedCodeCacheSize=
#   JVM is running with Unscaled Compressed Oops mode in which the Java heap is
#     placed in the first 4GB address space. The Java Heap base address is the
#     maximum limit for the native heap growth. Please use -XX:HeapBaseMinAddress
#     to set the Java Heap base and to place the Java Heap above 4GB virtual address.
# This output file may be truncated or incomplete.
#
#  Out of Memory Error (arena.cpp:168), pid=17968, tid=18148
#
# JRE version: OpenJDK Runtime Environment Temurin-21.0.10+7 (21.0.10+7) (build 21.0.10+7-LTS)
# Java VM: OpenJDK 64-Bit Server VM Temurin-21.0.10+7 (21.0.10+7-LTS, mixed mode, sharing, tiered, compressed oops, compressed class ptrs, g1 gc, windows-amd64)
# No core dump will be written. Minidumps are not enabled by default on client versions of Windows
#

---------------  S U M M A R Y ------------

Command Line: --add-opens=java.base/java.lang=ALL-UNNAMED --add-opens=java.base/java.lang.invoke=ALL-UNNAMED --add-opens=java.base/java.util=ALL-UNNAMED --add-opens=java.prefs/java.util.prefs=ALL-UNNAMED --add-exports=jdk.compiler/com.sun.tools.javac.api=ALL-UNNAMED --add-exports=jdk.compiler/com.sun.tools.javac.util=ALL-UNNAMED --add-opens=java.base/java.util=ALL-UNNAMED --add-opens=java.prefs/java.util.prefs=ALL-UNNAMED --add-opens=java.base/java.nio.charset=ALL-UNNAMED --add-opens=java.base/java.net=ALL-UNNAMED --add-opens=java.base/java.util.concurrent.atomic=ALL-UNNAMED --add-opens=java.xml/javax.xml.namespace=ALL-UNNAMED -Xmx2048m -Dfile.encoding=UTF-8 -Duser.country=US -Duser.language=en -Duser.variant -javaagent:C:\Users\User\.gradle\wrapper\dists\gradle-8.11.1-bin\bpt9gzteqjrbo1mjrsomdt32c\gradle-8.11.1\lib\agents\gradle-instrumentation-agent-8.11.1.jar org.gradle.launcher.daemon.bootstrap.GradleDaemon 8.11.1

Host: Intel(R) Core(TM) i5-10400 CPU @ 2.90GHz, 12 cores, 7G,  Windows 11 , 64 bit Build 26100 (10.0.26100.8246)
Time: Fri May 15 15:28:41 2026 Bangladesh Standard Time elapsed time: 16.182292 seconds (0d 0h 0m 16s)

---------------  T H R E A D  ---------------

Current thread (0x0000029c6e3149b0):  JavaThread "C2 CompilerThread0" daemon [_thread_in_native, id=18148, stack(0x000000f92b700000,0x000000f92b800000) (1024K)]


Current CompileTask:
C2:16182 6202   !   4       java.net.URLClassLoader::findClass (47 bytes)

Stack: [0x000000f92b700000,0x000000f92b800000]
Native frames: (J=compiled Java code, j=interpreted, Vv=VM code, C=native code)
V  [jvm.dll+0x6d7a39]
V  [jvm.dll+0x8b4b26]
V  [jvm.dll+0x8b70de]
V  [jvm.dll+0x8b77c3]
V  [jvm.dll+0x284346]
V  [jvm.dll+0xc66ed]
V  [jvm.dll+0xc6c31]
V  [jvm.dll+0x2fb29e]
V  [jvm.dll+0x5fe884]
V  [jvm.dll+0x255b17]
V  [jvm.dll+0x255edd]
V  [jvm.dll+0x24e500]
V  [jvm.dll+0x24ba42]
V  [jvm.dll+0x1cb34e]
V  [jvm.dll+0x25b85d]
V  [jvm.dll+0x259dea]
V  [jvm.dll+0x3f857e]
V  [jvm.dll+0x85f59d]
V  [jvm.dll+0x6d626d]
C  [ucrtbase.dll+0x37b0]
C  [KERNEL32.DLL+0x2e8d7]
C  [ntdll.dll+0x8c3fc]


---------------  P R O C E S S  ---------------

Threads class SMR info:
_java_thread_list=0x0000029c775d4750, length=45, elements={
0x0000029c5675d110, 0x0000029c6e3031d0, 0x0000029c6e306960, 0x0000029c6e3073c0,
0x0000029c6e309e30, 0x0000029c6e30b030, 0x0000029c6e30c8e0, 0x0000029c6e3149b0,
0x0000029c6e317bd0, 0x0000029c6e5de530, 0x0000029c6e625ac0, 0x0000029c7423db70,
0x0000029c74363ec0, 0x0000029c741df920, 0x0000029c741c6b10, 0x0000029c741ce760,
0x0000029c742df8d0, 0x0000029c742df240, 0x0000029c742dff60, 0x0000029c742dde90,
0x0000029c742debb0, 0x0000029c742e05f0, 0x0000029c742e0c80, 0x0000029c742e1310,
0x0000029c742de520, 0x0000029c75e10e90, 0x0000029c75e12240, 0x0000029c75e0fae0,
0x0000029c75e11520, 0x0000029c75e135f0, 0x0000029c75e12f60, 0x0000029c75e11bb0,
0x0000029c75e15030, 0x0000029c75e14310, 0x0000029c75e156c0, 0x0000029c75e13c80,
0x0000029c75e15d50, 0x0000029c75e149a0, 0x0000029c75e163e0, 0x0000029c75e16a70,
0x0000029c75e17100, 0x0000029c775bae60, 0x0000029c775b8d90, 0x0000029c775ba140,
0x0000029c775ba7d0
}

Java Threads: ( => current thread )
  0x0000029c5675d110 JavaThread "main"                              [_thread_blocked, id=18080, stack(0x000000f92a900000,0x000000f92aa00000) (1024K)]
  0x0000029c6e3031d0 JavaThread "Reference Handler"          daemon [_thread_blocked, id=18124, stack(0x000000f92b100000,0x000000f92b200000) (1024K)]
  0x0000029c6e306960 JavaThread "Finalizer"                  daemon [_thread_blocked, id=18128, stack(0x000000f92b200000,0x000000f92b300000) (1024K)]
  0x0000029c6e3073c0 JavaThread "Signal Dispatcher"          daemon [_thread_blocked, id=18132, stack(0x000000f92b300000,0x000000f92b400000) (1024K)]
  0x0000029c6e309e30 JavaThread "Attach Listener"            daemon [_thread_blocked, id=18136, stack(0x000000f92b400000,0x000000f92b500000) (1024K)]
  0x0000029c6e30b030 JavaThread "Service Thread"             daemon [_thread_blocked, id=18140, stack(0x000000f92b500000,0x000000f92b600000) (1024K)]
  0x0000029c6e30c8e0 JavaThread "Monitor Deflation Thread"   daemon [_thread_blocked, id=18144, stack(0x000000f92b600000,0x000000f92b700000) (1024K)]
=>0x0000029c6e3149b0 JavaThread "C2 CompilerThread0"         daemon [_thread_in_native, id=18148, stack(0x000000f92b700000,0x000000f92b800000) (1024K)]
  0x0000029c6e317bd0 JavaThread "C1 CompilerThread0"         daemon [_thread_blocked, id=18152, stack(0x000000f92b800000,0x000000f92b900000) (1024K)]
  0x0000029c6e5de530 JavaThread "Common-Cleaner"             daemon [_thread_blocked, id=18172, stack(0x000000f92b900000,0x000000f92ba00000) (1024K)]
  0x0000029c6e625ac0 JavaThread "Notification Thread"        daemon [_thread_blocked, id=18212, stack(0x000000f92ba00000,0x000000f92bb00000) (1024K)]
  0x0000029c7423db70 JavaThread "Daemon health stats"               [_thread_blocked, id=18424, stack(0x000000f92c100000,0x000000f92c200000) (1024K)]
  0x0000029c74363ec0 JavaThread "Incoming local TCP Connector on port 50739"        [_thread_in_native, id=18428, stack(0x000000f92c200000,0x000000f92c300000) (1024K)]
  0x0000029c741df920 JavaThread "Daemon periodic checks"            [_thread_in_vm, id=8768, stack(0x000000f92c300000,0x000000f92c400000) (1024K)]
  0x0000029c741c6b10 JavaThread "Daemon"                            [_thread_blocked, id=9160, stack(0x000000f92c400000,0x000000f92c500000) (1024K)]
  0x0000029c741ce760 JavaThread "Handler for socket connection from /127.0.0.1:50739 to /127.0.0.1:50740"        [_thread_in_native, id=6332, stack(0x000000f92c500000,0x000000f92c600000) (1024K)]
  0x0000029c742df8d0 JavaThread "Cancel handler"                    [_thread_blocked, id=10640, stack(0x000000f92c600000,0x000000f92c700000) (1024K)]
  0x0000029c742df240 JavaThread "Daemon worker"                     [_thread_blocked, id=6048, stack(0x000000f92c700000,0x000000f92c800000) (1024K)]
  0x0000029c742dff60 JavaThread "Asynchronous log dispatcher for DefaultDaemonConnection: socket connection from /127.0.0.1:50739 to /127.0.0.1:50740"        [_thread_blocked, id=7084, stack(0x000000f92c800000,0x000000f92c900000) (1024K)]
  0x0000029c742dde90 JavaThread "Stdin handler"                     [_thread_blocked, id=2928, stack(0x000000f92c900000,0x000000f92ca00000) (1024K)]
  0x0000029c742debb0 JavaThread "Daemon client event forwarder"        [_thread_blocked, id=15864, stack(0x000000f92ca00000,0x000000f92cb00000) (1024K)]
  0x0000029c742e05f0 JavaThread "Cache worker for journal cache (C:\Users\User\.gradle\caches\journal-1)"        [_thread_blocked, id=5880, stack(0x000000f92cb00000,0x000000f92cc00000) (1024K)]
  0x0000029c742e0c80 JavaThread "File lock request listener"        [_thread_in_native, id=4012, stack(0x000000f92cc00000,0x000000f92cd00000) (1024K)]
  0x0000029c742e1310 JavaThread "Cache worker for file hash cache (C:\Users\User\.gradle\caches\8.11.1\fileHashes)"        [_thread_blocked, id=17156, stack(0x000000f92cd00000,0x000000f92ce00000) (1024K)]
  0x0000029c742de520 JavaThread "File lock release action executor"        [_thread_blocked, id=6204, stack(0x000000f92ce00000,0x000000f92cf00000) (1024K)]
  0x0000029c75e10e90 JavaThread "Cache worker for file content cache (C:\Users\User\.gradle\caches\8.11.1\fileContent)"        [_thread_blocked, id=17304, stack(0x000000f92d200000,0x000000f92d300000) (1024K)]
  0x0000029c75e12240 JavaThread "Cache worker for file hash cache (C:\Users\User\Desktop\BMITracker\.gradle\8.11.1\fileHashes)"        [_thread_blocked, id=1328, stack(0x000000f92d500000,0x000000f92d600000) (1024K)]
  0x0000029c75e0fae0 JavaThread "Cache worker for Build Output Cleanup Cache (C:\Users\User\Desktop\BMITracker\.gradle\buildOutputCleanup)"        [_thread_blocked, id=9904, stack(0x000000f92d600000,0x000000f92d700000) (1024K)]
  0x0000029c75e11520 JavaThread "File watcher server"        daemon [_thread_in_native, id=7916, stack(0x000000f92d700000,0x000000f92d800000) (1024K)]
  0x0000029c75e135f0 JavaThread "File watcher consumer"      daemon [_thread_blocked, id=1960, stack(0x000000f92d800000,0x000000f92d900000) (1024K)]
  0x0000029c75e12f60 JavaThread "jar transforms"                    [_thread_blocked, id=6536, stack(0x000000f92d900000,0x000000f92da00000) (1024K)]
  0x0000029c75e11bb0 JavaThread "jar transforms Thread 2"           [_thread_blocked, id=12452, stack(0x000000f92da00000,0x000000f92db00000) (1024K)]
  0x0000029c75e15030 JavaThread "jar transforms Thread 3"           [_thread_blocked, id=10484, stack(0x000000f92db00000,0x000000f92dc00000) (1024K)]
  0x0000029c75e14310 JavaThread "Cache worker for checksums cache (C:\Users\User\Desktop\BMITracker\.gradle\8.11.1\checksums)"        [_thread_blocked, id=17228, stack(0x000000f92dc00000,0x000000f92dd00000) (1024K)]
  0x0000029c75e156c0 JavaThread "Cache worker for cache directory md-rule (C:\Users\User\.gradle\caches\8.11.1\md-rule)"        [_thread_blocked, id=18028, stack(0x000000f92dd00000,0x000000f92de00000) (1024K)]
  0x0000029c75e13c80 JavaThread "Cache worker for cache directory md-supplier (C:\Users\User\.gradle\caches\8.11.1\md-supplier)"        [_thread_blocked, id=18048, stack(0x000000f92de00000,0x000000f92df00000) (1024K)]
  0x0000029c75e15d50 JavaThread "jar transforms Thread 4"           [_thread_blocked, id=18176, stack(0x000000f92df00000,0x000000f92e000000) (1024K)]
  0x0000029c75e149a0 JavaThread "jar transforms Thread 5"           [_thread_blocked, id=17908, stack(0x000000f92e000000,0x000000f92e100000) (1024K)]
  0x0000029c75e163e0 JavaThread "jar transforms Thread 6"           [_thread_blocked, id=5964, stack(0x000000f92e100000,0x000000f92e200000) (1024K)]
  0x0000029c75e16a70 JavaThread "jar transforms Thread 7"           [_thread_blocked, id=17112, stack(0x000000f92e200000,0x000000f92e300000) (1024K)]
  0x0000029c75e17100 JavaThread "jar transforms Thread 8"           [_thread_blocked, id=16832, stack(0x000000f92e300000,0x000000f92e400000) (1024K)]
  0x0000029c775bae60 JavaThread "jar transforms Thread 9"           [_thread_blocked, id=16452, stack(0x000000f92e400000,0x000000f92e500000) (1024K)]
  0x0000029c775b8d90 JavaThread "jar transforms Thread 10"          [_thread_blocked, id=16684, stack(0x000000f92e500000,0x000000f92e600000) (1024K)]
  0x0000029c775ba140 JavaThread "jar transforms Thread 11"          [_thread_blocked, id=16488, stack(0x000000f92e600000,0x000000f92e700000) (1024K)]
  0x0000029c775ba7d0 JavaThread "jar transforms Thread 12"          [_thread_blocked, id=8360, stack(0x000000f92e700000,0x000000f92e800000) (1024K)]
Total: 45

Other Threads:
  0x0000029c6e2def50 VMThread "VM Thread"                           [id=18116, stack(0x000000f92b000000,0x000000f92b100000) (1024K)]
  0x0000029c6e2cd890 WatcherThread "VM Periodic Task Thread"        [id=18112, stack(0x000000f92af00000,0x000000f92b000000) (1024K)]
  0x0000029c567b6a60 WorkerThread "GC Thread#0"                     [id=18088, stack(0x000000f92aa00000,0x000000f92ab00000) (1024K)]
  0x0000029c6ea9d420 WorkerThread "GC Thread#1"                     [id=18296, stack(0x000000f92bb00000,0x000000f92bc00000) (1024K)]
  0x0000029c6ea5c780 WorkerThread "GC Thread#2"                     [id=18300, stack(0x000000f92bc00000,0x000000f92bd00000) (1024K)]
  0x0000029c73392390 WorkerThread "GC Thread#3"                     [id=18388, stack(0x000000f92bd00000,0x000000f92be00000) (1024K)]
  0x0000029c73392740 WorkerThread "GC Thread#4"                     [id=18392, stack(0x000000f92be00000,0x000000f92bf00000) (1024K)]
  0x0000029c7318a940 WorkerThread "GC Thread#5"                     [id=18412, stack(0x000000f92bf00000,0x000000f92c000000) (1024K)]
  0x0000029c7432a800 WorkerThread "GC Thread#6"                     [id=18416, stack(0x000000f92c000000,0x000000f92c100000) (1024K)]
  0x0000029c75873a80 WorkerThread "GC Thread#7"                     [id=2216, stack(0x000000f92cf00000,0x000000f92d000000) (1024K)]
  0x0000029c75872810 WorkerThread "GC Thread#8"                     [id=15384, stack(0x000000f92d000000,0x000000f92d100000) (1024K)]
  0x0000029c75872460 WorkerThread "GC Thread#9"                     [id=16500, stack(0x000000f92d100000,0x000000f92d200000) (1024K)]
  0x0000029c567c7960 ConcurrentGCThread "G1 Main Marker"            [id=18092, stack(0x000000f92ab00000,0x000000f92ac00000) (1024K)]
  0x0000029c567c8380 WorkerThread "G1 Conc#0"                       [id=18096, stack(0x000000f92ac00000,0x000000f92ad00000) (1024K)]
  0x0000029c748fe830 WorkerThread "G1 Conc#1"                       [id=16528, stack(0x000000f92d300000,0x000000f92d400000) (1024K)]
  0x0000029c748fd210 WorkerThread "G1 Conc#2"                       [id=13648, stack(0x000000f92d400000,0x000000f92d500000) (1024K)]
  0x0000029c6e19f160 ConcurrentGCThread "G1 Refine#0"               [id=18100, stack(0x000000f92ad00000,0x000000f92ae00000) (1024K)]
  0x0000029c6e19f990 ConcurrentGCThread "G1 Service"                [id=18104, stack(0x000000f92ae00000,0x000000f92af00000) (1024K)]
Total: 18

Threads with active compile tasks:
C2 CompilerThread0  16205 6202   !   4       java.net.URLClassLoader::findClass (47 bytes)
Total: 1

VM state: not at safepoint (normal execution)

VM Mutex/Monitor currently owned by a thread: None

Heap address: 0x0000000080000000, size: 2048 MB, Compressed Oops mode: 32-bit

CDS archive(s) mapped at: [0x0000029c00000000-0x0000029c00ba0000-0x0000029c00ba0000), size 12189696, SharedBaseAddress: 0x0000029c00000000, ArchiveRelocationMode: 1.
Compressed class space mapped at: 0x0000029c01000000-0x0000029c41000000, reserved size: 1073741824
Narrow klass base: 0x0000029c00000000, Narrow klass shift: 0, Narrow klass range: 0x100000000

GC Precious Log:
 CardTable entry size: 512
 Card Set container configuration: InlinePtr #cards 5 size 8 Array Of Cards #cards 12 size 40 Howl #buckets 4 coarsen threshold 1843 Howl Bitmap #cards 512 size 80 coarsen threshold 460 Card regions per heap region 1 cards per card region 2048
 CPUs: 12 total, 12 available
 Memory: 8030M
 Large Page Support: Disabled
 NUMA Support: Disabled
 Compressed Oops: Enabled (32-bit)
 Heap Region Size: 1M
 Heap Min Capacity: 8M
 Heap Initial Capacity: 126M
 Heap Max Capacity: 2G
 Pre-touch: Disabled
 Parallel Workers: 10
 Concurrent Workers: 3
 Concurrent Refinement Workers: 10
 Periodic GC: Disabled

Heap:
 garbage-first heap   total 113664K, used 83251K [0x0000000080000000, 0x0000000100000000)
  region size 1024K, 45 young (46080K), 5 survivors (5120K)
 Metaspace       used 56562K, committed 58304K, reserved 1114112K
  class space    used 8189K, committed 9024K, reserved 1048576K

Heap Regions: E=young(eden), S=young(survivor), O=old, HS=humongous(starts), HC=humongous(continues), CS=collection set, F=free, TAMS=top-at-mark-start, PB=parsable bottom
|   0|0x0000000080000000, 0x0000000080100000, 0x0000000080100000|100%| O|  |TAMS 0x0000000080000000| PB 0x0000000080000000| Untracked 
|   1|0x0000000080100000, 0x0000000080200000, 0x0000000080200000|100%|HS|  |TAMS 0x0000000080100000| PB 0x0000000080100000| Complete 
|   2|0x0000000080200000, 0x0000000080300000, 0x0000000080300000|100%|HC|  |TAMS 0x0000000080200000| PB 0x0000000080200000| Complete 
|   3|0x0000000080300000, 0x0000000080400000, 0x0000000080400000|100%|HC|  |TAMS 0x0000000080300000| PB 0x0000000080300000| Complete 
|   4|0x0000000080400000, 0x0000000080500000, 0x0000000080500000|100%| O|  |TAMS 0x0000000080400000| PB 0x0000000080400000| Untracked 
|   5|0x0000000080500000, 0x0000000080600000, 0x0000000080600000|100%| O|  |TAMS 0x0000000080500000| PB 0x0000000080500000| Untracked 
|   6|0x0000000080600000, 0x0000000080700000, 0x0000000080700000|100%| O|  |TAMS 0x0000000080600000| PB 0x0000000080600000| Untracked 
|   7|0x0000000080700000, 0x0000000080800000, 0x0000000080800000|100%|HS|  |TAMS 0x0000000080700000| PB 0x0000000080700000| Complete 
|   8|0x0000000080800000, 0x0000000080900000, 0x0000000080900000|100%| O|  |TAMS 0x0000000080800000| PB 0x0000000080800000| Untracked 
|   9|0x0000000080900000, 0x0000000080a00000, 0x0000000080a00000|100%| O|  |TAMS 0x0000000080900000| PB 0x0000000080900000| Untracked 
|  10|0x0000000080a00000, 0x0000000080b00000, 0x0000000080b00000|100%| O|  |TAMS 0x0000000080a00000| PB 0x0000000080a00000| Untracked 
|  11|0x0000000080b00000, 0x0000000080c00000, 0x0000000080c00000|100%| O|  |TAMS 0x0000000080b00000| PB 0x0000000080b00000| Untracked 
|  12|0x0000000080c00000, 0x0000000080d00000, 0x0000000080d00000|100%| O|  |TAMS 0x0000000080c00000| PB 0x0000000080c00000| Untracked 
|  13|0x0000000080d00000, 0x0000000080e00000, 0x0000000080e00000|100%| O|  |TAMS 0x0000000080d00000| PB 0x0000000080d00000| Untracked 
|  14|0x0000000080e00000, 0x0000000080f00000, 0x0000000080f00000|100%| O|  |TAMS 0x0000000080e00000| PB 0x0000000080e00000| Untracked 
|  15|0x0000000080f00000, 0x0000000081000000, 0x0000000081000000|100%| O|  |TAMS 0x0000000080f00000| PB 0x0000000080f00000| Untracked 
|  16|0x0000000081000000, 0x0000000081100000, 0x0000000081100000|100%| O|  |TAMS 0x0000000081000000| PB 0x0000000081000000| Untracked 
|  17|0x0000000081100000, 0x0000000081200000, 0x0000000081200000|100%| O|  |TAMS 0x0000000081100000| PB 0x0000000081100000| Untracked 
|  18|0x0000000081200000, 0x0000000081300000, 0x0000000081300000|100%| O|  |TAMS 0x0000000081200000| PB 0x0000000081200000| Untracked 
|  19|0x0000000081300000, 0x0000000081400000, 0x0000000081400000|100%| O|  |TAMS 0x0000000081300000| PB 0x0000000081300000| Untracked 
|  20|0x0000000081400000, 0x0000000081500000, 0x0000000081500000|100%| O|  |TAMS 0x0000000081400000| PB 0x0000000081400000| Untracked 
|  21|0x0000000081500000, 0x0000000081600000, 0x0000000081600000|100%| O|  |TAMS 0x0000000081500000| PB 0x0000000081500000| Untracked 
|  22|0x0000000081600000, 0x0000000081700000, 0x0000000081700000|100%| O|  |TAMS 0x0000000081600000| PB 0x0000000081600000| Untracked 
|  23|0x0000000081700000, 0x0000000081700000, 0x0000000081800000|  0%| F|  |TAMS 0x0000000081700000| PB 0x0000000081700000| Untracked 
|  24|0x0000000081800000, 0x0000000081900000, 0x0000000081900000|100%| O|  |TAMS 0x0000000081800000| PB 0x0000000081800000| Untracked 
|  25|0x0000000081900000, 0x0000000081a00000, 0x0000000081a00000|100%| O|  |TAMS 0x0000000081900000| PB 0x0000000081900000| Untracked 
|  26|0x0000000081a00000, 0x0000000081b00000, 0x0000000081b00000|100%| O|  |TAMS 0x0000000081a00000| PB 0x0000000081a00000| Untracked 
|  27|0x0000000081b00000, 0x0000000081c00000, 0x0000000081c00000|100%| O|  |TAMS 0x0000000081b00000| PB 0x0000000081b00000| Untracked 
|  28|0x0000000081c00000, 0x0000000081d00000, 0x0000000081d00000|100%| O|  |TAMS 0x0000000081c00000| PB 0x0000000081c00000| Untracked 
|  29|0x0000000081d00000, 0x0000000081d00000, 0x0000000081e00000|  0%| F|  |TAMS 0x0000000081d00000| PB 0x0000000081d00000| Untracked 
|  30|0x0000000081e00000, 0x0000000081e00000, 0x0000000081f00000|  0%| F|  |TAMS 0x0000000081e00000| PB 0x0000000081e00000| Untracked 
|  31|0x0000000081f00000, 0x0000000081f00000, 0x0000000082000000|  0%| F|  |TAMS 0x0000000081f00000| PB 0x0000000081f00000| Untracked 
|  32|0x0000000082000000, 0x0000000082000000, 0x0000000082100000|  0%| F|  |TAMS 0x0000000082000000| PB 0x0000000082000000| Untracked 
|  33|0x0000000082100000, 0x0000000082100000, 0x0000000082200000|  0%| F|  |TAMS 0x0000000082100000| PB 0x0000000082100000| Untracked 
|  34|0x0000000082200000, 0x0000000082200000, 0x0000000082300000|  0%| F|  |TAMS 0x0000000082200000| PB 0x0000000082200000| Untracked 
|  35|0x0000000082300000, 0x0000000082300000, 0x0000000082400000|  0%| F|  |TAMS 0x0000000082300000| PB 0x0000000082300000| Untracked 
|  36|0x0000000082400000, 0x0000000082400000, 0x0000000082500000|  0%| F|  |TAMS 0x0000000082400000| PB 0x0000000082400000| Untracked 
|  37|0x0000000082500000, 0x0000000082500000, 0x0000000082600000|  0%| F|  |TAMS 0x0000000082500000| PB 0x0000000082500000| Untracked 
|  38|0x0000000082600000, 0x0000000082700000, 0x0000000082700000|100%| O|  |TAMS 0x0000000082600000| PB 0x0000000082600000| Untracked 
|  39|0x0000000082700000, 0x0000000082800000, 0x0000000082800000|100%| O|  |TAMS 0x0000000082700000| PB 0x0000000082700000| Untracked 
|  40|0x0000000082800000, 0x00000000828f3600, 0x0000000082900000| 95%| O|  |TAMS 0x0000000082800000| PB 0x0000000082800000| Untracked 
|  41|0x0000000082900000, 0x0000000082900000, 0x0000000082a00000|  0%| F|  |TAMS 0x0000000082900000| PB 0x0000000082900000| Untracked 
|  42|0x0000000082a00000, 0x0000000082a598b0, 0x0000000082b00000| 34%| S|CS|TAMS 0x0000000082a00000| PB 0x0000000082a00000| Complete 
|  43|0x0000000082b00000, 0x0000000082c00000, 0x0000000082c00000|100%| S|CS|TAMS 0x0000000082b00000| PB 0x0000000082b00000| Complete 
|  44|0x0000000082c00000, 0x0000000082d00000, 0x0000000082d00000|100%| S|CS|TAMS 0x0000000082c00000| PB 0x0000000082c00000| Complete 
|  45|0x0000000082d00000, 0x0000000082e00000, 0x0000000082e00000|100%| S|CS|TAMS 0x0000000082d00000| PB 0x0000000082d00000| Complete 
|  46|0x0000000082e00000, 0x0000000082f00000, 0x0000000082f00000|100%| S|CS|TAMS 0x0000000082e00000| PB 0x0000000082e00000| Complete 
|  47|0x0000000082f00000, 0x0000000082f00000, 0x0000000083000000|  0%| F|  |TAMS 0x0000000082f00000| PB 0x0000000082f00000| Untracked 
|  48|0x0000000083000000, 0x0000000083000000, 0x0000000083100000|  0%| F|  |TAMS 0x0000000083000000| PB 0x0000000083000000| Untracked 
|  49|0x0000000083100000, 0x0000000083100000, 0x0000000083200000|  0%| F|  |TAMS 0x0000000083100000| PB 0x0000000083100000| Untracked 
|  50|0x0000000083200000, 0x0000000083200000, 0x0000000083300000|  0%| F|  |TAMS 0x0000000083200000| PB 0x0000000083200000| Untracked 
|  51|0x0000000083300000, 0x0000000083300000, 0x0000000083400000|  0%| F|  |TAMS 0x0000000083300000| PB 0x0000000083300000| Untracked 
|  52|0x0000000083400000, 0x0000000083400000, 0x0000000083500000|  0%| F|  |TAMS 0x0000000083400000| PB 0x0000000083400000| Untracked 
|  53|0x0000000083500000, 0x0000000083500000, 0x0000000083600000|  0%| F|  |TAMS 0x0000000083500000| PB 0x0000000083500000| Untracked 
|  54|0x0000000083600000, 0x0000000083600000, 0x0000000083700000|  0%| F|  |TAMS 0x0000000083600000| PB 0x0000000083600000| Untracked 
|  55|0x0000000083700000, 0x0000000083700000, 0x0000000083800000|  0%| F|  |TAMS 0x0000000083700000| PB 0x0000000083700000| Untracked 
|  56|0x0000000083800000, 0x0000000083800000, 0x0000000083900000|  0%| F|  |TAMS 0x0000000083800000| PB 0x0000000083800000| Untracked 
|  57|0x0000000083900000, 0x0000000083900000, 0x0000000083a00000|  0%| F|  |TAMS 0x0000000083900000| PB 0x0000000083900000| Untracked 
|  58|0x0000000083a00000, 0x0000000083a00000, 0x0000000083b00000|  0%| F|  |TAMS 0x0000000083a00000| PB 0x0000000083a00000| Untracked 
|  59|0x0000000083b00000, 0x0000000083b00000, 0x0000000083c00000|  0%| F|  |TAMS 0x0000000083b00000| PB 0x0000000083b00000| Untracked 
|  60|0x0000000083c00000, 0x0000000083c00000, 0x0000000083d00000|  0%| F|  |TAMS 0x0000000083c00000| PB 0x0000000083c00000| Untracked 
|  61|0x0000000083d00000, 0x0000000083d00000, 0x0000000083e00000|  0%| F|  |TAMS 0x0000000083d00000| PB 0x0000000083d00000| Untracked 
|  62|0x0000000083e00000, 0x0000000083e00000, 0x0000000083f00000|  0%| F|  |TAMS 0x0000000083e00000| PB 0x0000000083e00000| Untracked 
|  63|0x0000000083f00000, 0x0000000083f00000, 0x0000000084000000|  0%| F|  |TAMS 0x0000000083f00000| PB 0x0000000083f00000| Untracked 
|  64|0x0000000084000000, 0x0000000084046f28, 0x0000000084100000| 27%| E|  |TAMS 0x0000000084000000| PB 0x0000000084000000| Complete 
|  65|0x0000000084100000, 0x0000000084200000, 0x0000000084200000|100%| E|CS|TAMS 0x0000000084100000| PB 0x0000000084100000| Complete 
|  66|0x0000000084200000, 0x0000000084300000, 0x0000000084300000|100%| E|CS|TAMS 0x0000000084200000| PB 0x0000000084200000| Complete 
|  67|0x0000000084300000, 0x0000000084400000, 0x0000000084400000|100%| E|CS|TAMS 0x0000000084300000| PB 0x0000000084300000| Complete 
|  68|0x0000000084400000, 0x0000000084500000, 0x0000000084500000|100%| E|CS|TAMS 0x0000000084400000| PB 0x0000000084400000| Complete 
|  69|0x0000000084500000, 0x0000000084600000, 0x0000000084600000|100%| E|CS|TAMS 0x0000000084500000| PB 0x0000000084500000| Complete 
|  70|0x0000000084600000, 0x0000000084700000, 0x0000000084700000|100%| E|CS|TAMS 0x0000000084600000| PB 0x0000000084600000| Complete 
|  71|0x0000000084700000, 0x0000000084800000, 0x0000000084800000|100%| E|CS|TAMS 0x0000000084700000| PB 0x0000000084700000| Complete 
|  72|0x0000000084800000, 0x0000000084900000, 0x0000000084900000|100%| E|CS|TAMS 0x0000000084800000| PB 0x0000000084800000| Complete 
|  73|0x0000000084900000, 0x0000000084a00000, 0x0000000084a00000|100%| E|CS|TAMS 0x0000000084900000| PB 0x0000000084900000| Complete 
|  74|0x0000000084a00000, 0x0000000084b00000, 0x0000000084b00000|100%| E|CS|TAMS 0x0000000084a00000| PB 0x0000000084a00000| Complete 
|  75|0x0000000084b00000, 0x0000000084c00000, 0x0000000084c00000|100%| E|CS|TAMS 0x0000000084b00000| PB 0x0000000084b00000| Complete 
|  76|0x0000000084c00000, 0x0000000084d00000, 0x0000000084d00000|100%| E|CS|TAMS 0x0000000084c00000| PB 0x0000000084c00000| Complete 
|  77|0x0000000084d00000, 0x0000000084e00000, 0x0000000084e00000|100%| E|CS|TAMS 0x0000000084d00000| PB 0x0000000084d00000| Complete 
|  78|0x0000000084e00000, 0x0000000084f00000, 0x0000000084f00000|100%| E|CS|TAMS 0x0000000084e00000| PB 0x0000000084e00000| Complete 
|  79|0x0000000084f00000, 0x0000000085000000, 0x0000000085000000|100%| E|CS|TAMS 0x0000000084f00000| PB 0x0000000084f00000| Complete 
|  80|0x0000000085000000, 0x0000000085100000, 0x0000000085100000|100%| E|CS|TAMS 0x0000000085000000| PB 0x0000000085000000| Complete 
|  81|0x0000000085100000, 0x0000000085200000, 0x0000000085200000|100%| E|CS|TAMS 0x0000000085100000| PB 0x0000000085100000| Complete 
|  82|0x0000000085200000, 0x0000000085300000, 0x0000000085300000|100%| E|CS|TAMS 0x0000000085200000| PB 0x0000000085200000| Complete 
|  83|0x0000000085300000, 0x0000000085400000, 0x0000000085400000|100%| E|CS|TAMS 0x0000000085300000| PB 0x0000000085300000| Complete 
|  84|0x0000000085400000, 0x0000000085500000, 0x0000000085500000|100%| E|CS|TAMS 0x0000000085400000| PB 0x0000000085400000| Complete 
|  85|0x0000000085500000, 0x0000000085600000, 0x0000000085600000|100%| E|CS|TAMS 0x0000000085500000| PB 0x0000000085500000| Complete 
|  86|0x0000000085600000, 0x0000000085700000, 0x0000000085700000|100%| E|CS|TAMS 0x0000000085600000| PB 0x0000000085600000| Complete 
|  87|0x0000000085700000, 0x0000000085800000, 0x0000000085800000|100%| E|CS|TAMS 0x0000000085700000| PB 0x0000000085700000| Complete 
|  88|0x0000000085800000, 0x0000000085900000, 0x0000000085900000|100%| E|CS|TAMS 0x0000000085800000| PB 0x0000000085800000| Complete 
|  89|0x0000000085900000, 0x0000000085a00000, 0x0000000085a00000|100%| E|CS|TAMS 0x0000000085900000| PB 0x0000000085900000| Complete 
|  90|0x0000000085a00000, 0x0000000085b00000, 0x0000000085b00000|100%| E|CS|TAMS 0x0000000085a00000| PB 0x0000000085a00000| Complete 
|  91|0x0000000085b00000, 0x0000000085c00000, 0x0000000085c00000|100%| E|CS|TAMS 0x0000000085b00000| PB 0x0000000085b00000| Complete 
|  92|0x0000000085c00000, 0x0000000085d00000, 0x0000000085d00000|100%| E|CS|TAMS 0x0000000085c00000| PB 0x0000000085c00000| Complete 
|  93|0x0000000085d00000, 0x0000000085e00000, 0x0000000085e00000|100%| E|CS|TAMS 0x0000000085d00000| PB 0x0000000085d00000| Complete 
|  94|0x0000000085e00000, 0x0000000085f00000, 0x0000000085f00000|100%| E|CS|TAMS 0x0000000085e00000| PB 0x0000000085e00000| Complete 
|  95|0x0000000085f00000, 0x0000000086000000, 0x0000000086000000|100%| E|CS|TAMS 0x0000000085f00000| PB 0x0000000085f00000| Complete 
|  96|0x0000000086000000, 0x0000000086100000, 0x0000000086100000|100%| E|CS|TAMS 0x0000000086000000| PB 0x0000000086000000| Complete 
|  97|0x0000000086100000, 0x0000000086200000, 0x0000000086200000|100%| E|CS|TAMS 0x0000000086100000| PB 0x0000000086100000| Complete 
|  98|0x0000000086200000, 0x0000000086300000, 0x0000000086300000|100%| E|CS|TAMS 0x0000000086200000| PB 0x0000000086200000| Complete 
| 105|0x0000000086900000, 0x0000000086a00000, 0x0000000086a00000|100%| E|CS|TAMS 0x0000000086900000| PB 0x0000000086900000| Complete 
| 106|0x0000000086a00000, 0x0000000086b00000, 0x0000000086b00000|100%| E|CS|TAMS 0x0000000086a00000| PB 0x0000000086a00000| Complete 
| 107|0x0000000086b00000, 0x0000000086c00000, 0x0000000086c00000|100%| E|CS|TAMS 0x0000000086b00000| PB 0x0000000086b00000| Complete 
| 108|0x0000000086c00000, 0x0000000086d00000, 0x0000000086d00000|100%| E|CS|TAMS 0x0000000086c00000| PB 0x0000000086c00000| Complete 
| 125|0x0000000087d00000, 0x0000000087e00000, 0x0000000087e00000|100%| E|CS|TAMS 0x0000000087d00000| PB 0x0000000087d00000| Complete 
|2041|0x00000000ff900000, 0x00000000ffa00000, 0x00000000ffa00000|100%| O|  |TAMS 0x00000000ff900000| PB 0x00000000ff900000| Untracked 
|2042|0x00000000ffa00000, 0x00000000ffb00000, 0x00000000ffb00000|100%| O|  |TAMS 0x00000000ffa00000| PB 0x00000000ffa00000| Untracked 
|2043|0x00000000ffb00000, 0x00000000ffc00000, 0x00000000ffc00000|100%| O|  |TAMS 0x00000000ffb00000| PB 0x00000000ffb00000| Untracked 
|2044|0x00000000ffc00000, 0x00000000ffd00000, 0x00000000ffd00000|100%| O|  |TAMS 0x00000000ffc00000| PB 0x00000000ffc00000| Untracked 
|2045|0x00000000ffd00000, 0x00000000ffe00000, 0x00000000ffe00000|100%| O|  |TAMS 0x00000000ffd00000| PB 0x00000000ffd00000| Untracked 
|2046|0x00000000ffe00000, 0x00000000fff00000, 0x00000000fff00000|100%| O|  |TAMS 0x00000000ffe00000| PB 0x00000000ffe00000| Untracked 
|2047|0x00000000fff00000, 0x0000000100000000, 0x0000000100000000|100%| O|  |TAMS 0x00000000fff00000| PB 0x00000000fff00000| Untracked 

Card table byte_map: [0x0000029c692b0000,0x0000029c696b0000] _byte_map_base: 0x0000029c68eb0000

Marking Bits: (CMBitMap*) 0x0000029c567b7080
 Bits: [0x0000029c696b0000, 0x0000029c6b6b0000)

Polling page: 0x0000029c549c0000

Metaspace:

Usage:
  Non-class:     47.24 MB used.
      Class:      8.00 MB used.
       Both:     55.24 MB used.

Virtual space:
  Non-class space:       64.00 MB reserved,      48.12 MB ( 75%) committed,  1 nodes.
      Class space:        1.00 GB reserved,       8.81 MB ( <1%) committed,  1 nodes.
             Both:        1.06 GB reserved,      56.94 MB (  5%) committed. 

Chunk freelists:
   Non-Class:  15.38 MB
       Class:  7.00 MB
        Both:  22.38 MB

MaxMetaspaceSize: unlimited
CompressedClassSpaceSize: 1.00 GB
Initial GC threshold: 21.00 MB
Current GC threshold: 59.94 MB
CDS: on
 - commit_granule_bytes: 65536.
 - commit_granule_words: 8192.
 - virtual_space_node_default_size: 8388608.
 - enlarge_chunks_in_place: 1.
 - use_allocation_guard: 0.


Internal statistics:

num_allocs_failed_limit: 12.
num_arena_births: 3124.
num_arena_deaths: 0.
num_vsnodes_births: 2.
num_vsnodes_deaths: 0.
num_space_committed: 911.
num_space_uncommitted: 0.
num_chunks_returned_to_freelist: 12.
num_chunks_taken_from_freelist: 5778.
num_chunk_merges: 9.
num_chunk_splits: 3769.
num_chunks_enlarged: 2311.
num_inconsistent_stats: 0.

CodeHeap 'non-profiled nmethods': size=120000Kb used=2754Kb max_used=2754Kb free=117246Kb
 bounds [0x0000029c61430000, 0x0000029c616f0000, 0x0000029c68960000]
CodeHeap 'profiled nmethods': size=120000Kb used=11197Kb max_used=11197Kb free=108802Kb
 bounds [0x0000029c59960000, 0x0000029c5a450000, 0x0000029c60e90000]
CodeHeap 'non-nmethods': size=5760Kb used=2619Kb max_used=2670Kb free=3140Kb
 bounds [0x0000029c60e90000, 0x0000029c61140000, 0x0000029c61430000]
CodeCache: size=245760Kb, used=16570Kb, max_used=16621Kb, free=229188Kb
 total_blobs=6670, nmethods=5784, adapters=789, full_count=0
Compilation: enabled, stopped_count=0, restarted_count=0

Compilation events (20 events):
Event: 12.040 Thread 0x0000029c6e317bd0 6246       3       sun.misc.Unsafe::compareAndSwapObject (13 bytes)
Event: 12.040 Thread 0x0000029c6e317bd0 nmethod 6246 0x0000029c5a444a10 code [0x0000029c5a444ba0, 0x0000029c5a444d10]
Event: 12.040 Thread 0x0000029c6e317bd0 6245       3       com.google.common.util.concurrent.AbstractFuture::releaseWaiters (30 bytes)
Event: 12.041 Thread 0x0000029c6e317bd0 nmethod 6245 0x0000029c5a444d90 code [0x0000029c5a444fa0, 0x0000029c5a445550]
Event: 12.041 Thread 0x0000029c6e317bd0 6244       3       com.google.common.cache.LocalCache$LoadingValueReference::<init> (6 bytes)
Event: 12.041 Thread 0x0000029c6e317bd0 nmethod 6244 0x0000029c5a445710 code [0x0000029c5a445940, 0x0000029c5a446178]
Event: 12.050 Thread 0x0000029c6e317bd0 6247       3       org.gradle.internal.operations.DefaultBuildOperationRunner::access$300 (4 bytes)
Event: 12.050 Thread 0x0000029c6e317bd0 nmethod 6247 0x0000029c5a446410 code [0x0000029c5a4465a0, 0x0000029c5a446698]
Event: 12.053 Thread 0x0000029c6e3149b0 nmethod 6143 0x0000029c616da690 code [0x0000029c616dab20, 0x0000029c616de538]
Event: 12.053 Thread 0x0000029c6e317bd0 6248       3       org.gradle.internal.service.DefaultServiceRegistry$ConstructorService::<init> (12 bytes)
Event: 12.053 Thread 0x0000029c6e317bd0 nmethod 6248 0x0000029c5a446710 code [0x0000029c5a4468c0, 0x0000029c5a446a00]
Event: 12.053 Thread 0x0000029c6e3149b0 6202   !   4       java.net.URLClassLoader::findClass (47 bytes)
Event: 12.149 Thread 0x0000029c6e317bd0 6249       3       java.util.concurrent.locks.AbstractQueuedSynchronizer$ConditionObject::canReacquire (38 bytes)
Event: 12.149 Thread 0x0000029c6e317bd0 nmethod 6249 0x0000029c5a446b10 code [0x0000029c5a446ce0, 0x0000029c5a447028]
Event: 12.213 Thread 0x0000029c6e317bd0 6250       3       java.lang.Integer::numberOfTrailingZeros (80 bytes)
Event: 12.214 Thread 0x0000029c6e317bd0 nmethod 6250 0x0000029c5a447190 code [0x0000029c5a447340, 0x0000029c5a447578]
Event: 12.214 Thread 0x0000029c6e317bd0 6251       3       java.lang.Long::stringSize (55 bytes)
Event: 12.214 Thread 0x0000029c6e317bd0 nmethod 6251 0x0000029c5a447610 code [0x0000029c5a4477c0, 0x0000029c5a447a28]
Event: 12.214 Thread 0x0000029c6e317bd0 6252       3       java.lang.Long::getChars (195 bytes)
Event: 12.214 Thread 0x0000029c6e317bd0 nmethod 6252 0x0000029c5a447b10 code [0x0000029c5a447d00, 0x0000029c5a448300]

GC Heap History (20 events):
Event: 1.278 GC heap before
{Heap before GC invocations=1 (full 0):
 garbage-first heap   total 129024K, used 40015K [0x0000000080000000, 0x0000000100000000)
  region size 1024K, 37 young (37888K), 3 survivors (3072K)
 Metaspace       used 4369K, committed 4544K, reserved 1114112K
  class space    used 552K, committed 640K, reserved 1048576K
}
Event: 1.288 GC heap after
{Heap after GC invocations=2 (full 0):
 garbage-first heap   total 129024K, used 10879K [0x0000000080000000, 0x0000000100000000)
  region size 1024K, 5 young (5120K), 5 survivors (5120K)
 Metaspace       used 4369K, committed 4544K, reserved 1114112K
  class space    used 552K, committed 640K, reserved 1048576K
}
Event: 1.889 GC heap before
{Heap before GC invocations=2 (full 0):
 garbage-first heap   total 129024K, used 61055K [0x0000000080000000, 0x0000000100000000)
  region size 1024K, 52 young (53248K), 5 survivors (5120K)
 Metaspace       used 5815K, committed 6080K, reserved 1114112K
  class space    used 777K, committed 896K, reserved 1048576K
}
Event: 1.900 GC heap after
{Heap after GC invocations=3 (full 0):
 garbage-first heap   total 129024K, used 17754K [0x0000000080000000, 0x0000000100000000)
  region size 1024K, 6 young (6144K), 6 survivors (6144K)
 Metaspace       used 5815K, committed 6080K, reserved 1114112K
  class space    used 777K, committed 896K, reserved 1048576K
}
Event: 3.650 GC heap before
{Heap before GC invocations=3 (full 0):
 garbage-first heap   total 129024K, used 88410K [0x0000000080000000, 0x0000000100000000)
  region size 1024K, 75 young (76800K), 6 survivors (6144K)
 Metaspace       used 18977K, committed 19584K, reserved 1114112K
  class space    used 2764K, committed 3072K, reserved 1048576K
}
Event: 3.664 GC heap after
{Heap after GC invocations=4 (full 0):
 garbage-first heap   total 129024K, used 23055K [0x0000000080000000, 0x0000000100000000)
  region size 1024K, 10 young (10240K), 10 survivors (10240K)
 Metaspace       used 18977K, committed 19584K, reserved 1114112K
  class space    used 2764K, committed 3072K, reserved 1048576K
}
Event: 3.985 GC heap before
{Heap before GC invocations=4 (full 0):
 garbage-first heap   total 129024K, used 38415K [0x0000000080000000, 0x0000000100000000)
  region size 1024K, 26 young (26624K), 10 survivors (10240K)
 Metaspace       used 20894K, committed 21504K, reserved 1114112K
  class space    used 3096K, committed 3392K, reserved 1048576K
}
Event: 3.999 GC heap after
{Heap after GC invocations=5 (full 0):
 garbage-first heap   total 129024K, used 24834K [0x0000000080000000, 0x0000000100000000)
  region size 1024K, 7 young (7168K), 7 survivors (7168K)
 Metaspace       used 20894K, committed 21504K, reserved 1114112K
  class space    used 3096K, committed 3392K, reserved 1048576K
}
Event: 5.253 GC heap before
{Heap before GC invocations=6 (full 0):
 garbage-first heap   total 86016K, used 84226K [0x0000000080000000, 0x0000000100000000)
  region size 1024K, 66 young (67584K), 7 survivors (7168K)
 Metaspace       used 28449K, committed 29440K, reserved 1114112K
  class space    used 4284K, committed 4736K, reserved 1048576K
}
Event: 5.272 GC heap after
{Heap after GC invocations=7 (full 0):
 garbage-first heap   total 98304K, used 29305K [0x0000000080000000, 0x0000000100000000)
  region size 1024K, 6 young (6144K), 6 survivors (6144K)
 Metaspace       used 28449K, committed 29440K, reserved 1114112K
  class space    used 4284K, committed 4736K, reserved 1048576K
}
Event: 6.808 GC heap before
{Heap before GC invocations=7 (full 0):
 garbage-first heap   total 98304K, used 75385K [0x0000000080000000, 0x0000000100000000)
  region size 1024K, 52 young (53248K), 6 survivors (6144K)
 Metaspace       used 34685K, committed 35968K, reserved 1114112K
  class space    used 5238K, committed 5888K, reserved 1048576K
}
Event: 6.819 GC heap after
{Heap after GC invocations=8 (full 0):
 garbage-first heap   total 118784K, used 32123K [0x0000000080000000, 0x0000000100000000)
  region size 1024K, 4 young (4096K), 4 survivors (4096K)
 Metaspace       used 34685K, committed 35968K, reserved 1114112K
  class space    used 5238K, committed 5888K, reserved 1048576K
}
Event: 6.857 GC heap before
{Heap before GC invocations=8 (full 0):
 garbage-first heap   total 118784K, used 33147K [0x0000000080000000, 0x0000000100000000)
  region size 1024K, 6 young (6144K), 4 survivors (4096K)
 Metaspace       used 35044K, committed 36288K, reserved 1114112K
  class space    used 5259K, committed 5888K, reserved 1048576K
}
Event: 6.862 GC heap after
{Heap after GC invocations=9 (full 0):
 garbage-first heap   total 118784K, used 32179K [0x0000000080000000, 0x0000000100000000)
  region size 1024K, 4 young (4096K), 4 survivors (4096K)
 Metaspace       used 35044K, committed 36288K, reserved 1114112K
  class space    used 5259K, committed 5888K, reserved 1048576K
}
Event: 8.035 GC heap before
{Heap before GC invocations=10 (full 0):
 garbage-first heap   total 112640K, used 99763K [0x0000000080000000, 0x0000000100000000)
  region size 1024K, 66 young (67584K), 4 survivors (4096K)
 Metaspace       used 41569K, committed 43072K, reserved 1114112K
  class space    used 5987K, committed 6720K, reserved 1048576K
}
Event: 8.048 GC heap after
{Heap after GC invocations=11 (full 0):
 garbage-first heap   total 113664K, used 39576K [0x0000000080000000, 0x0000000100000000)
  region size 1024K, 9 young (9216K), 9 survivors (9216K)
 Metaspace       used 41569K, committed 43072K, reserved 1114112K
  class space    used 5987K, committed 6720K, reserved 1048576K
}
Event: 8.777 GC heap before
{Heap before GC invocations=11 (full 0):
 garbage-first heap   total 113664K, used 93848K [0x0000000080000000, 0x0000000100000000)
  region size 1024K, 62 young (63488K), 9 survivors (9216K)
 Metaspace       used 45280K, committed 46912K, reserved 1114112K
  class space    used 6604K, committed 7424K, reserved 1048576K
}
Event: 8.787 GC heap after
{Heap after GC invocations=12 (full 0):
 garbage-first heap   total 113664K, used 41354K [0x0000000080000000, 0x0000000100000000)
  region size 1024K, 3 young (3072K), 3 survivors (3072K)
 Metaspace       used 45280K, committed 46912K, reserved 1114112K
  class space    used 6604K, committed 7424K, reserved 1048576K
}
Event: 10.292 GC heap before
{Heap before GC invocations=12 (full 0):
 garbage-first heap   total 113664K, used 98698K [0x0000000080000000, 0x0000000100000000)
  region size 1024K, 57 young (58368K), 3 survivors (3072K)
 Metaspace       used 53222K, committed 54912K, reserved 1114112K
  class space    used 7643K, committed 8448K, reserved 1048576K
}
Event: 10.299 GC heap after
{Heap after GC invocations=13 (full 0):
 garbage-first heap   total 113664K, used 43315K [0x0000000080000000, 0x0000000100000000)
  region size 1024K, 5 young (5120K), 5 survivors (5120K)
 Metaspace       used 53222K, committed 54912K, reserved 1114112K
  class space    used 7643K, committed 8448K, reserved 1048576K
}

Dll operation events (14 events):
Event: 0.017 Loaded shared library C:\Users\User\.cursor\extensions\redhat.java-1.54.0-win32-x64\jre\21.0.10-win32-x86_64\bin\java.dll
Event: 0.187 Loaded shared library C:\Users\User\.cursor\extensions\redhat.java-1.54.0-win32-x64\jre\21.0.10-win32-x86_64\bin\zip.dll
Event: 0.222 Loaded shared library C:\Users\User\.cursor\extensions\redhat.java-1.54.0-win32-x64\jre\21.0.10-win32-x86_64\bin\instrument.dll
Event: 0.234 Loaded shared library C:\Users\User\.cursor\extensions\redhat.java-1.54.0-win32-x64\jre\21.0.10-win32-x86_64\bin\net.dll
Event: 0.241 Loaded shared library C:\Users\User\.cursor\extensions\redhat.java-1.54.0-win32-x64\jre\21.0.10-win32-x86_64\bin\nio.dll
Event: 0.248 Loaded shared library C:\Users\User\.cursor\extensions\redhat.java-1.54.0-win32-x64\jre\21.0.10-win32-x86_64\bin\zip.dll
Event: 0.539 Loaded shared library C:\Users\User\.cursor\extensions\redhat.java-1.54.0-win32-x64\jre\21.0.10-win32-x86_64\bin\jimage.dll
Event: 0.735 Loaded shared library C:\Users\User\.cursor\extensions\redhat.java-1.54.0-win32-x64\jre\21.0.10-win32-x86_64\bin\verify.dll
Event: 0.847 Loaded shared library C:\Users\User\.gradle\native\c067742578af261105cb4f569cf0c3c89f3d7b1fecec35dd04571415982c5e48\windows-amd64\native-platform.dll
Event: 0.854 Loaded shared library C:\Users\User\.gradle\native\100fb08df4bc3b14c8652ba06237920a3bd2aa13389f12d3474272988ae205f9\windows-amd64\native-platform-file-events.dll
Event: 1.947 Loaded shared library C:\Users\User\.cursor\extensions\redhat.java-1.54.0-win32-x64\jre\21.0.10-win32-x86_64\bin\management.dll
Event: 1.949 Loaded shared library C:\Users\User\.cursor\extensions\redhat.java-1.54.0-win32-x64\jre\21.0.10-win32-x86_64\bin\management_ext.dll
Event: 2.137 Loaded shared library C:\Users\User\.cursor\extensions\redhat.java-1.54.0-win32-x64\jre\21.0.10-win32-x86_64\bin\extnet.dll
Event: 2.303 Loaded shared library C:\Users\User\.cursor\extensions\redhat.java-1.54.0-win32-x64\jre\21.0.10-win32-x86_64\bin\sunmscapi.dll

Deoptimization events (20 events):
Event: 11.935 Thread 0x0000029c742df240 Uncommon trap: trap_request=0xffffffde fr.pc=0x0000029c6160895c relative=0x00000000000053dc
Event: 11.935 Thread 0x0000029c742df240 Uncommon trap: reason=class_check action=maybe_recompile pc=0x0000029c6160895c method=java.net.URLClassLoader.defineClass(Ljava/lang/String;Ljdk/internal/loader/Resource;)Ljava/lang/Class; @ 34 c2
Event: 11.935 Thread 0x0000029c742df240 DEOPT PACKING pc=0x0000029c6160895c sp=0x000000f92c7f84a0
Event: 11.935 Thread 0x0000029c742df240 DEOPT UNPACKING pc=0x0000029c60ee4422 sp=0x000000f92c7f8298 mode 2
Event: 11.935 Thread 0x0000029c742df240 Uncommon trap: trap_request=0xffffff45 fr.pc=0x0000029c616c9460 relative=0x0000000000001960
Event: 11.935 Thread 0x0000029c742df240 Uncommon trap: reason=unstable_if action=reinterpret pc=0x0000029c616c9460 method=java.net.URLClassLoader.getAndVerifyPackage(Ljava/lang/String;Ljava/util/jar/Manifest;Ljava/net/URL;)Ljava/lang/Package; @ 62 c2
Event: 11.935 Thread 0x0000029c742df240 DEOPT PACKING pc=0x0000029c616c9460 sp=0x000000f92c7f8200
Event: 11.935 Thread 0x0000029c742df240 DEOPT UNPACKING pc=0x0000029c60ee4422 sp=0x000000f92c7f8218 mode 2
Event: 11.937 Thread 0x0000029c742df240 Uncommon trap: trap_request=0xffffffde fr.pc=0x0000029c6160895c relative=0x00000000000053dc
Event: 11.937 Thread 0x0000029c742df240 Uncommon trap: reason=class_check action=maybe_recompile pc=0x0000029c6160895c method=java.net.URLClassLoader.defineClass(Ljava/lang/String;Ljdk/internal/loader/Resource;)Ljava/lang/Class; @ 34 c2
Event: 11.937 Thread 0x0000029c742df240 DEOPT PACKING pc=0x0000029c6160895c sp=0x000000f92c7f84a0
Event: 11.937 Thread 0x0000029c742df240 DEOPT UNPACKING pc=0x0000029c60ee4422 sp=0x000000f92c7f8298 mode 2
Event: 11.939 Thread 0x0000029c742df240 Uncommon trap: trap_request=0xffffffde fr.pc=0x0000029c6160895c relative=0x00000000000053dc
Event: 11.939 Thread 0x0000029c742df240 Uncommon trap: reason=class_check action=maybe_recompile pc=0x0000029c6160895c method=java.net.URLClassLoader.defineClass(Ljava/lang/String;Ljdk/internal/loader/Resource;)Ljava/lang/Class; @ 34 c2
Event: 11.939 Thread 0x0000029c742df240 DEOPT PACKING pc=0x0000029c6160895c sp=0x000000f92c7f84a0
Event: 11.939 Thread 0x0000029c742df240 DEOPT UNPACKING pc=0x0000029c60ee4422 sp=0x000000f92c7f8298 mode 2
Event: 12.018 Thread 0x0000029c742df240 Uncommon trap: trap_request=0xffffff45 fr.pc=0x0000029c6168a6bc relative=0x000000000000153c
Event: 12.018 Thread 0x0000029c742df240 Uncommon trap: reason=unstable_if action=reinterpret pc=0x0000029c6168a6bc method=java.util.concurrent.ConcurrentHashMap.computeIfAbsent(Ljava/lang/Object;Ljava/util/function/Function;)Ljava/lang/Object; @ 123 c2
Event: 12.018 Thread 0x0000029c742df240 DEOPT PACKING pc=0x0000029c6168a6bc sp=0x000000f92c7f9bc0
Event: 12.018 Thread 0x0000029c742df240 DEOPT UNPACKING pc=0x0000029c60ee4422 sp=0x000000f92c7f9b50 mode 2

Classes loaded (20 events):
Event: 11.640 Loading class java/util/DualPivotQuicksort done
Event: 11.723 Loading class java/util/function/LongUnaryOperator
Event: 11.723 Loading class java/util/function/LongUnaryOperator done
Event: 11.839 Loading class java/lang/StringBeanInfo
Event: 11.839 Loading class java/lang/StringBeanInfo done
Event: 11.840 Loading class java/lang/StringBeanInfo
Event: 11.840 Loading class java/lang/StringBeanInfo done
Event: 11.840 Loading class java/lang/StringCustomizer
Event: 11.840 Loading class java/lang/StringCustomizer done
Event: 11.840 Loading class java/lang/StringCustomizer
Event: 11.840 Loading class java/lang/StringCustomizer done
Event: 11.847 Loading class java/io/FileBeanInfo
Event: 11.847 Loading class java/io/FileBeanInfo done
Event: 11.848 Loading class java/io/FileBeanInfo
Event: 11.848 Loading class java/io/FileBeanInfo done
Event: 11.848 Loading class java/io/FileCustomizer
Event: 11.848 Loading class java/io/FileCustomizer done
Event: 11.848 Loading class java/io/FileCustomizer
Event: 11.848 Loading class java/io/FileCustomizer done
Event: 12.274 Loading class java/util/concurrent/LinkedBlockingDeque$Itr

Classes unloaded (0 events):
No events

Classes redefined (0 events):
No events

Internal exceptions (20 events):
Event: 11.656 Thread 0x0000029c742df240 Exception <a 'java/lang/ClassNotFoundException'{0x00000000856ee6d0}: org/gradle/api/internal/plugins/DefaultObjectConfigurationActionBeanInfo> (0x00000000856ee6d0) 
thrown [s\src\hotspot\share\classfile\systemDictionary.cpp, line 312]
Event: 11.657 Thread 0x0000029c742df240 Exception <a 'java/lang/ClassNotFoundException'{0x00000000856fa878}: org/gradle/api/internal/plugins/DefaultObjectConfigurationActionCustomizer> (0x00000000856fa878) 
thrown [s\src\hotspot\share\classfile\systemDictionary.cpp, line 312]
Event: 11.700 Thread 0x0000029c742df240 Exception <a 'java/lang/NoSuchMethodError'{0x00000000854a1660}: 'java.lang.Object java.lang.invoke.DirectMethodHandle$Holder.invokeVirtual(java.lang.Object, java.lang.Object, java.lang.Object, java.lang.Object, java.lang.Object, java.lang.Object, java.lang.Object, java.lang.Object, java.lang.Object, java.lang.Object, java.lang.Object, java.lang.Object, java.lang.Object, java.lang.Object, java.lang.Object, java.lang.Object, java.lang.Object)'> (0x00000000854a1660) 
thrown [s\src\hotspot\share\interpreter\li
Event: 11.700 Thread 0x0000029c742df240 Exception <a 'java/lang/NoSuchMethodError'{0x00000000854a7ee8}: 'java.lang.Object java.lang.invoke.DirectMethodHandle$Holder.invokeSpecial(java.lang.Object, java.lang.Object, java.lang.Object, java.lang.Object, java.lang.Object, java.lang.Object, java.lang.Object, java.lang.Object, java.lang.Object, java.lang.Object, java.lang.Object, java.lang.Object, java.lang.Object, java.lang.Object, java.lang.Object, java.lang.Object, java.lang.Object, java.lang.Object)'> (0x00000000854a7ee8) 
thrown [s\src\hotspot\sh
Event: 11.701 Thread 0x0000029c742df240 Exception <a 'java/lang/NoSuchMethodError'{0x00000000854adf70}: 'java.lang.Object java.lang.invoke.DelegatingMethodHandle$Holder.reinvoke_L(java.lang.Object, java.lang.Object, java.lang.Object, java.lang.Object, java.lang.Object, java.lang.Object, java.lang.Object, java.lang.Object, java.lang.Object, java.lang.Object, java.lang.Object, java.lang.Object, java.lang.Object, java.lang.Object, java.lang.Object, java.lang.Object, java.lang.Object)'> (0x00000000854adf70) 
thrown [s\src\hotspot\share\interpreter\l
Event: 11.723 Thread 0x0000029c742df240 Exception <a 'java/lang/NoSuchMethodError'{0x00000000852cca50}: 'long java.lang.invoke.DirectMethodHandle$Holder.invokeStatic(java.lang.Object, long)'> (0x00000000852cca50) 
thrown [s\src\hotspot\share\interpreter\linkResolver.cpp, line 773]
Event: 11.826 Thread 0x0000029c742df240 Exception <a 'java/lang/NoSuchMethodError'{0x0000000084c4bd38}: 'java.lang.Object java.lang.invoke.DirectMethodHandle$Holder.invokeInterface(java.lang.Object, java.lang.Object, int)'> (0x0000000084c4bd38) 
thrown [s\src\hotspot\share\interpreter\linkResolver.cpp, line 773]
Event: 11.840 Thread 0x0000029c742df240 Exception <a 'java/lang/ClassNotFoundException'{0x0000000084bb2d60}: java/lang/StringBeanInfo> (0x0000000084bb2d60) 
thrown [s\src\hotspot\share\classfile\systemDictionary.cpp, line 312]
Event: 11.840 Thread 0x0000029c742df240 Exception <a 'java/lang/ClassNotFoundException'{0x0000000084bbd550}: java/lang/StringCustomizer> (0x0000000084bbd550) 
thrown [s\src\hotspot\share\classfile\systemDictionary.cpp, line 312]
Event: 11.848 Thread 0x0000029c742df240 Exception <a 'java/lang/ClassNotFoundException'{0x0000000084a17840}: java/io/FileBeanInfo> (0x0000000084a17840) 
thrown [s\src\hotspot\share\classfile\systemDictionary.cpp, line 312]
Event: 11.848 Thread 0x0000029c742df240 Exception <a 'java/lang/ClassNotFoundException'{0x0000000084a21f28}: java/io/FileCustomizer> (0x0000000084a21f28) 
thrown [s\src\hotspot\share\classfile\systemDictionary.cpp, line 312]
Event: 11.875 Thread 0x0000029c742df240 Exception <a 'java/lang/ClassNotFoundException'{0x0000000084915578}: org/gradle/plugins/ide/eclipse/model/EclipseModel_DecoratedBeanInfo> (0x0000000084915578) 
thrown [s\src\hotspot\share\classfile\systemDictionary.cpp, line 312]
Event: 11.876 Thread 0x0000029c742df240 Exception <a 'java/lang/ClassNotFoundException'{0x00000000849292c8}: org/gradle/plugins/ide/eclipse/model/EclipseModelBeanInfo> (0x00000000849292c8) 
thrown [s\src\hotspot\share\classfile\systemDictionary.cpp, line 312]
Event: 11.878 Thread 0x0000029c742df240 Exception <a 'java/lang/ClassNotFoundException'{0x000000008493d010}: org/gradle/plugins/ide/eclipse/model/EclipseModelCustomizer> (0x000000008493d010) 
thrown [s\src\hotspot\share\classfile\systemDictionary.cpp, line 312]
Event: 11.882 Thread 0x0000029c742df240 Exception <a 'java/lang/ClassNotFoundException'{0x0000000084966560}: org/gradle/plugins/ide/eclipse/model/EclipseModel_DecoratedCustomizer> (0x0000000084966560) 
thrown [s\src\hotspot\share\classfile\systemDictionary.cpp, line 312]
Event: 11.890 Thread 0x0000029c742df240 Exception <a 'java/lang/ClassNotFoundException'{0x00000000849e8c58}: org/gradle/plugins/ide/eclipse/model/EclipseProject_DecoratedBeanInfo> (0x00000000849e8c58) 
thrown [s\src\hotspot\share\classfile\systemDictionary.cpp, line 312]
Event: 11.891 Thread 0x0000029c742df240 Exception <a 'java/lang/ClassNotFoundException'{0x00000000849fc9d8}: org/gradle/plugins/ide/eclipse/model/EclipseProjectBeanInfo> (0x00000000849fc9d8) 
thrown [s\src\hotspot\share\classfile\systemDictionary.cpp, line 312]
Event: 11.892 Thread 0x0000029c742df240 Exception <a 'java/lang/ClassNotFoundException'{0x00000000848109b8}: org/gradle/plugins/ide/eclipse/model/EclipseProjectCustomizer> (0x00000000848109b8) 
thrown [s\src\hotspot\share\classfile\systemDictionary.cpp, line 312]
Event: 11.894 Thread 0x0000029c742df240 Exception <a 'java/lang/ClassNotFoundException'{0x0000000084840fa0}: org/gradle/plugins/ide/eclipse/model/EclipseProject_DecoratedCustomizer> (0x0000000084840fa0) 
thrown [s\src\hotspot\share\classfile\systemDictionary.cpp, line 312]
Event: 11.922 Thread 0x0000029c742debb0 Exception <a 'java/lang/NoSuchMethodError'{0x0000000084793d38}: static Lorg/gradle/internal/build/event/types/DefaultProjectConfigurationDescriptor;.<clinit>()V> (0x0000000084793d38) 
thrown [s\src\hotspot\share\prims\jni.cpp, line 1111]

ZGC Phase Switch (0 events):
No events

VM Operations (20 events):
Event: 8.531 Executing safepoint VM operation: ICBufferFull done
Event: 8.776 Executing safepoint VM operation: G1CollectForAllocation (G1 Evacuation Pause)
Event: 8.787 Executing safepoint VM operation: G1CollectForAllocation (G1 Evacuation Pause) done
Event: 8.812 Executing non-safepoint VM operation: HandshakeAllThreads (Deoptimize)
Event: 8.812 Executing non-safepoint VM operation: HandshakeAllThreads (Deoptimize) done
Event: 9.826 Executing safepoint VM operation: Cleanup
Event: 9.826 Executing safepoint VM operation: Cleanup done
Event: 10.254 Executing non-safepoint VM operation: HandshakeAllThreads (Deoptimize)
Event: 10.254 Executing non-safepoint VM operation: HandshakeAllThreads (Deoptimize) done
Event: 10.291 Executing safepoint VM operation: G1CollectForAllocation (G1 Evacuation Pause)
Event: 10.299 Executing safepoint VM operation: G1CollectForAllocation (G1 Evacuation Pause) done
Event: 10.414 Executing non-safepoint VM operation: HandshakeAllThreads (Deoptimize)
Event: 10.414 Executing non-safepoint VM operation: HandshakeAllThreads (Deoptimize) done
Event: 11.418 Executing safepoint VM operation: Cleanup
Event: 11.449 Executing safepoint VM operation: Cleanup done
Event: 11.853 Executing non-safepoint VM operation: HandshakeAllThreads (Deoptimize)
Event: 11.853 Executing non-safepoint VM operation: HandshakeAllThreads (Deoptimize) done
Event: 11.859 Executing safepoint VM operation: ICBufferFull
Event: 11.860 Executing safepoint VM operation: ICBufferFull done
Event: 12.866 Executing safepoint VM operation: Cleanup

Memory protections (0 events):
No events

Nmethod flushes (20 events):
Event: 6.886 Thread 0x0000029c6e2def50 flushing  nmethod 0x0000029c59a38190
Event: 6.886 Thread 0x0000029c6e2def50 flushing  nmethod 0x0000029c59aab690
Event: 6.886 Thread 0x0000029c6e2def50 flushing  nmethod 0x0000029c59aacd90
Event: 6.886 Thread 0x0000029c6e2def50 flushing  nmethod 0x0000029c59aad710
Event: 6.886 Thread 0x0000029c6e2def50 flushing  nmethod 0x0000029c59aada90
Event: 6.886 Thread 0x0000029c6e2def50 flushing  nmethod 0x0000029c59aaf410
Event: 6.886 Thread 0x0000029c6e2def50 flushing  nmethod 0x0000029c59aafa10
Event: 6.886 Thread 0x0000029c6e2def50 flushing  nmethod 0x0000029c59af3b10
Event: 6.886 Thread 0x0000029c6e2def50 flushing  nmethod 0x0000029c59af6790
Event: 6.886 Thread 0x0000029c6e2def50 flushing  nmethod 0x0000029c59af6c90
Event: 6.886 Thread 0x0000029c6e2def50 flushing  nmethod 0x0000029c59af7f90
Event: 6.886 Thread 0x0000029c6e2def50 flushing  nmethod 0x0000029c59b38510
Event: 6.886 Thread 0x0000029c6e2def50 flushing  nmethod 0x0000029c59b38f90
Event: 6.886 Thread 0x0000029c6e2def50 flushing  nmethod 0x0000029c59b70210
Event: 6.886 Thread 0x0000029c6e2def50 flushing  nmethod 0x0000029c59b73290
Event: 6.886 Thread 0x0000029c6e2def50 flushing  nmethod 0x0000029c59cedf10
Event: 6.886 Thread 0x0000029c6e2def50 flushing  nmethod 0x0000029c59d50190
Event: 6.886 Thread 0x0000029c6e2def50 flushing  nmethod 0x0000029c59d50d90
Event: 6.886 Thread 0x0000029c6e2def50 flushing  nmethod 0x0000029c59d56e90
Event: 6.886 Thread 0x0000029c6e2def50 flushing  nmethod 0x0000029c59da6b10

Events (20 events):
Event: 3.807 Thread 0x0000029c742df240 Thread added: 0x0000029c75e10e90
Event: 4.153 Thread 0x0000029c742df240 Thread added: 0x0000029c75e12240
Event: 4.188 Thread 0x0000029c742df240 Thread added: 0x0000029c75e0fae0
Event: 4.516 Thread 0x0000029c742df240 Thread added: 0x0000029c75e11520
Event: 4.522 Thread 0x0000029c742df240 Thread added: 0x0000029c75e135f0
Event: 4.608 Thread 0x0000029c742df240 Thread added: 0x0000029c75e12f60
Event: 4.608 Thread 0x0000029c742df240 Thread added: 0x0000029c75e11bb0
Event: 4.608 Thread 0x0000029c742df240 Thread added: 0x0000029c75e15030
Event: 5.363 Thread 0x0000029c742df240 Thread added: 0x0000029c75e14310
Event: 5.811 Thread 0x0000029c742df240 Thread added: 0x0000029c75e156c0
Event: 6.043 Thread 0x0000029c742df240 Thread added: 0x0000029c75e13c80
Event: 6.478 Thread 0x0000029c742df240 Thread added: 0x0000029c75e15d50
Event: 6.551 Thread 0x0000029c742df240 Thread added: 0x0000029c75e149a0
Event: 7.553 Thread 0x0000029c742df240 Thread added: 0x0000029c75e163e0
Event: 7.586 Thread 0x0000029c742df240 Thread added: 0x0000029c75e16a70
Event: 7.615 Thread 0x0000029c742df240 Thread added: 0x0000029c75e17100
Event: 7.636 Thread 0x0000029c742df240 Thread added: 0x0000029c775bae60
Event: 7.703 Thread 0x0000029c742df240 Thread added: 0x0000029c775b8d90
Event: 7.718 Thread 0x0000029c742df240 Thread added: 0x0000029c775ba140
Event: 7.742 Thread 0x0000029c742df240 Thread added: 0x0000029c775ba7d0


Dynamic libraries:
0x00007ff77f8e0000 - 0x00007ff77f8ee000 	C:\Users\User\.cursor\extensions\redhat.java-1.54.0-win32-x64\jre\21.0.10-win32-x86_64\bin\java.exe
0x00007ff843140000 - 0x00007ff8433a7000 	C:\WINDOWS\SYSTEM32\ntdll.dll
0x00007ff8429f0000 - 0x00007ff842ab9000 	C:\WINDOWS\System32\KERNEL32.DLL
0x00007ff840180000 - 0x00007ff840574000 	C:\WINDOWS\System32\KERNELBASE.dll
0x00007ff840030000 - 0x00007ff84017b000 	C:\WINDOWS\System32\ucrtbase.dll
0x00007ff8169d0000 - 0x00007ff8169e8000 	C:\Users\User\.cursor\extensions\redhat.java-1.54.0-win32-x64\jre\21.0.10-win32-x86_64\bin\jli.dll
0x00007ff8169f0000 - 0x00007ff816a0e000 	C:\Users\User\.cursor\extensions\redhat.java-1.54.0-win32-x64\jre\21.0.10-win32-x86_64\bin\VCRUNTIME140.dll
0x00007ff841cd0000 - 0x00007ff841e95000 	C:\WINDOWS\System32\USER32.dll
0x00007ff840580000 - 0x00007ff8405a7000 	C:\WINDOWS\System32\win32u.dll
0x00007ff841ca0000 - 0x00007ff841ccb000 	C:\WINDOWS\System32\GDI32.dll
0x00007ff828980000 - 0x00007ff828c13000 	C:\WINDOWS\WinSxS\amd64_microsoft.windows.common-controls_6595b64144ccf1df_6.0.26100.8115_none_3e075c82e3354f9c\COMCTL32.dll
0x00007ff83fc10000 - 0x00007ff83fd3b000 	C:\WINDOWS\System32\gdi32full.dll
0x00007ff8420e0000 - 0x00007ff842189000 	C:\WINDOWS\System32\msvcrt.dll
0x00007ff83fad0000 - 0x00007ff83fb73000 	C:\WINDOWS\System32\msvcp_win.dll
0x00007ff842220000 - 0x00007ff842252000 	C:\WINDOWS\System32\IMM32.DLL
0x00007ff82d160000 - 0x00007ff82d16c000 	C:\Users\User\.cursor\extensions\redhat.java-1.54.0-win32-x64\jre\21.0.10-win32-x86_64\bin\vcruntime140_1.dll
0x00007ff803e30000 - 0x00007ff803ebd000 	C:\Users\User\.cursor\extensions\redhat.java-1.54.0-win32-x64\jre\21.0.10-win32-x86_64\bin\msvcp140.dll
0x00007fff85000000 - 0x00007fff85da1000 	C:\Users\User\.cursor\extensions\redhat.java-1.54.0-win32-x64\jre\21.0.10-win32-x86_64\bin\server\jvm.dll
0x00007ff841400000 - 0x00007ff8414b6000 	C:\WINDOWS\System32\ADVAPI32.dll
0x00007ff842ac0000 - 0x00007ff842b67000 	C:\WINDOWS\System32\sechost.dll
0x00007ff8411e0000 - 0x00007ff8412f8000 	C:\WINDOWS\System32\RPCRT4.dll
0x00007ff842050000 - 0x00007ff8420d0000 	C:\WINDOWS\System32\WS2_32.dll
0x00007ff83f870000 - 0x00007ff83f8ce000 	C:\WINDOWS\SYSTEM32\POWRPROF.dll
0x00007ff836980000 - 0x00007ff83698b000 	C:\WINDOWS\SYSTEM32\VERSION.dll
0x00007ff828770000 - 0x00007ff8287a6000 	C:\WINDOWS\SYSTEM32\WINMM.dll
0x00007ff83f850000 - 0x00007ff83f864000 	C:\WINDOWS\SYSTEM32\UMPDC.dll
0x00007ff83e7a0000 - 0x00007ff83e7bb000 	C:\WINDOWS\SYSTEM32\kernel.appcore.dll
0x00007ff82ad00000 - 0x00007ff82ad0a000 	C:\Users\User\.cursor\extensions\redhat.java-1.54.0-win32-x64\jre\21.0.10-win32-x86_64\bin\jimage.dll
0x00007ff811be0000 - 0x00007ff811e22000 	C:\WINDOWS\SYSTEM32\DBGHELP.DLL
0x00007ff842d70000 - 0x00007ff8430f2000 	C:\WINDOWS\System32\combase.dll
0x00007ff841f70000 - 0x00007ff842048000 	C:\WINDOWS\System32\OLEAUT32.dll
0x00007ff81d710000 - 0x00007ff81d74b000 	C:\WINDOWS\SYSTEM32\dbgcore.DLL
0x00007ff8405b0000 - 0x00007ff840655000 	C:\WINDOWS\System32\bcryptPrimitives.dll
0x00007ff82a9b0000 - 0x00007ff82a9bf000 	C:\Users\User\.cursor\extensions\redhat.java-1.54.0-win32-x64\jre\21.0.10-win32-x86_64\bin\instrument.dll
0x00007ff8156e0000 - 0x00007ff815700000 	C:\Users\User\.cursor\extensions\redhat.java-1.54.0-win32-x64\jre\21.0.10-win32-x86_64\bin\java.dll
0x00007ff841530000 - 0x00007ff841c97000 	C:\WINDOWS\System32\SHELL32.dll
0x00007ff83fec0000 - 0x00007ff84002a000 	C:\WINDOWS\System32\wintypes.dll
0x00007ff840660000 - 0x00007ff840ec8000 	C:\WINDOWS\System32\windows.storage.dll
0x00007ff842400000 - 0x00007ff8424f8000 	C:\WINDOWS\System32\SHCORE.dll
0x00007ff8414c0000 - 0x00007ff841526000 	C:\WINDOWS\System32\shlwapi.dll
0x00007ff83f930000 - 0x00007ff83f959000 	C:\WINDOWS\SYSTEM32\profapi.dll
0x00007ff8156c0000 - 0x00007ff8156d8000 	C:\Users\User\.cursor\extensions\redhat.java-1.54.0-win32-x64\jre\21.0.10-win32-x86_64\bin\zip.dll
0x00007ff82ac20000 - 0x00007ff82ac30000 	C:\Users\User\.cursor\extensions\redhat.java-1.54.0-win32-x64\jre\21.0.10-win32-x86_64\bin\net.dll
0x00007ff839500000 - 0x00007ff83962d000 	C:\WINDOWS\SYSTEM32\WINHTTP.dll
0x00007ff83ed10000 - 0x00007ff83ed7c000 	C:\WINDOWS\system32\mswsock.dll
0x00007ff8139a0000 - 0x00007ff8139b6000 	C:\Users\User\.cursor\extensions\redhat.java-1.54.0-win32-x64\jre\21.0.10-win32-x86_64\bin\nio.dll
0x00007ff82a830000 - 0x00007ff82a840000 	C:\Users\User\.cursor\extensions\redhat.java-1.54.0-win32-x64\jre\21.0.10-win32-x86_64\bin\verify.dll
0x00007fffcebc0000 - 0x00007fffcebe7000 	C:\Users\User\.gradle\native\c067742578af261105cb4f569cf0c3c89f3d7b1fecec35dd04571415982c5e48\windows-amd64\native-platform.dll
0x00007ff826ca0000 - 0x00007ff826de4000 	C:\Users\User\.gradle\native\100fb08df4bc3b14c8652ba06237920a3bd2aa13389f12d3474272988ae205f9\windows-amd64\native-platform-file-events.dll
0x00007ff82a570000 - 0x00007ff82a57a000 	C:\Users\User\.cursor\extensions\redhat.java-1.54.0-win32-x64\jre\21.0.10-win32-x86_64\bin\management.dll
0x00007ff828580000 - 0x00007ff82858c000 	C:\Users\User\.cursor\extensions\redhat.java-1.54.0-win32-x64\jre\21.0.10-win32-x86_64\bin\management_ext.dll
0x00007ff842990000 - 0x00007ff842998000 	C:\WINDOWS\System32\PSAPI.DLL
0x00007ff83eff0000 - 0x00007ff83f00b000 	C:\WINDOWS\SYSTEM32\CRYPTSP.dll
0x00007ff83e700000 - 0x00007ff83e739000 	C:\WINDOWS\system32\rsaenh.dll
0x00007ff83edc0000 - 0x00007ff83edf3000 	C:\WINDOWS\SYSTEM32\USERENV.dll
0x00007ff83f900000 - 0x00007ff83f92a000 	C:\WINDOWS\SYSTEM32\bcrypt.dll
0x00007ff83f010000 - 0x00007ff83f01c000 	C:\WINDOWS\SYSTEM32\CRYPTBASE.dll
0x00007ff83e1a0000 - 0x00007ff83e1d2000 	C:\WINDOWS\SYSTEM32\IPHLPAPI.DLL
0x00007ff840fb0000 - 0x00007ff840fba000 	C:\WINDOWS\System32\NSI.dll
0x00007ff82a580000 - 0x00007ff82a589000 	C:\Users\User\.cursor\extensions\redhat.java-1.54.0-win32-x64\jre\21.0.10-win32-x86_64\bin\extnet.dll
0x00007ff83b650000 - 0x00007ff83b65e000 	C:\Users\User\.cursor\extensions\redhat.java-1.54.0-win32-x64\jre\21.0.10-win32-x86_64\bin\sunmscapi.dll
0x00007ff83fd40000 - 0x00007ff83feb7000 	C:\WINDOWS\System32\CRYPT32.dll
0x00007ff83f210000 - 0x00007ff83f240000 	C:\WINDOWS\SYSTEM32\ncrypt.dll
0x00007ff83f1c0000 - 0x00007ff83f1ff000 	C:\WINDOWS\SYSTEM32\NTASN1.dll
0x00007ff81b7d0000 - 0x00007ff81b7d8000 	C:\WINDOWS\system32\wshunix.dll

JVMTI agents:
C:\Users\User\.gradle\wrapper\dists\gradle-8.11.1-bin\bpt9gzteqjrbo1mjrsomdt32c\gradle-8.11.1\lib\agents\gradle-instrumentation-agent-8.11.1.jar path:C:\Users\User\.cursor\extensions\redhat.java-1.54.0-win32-x64\jre\21.0.10-win32-x86_64\bin\instrument.dll, loaded, initialized, instrumentlib options:none

dbghelp: loaded successfully - version: 4.0.5 - missing functions: none
symbol engine: initialized successfully - sym options: 0x614 - pdb path: .;C:\Users\User\.cursor\extensions\redhat.java-1.54.0-win32-x64\jre\21.0.10-win32-x86_64\bin;C:\WINDOWS\SYSTEM32;C:\WINDOWS\WinSxS\amd64_microsoft.windows.common-controls_6595b64144ccf1df_6.0.26100.8115_none_3e075c82e3354f9c;C:\Users\User\.cursor\extensions\redhat.java-1.54.0-win32-x64\jre\21.0.10-win32-x86_64\bin\server;C:\Users\User\.gradle\native\c067742578af261105cb4f569cf0c3c89f3d7b1fecec35dd04571415982c5e48\windows-amd64;C:\Users\User\.gradle\native\100fb08df4bc3b14c8652ba06237920a3bd2aa13389f12d3474272988ae205f9\windows-amd64

VM Arguments:
jvm_args: --add-opens=java.base/java.lang=ALL-UNNAMED --add-opens=java.base/java.lang.invoke=ALL-UNNAMED --add-opens=java.base/java.util=ALL-UNNAMED --add-opens=java.prefs/java.util.prefs=ALL-UNNAMED --add-exports=jdk.compiler/com.sun.tools.javac.api=ALL-UNNAMED --add-exports=jdk.compiler/com.sun.tools.javac.util=ALL-UNNAMED --add-opens=java.base/java.util=ALL-UNNAMED --add-opens=java.prefs/java.util.prefs=ALL-UNNAMED --add-opens=java.base/java.nio.charset=ALL-UNNAMED --add-opens=java.base/java.net=ALL-UNNAMED --add-opens=java.base/java.util.concurrent.atomic=ALL-UNNAMED --add-opens=java.xml/javax.xml.namespace=ALL-UNNAMED -Xmx2048m -Dfile.encoding=UTF-8 -Duser.country=US -Duser.language=en -Duser.variant -javaagent:C:\Users\User\.gradle\wrapper\dists\gradle-8.11.1-bin\bpt9gzteqjrbo1mjrsomdt32c\gradle-8.11.1\lib\agents\gradle-instrumentation-agent-8.11.1.jar 
java_command: org.gradle.launcher.daemon.bootstrap.GradleDaemon 8.11.1
java_class_path (initial): C:\Users\User\.gradle\wrapper\dists\gradle-8.11.1-bin\bpt9gzteqjrbo1mjrsomdt32c\gradle-8.11.1\lib\gradle-daemon-main-8.11.1.jar
Launcher Type: SUN_STANDARD

[Global flags]
     intx CICompilerCount                          = 4                                         {product} {ergonomic}
     uint ConcGCThreads                            = 3                                         {product} {ergonomic}
     uint G1ConcRefinementThreads                  = 10                                        {product} {ergonomic}
   size_t G1HeapRegionSize                         = 1048576                                   {product} {ergonomic}
    uintx GCDrainStackTargetSize                   = 64                                        {product} {ergonomic}
   size_t InitialHeapSize                          = 132120576                                 {product} {ergonomic}
   size_t MarkStackSize                            = 4194304                                   {product} {ergonomic}
   size_t MaxHeapSize                              = 2147483648                                {product} {command line}
   size_t MaxNewSize                               = 1287651328                                {product} {ergonomic}
   size_t MinHeapDeltaBytes                        = 1048576                                   {product} {ergonomic}
   size_t MinHeapSize                              = 8388608                                   {product} {ergonomic}
    uintx NonNMethodCodeHeapSize                   = 5839372                                {pd product} {ergonomic}
    uintx NonProfiledCodeHeapSize                  = 122909434                              {pd product} {ergonomic}
    uintx ProfiledCodeHeapSize                     = 122909434                              {pd product} {ergonomic}
    uintx ReservedCodeCacheSize                    = 251658240                              {pd product} {ergonomic}
     bool SegmentedCodeCache                       = true                                      {product} {ergonomic}
   size_t SoftMaxHeapSize                          = 2147483648                             {manageable} {ergonomic}
     bool UseCompressedOops                        = true                           {product lp64_product} {ergonomic}
     bool UseG1GC                                  = true                                      {product} {ergonomic}
     bool UseLargePagesIndividualAllocation        = false                                  {pd product} {ergonomic}

Logging:
Log output configuration:
 #0: stdout all=warning uptime,level,tags foldmultilines=false
 #1: stderr all=off uptime,level,tags foldmultilines=false

Release file:
JAVA_VERSION="21.0.10" 
MODULES="java.base java.compiler java.datatransfer java.xml java.prefs java.desktop java.instrument java.logging java.management java.security.sasl java.naming java.rmi java.management.rmi java.net.http java.scripting java.security.jgss java.transaction.xa java.sql java.sql.rowset java.xml.crypto java.se java.smartcardio jdk.accessibility jdk.internal.jvmstat jdk.attach jdk.charsets jdk.internal.opt jdk.zipfs jdk.compiler jdk.crypto.ec jdk.crypto.cryptoki jdk.crypto.mscapi jdk.dynalink jdk.internal.ed jdk.editpad jdk.hotspot.agent jdk.httpserver jdk.internal.le jdk.internal.vm.ci jdk.internal.vm.compiler jdk.internal.vm.compiler.management jdk.jartool jdk.javadoc jdk.jcmd jdk.management jdk.management.agent jdk.jconsole jdk.jdeps jdk.jdwp.agent jdk.jdi jdk.jfr jdk.jshell jdk.jsobject jdk.jstatd jdk.localedata jdk.management.jfr jdk.naming.dns jdk.naming.rmi jdk.net jdk.nio.mapmode jdk.random jdk.sctp jdk.security.auth jdk.security.jgss jdk.unsupported jdk.unsupported.desktop jdk.xml.dom" 

Environment Variables:
PATH=C:\Program Files\Common Files\Oracle\Java\javapath;C:\WINDOWS\system32;C:\WINDOWS;C:\WINDOWS\System32\Wbem;C:\WINDOWS\System32\WindowsPowerShell\v1.0\;C:\WINDOWS\System32\OpenSSH\;D:\flutter\bin\cache\dart-sdk\bin;C:\Program Files\Git\cmd;C:\Program Files\nodejs\;C:\Users\User\AppData\Local\Microsoft\WindowsApps;C:\Users\User\AppData\Local\Programs\Microsoft VS Code\bin;D:\flutter\bin;C:\Users\User\AppData\Roaming\npm;C:\Users\User\AppData\Local\Programs\cursor\resources\app\bin
USERNAME=User
OS=Windows_NT
PROCESSOR_IDENTIFIER=Intel64 Family 6 Model 165 Stepping 3, GenuineIntel
TMP=C:\Users\User\AppData\Local\Temp
TEMP=C:\Users\User\AppData\Local\Temp




Periodic native trim disabled

---------------  S Y S T E M  ---------------

OS:
 Windows 11 , 64 bit Build 26100 (10.0.26100.8246)
OS uptime: 0 days 0:30 hours

CPU: total 12 (initial active 12) (6 cores per cpu, 2 threads per core) family 6 model 165 stepping 3 microcode 0xf0, cx8, cmov, fxsr, ht, mmx, 3dnowpref, sse, sse2, sse3, ssse3, sse4.1, sse4.2, popcnt, lzcnt, tsc, tscinvbit, avx, avx2, aes, erms, clmul, bmi1, bmi2, adx, fma, vzeroupper, clflush, clflushopt, rdtscp, f16c
Processor Information for the first 12 processors :
  Max Mhz: 2904, Current Mhz: 2904, Mhz Limit: 2904

Memory: 4k page, system-wide physical 8030M (225M free)
TotalPageFile size 20865M (AvailPageFile size 0M)
current process WorkingSet (physical memory assigned to process): 277M, peak: 288M
current process commit charge ("private bytes"): 337M, peak: 338M

vm_info: OpenJDK 64-Bit Server VM (21.0.10+7-LTS) for windows-amd64 JRE (21.0.10+7-LTS), built on 2026-01-20T00:00:00Z by "admin" with MS VC++ 17.12 (VS2022)

END.
